
> --default@0.1.0 test
> playwright test


Running 242 tests using 6 workers

[1A[2K[1/242] [chromium] ΓÇ║ tests\e2e\admin.spec.ts:10:7 ΓÇ║ Admin Dashboard & Management ΓÇ║ TC_ADMIN_DASH_01: Xem tß╗òng quan dashboard admin
[1A[2K[2/242] [chromium] ΓÇ║ tests\e2e\admin.spec.ts:44:7 ΓÇ║ Admin Dashboard & Management ΓÇ║ TC_ADMIN_VER_01: Duyß╗çt mß╗Öt chß╗º trß╗ì chß╗¥ x├íc nhß║¡n
[1A[2K[3/242] [chromium] ΓÇ║ tests\e2e\admin.spec.ts:34:7 ΓÇ║ Admin Dashboard & Management ΓÇ║ TC_ADMIN_DASH_04: Xem chi tiß║┐t danh s├ích chß╗º trß╗ì
[1A[2K[4/242] [chromium] ΓÇ║ tests\e2e\admin.spec.ts:16:7 ΓÇ║ Admin Dashboard & Management ΓÇ║ TC_ADMIN_DASH_02: Lß╗ìc danh s├ích chß╗º trß╗ì chß╗¥ x├íc nhß║¡n
[1A[2K[5/242] [chromium] ΓÇ║ tests\e2e\admin.spec.ts:54:7 ΓÇ║ Admin Dashboard & Management ΓÇ║ TC_ADMIN_VER_02: Tß╗½ chß╗æi mß╗Öt chß╗º trß╗ì chß╗¥ x├íc nhß║¡n
[1A[2K[6/242] [chromium] ΓÇ║ tests\e2e\admin.spec.ts:25:7 ΓÇ║ Admin Dashboard & Management ΓÇ║ TC_ADMIN_DASH_03: Lß╗ìc danh s├ích chß╗º trß╗ì ─æang hoß║ít ─æß╗Öng
[1A[2K  1) [chromium] ΓÇ║ tests\e2e\admin.spec.ts:34:7 ΓÇ║ Admin Dashboard & Management ΓÇ║ TC_ADMIN_DASH_04: Xem chi tiß║┐t danh s├ích chß╗º trß╗ì 

    TypeError: (0 , _auth.loginAsAdmin) is not a function

      4 | test.describe('Admin Dashboard & Management', () => {
      5 |   test.beforeEach(async ({ page }) => {
    > 6 |     await loginAsAdmin(page);
        |                       ^
      7 |   });
      8 |
      9 |   // Admin Dashboard
        at E:\Project\repo\apartment-management-web\tests\e2e\admin.spec.ts:6:23

    attachment #1: screenshot (image/png) ΓöÇΓöÇΓöÇΓöÇΓöÇΓöÇΓöÇΓöÇΓöÇΓöÇΓöÇΓöÇΓöÇΓöÇΓöÇΓöÇΓöÇΓöÇΓöÇΓöÇΓöÇΓöÇΓöÇΓöÇΓöÇΓöÇΓöÇΓöÇΓöÇΓöÇΓöÇΓöÇΓöÇΓöÇΓöÇΓöÇΓöÇΓöÇΓöÇΓöÇΓöÇΓöÇΓöÇΓöÇΓöÇΓöÇΓöÇΓöÇΓöÇΓöÇΓöÇΓöÇΓöÇΓöÇΓöÇΓöÇΓöÇΓöÇ
    test-results\e2e-admin-Admin-Dashboard--ae303--chi-tiß║┐t-danh-s├ích-chß╗º-trß╗ì-chromium\test-failed-1.png
    ΓöÇΓöÇΓöÇΓöÇΓöÇΓöÇΓöÇΓöÇΓöÇΓöÇΓöÇΓöÇΓöÇΓöÇΓöÇΓöÇΓöÇΓöÇΓöÇΓöÇΓöÇΓöÇΓöÇΓöÇΓöÇΓöÇΓöÇΓöÇΓöÇΓöÇΓöÇΓöÇΓöÇΓöÇΓöÇΓöÇΓöÇΓöÇΓöÇΓöÇΓöÇΓöÇΓöÇΓöÇΓöÇΓöÇΓöÇΓöÇΓöÇΓöÇΓöÇΓöÇΓöÇΓöÇΓöÇΓöÇΓöÇΓöÇΓöÇΓöÇΓöÇΓöÇΓöÇΓöÇΓöÇΓöÇΓöÇΓöÇΓöÇΓöÇΓöÇΓöÇΓöÇΓöÇΓöÇΓöÇΓöÇΓöÇΓöÇΓöÇΓöÇΓöÇΓöÇΓöÇΓöÇΓöÇΓöÇΓöÇΓöÇΓöÇΓöÇΓöÇΓöÇΓöÇΓöÇΓöÇ

    attachment #2: video (video/webm) ΓöÇΓöÇΓöÇΓöÇΓöÇΓöÇΓöÇΓöÇΓöÇΓöÇΓöÇΓöÇΓöÇΓöÇΓöÇΓöÇΓöÇΓöÇΓöÇΓöÇΓöÇΓöÇΓöÇΓöÇΓöÇΓöÇΓöÇΓöÇΓöÇΓöÇΓöÇΓöÇΓöÇΓöÇΓöÇΓöÇΓöÇΓöÇΓöÇΓöÇΓöÇΓöÇΓöÇΓöÇΓöÇΓöÇΓöÇΓöÇΓöÇΓöÇΓöÇΓöÇΓöÇΓöÇΓöÇΓöÇΓöÇΓöÇΓöÇΓöÇΓöÇΓöÇ
    test-results\e2e-admin-Admin-Dashboard--ae303--chi-tiß║┐t-danh-s├ích-chß╗º-trß╗ì-chromium\video.webm
    ΓöÇΓöÇΓöÇΓöÇΓöÇΓöÇΓöÇΓöÇΓöÇΓöÇΓöÇΓöÇΓöÇΓöÇΓöÇΓöÇΓöÇΓöÇΓöÇΓöÇΓöÇΓöÇΓöÇΓöÇΓöÇΓöÇΓöÇΓöÇΓöÇΓöÇΓöÇΓöÇΓöÇΓöÇΓöÇΓöÇΓöÇΓöÇΓöÇΓöÇΓöÇΓöÇΓöÇΓöÇΓöÇΓöÇΓöÇΓöÇΓöÇΓöÇΓöÇΓöÇΓöÇΓöÇΓöÇΓöÇΓöÇΓöÇΓöÇΓöÇΓöÇΓöÇΓöÇΓöÇΓöÇΓöÇΓöÇΓöÇΓöÇΓöÇΓöÇΓöÇΓöÇΓöÇΓöÇΓöÇΓöÇΓöÇΓöÇΓöÇΓöÇΓöÇΓöÇΓöÇΓöÇΓöÇΓöÇΓöÇΓöÇΓöÇΓöÇΓöÇΓöÇΓöÇΓöÇΓöÇ

    Error Context: test-results\e2e-admin-Admin-Dashboard--ae303--chi-tiß║┐t-danh-s├ích-chß╗º-trß╗ì-chromium\error-context.md


[1A[2K  2) [chromium] ΓÇ║ tests\e2e\admin.spec.ts:10:7 ΓÇ║ Admin Dashboard & Management ΓÇ║ TC_ADMIN_DASH_01: Xem tß╗òng quan dashboard admin 

    TypeError: (0 , _auth.loginAsAdmin) is not a function

      4 | test.describe('Admin Dashboard & Management', () => {
      5 |   test.beforeEach(async ({ page }) => {
    > 6 |     await loginAsAdmin(page);
        |                       ^
      7 |   });
      8 |
      9 |   // Admin Dashboard
        at E:\Project\repo\apartment-management-web\tests\e2e\admin.spec.ts:6:23

    attachment #1: screenshot (image/png) ΓöÇΓöÇΓöÇΓöÇΓöÇΓöÇΓöÇΓöÇΓöÇΓöÇΓöÇΓöÇΓöÇΓöÇΓöÇΓöÇΓöÇΓöÇΓöÇΓöÇΓöÇΓöÇΓöÇΓöÇΓöÇΓöÇΓöÇΓöÇΓöÇΓöÇΓöÇΓöÇΓöÇΓöÇΓöÇΓöÇΓöÇΓöÇΓöÇΓöÇΓöÇΓöÇΓöÇΓöÇΓöÇΓöÇΓöÇΓöÇΓöÇΓöÇΓöÇΓöÇΓöÇΓöÇΓöÇΓöÇΓöÇΓöÇ
    test-results\e2e-admin-Admin-Dashboard--5314d-m-tß╗òng-quan-dashboard-admin-chromium\test-failed-1.png
    ΓöÇΓöÇΓöÇΓöÇΓöÇΓöÇΓöÇΓöÇΓöÇΓöÇΓöÇΓöÇΓöÇΓöÇΓöÇΓöÇΓöÇΓöÇΓöÇΓöÇΓöÇΓöÇΓöÇΓöÇΓöÇΓöÇΓöÇΓöÇΓöÇΓöÇΓöÇΓöÇΓöÇΓöÇΓöÇΓöÇΓöÇΓöÇΓöÇΓöÇΓöÇΓöÇΓöÇΓöÇΓöÇΓöÇΓöÇΓöÇΓöÇΓöÇΓöÇΓöÇΓöÇΓöÇΓöÇΓöÇΓöÇΓöÇΓöÇΓöÇΓöÇΓöÇΓöÇΓöÇΓöÇΓöÇΓöÇΓöÇΓöÇΓöÇΓöÇΓöÇΓöÇΓöÇΓöÇΓöÇΓöÇΓöÇΓöÇΓöÇΓöÇΓöÇΓöÇΓöÇΓöÇΓöÇΓöÇΓöÇΓöÇΓöÇΓöÇΓöÇΓöÇΓöÇΓöÇΓöÇ

    attachment #2: video (video/webm) ΓöÇΓöÇΓöÇΓöÇΓöÇΓöÇΓöÇΓöÇΓöÇΓöÇΓöÇΓöÇΓöÇΓöÇΓöÇΓöÇΓöÇΓöÇΓöÇΓöÇΓöÇΓöÇΓöÇΓöÇΓöÇΓöÇΓöÇΓöÇΓöÇΓöÇΓöÇΓöÇΓöÇΓöÇΓöÇΓöÇΓöÇΓöÇΓöÇΓöÇΓöÇΓöÇΓöÇΓöÇΓöÇΓöÇΓöÇΓöÇΓöÇΓöÇΓöÇΓöÇΓöÇΓöÇΓöÇΓöÇΓöÇΓöÇΓöÇΓöÇΓöÇΓöÇ
    test-results\e2e-admin-Admin-Dashboard--5314d-m-tß╗òng-quan-dashboard-admin-chromium\video.webm
    ΓöÇΓöÇΓöÇΓöÇΓöÇΓöÇΓöÇΓöÇΓöÇΓöÇΓöÇΓöÇΓöÇΓöÇΓöÇΓöÇΓöÇΓöÇΓöÇΓöÇΓöÇΓöÇΓöÇΓöÇΓöÇΓöÇΓöÇΓöÇΓöÇΓöÇΓöÇΓöÇΓöÇΓöÇΓöÇΓöÇΓöÇΓöÇΓöÇΓöÇΓöÇΓöÇΓöÇΓöÇΓöÇΓöÇΓöÇΓöÇΓöÇΓöÇΓöÇΓöÇΓöÇΓöÇΓöÇΓöÇΓöÇΓöÇΓöÇΓöÇΓöÇΓöÇΓöÇΓöÇΓöÇΓöÇΓöÇΓöÇΓöÇΓöÇΓöÇΓöÇΓöÇΓöÇΓöÇΓöÇΓöÇΓöÇΓöÇΓöÇΓöÇΓöÇΓöÇΓöÇΓöÇΓöÇΓöÇΓöÇΓöÇΓöÇΓöÇΓöÇΓöÇΓöÇΓöÇΓöÇ

    Error Context: test-results\e2e-admin-Admin-Dashboard--5314d-m-tß╗òng-quan-dashboard-admin-chromium\error-context.md


[1A[2K  3) [chromium] ΓÇ║ tests\e2e\admin.spec.ts:44:7 ΓÇ║ Admin Dashboard & Management ΓÇ║ TC_ADMIN_VER_01: Duyß╗çt mß╗Öt chß╗º trß╗ì chß╗¥ x├íc nhß║¡n 

    TypeError: (0 , _auth.loginAsAdmin) is not a function

      4 | test.describe('Admin Dashboard & Management', () => {
      5 |   test.beforeEach(async ({ page }) => {
    > 6 |     await loginAsAdmin(page);
        |                       ^
      7 |   });
      8 |
      9 |   // Admin Dashboard
        at E:\Project\repo\apartment-management-web\tests\e2e\admin.spec.ts:6:23

    attachment #1: screenshot (image/png) ΓöÇΓöÇΓöÇΓöÇΓöÇΓöÇΓöÇΓöÇΓöÇΓöÇΓöÇΓöÇΓöÇΓöÇΓöÇΓöÇΓöÇΓöÇΓöÇΓöÇΓöÇΓöÇΓöÇΓöÇΓöÇΓöÇΓöÇΓöÇΓöÇΓöÇΓöÇΓöÇΓöÇΓöÇΓöÇΓöÇΓöÇΓöÇΓöÇΓöÇΓöÇΓöÇΓöÇΓöÇΓöÇΓöÇΓöÇΓöÇΓöÇΓöÇΓöÇΓöÇΓöÇΓöÇΓöÇΓöÇΓöÇΓöÇ
    test-results\e2e-admin-Admin-Dashboard--d3deb-ß╗çt-mß╗Öt-chß╗º-trß╗ì-chß╗¥-x├íc-nhß║¡n-chromium\test-failed-1.png
    ΓöÇΓöÇΓöÇΓöÇΓöÇΓöÇΓöÇΓöÇΓöÇΓöÇΓöÇΓöÇΓöÇΓöÇΓöÇΓöÇΓöÇΓöÇΓöÇΓöÇΓöÇΓöÇΓöÇΓöÇΓöÇΓöÇΓöÇΓöÇΓöÇΓöÇΓöÇΓöÇΓöÇΓöÇΓöÇΓöÇΓöÇΓöÇΓöÇΓöÇΓöÇΓöÇΓöÇΓöÇΓöÇΓöÇΓöÇΓöÇΓöÇΓöÇΓöÇΓöÇΓöÇΓöÇΓöÇΓöÇΓöÇΓöÇΓöÇΓöÇΓöÇΓöÇΓöÇΓöÇΓöÇΓöÇΓöÇΓöÇΓöÇΓöÇΓöÇΓöÇΓöÇΓöÇΓöÇΓöÇΓöÇΓöÇΓöÇΓöÇΓöÇΓöÇΓöÇΓöÇΓöÇΓöÇΓöÇΓöÇΓöÇΓöÇΓöÇΓöÇΓöÇΓöÇΓöÇΓöÇ

    attachment #2: video (video/webm) ΓöÇΓöÇΓöÇΓöÇΓöÇΓöÇΓöÇΓöÇΓöÇΓöÇΓöÇΓöÇΓöÇΓöÇΓöÇΓöÇΓöÇΓöÇΓöÇΓöÇΓöÇΓöÇΓöÇΓöÇΓöÇΓöÇΓöÇΓöÇΓöÇΓöÇΓöÇΓöÇΓöÇΓöÇΓöÇΓöÇΓöÇΓöÇΓöÇΓöÇΓöÇΓöÇΓöÇΓöÇΓöÇΓöÇΓöÇΓöÇΓöÇΓöÇΓöÇΓöÇΓöÇΓöÇΓöÇΓöÇΓöÇΓöÇΓöÇΓöÇΓöÇΓöÇ
    test-results\e2e-admin-Admin-Dashboard--d3deb-ß╗çt-mß╗Öt-chß╗º-trß╗ì-chß╗¥-x├íc-nhß║¡n-chromium\video.webm
    ΓöÇΓöÇΓöÇΓöÇΓöÇΓöÇΓöÇΓöÇΓöÇΓöÇΓöÇΓöÇΓöÇΓöÇΓöÇΓöÇΓöÇΓöÇΓöÇΓöÇΓöÇΓöÇΓöÇΓöÇΓöÇΓöÇΓöÇΓöÇΓöÇΓöÇΓöÇΓöÇΓöÇΓöÇΓöÇΓöÇΓöÇΓöÇΓöÇΓöÇΓöÇΓöÇΓöÇΓöÇΓöÇΓöÇΓöÇΓöÇΓöÇΓöÇΓöÇΓöÇΓöÇΓöÇΓöÇΓöÇΓöÇΓöÇΓöÇΓöÇΓöÇΓöÇΓöÇΓöÇΓöÇΓöÇΓöÇΓöÇΓöÇΓöÇΓöÇΓöÇΓöÇΓöÇΓöÇΓöÇΓöÇΓöÇΓöÇΓöÇΓöÇΓöÇΓöÇΓöÇΓöÇΓöÇΓöÇΓöÇΓöÇΓöÇΓöÇΓöÇΓöÇΓöÇΓöÇΓöÇ

    Error Context: test-results\e2e-admin-Admin-Dashboard--d3deb-ß╗çt-mß╗Öt-chß╗º-trß╗ì-chß╗¥-x├íc-nhß║¡n-chromium\error-context.md


[1A[2K  4) [chromium] ΓÇ║ tests\e2e\admin.spec.ts:16:7 ΓÇ║ Admin Dashboard & Management ΓÇ║ TC_ADMIN_DASH_02: Lß╗ìc danh s├ích chß╗º trß╗ì chß╗¥ x├íc nhß║¡n 

    TypeError: (0 , _auth.loginAsAdmin) is not a function

      4 | test.describe('Admin Dashboard & Management', () => {
      5 |   test.beforeEach(async ({ page }) => {
    > 6 |     await loginAsAdmin(page);
        |                       ^
      7 |   });
      8 |
      9 |   // Admin Dashboard
        at E:\Project\repo\apartment-management-web\tests\e2e\admin.spec.ts:6:23

    attachment #1: screenshot (image/png) ΓöÇΓöÇΓöÇΓöÇΓöÇΓöÇΓöÇΓöÇΓöÇΓöÇΓöÇΓöÇΓöÇΓöÇΓöÇΓöÇΓöÇΓöÇΓöÇΓöÇΓöÇΓöÇΓöÇΓöÇΓöÇΓöÇΓöÇΓöÇΓöÇΓöÇΓöÇΓöÇΓöÇΓöÇΓöÇΓöÇΓöÇΓöÇΓöÇΓöÇΓöÇΓöÇΓöÇΓöÇΓöÇΓöÇΓöÇΓöÇΓöÇΓöÇΓöÇΓöÇΓöÇΓöÇΓöÇΓöÇΓöÇΓöÇ
    test-results\e2e-admin-Admin-Dashboard--61cc2-h-s├ích-chß╗º-trß╗ì-chß╗¥-x├íc-nhß║¡n-chromium\test-failed-1.png
    ΓöÇΓöÇΓöÇΓöÇΓöÇΓöÇΓöÇΓöÇΓöÇΓöÇΓöÇΓöÇΓöÇΓöÇΓöÇΓöÇΓöÇΓöÇΓöÇΓöÇΓöÇΓöÇΓöÇΓöÇΓöÇΓöÇΓöÇΓöÇΓöÇΓöÇΓöÇΓöÇΓöÇΓöÇΓöÇΓöÇΓöÇΓöÇΓöÇΓöÇΓöÇΓöÇΓöÇΓöÇΓöÇΓöÇΓöÇΓöÇΓöÇΓöÇΓöÇΓöÇΓöÇΓöÇΓöÇΓöÇΓöÇΓöÇΓöÇΓöÇΓöÇΓöÇΓöÇΓöÇΓöÇΓöÇΓöÇΓöÇΓöÇΓöÇΓöÇΓöÇΓöÇΓöÇΓöÇΓöÇΓöÇΓöÇΓöÇΓöÇΓöÇΓöÇΓöÇΓöÇΓöÇΓöÇΓöÇΓöÇΓöÇΓöÇΓöÇΓöÇΓöÇΓöÇΓöÇΓöÇ

    attachment #2: video (video/webm) ΓöÇΓöÇΓöÇΓöÇΓöÇΓöÇΓöÇΓöÇΓöÇΓöÇΓöÇΓöÇΓöÇΓöÇΓöÇΓöÇΓöÇΓöÇΓöÇΓöÇΓöÇΓöÇΓöÇΓöÇΓöÇΓöÇΓöÇΓöÇΓöÇΓöÇΓöÇΓöÇΓöÇΓöÇΓöÇΓöÇΓöÇΓöÇΓöÇΓöÇΓöÇΓöÇΓöÇΓöÇΓöÇΓöÇΓöÇΓöÇΓöÇΓöÇΓöÇΓöÇΓöÇΓöÇΓöÇΓöÇΓöÇΓöÇΓöÇΓöÇΓöÇΓöÇ
    test-results\e2e-admin-Admin-Dashboard--61cc2-h-s├ích-chß╗º-trß╗ì-chß╗¥-x├íc-nhß║¡n-chromium\video.webm
    ΓöÇΓöÇΓöÇΓöÇΓöÇΓöÇΓöÇΓöÇΓöÇΓöÇΓöÇΓöÇΓöÇΓöÇΓöÇΓöÇΓöÇΓöÇΓöÇΓöÇΓöÇΓöÇΓöÇΓöÇΓöÇΓöÇΓöÇΓöÇΓöÇΓöÇΓöÇΓöÇΓöÇΓöÇΓöÇΓöÇΓöÇΓöÇΓöÇΓöÇΓöÇΓöÇΓöÇΓöÇΓöÇΓöÇΓöÇΓöÇΓöÇΓöÇΓöÇΓöÇΓöÇΓöÇΓöÇΓöÇΓöÇΓöÇΓöÇΓöÇΓöÇΓöÇΓöÇΓöÇΓöÇΓöÇΓöÇΓöÇΓöÇΓöÇΓöÇΓöÇΓöÇΓöÇΓöÇΓöÇΓöÇΓöÇΓöÇΓöÇΓöÇΓöÇΓöÇΓöÇΓöÇΓöÇΓöÇΓöÇΓöÇΓöÇΓöÇΓöÇΓöÇΓöÇΓöÇΓöÇ

    Error Context: test-results\e2e-admin-Admin-Dashboard--61cc2-h-s├ích-chß╗º-trß╗ì-chß╗¥-x├íc-nhß║¡n-chromium\error-context.md


[1A[2K  5) [chromium] ΓÇ║ tests\e2e\admin.spec.ts:25:7 ΓÇ║ Admin Dashboard & Management ΓÇ║ TC_ADMIN_DASH_03: Lß╗ìc danh s├ích chß╗º trß╗ì ─æang hoß║ít ─æß╗Öng 

    TypeError: (0 , _auth.loginAsAdmin) is not a function

      4 | test.describe('Admin Dashboard & Management', () => {
      5 |   test.beforeEach(async ({ page }) => {
    > 6 |     await loginAsAdmin(page);
        |                       ^
      7 |   });
      8 |
      9 |   // Admin Dashboard
        at E:\Project\repo\apartment-management-web\tests\e2e\admin.spec.ts:6:23

    attachment #1: screenshot (image/png) ΓöÇΓöÇΓöÇΓöÇΓöÇΓöÇΓöÇΓöÇΓöÇΓöÇΓöÇΓöÇΓöÇΓöÇΓöÇΓöÇΓöÇΓöÇΓöÇΓöÇΓöÇΓöÇΓöÇΓöÇΓöÇΓöÇΓöÇΓöÇΓöÇΓöÇΓöÇΓöÇΓöÇΓöÇΓöÇΓöÇΓöÇΓöÇΓöÇΓöÇΓöÇΓöÇΓöÇΓöÇΓöÇΓöÇΓöÇΓöÇΓöÇΓöÇΓöÇΓöÇΓöÇΓöÇΓöÇΓöÇΓöÇΓöÇ
    test-results\e2e-admin-Admin-Dashboard--129fa-s├ích-chß╗º-trß╗ì-─æang-hoß║ít-─æß╗Öng-chromium\test-failed-1.png
    ΓöÇΓöÇΓöÇΓöÇΓöÇΓöÇΓöÇΓöÇΓöÇΓöÇΓöÇΓöÇΓöÇΓöÇΓöÇΓöÇΓöÇΓöÇΓöÇΓöÇΓöÇΓöÇΓöÇΓöÇΓöÇΓöÇΓöÇΓöÇΓöÇΓöÇΓöÇΓöÇΓöÇΓöÇΓöÇΓöÇΓöÇΓöÇΓöÇΓöÇΓöÇΓöÇΓöÇΓöÇΓöÇΓöÇΓöÇΓöÇΓöÇΓöÇΓöÇΓöÇΓöÇΓöÇΓöÇΓöÇΓöÇΓöÇΓöÇΓöÇΓöÇΓöÇΓöÇΓöÇΓöÇΓöÇΓöÇΓöÇΓöÇΓöÇΓöÇΓöÇΓöÇΓöÇΓöÇΓöÇΓöÇΓöÇΓöÇΓöÇΓöÇΓöÇΓöÇΓöÇΓöÇΓöÇΓöÇΓöÇΓöÇΓöÇΓöÇΓöÇΓöÇΓöÇΓöÇΓöÇ

    attachment #2: video (video/webm) ΓöÇΓöÇΓöÇΓöÇΓöÇΓöÇΓöÇΓöÇΓöÇΓöÇΓöÇΓöÇΓöÇΓöÇΓöÇΓöÇΓöÇΓöÇΓöÇΓöÇΓöÇΓöÇΓöÇΓöÇΓöÇΓöÇΓöÇΓöÇΓöÇΓöÇΓöÇΓöÇΓöÇΓöÇΓöÇΓöÇΓöÇΓöÇΓöÇΓöÇΓöÇΓöÇΓöÇΓöÇΓöÇΓöÇΓöÇΓöÇΓöÇΓöÇΓöÇΓöÇΓöÇΓöÇΓöÇΓöÇΓöÇΓöÇΓöÇΓöÇΓöÇΓöÇ
    test-results\e2e-admin-Admin-Dashboard--129fa-s├ích-chß╗º-trß╗ì-─æang-hoß║ít-─æß╗Öng-chromium\video.webm
    ΓöÇΓöÇΓöÇΓöÇΓöÇΓöÇΓöÇΓöÇΓöÇΓöÇΓöÇΓöÇΓöÇΓöÇΓöÇΓöÇΓöÇΓöÇΓöÇΓöÇΓöÇΓöÇΓöÇΓöÇΓöÇΓöÇΓöÇΓöÇΓöÇΓöÇΓöÇΓöÇΓöÇΓöÇΓöÇΓöÇΓöÇΓöÇΓöÇΓöÇΓöÇΓöÇΓöÇΓöÇΓöÇΓöÇΓöÇΓöÇΓöÇΓöÇΓöÇΓöÇΓöÇΓöÇΓöÇΓöÇΓöÇΓöÇΓöÇΓöÇΓöÇΓöÇΓöÇΓöÇΓöÇΓöÇΓöÇΓöÇΓöÇΓöÇΓöÇΓöÇΓöÇΓöÇΓöÇΓöÇΓöÇΓöÇΓöÇΓöÇΓöÇΓöÇΓöÇΓöÇΓöÇΓöÇΓöÇΓöÇΓöÇΓöÇΓöÇΓöÇΓöÇΓöÇΓöÇΓöÇ

    Error Context: test-results\e2e-admin-Admin-Dashboard--129fa-s├ích-chß╗º-trß╗ì-─æang-hoß║ít-─æß╗Öng-chromium\error-context.md


[1A[2K  6) [chromium] ΓÇ║ tests\e2e\admin.spec.ts:54:7 ΓÇ║ Admin Dashboard & Management ΓÇ║ TC_ADMIN_VER_02: Tß╗½ chß╗æi mß╗Öt chß╗º trß╗ì chß╗¥ x├íc nhß║¡n 

    TypeError: (0 , _auth.loginAsAdmin) is not a function

      4 | test.describe('Admin Dashboard & Management', () => {
      5 |   test.beforeEach(async ({ page }) => {
    > 6 |     await loginAsAdmin(page);
        |                       ^
      7 |   });
      8 |
      9 |   // Admin Dashboard
        at E:\Project\repo\apartment-management-web\tests\e2e\admin.spec.ts:6:23

    attachment #1: screenshot (image/png) ΓöÇΓöÇΓöÇΓöÇΓöÇΓöÇΓöÇΓöÇΓöÇΓöÇΓöÇΓöÇΓöÇΓöÇΓöÇΓöÇΓöÇΓöÇΓöÇΓöÇΓöÇΓöÇΓöÇΓöÇΓöÇΓöÇΓöÇΓöÇΓöÇΓöÇΓöÇΓöÇΓöÇΓöÇΓöÇΓöÇΓöÇΓöÇΓöÇΓöÇΓöÇΓöÇΓöÇΓöÇΓöÇΓöÇΓöÇΓöÇΓöÇΓöÇΓöÇΓöÇΓöÇΓöÇΓöÇΓöÇΓöÇΓöÇ
    test-results\e2e-admin-Admin-Dashboard--4d1d2-ß╗æi-mß╗Öt-chß╗º-trß╗ì-chß╗¥-x├íc-nhß║¡n-chromium\test-failed-1.png
    ΓöÇΓöÇΓöÇΓöÇΓöÇΓöÇΓöÇΓöÇΓöÇΓöÇΓöÇΓöÇΓöÇΓöÇΓöÇΓöÇΓöÇΓöÇΓöÇΓöÇΓöÇΓöÇΓöÇΓöÇΓöÇΓöÇΓöÇΓöÇΓöÇΓöÇΓöÇΓöÇΓöÇΓöÇΓöÇΓöÇΓöÇΓöÇΓöÇΓöÇΓöÇΓöÇΓöÇΓöÇΓöÇΓöÇΓöÇΓöÇΓöÇΓöÇΓöÇΓöÇΓöÇΓöÇΓöÇΓöÇΓöÇΓöÇΓöÇΓöÇΓöÇΓöÇΓöÇΓöÇΓöÇΓöÇΓöÇΓöÇΓöÇΓöÇΓöÇΓöÇΓöÇΓöÇΓöÇΓöÇΓöÇΓöÇΓöÇΓöÇΓöÇΓöÇΓöÇΓöÇΓöÇΓöÇΓöÇΓöÇΓöÇΓöÇΓöÇΓöÇΓöÇΓöÇΓöÇΓöÇ

    attachment #2: video (video/webm) ΓöÇΓöÇΓöÇΓöÇΓöÇΓöÇΓöÇΓöÇΓöÇΓöÇΓöÇΓöÇΓöÇΓöÇΓöÇΓöÇΓöÇΓöÇΓöÇΓöÇΓöÇΓöÇΓöÇΓöÇΓöÇΓöÇΓöÇΓöÇΓöÇΓöÇΓöÇΓöÇΓöÇΓöÇΓöÇΓöÇΓöÇΓöÇΓöÇΓöÇΓöÇΓöÇΓöÇΓöÇΓöÇΓöÇΓöÇΓöÇΓöÇΓöÇΓöÇΓöÇΓöÇΓöÇΓöÇΓöÇΓöÇΓöÇΓöÇΓöÇΓöÇΓöÇ
    test-results\e2e-admin-Admin-Dashboard--4d1d2-ß╗æi-mß╗Öt-chß╗º-trß╗ì-chß╗¥-x├íc-nhß║¡n-chromium\video.webm
    ΓöÇΓöÇΓöÇΓöÇΓöÇΓöÇΓöÇΓöÇΓöÇΓöÇΓöÇΓöÇΓöÇΓöÇΓöÇΓöÇΓöÇΓöÇΓöÇΓöÇΓöÇΓöÇΓöÇΓöÇΓöÇΓöÇΓöÇΓöÇΓöÇΓöÇΓöÇΓöÇΓöÇΓöÇΓöÇΓöÇΓöÇΓöÇΓöÇΓöÇΓöÇΓöÇΓöÇΓöÇΓöÇΓöÇΓöÇΓöÇΓöÇΓöÇΓöÇΓöÇΓöÇΓöÇΓöÇΓöÇΓöÇΓöÇΓöÇΓöÇΓöÇΓöÇΓöÇΓöÇΓöÇΓöÇΓöÇΓöÇΓöÇΓöÇΓöÇΓöÇΓöÇΓöÇΓöÇΓöÇΓöÇΓöÇΓöÇΓöÇΓöÇΓöÇΓöÇΓöÇΓöÇΓöÇΓöÇΓöÇΓöÇΓöÇΓöÇΓöÇΓöÇΓöÇΓöÇΓöÇ

    Error Context: test-results\e2e-admin-Admin-Dashboard--4d1d2-ß╗æi-mß╗Öt-chß╗º-trß╗ì-chß╗¥-x├íc-nhß║¡n-chromium\error-context.md


[1A[2K[7/242] [chromium] ΓÇ║ tests\e2e\admin.spec.ts:92:7 ΓÇ║ Authorization - RBAC ΓÇ║ TC_AUTHZ_03: Owner kh├┤ng truy cß║¡p ─æ╞░ß╗úc trang Admin
[1A[2K[8/242] [chromium] ΓÇ║ tests\e2e\admin.spec.ts:73:7 ΓÇ║ Authorization - RBAC ΓÇ║ TC_AUTHZ_01: Tenant truy cß║¡p route cß╗ºa Owner
[1A[2K[9/242] [chromium] ΓÇ║ tests\e2e\admin.spec.ts:105:7 ΓÇ║ Authorization - RBAC ΓÇ║ TC_AUTHZ_04: Admin truy cß║¡p dashboard admin th├ánh c├┤ng
[1A[2K[10/242] [chromium] ΓÇ║ tests\e2e\admin.spec.ts:65:7 ΓÇ║ Admin Dashboard & Management ΓÇ║ TC_ADMIN_SET_01: Cß║¡p nhß║¡t c├ái ─æß║╖t hß╗ç thß╗æng
[1A[2K[11/242] [chromium] ΓÇ║ tests\e2e\admin.spec.ts:113:7 ΓÇ║ Authorization - RBAC ΓÇ║ TC_AUTHZ_05: Session hß║┐t hß║ín khi ─æang ß╗ƒ dashboard
[1A[2K[12/242] [chromium] ΓÇ║ tests\e2e\admin.spec.ts:86:7 ΓÇ║ Authorization - RBAC ΓÇ║ TC_AUTHZ_02: Truy cß║¡p dashboard khi ch╞░a ─æ─âng nhß║¡p
[1A[2K  7) [chromium] ΓÇ║ tests\e2e\admin.spec.ts:65:7 ΓÇ║ Admin Dashboard & Management ΓÇ║ TC_ADMIN_SET_01: Cß║¡p nhß║¡t c├ái ─æß║╖t hß╗ç thß╗æng 

    TypeError: (0 , _auth.loginAsAdmin) is not a function

      4 | test.describe('Admin Dashboard & Management', () => {
      5 |   test.beforeEach(async ({ page }) => {
    > 6 |     await loginAsAdmin(page);
        |                       ^
      7 |   });
      8 |
      9 |   // Admin Dashboard
        at E:\Project\repo\apartment-management-web\tests\e2e\admin.spec.ts:6:23

    attachment #1: screenshot (image/png) ΓöÇΓöÇΓöÇΓöÇΓöÇΓöÇΓöÇΓöÇΓöÇΓöÇΓöÇΓöÇΓöÇΓöÇΓöÇΓöÇΓöÇΓöÇΓöÇΓöÇΓöÇΓöÇΓöÇΓöÇΓöÇΓöÇΓöÇΓöÇΓöÇΓöÇΓöÇΓöÇΓöÇΓöÇΓöÇΓöÇΓöÇΓöÇΓöÇΓöÇΓöÇΓöÇΓöÇΓöÇΓöÇΓöÇΓöÇΓöÇΓöÇΓöÇΓöÇΓöÇΓöÇΓöÇΓöÇΓöÇΓöÇΓöÇ
    test-results\e2e-admin-Admin-Dashboard--ea404-1-Cß║¡p-nhß║¡t-c├ái-─æß║╖t-hß╗ç-thß╗æng-chromium\test-failed-1.png
    ΓöÇΓöÇΓöÇΓöÇΓöÇΓöÇΓöÇΓöÇΓöÇΓöÇΓöÇΓöÇΓöÇΓöÇΓöÇΓöÇΓöÇΓöÇΓöÇΓöÇΓöÇΓöÇΓöÇΓöÇΓöÇΓöÇΓöÇΓöÇΓöÇΓöÇΓöÇΓöÇΓöÇΓöÇΓöÇΓöÇΓöÇΓöÇΓöÇΓöÇΓöÇΓöÇΓöÇΓöÇΓöÇΓöÇΓöÇΓöÇΓöÇΓöÇΓöÇΓöÇΓöÇΓöÇΓöÇΓöÇΓöÇΓöÇΓöÇΓöÇΓöÇΓöÇΓöÇΓöÇΓöÇΓöÇΓöÇΓöÇΓöÇΓöÇΓöÇΓöÇΓöÇΓöÇΓöÇΓöÇΓöÇΓöÇΓöÇΓöÇΓöÇΓöÇΓöÇΓöÇΓöÇΓöÇΓöÇΓöÇΓöÇΓöÇΓöÇΓöÇΓöÇΓöÇΓöÇΓöÇ

    attachment #2: video (video/webm) ΓöÇΓöÇΓöÇΓöÇΓöÇΓöÇΓöÇΓöÇΓöÇΓöÇΓöÇΓöÇΓöÇΓöÇΓöÇΓöÇΓöÇΓöÇΓöÇΓöÇΓöÇΓöÇΓöÇΓöÇΓöÇΓöÇΓöÇΓöÇΓöÇΓöÇΓöÇΓöÇΓöÇΓöÇΓöÇΓöÇΓöÇΓöÇΓöÇΓöÇΓöÇΓöÇΓöÇΓöÇΓöÇΓöÇΓöÇΓöÇΓöÇΓöÇΓöÇΓöÇΓöÇΓöÇΓöÇΓöÇΓöÇΓöÇΓöÇΓöÇΓöÇΓöÇ
    test-results\e2e-admin-Admin-Dashboard--ea404-1-Cß║¡p-nhß║¡t-c├ái-─æß║╖t-hß╗ç-thß╗æng-chromium\video.webm
    ΓöÇΓöÇΓöÇΓöÇΓöÇΓöÇΓöÇΓöÇΓöÇΓöÇΓöÇΓöÇΓöÇΓöÇΓöÇΓöÇΓöÇΓöÇΓöÇΓöÇΓöÇΓöÇΓöÇΓöÇΓöÇΓöÇΓöÇΓöÇΓöÇΓöÇΓöÇΓöÇΓöÇΓöÇΓöÇΓöÇΓöÇΓöÇΓöÇΓöÇΓöÇΓöÇΓöÇΓöÇΓöÇΓöÇΓöÇΓöÇΓöÇΓöÇΓöÇΓöÇΓöÇΓöÇΓöÇΓöÇΓöÇΓöÇΓöÇΓöÇΓöÇΓöÇΓöÇΓöÇΓöÇΓöÇΓöÇΓöÇΓöÇΓöÇΓöÇΓöÇΓöÇΓöÇΓöÇΓöÇΓöÇΓöÇΓöÇΓöÇΓöÇΓöÇΓöÇΓöÇΓöÇΓöÇΓöÇΓöÇΓöÇΓöÇΓöÇΓöÇΓöÇΓöÇΓöÇΓöÇ

    Error Context: test-results\e2e-admin-Admin-Dashboard--ea404-1-Cß║¡p-nhß║¡t-c├ái-─æß║╖t-hß╗ç-thß╗æng-chromium\error-context.md


[1A[2K  8) [chromium] ΓÇ║ tests\e2e\admin.spec.ts:113:7 ΓÇ║ Authorization - RBAC ΓÇ║ TC_AUTHZ_05: Session hß║┐t hß║ín khi ─æang ß╗ƒ dashboard 

    TypeError: (0 , _auth.loginAsAdmin) is not a function

      112 |   // Session management
      113 |   test('TC_AUTHZ_05: Session hß║┐t hß║ín khi ─æang ß╗ƒ dashboard', async ({ page, context }) => {
    > 114 |     await loginAsAdmin(page);
          |                       ^
      115 |     await page.goto('/dashboard/admin');
      116 |
      117 |     // Delete auth cookie
        at E:\Project\repo\apartment-management-web\tests\e2e\admin.spec.ts:114:23

    attachment #1: screenshot (image/png) ΓöÇΓöÇΓöÇΓöÇΓöÇΓöÇΓöÇΓöÇΓöÇΓöÇΓöÇΓöÇΓöÇΓöÇΓöÇΓöÇΓöÇΓöÇΓöÇΓöÇΓöÇΓöÇΓöÇΓöÇΓöÇΓöÇΓöÇΓöÇΓöÇΓöÇΓöÇΓöÇΓöÇΓöÇΓöÇΓöÇΓöÇΓöÇΓöÇΓöÇΓöÇΓöÇΓöÇΓöÇΓöÇΓöÇΓöÇΓöÇΓöÇΓöÇΓöÇΓöÇΓöÇΓöÇΓöÇΓöÇΓöÇΓöÇ
    test-results\e2e-admin-Authorization----4881e-ß║┐t-hß║ín-khi-─æang-ß╗ƒ-dashboard-chromium\test-failed-1.png
    ΓöÇΓöÇΓöÇΓöÇΓöÇΓöÇΓöÇΓöÇΓöÇΓöÇΓöÇΓöÇΓöÇΓöÇΓöÇΓöÇΓöÇΓöÇΓöÇΓöÇΓöÇΓöÇΓöÇΓöÇΓöÇΓöÇΓöÇΓöÇΓöÇΓöÇΓöÇΓöÇΓöÇΓöÇΓöÇΓöÇΓöÇΓöÇΓöÇΓöÇΓöÇΓöÇΓöÇΓöÇΓöÇΓöÇΓöÇΓöÇΓöÇΓöÇΓöÇΓöÇΓöÇΓöÇΓöÇΓöÇΓöÇΓöÇΓöÇΓöÇΓöÇΓöÇΓöÇΓöÇΓöÇΓöÇΓöÇΓöÇΓöÇΓöÇΓöÇΓöÇΓöÇΓöÇΓöÇΓöÇΓöÇΓöÇΓöÇΓöÇΓöÇΓöÇΓöÇΓöÇΓöÇΓöÇΓöÇΓöÇΓöÇΓöÇΓöÇΓöÇΓöÇΓöÇΓöÇΓöÇ

    attachment #2: video (video/webm) ΓöÇΓöÇΓöÇΓöÇΓöÇΓöÇΓöÇΓöÇΓöÇΓöÇΓöÇΓöÇΓöÇΓöÇΓöÇΓöÇΓöÇΓöÇΓöÇΓöÇΓöÇΓöÇΓöÇΓöÇΓöÇΓöÇΓöÇΓöÇΓöÇΓöÇΓöÇΓöÇΓöÇΓöÇΓöÇΓöÇΓöÇΓöÇΓöÇΓöÇΓöÇΓöÇΓöÇΓöÇΓöÇΓöÇΓöÇΓöÇΓöÇΓöÇΓöÇΓöÇΓöÇΓöÇΓöÇΓöÇΓöÇΓöÇΓöÇΓöÇΓöÇΓöÇ
    test-results\e2e-admin-Authorization----4881e-ß║┐t-hß║ín-khi-─æang-ß╗ƒ-dashboard-chromium\video.webm
    ΓöÇΓöÇΓöÇΓöÇΓöÇΓöÇΓöÇΓöÇΓöÇΓöÇΓöÇΓöÇΓöÇΓöÇΓöÇΓöÇΓöÇΓöÇΓöÇΓöÇΓöÇΓöÇΓöÇΓöÇΓöÇΓöÇΓöÇΓöÇΓöÇΓöÇΓöÇΓöÇΓöÇΓöÇΓöÇΓöÇΓöÇΓöÇΓöÇΓöÇΓöÇΓöÇΓöÇΓöÇΓöÇΓöÇΓöÇΓöÇΓöÇΓöÇΓöÇΓöÇΓöÇΓöÇΓöÇΓöÇΓöÇΓöÇΓöÇΓöÇΓöÇΓöÇΓöÇΓöÇΓöÇΓöÇΓöÇΓöÇΓöÇΓöÇΓöÇΓöÇΓöÇΓöÇΓöÇΓöÇΓöÇΓöÇΓöÇΓöÇΓöÇΓöÇΓöÇΓöÇΓöÇΓöÇΓöÇΓöÇΓöÇΓöÇΓöÇΓöÇΓöÇΓöÇΓöÇΓöÇ

    Error Context: test-results\e2e-admin-Authorization----4881e-ß║┐t-hß║ín-khi-─æang-ß╗ƒ-dashboard-chromium\error-context.md


[1A[2K  9) [chromium] ΓÇ║ tests\e2e\admin.spec.ts:105:7 ΓÇ║ Authorization - RBAC ΓÇ║ TC_AUTHZ_04: Admin truy cß║¡p dashboard admin th├ánh c├┤ng 

    TypeError: (0 , _auth.loginAsAdmin) is not a function

      104 |   // Admin access
      105 |   test('TC_AUTHZ_04: Admin truy cß║¡p dashboard admin th├ánh c├┤ng', async ({ page }) => {
    > 106 |     await loginAsAdmin(page);
          |                       ^
      107 |     await page.goto('/dashboard/admin');
      108 |     await expect(page).toHaveURL(/.*\/dashboard\/admin.*/);
      109 |     await expect(page.locator('text=Tß╗òng Quan Hß╗ç Thß╗æng')).toBeVisible();
        at E:\Project\repo\apartment-management-web\tests\e2e\admin.spec.ts:106:23

    attachment #1: screenshot (image/png) ΓöÇΓöÇΓöÇΓöÇΓöÇΓöÇΓöÇΓöÇΓöÇΓöÇΓöÇΓöÇΓöÇΓöÇΓöÇΓöÇΓöÇΓöÇΓöÇΓöÇΓöÇΓöÇΓöÇΓöÇΓöÇΓöÇΓöÇΓöÇΓöÇΓöÇΓöÇΓöÇΓöÇΓöÇΓöÇΓöÇΓöÇΓöÇΓöÇΓöÇΓöÇΓöÇΓöÇΓöÇΓöÇΓöÇΓöÇΓöÇΓöÇΓöÇΓöÇΓöÇΓöÇΓöÇΓöÇΓöÇΓöÇΓöÇ
    test-results\e2e-admin-Authorization----e7849--dashboard-admin-th├ánh-c├┤ng-chromium\test-failed-1.png
    ΓöÇΓöÇΓöÇΓöÇΓöÇΓöÇΓöÇΓöÇΓöÇΓöÇΓöÇΓöÇΓöÇΓöÇΓöÇΓöÇΓöÇΓöÇΓöÇΓöÇΓöÇΓöÇΓöÇΓöÇΓöÇΓöÇΓöÇΓöÇΓöÇΓöÇΓöÇΓöÇΓöÇΓöÇΓöÇΓöÇΓöÇΓöÇΓöÇΓöÇΓöÇΓöÇΓöÇΓöÇΓöÇΓöÇΓöÇΓöÇΓöÇΓöÇΓöÇΓöÇΓöÇΓöÇΓöÇΓöÇΓöÇΓöÇΓöÇΓöÇΓöÇΓöÇΓöÇΓöÇΓöÇΓöÇΓöÇΓöÇΓöÇΓöÇΓöÇΓöÇΓöÇΓöÇΓöÇΓöÇΓöÇΓöÇΓöÇΓöÇΓöÇΓöÇΓöÇΓöÇΓöÇΓöÇΓöÇΓöÇΓöÇΓöÇΓöÇΓöÇΓöÇΓöÇΓöÇΓöÇ

    attachment #2: video (video/webm) ΓöÇΓöÇΓöÇΓöÇΓöÇΓöÇΓöÇΓöÇΓöÇΓöÇΓöÇΓöÇΓöÇΓöÇΓöÇΓöÇΓöÇΓöÇΓöÇΓöÇΓöÇΓöÇΓöÇΓöÇΓöÇΓöÇΓöÇΓöÇΓöÇΓöÇΓöÇΓöÇΓöÇΓöÇΓöÇΓöÇΓöÇΓöÇΓöÇΓöÇΓöÇΓöÇΓöÇΓöÇΓöÇΓöÇΓöÇΓöÇΓöÇΓöÇΓöÇΓöÇΓöÇΓöÇΓöÇΓöÇΓöÇΓöÇΓöÇΓöÇΓöÇΓöÇ
    test-results\e2e-admin-Authorization----e7849--dashboard-admin-th├ánh-c├┤ng-chromium\video.webm
    ΓöÇΓöÇΓöÇΓöÇΓöÇΓöÇΓöÇΓöÇΓöÇΓöÇΓöÇΓöÇΓöÇΓöÇΓöÇΓöÇΓöÇΓöÇΓöÇΓöÇΓöÇΓöÇΓöÇΓöÇΓöÇΓöÇΓöÇΓöÇΓöÇΓöÇΓöÇΓöÇΓöÇΓöÇΓöÇΓöÇΓöÇΓöÇΓöÇΓöÇΓöÇΓöÇΓöÇΓöÇΓöÇΓöÇΓöÇΓöÇΓöÇΓöÇΓöÇΓöÇΓöÇΓöÇΓöÇΓöÇΓöÇΓöÇΓöÇΓöÇΓöÇΓöÇΓöÇΓöÇΓöÇΓöÇΓöÇΓöÇΓöÇΓöÇΓöÇΓöÇΓöÇΓöÇΓöÇΓöÇΓöÇΓöÇΓöÇΓöÇΓöÇΓöÇΓöÇΓöÇΓöÇΓöÇΓöÇΓöÇΓöÇΓöÇΓöÇΓöÇΓöÇΓöÇΓöÇΓöÇ

    Error Context: test-results\e2e-admin-Authorization----e7849--dashboard-admin-th├ánh-c├┤ng-chromium\error-context.md


[1A[2K[13/242] [chromium] ΓÇ║ tests\e2e\ai-chatbot.spec.ts:64:7 ΓÇ║ AI Chatbot & Features ΓÇ║ TC_AI_03: Mock AI response ─æß╗â tiß║┐t kiß╗çm quota
[1A[2K[14/242] [chromium] ΓÇ║ tests\e2e\admin.spec.ts:128:7 ΓÇ║ Authorization - RBAC ΓÇ║ TC_ADMIN_AUTHZ_01: Owner kh├┤ng truy cß║¡p ─æ╞░ß╗úc m├án Admin
[1A[2K[15/242] [chromium] ΓÇ║ tests\e2e\ai-chatbot.spec.ts:8:7 ΓÇ║ AI Chatbot & Features ΓÇ║ TC_AI_01: Mß╗ƒ cß╗¡a sß╗ò Chatbot
[1A[2K[16/242] [chromium] ΓÇ║ tests\e2e\ai-chatbot.spec.ts:30:7 ΓÇ║ AI Chatbot & Features ΓÇ║ TC_AI_02: Gß╗¡i message v├á nhß║¡n response tß╗½ AI

node.exe : [1A[2K[2m[WebServer] [22m(node:11924) Warning: SECURITY 
WARNING: The SSL modes 'prefer', 'require', and 'verify-ca' are treated as 
aliases for 'verify-full'.
At line:1 char:1
+ & "E:\Project\Package\nodejs/node.exe" "C:\Users\PQ\AppData\Roaming\n ...
+ ~~~~~~~~~~~~~~~~~~~~~~~~~~~~~~~~~~~~~~~~~~~~~~~~~~~~~~~~~~~~~~~~~~~~~
    + CategoryInfo          : NotSpecified: ([1A[2K[2m[We... 'verify-full'. 
   :String) [], RemoteException
    + FullyQualifiedErrorId : NativeCommandError
 
[2m[WebServer] [22mIn the next major version (pg-connection-string v3.0.0 
and pg v9.0.0), these modes will adopt standard libpq semantics, which have 
weaker security guarantees.
[2m[WebServer] [22m
[2m[WebServer] [22mTo prepare for this change:
[2m[WebServer] [22m- If you want the current behavior, explicitly use 
'sslmode=verify-full'
[2m[WebServer] [22m- If you want libpq compatibility now, use 
'uselibpqcompat=true&sslmode=require'
[2m[WebServer] [22m
[2m[WebServer] [22mSee 
https://www.postgresql.org/docs/current/libpq-ssl.html for libpq SSL mode 
definitions.
[2m[WebServer] [22m(Use `node --trace-warnings ...` to show where the 
warning was created)
[1A[2K[17/242] [chromium] ΓÇ║ tests\e2e\ai-chatbot.spec.ts:98:7 ΓÇ║ AI Chatbot & Features ΓÇ║ TC_AI_04: Xem AI Overview tr├¬n Dashboard
[1A[2K[18/242] [chromium] ΓÇ║ tests\e2e\ai-chatbot.spec.ts:123:7 ΓÇ║ AI Chatbot & Features ΓÇ║ TC_EDGE_AI_01: Test AI response vß╗¢i special characters
[1A[2K[19/242] [chromium] ΓÇ║ tests\e2e\ai-chatbot.spec.ts:147:7 ΓÇ║ UI/UX Features ΓÇ║ TC_UI_01: Chuyß╗ân ─æß╗òi Dark/Light mode
[1A[2K[20/242] [chromium] ΓÇ║ tests\e2e\ai-chatbot.spec.ts:174:7 ΓÇ║ UI/UX Features ΓÇ║ TC_UI_02: Responsive tr├¬n mobile view
[1A[2K[21/242] [chromium] ΓÇ║ tests\e2e\ai-chatbot.spec.ts:214:7 ΓÇ║ UI/UX Features ΓÇ║ TC_UI_03: Notification/Toast hiß╗ân thß╗ï ─æ├║ng
[1A[2K[22/242] [chromium] ΓÇ║ tests\e2e\ai-chatbot.spec.ts:253:9 ΓÇ║ UI/UX - Loading States ΓÇ║ TC_UI_04: Kiß╗âm tra loading state khi gß╗¡i form
[1A[2K[23/242] [chromium] ΓÇ║ tests\e2e\api.spec.ts:62:7 ΓÇ║ API - Rooms Endpoints ΓÇ║ TC_API_ROOM_01: GET /api/properties/[id]/rooms - Lß║Ñy danh s├ích ph├▓ng
[1A[2K[24/242] [chromium] ΓÇ║ tests\e2e\api.spec.ts:83:7 ΓÇ║ API - Rooms Endpoints ΓÇ║ TC_API_ROOM_02: POST /api/properties/[id]/rooms - Th├¬m ph├▓ng mß╗¢i
[1A[2K  10) [chromium] ΓÇ║ tests\e2e\api.spec.ts:62:7 ΓÇ║ API - Rooms Endpoints ΓÇ║ TC_API_ROOM_01: GET /api/properties/[id]/rooms - Lß║Ñy danh s├ích ph├▓ng 

    TypeError: (0 , _auth.loginAsOwner) is not a function

      61 | test.describe('API - Rooms Endpoints', () => {
      62 |   test('TC_API_ROOM_01: GET /api/properties/[id]/rooms - Lß║Ñy danh s├ích ph├▓ng', async ({ request, page }) => {
    > 63 |     await loginAsOwner(page);
         |                       ^
      64 |     const cookies = await page.context().cookies();
      65 |     const authCookie = cookies.find(c => c.name.includes('auth'));
      66 |     
        at E:\Project\repo\apartment-management-web\tests\e2e\api.spec.ts:63:23

    attachment #1: screenshot (image/png) ΓöÇΓöÇΓöÇΓöÇΓöÇΓöÇΓöÇΓöÇΓöÇΓöÇΓöÇΓöÇΓöÇΓöÇΓöÇΓöÇΓöÇΓöÇΓöÇΓöÇΓöÇΓöÇΓöÇΓöÇΓöÇΓöÇΓöÇΓöÇΓöÇΓöÇΓöÇΓöÇΓöÇΓöÇΓöÇΓöÇΓöÇΓöÇΓöÇΓöÇΓöÇΓöÇΓöÇΓöÇΓöÇΓöÇΓöÇΓöÇΓöÇΓöÇΓöÇΓöÇΓöÇΓöÇΓöÇΓöÇΓöÇΓöÇ
    test-results\e2e-api-API---Rooms-Endpoi-4d072-rooms---Lß║Ñy-danh-s├ích-ph├▓ng-chromium\test-failed-1.png
    ΓöÇΓöÇΓöÇΓöÇΓöÇΓöÇΓöÇΓöÇΓöÇΓöÇΓöÇΓöÇΓöÇΓöÇΓöÇΓöÇΓöÇΓöÇΓöÇΓöÇΓöÇΓöÇΓöÇΓöÇΓöÇΓöÇΓöÇΓöÇΓöÇΓöÇΓöÇΓöÇΓöÇΓöÇΓöÇΓöÇΓöÇΓöÇΓöÇΓöÇΓöÇΓöÇΓöÇΓöÇΓöÇΓöÇΓöÇΓöÇΓöÇΓöÇΓöÇΓöÇΓöÇΓöÇΓöÇΓöÇΓöÇΓöÇΓöÇΓöÇΓöÇΓöÇΓöÇΓöÇΓöÇΓöÇΓöÇΓöÇΓöÇΓöÇΓöÇΓöÇΓöÇΓöÇΓöÇΓöÇΓöÇΓöÇΓöÇΓöÇΓöÇΓöÇΓöÇΓöÇΓöÇΓöÇΓöÇΓöÇΓöÇΓöÇΓöÇΓöÇΓöÇΓöÇΓöÇΓöÇ

    attachment #2: video (video/webm) ΓöÇΓöÇΓöÇΓöÇΓöÇΓöÇΓöÇΓöÇΓöÇΓöÇΓöÇΓöÇΓöÇΓöÇΓöÇΓöÇΓöÇΓöÇΓöÇΓöÇΓöÇΓöÇΓöÇΓöÇΓöÇΓöÇΓöÇΓöÇΓöÇΓöÇΓöÇΓöÇΓöÇΓöÇΓöÇΓöÇΓöÇΓöÇΓöÇΓöÇΓöÇΓöÇΓöÇΓöÇΓöÇΓöÇΓöÇΓöÇΓöÇΓöÇΓöÇΓöÇΓöÇΓöÇΓöÇΓöÇΓöÇΓöÇΓöÇΓöÇΓöÇΓöÇ
    test-results\e2e-api-API---Rooms-Endpoi-4d072-rooms---Lß║Ñy-danh-s├ích-ph├▓ng-chromium\video.webm
    ΓöÇΓöÇΓöÇΓöÇΓöÇΓöÇΓöÇΓöÇΓöÇΓöÇΓöÇΓöÇΓöÇΓöÇΓöÇΓöÇΓöÇΓöÇΓöÇΓöÇΓöÇΓöÇΓöÇΓöÇΓöÇΓöÇΓöÇΓöÇΓöÇΓöÇΓöÇΓöÇΓöÇΓöÇΓöÇΓöÇΓöÇΓöÇΓöÇΓöÇΓöÇΓöÇΓöÇΓöÇΓöÇΓöÇΓöÇΓöÇΓöÇΓöÇΓöÇΓöÇΓöÇΓöÇΓöÇΓöÇΓöÇΓöÇΓöÇΓöÇΓöÇΓöÇΓöÇΓöÇΓöÇΓöÇΓöÇΓöÇΓöÇΓöÇΓöÇΓöÇΓöÇΓöÇΓöÇΓöÇΓöÇΓöÇΓöÇΓöÇΓöÇΓöÇΓöÇΓöÇΓöÇΓöÇΓöÇΓöÇΓöÇΓöÇΓöÇΓöÇΓöÇΓöÇΓöÇΓöÇ

    Error Context: test-results\e2e-api-API---Rooms-Endpoi-4d072-rooms---Lß║Ñy-danh-s├ích-ph├▓ng-chromium\error-context.md


[1A[2K  11) [chromium] ΓÇ║ tests\e2e\api.spec.ts:83:7 ΓÇ║ API - Rooms Endpoints ΓÇ║ TC_API_ROOM_02: POST /api/properties/[id]/rooms - Th├¬m ph├▓ng mß╗¢i 

    TypeError: (0 , _auth.loginAsOwner) is not a function

      82 |
      83 |   test('TC_API_ROOM_02: POST /api/properties/[id]/rooms - Th├¬m ph├▓ng mß╗¢i', async ({ request, page }) => {
    > 84 |     await loginAsOwner(page);
         |                       ^
      85 |     const cookies = await page.context().cookies();
      86 |     const authCookie = cookies.find(c => c.name.includes('auth'));
      87 |     
        at E:\Project\repo\apartment-management-web\tests\e2e\api.spec.ts:84:23

    attachment #1: screenshot (image/png) ΓöÇΓöÇΓöÇΓöÇΓöÇΓöÇΓöÇΓöÇΓöÇΓöÇΓöÇΓöÇΓöÇΓöÇΓöÇΓöÇΓöÇΓöÇΓöÇΓöÇΓöÇΓöÇΓöÇΓöÇΓöÇΓöÇΓöÇΓöÇΓöÇΓöÇΓöÇΓöÇΓöÇΓöÇΓöÇΓöÇΓöÇΓöÇΓöÇΓöÇΓöÇΓöÇΓöÇΓöÇΓöÇΓöÇΓöÇΓöÇΓöÇΓöÇΓöÇΓöÇΓöÇΓöÇΓöÇΓöÇΓöÇΓöÇ
    test-results\e2e-api-API---Rooms-Endpoi-a663f-s-id-rooms---Th├¬m-ph├▓ng-mß╗¢i-chromium\test-failed-1.png
    ΓöÇΓöÇΓöÇΓöÇΓöÇΓöÇΓöÇΓöÇΓöÇΓöÇΓöÇΓöÇΓöÇΓöÇΓöÇΓöÇΓöÇΓöÇΓöÇΓöÇΓöÇΓöÇΓöÇΓöÇΓöÇΓöÇΓöÇΓöÇΓöÇΓöÇΓöÇΓöÇΓöÇΓöÇΓöÇΓöÇΓöÇΓöÇΓöÇΓöÇΓöÇΓöÇΓöÇΓöÇΓöÇΓöÇΓöÇΓöÇΓöÇΓöÇΓöÇΓöÇΓöÇΓöÇΓöÇΓöÇΓöÇΓöÇΓöÇΓöÇΓöÇΓöÇΓöÇΓöÇΓöÇΓöÇΓöÇΓöÇΓöÇΓöÇΓöÇΓöÇΓöÇΓöÇΓöÇΓöÇΓöÇΓöÇΓöÇΓöÇΓöÇΓöÇΓöÇΓöÇΓöÇΓöÇΓöÇΓöÇΓöÇΓöÇΓöÇΓöÇΓöÇΓöÇΓöÇΓöÇ

    attachment #2: video (video/webm) ΓöÇΓöÇΓöÇΓöÇΓöÇΓöÇΓöÇΓöÇΓöÇΓöÇΓöÇΓöÇΓöÇΓöÇΓöÇΓöÇΓöÇΓöÇΓöÇΓöÇΓöÇΓöÇΓöÇΓöÇΓöÇΓöÇΓöÇΓöÇΓöÇΓöÇΓöÇΓöÇΓöÇΓöÇΓöÇΓöÇΓöÇΓöÇΓöÇΓöÇΓöÇΓöÇΓöÇΓöÇΓöÇΓöÇΓöÇΓöÇΓöÇΓöÇΓöÇΓöÇΓöÇΓöÇΓöÇΓöÇΓöÇΓöÇΓöÇΓöÇΓöÇΓöÇ
    test-results\e2e-api-API---Rooms-Endpoi-a663f-s-id-rooms---Th├¬m-ph├▓ng-mß╗¢i-chromium\video.webm
    ΓöÇΓöÇΓöÇΓöÇΓöÇΓöÇΓöÇΓöÇΓöÇΓöÇΓöÇΓöÇΓöÇΓöÇΓöÇΓöÇΓöÇΓöÇΓöÇΓöÇΓöÇΓöÇΓöÇΓöÇΓöÇΓöÇΓöÇΓöÇΓöÇΓöÇΓöÇΓöÇΓöÇΓöÇΓöÇΓöÇΓöÇΓöÇΓöÇΓöÇΓöÇΓöÇΓöÇΓöÇΓöÇΓöÇΓöÇΓöÇΓöÇΓöÇΓöÇΓöÇΓöÇΓöÇΓöÇΓöÇΓöÇΓöÇΓöÇΓöÇΓöÇΓöÇΓöÇΓöÇΓöÇΓöÇΓöÇΓöÇΓöÇΓöÇΓöÇΓöÇΓöÇΓöÇΓöÇΓöÇΓöÇΓöÇΓöÇΓöÇΓöÇΓöÇΓöÇΓöÇΓöÇΓöÇΓöÇΓöÇΓöÇΓöÇΓöÇΓöÇΓöÇΓöÇΓöÇΓöÇ

    Error Context: test-results\e2e-api-API---Rooms-Endpoi-a663f-s-id-rooms---Th├¬m-ph├▓ng-mß╗¢i-chromium\error-context.md


[1A[2K[25/242] [chromium] ΓÇ║ tests\e2e\api.spec.ts:111:7 ΓÇ║ API - Services Endpoints ΓÇ║ TC_API_SVC_01: GET /api/services - Lß║Ñy danh s├ích dß╗ïch vß╗Ñ
[1A[2K[26/242] [chromium] ΓÇ║ tests\e2e\api.spec.ts:124:7 ΓÇ║ API - Services Endpoints ΓÇ║ TC_API_SVC_02: POST /api/services - Tß║ío dß╗ïch vß╗Ñ mß╗¢i
[1A[2K  12) [chromium] ΓÇ║ tests\e2e\api.spec.ts:111:7 ΓÇ║ API - Services Endpoints ΓÇ║ TC_API_SVC_01: GET /api/services - Lß║Ñy danh s├ích dß╗ïch vß╗Ñ 

    TypeError: (0 , _auth.loginAsOwner) is not a function

      110 | test.describe('API - Services Endpoints', () => {
      111 |   test('TC_API_SVC_01: GET /api/services - Lß║Ñy danh s├ích dß╗ïch vß╗Ñ', async ({ request, page }) => {
    > 112 |     await loginAsOwner(page);
          |                       ^
      113 |     const cookies = await page.context().cookies();
      114 |     const authCookie = cookies.find(c => c.name.includes('auth'));
      115 |     
        at E:\Project\repo\apartment-management-web\tests\e2e\api.spec.ts:112:23

    attachment #1: screenshot (image/png) ΓöÇΓöÇΓöÇΓöÇΓöÇΓöÇΓöÇΓöÇΓöÇΓöÇΓöÇΓöÇΓöÇΓöÇΓöÇΓöÇΓöÇΓöÇΓöÇΓöÇΓöÇΓöÇΓöÇΓöÇΓöÇΓöÇΓöÇΓöÇΓöÇΓöÇΓöÇΓöÇΓöÇΓöÇΓöÇΓöÇΓöÇΓöÇΓöÇΓöÇΓöÇΓöÇΓöÇΓöÇΓöÇΓöÇΓöÇΓöÇΓöÇΓöÇΓöÇΓöÇΓöÇΓöÇΓöÇΓöÇΓöÇΓöÇ
    test-results\e2e-api-API---Services-End-d00ef-ces---Lß║Ñy-danh-s├ích-dß╗ïch-vß╗Ñ-chromium\test-failed-1.png
    ΓöÇΓöÇΓöÇΓöÇΓöÇΓöÇΓöÇΓöÇΓöÇΓöÇΓöÇΓöÇΓöÇΓöÇΓöÇΓöÇΓöÇΓöÇΓöÇΓöÇΓöÇΓöÇΓöÇΓöÇΓöÇΓöÇΓöÇΓöÇΓöÇΓöÇΓöÇΓöÇΓöÇΓöÇΓöÇΓöÇΓöÇΓöÇΓöÇΓöÇΓöÇΓöÇΓöÇΓöÇΓöÇΓöÇΓöÇΓöÇΓöÇΓöÇΓöÇΓöÇΓöÇΓöÇΓöÇΓöÇΓöÇΓöÇΓöÇΓöÇΓöÇΓöÇΓöÇΓöÇΓöÇΓöÇΓöÇΓöÇΓöÇΓöÇΓöÇΓöÇΓöÇΓöÇΓöÇΓöÇΓöÇΓöÇΓöÇΓöÇΓöÇΓöÇΓöÇΓöÇΓöÇΓöÇΓöÇΓöÇΓöÇΓöÇΓöÇΓöÇΓöÇΓöÇΓöÇΓöÇ

    attachment #2: video (video/webm) ΓöÇΓöÇΓöÇΓöÇΓöÇΓöÇΓöÇΓöÇΓöÇΓöÇΓöÇΓöÇΓöÇΓöÇΓöÇΓöÇΓöÇΓöÇΓöÇΓöÇΓöÇΓöÇΓöÇΓöÇΓöÇΓöÇΓöÇΓöÇΓöÇΓöÇΓöÇΓöÇΓöÇΓöÇΓöÇΓöÇΓöÇΓöÇΓöÇΓöÇΓöÇΓöÇΓöÇΓöÇΓöÇΓöÇΓöÇΓöÇΓöÇΓöÇΓöÇΓöÇΓöÇΓöÇΓöÇΓöÇΓöÇΓöÇΓöÇΓöÇΓöÇΓöÇ
    test-results\e2e-api-API---Services-End-d00ef-ces---Lß║Ñy-danh-s├ích-dß╗ïch-vß╗Ñ-chromium\video.webm
    ΓöÇΓöÇΓöÇΓöÇΓöÇΓöÇΓöÇΓöÇΓöÇΓöÇΓöÇΓöÇΓöÇΓöÇΓöÇΓöÇΓöÇΓöÇΓöÇΓöÇΓöÇΓöÇΓöÇΓöÇΓöÇΓöÇΓöÇΓöÇΓöÇΓöÇΓöÇΓöÇΓöÇΓöÇΓöÇΓöÇΓöÇΓöÇΓöÇΓöÇΓöÇΓöÇΓöÇΓöÇΓöÇΓöÇΓöÇΓöÇΓöÇΓöÇΓöÇΓöÇΓöÇΓöÇΓöÇΓöÇΓöÇΓöÇΓöÇΓöÇΓöÇΓöÇΓöÇΓöÇΓöÇΓöÇΓöÇΓöÇΓöÇΓöÇΓöÇΓöÇΓöÇΓöÇΓöÇΓöÇΓöÇΓöÇΓöÇΓöÇΓöÇΓöÇΓöÇΓöÇΓöÇΓöÇΓöÇΓöÇΓöÇΓöÇΓöÇΓöÇΓöÇΓöÇΓöÇΓöÇ

    Error Context: test-results\e2e-api-API---Services-End-d00ef-ces---Lß║Ñy-danh-s├ích-dß╗ïch-vß╗Ñ-chromium\error-context.md


[1A[2K  13) [chromium] ΓÇ║ tests\e2e\api.spec.ts:124:7 ΓÇ║ API - Services Endpoints ΓÇ║ TC_API_SVC_02: POST /api/services - Tß║ío dß╗ïch vß╗Ñ mß╗¢i 

    TypeError: (0 , _auth.loginAsOwner) is not a function

      123 |
      124 |   test('TC_API_SVC_02: POST /api/services - Tß║ío dß╗ïch vß╗Ñ mß╗¢i', async ({ request, page }) => {
    > 125 |     await loginAsOwner(page);
          |                       ^
      126 |     const cookies = await page.context().cookies();
      127 |     const authCookie = cookies.find(c => c.name.includes('auth'));
      128 |     
        at E:\Project\repo\apartment-management-web\tests\e2e\api.spec.ts:125:23

    attachment #1: screenshot (image/png) ΓöÇΓöÇΓöÇΓöÇΓöÇΓöÇΓöÇΓöÇΓöÇΓöÇΓöÇΓöÇΓöÇΓöÇΓöÇΓöÇΓöÇΓöÇΓöÇΓöÇΓöÇΓöÇΓöÇΓöÇΓöÇΓöÇΓöÇΓöÇΓöÇΓöÇΓöÇΓöÇΓöÇΓöÇΓöÇΓöÇΓöÇΓöÇΓöÇΓöÇΓöÇΓöÇΓöÇΓöÇΓöÇΓöÇΓöÇΓöÇΓöÇΓöÇΓöÇΓöÇΓöÇΓöÇΓöÇΓöÇΓöÇΓöÇ
    test-results\e2e-api-API---Services-End-aed09--services---Tß║ío-dß╗ïch-vß╗Ñ-mß╗¢i-chromium\test-failed-1.png
    ΓöÇΓöÇΓöÇΓöÇΓöÇΓöÇΓöÇΓöÇΓöÇΓöÇΓöÇΓöÇΓöÇΓöÇΓöÇΓöÇΓöÇΓöÇΓöÇΓöÇΓöÇΓöÇΓöÇΓöÇΓöÇΓöÇΓöÇΓöÇΓöÇΓöÇΓöÇΓöÇΓöÇΓöÇΓöÇΓöÇΓöÇΓöÇΓöÇΓöÇΓöÇΓöÇΓöÇΓöÇΓöÇΓöÇΓöÇΓöÇΓöÇΓöÇΓöÇΓöÇΓöÇΓöÇΓöÇΓöÇΓöÇΓöÇΓöÇΓöÇΓöÇΓöÇΓöÇΓöÇΓöÇΓöÇΓöÇΓöÇΓöÇΓöÇΓöÇΓöÇΓöÇΓöÇΓöÇΓöÇΓöÇΓöÇΓöÇΓöÇΓöÇΓöÇΓöÇΓöÇΓöÇΓöÇΓöÇΓöÇΓöÇΓöÇΓöÇΓöÇΓöÇΓöÇΓöÇΓöÇ

    attachment #2: video (video/webm) ΓöÇΓöÇΓöÇΓöÇΓöÇΓöÇΓöÇΓöÇΓöÇΓöÇΓöÇΓöÇΓöÇΓöÇΓöÇΓöÇΓöÇΓöÇΓöÇΓöÇΓöÇΓöÇΓöÇΓöÇΓöÇΓöÇΓöÇΓöÇΓöÇΓöÇΓöÇΓöÇΓöÇΓöÇΓöÇΓöÇΓöÇΓöÇΓöÇΓöÇΓöÇΓöÇΓöÇΓöÇΓöÇΓöÇΓöÇΓöÇΓöÇΓöÇΓöÇΓöÇΓöÇΓöÇΓöÇΓöÇΓöÇΓöÇΓöÇΓöÇΓöÇΓöÇ
    test-results\e2e-api-API---Services-End-aed09--services---Tß║ío-dß╗ïch-vß╗Ñ-mß╗¢i-chromium\video.webm
    ΓöÇΓöÇΓöÇΓöÇΓöÇΓöÇΓöÇΓöÇΓöÇΓöÇΓöÇΓöÇΓöÇΓöÇΓöÇΓöÇΓöÇΓöÇΓöÇΓöÇΓöÇΓöÇΓöÇΓöÇΓöÇΓöÇΓöÇΓöÇΓöÇΓöÇΓöÇΓöÇΓöÇΓöÇΓöÇΓöÇΓöÇΓöÇΓöÇΓöÇΓöÇΓöÇΓöÇΓöÇΓöÇΓöÇΓöÇΓöÇΓöÇΓöÇΓöÇΓöÇΓöÇΓöÇΓöÇΓöÇΓöÇΓöÇΓöÇΓöÇΓöÇΓöÇΓöÇΓöÇΓöÇΓöÇΓöÇΓöÇΓöÇΓöÇΓöÇΓöÇΓöÇΓöÇΓöÇΓöÇΓöÇΓöÇΓöÇΓöÇΓöÇΓöÇΓöÇΓöÇΓöÇΓöÇΓöÇΓöÇΓöÇΓöÇΓöÇΓöÇΓöÇΓöÇΓöÇΓöÇ

    Error Context: test-results\e2e-api-API---Services-End-aed09--services---Tß║ío-dß╗ïch-vß╗Ñ-mß╗¢i-chromium\error-context.md


[1A[2K[27/242] [chromium] ΓÇ║ tests\e2e\api.spec.ts:164:7 ΓÇ║ API - Services Endpoints ΓÇ║ TC_API_SVC_04: DELETE /api/services/[id] - X├│a dß╗ïch vß╗Ñ
[1A[2K[28/242] [chromium] ΓÇ║ tests\e2e\api.spec.ts:142:7 ΓÇ║ API - Services Endpoints ΓÇ║ TC_API_SVC_03: PUT /api/services/[id] - Cß║¡p nhß║¡t dß╗ïch vß╗Ñ
[1A[2K  14) [chromium] ΓÇ║ tests\e2e\api.spec.ts:142:7 ΓÇ║ API - Services Endpoints ΓÇ║ TC_API_SVC_03: PUT /api/services/[id] - Cß║¡p nhß║¡t dß╗ïch vß╗Ñ 

    TypeError: (0 , _auth.loginAsOwner) is not a function

      141 |
      142 |   test('TC_API_SVC_03: PUT /api/services/[id] - Cß║¡p nhß║¡t dß╗ïch vß╗Ñ', async ({ request, page }) => {
    > 143 |     await loginAsOwner(page);
          |                       ^
      144 |     const cookies = await page.context().cookies();
      145 |     const authCookie = cookies.find(c => c.name.includes('auth'));
      146 |     
        at E:\Project\repo\apartment-management-web\tests\e2e\api.spec.ts:143:23

    attachment #1: screenshot (image/png) ΓöÇΓöÇΓöÇΓöÇΓöÇΓöÇΓöÇΓöÇΓöÇΓöÇΓöÇΓöÇΓöÇΓöÇΓöÇΓöÇΓöÇΓöÇΓöÇΓöÇΓöÇΓöÇΓöÇΓöÇΓöÇΓöÇΓöÇΓöÇΓöÇΓöÇΓöÇΓöÇΓöÇΓöÇΓöÇΓöÇΓöÇΓöÇΓöÇΓöÇΓöÇΓöÇΓöÇΓöÇΓöÇΓöÇΓöÇΓöÇΓöÇΓöÇΓöÇΓöÇΓöÇΓöÇΓöÇΓöÇΓöÇΓöÇ
    test-results\e2e-api-API---Services-End-ca08d-vices-id---Cß║¡p-nhß║¡t-dß╗ïch-vß╗Ñ-chromium\test-failed-1.png
    ΓöÇΓöÇΓöÇΓöÇΓöÇΓöÇΓöÇΓöÇΓöÇΓöÇΓöÇΓöÇΓöÇΓöÇΓöÇΓöÇΓöÇΓöÇΓöÇΓöÇΓöÇΓöÇΓöÇΓöÇΓöÇΓöÇΓöÇΓöÇΓöÇΓöÇΓöÇΓöÇΓöÇΓöÇΓöÇΓöÇΓöÇΓöÇΓöÇΓöÇΓöÇΓöÇΓöÇΓöÇΓöÇΓöÇΓöÇΓöÇΓöÇΓöÇΓöÇΓöÇΓöÇΓöÇΓöÇΓöÇΓöÇΓöÇΓöÇΓöÇΓöÇΓöÇΓöÇΓöÇΓöÇΓöÇΓöÇΓöÇΓöÇΓöÇΓöÇΓöÇΓöÇΓöÇΓöÇΓöÇΓöÇΓöÇΓöÇΓöÇΓöÇΓöÇΓöÇΓöÇΓöÇΓöÇΓöÇΓöÇΓöÇΓöÇΓöÇΓöÇΓöÇΓöÇΓöÇΓöÇ

    attachment #2: video (video/webm) ΓöÇΓöÇΓöÇΓöÇΓöÇΓöÇΓöÇΓöÇΓöÇΓöÇΓöÇΓöÇΓöÇΓöÇΓöÇΓöÇΓöÇΓöÇΓöÇΓöÇΓöÇΓöÇΓöÇΓöÇΓöÇΓöÇΓöÇΓöÇΓöÇΓöÇΓöÇΓöÇΓöÇΓöÇΓöÇΓöÇΓöÇΓöÇΓöÇΓöÇΓöÇΓöÇΓöÇΓöÇΓöÇΓöÇΓöÇΓöÇΓöÇΓöÇΓöÇΓöÇΓöÇΓöÇΓöÇΓöÇΓöÇΓöÇΓöÇΓöÇΓöÇΓöÇ
    test-results\e2e-api-API---Services-End-ca08d-vices-id---Cß║¡p-nhß║¡t-dß╗ïch-vß╗Ñ-chromium\video.webm
    ΓöÇΓöÇΓöÇΓöÇΓöÇΓöÇΓöÇΓöÇΓöÇΓöÇΓöÇΓöÇΓöÇΓöÇΓöÇΓöÇΓöÇΓöÇΓöÇΓöÇΓöÇΓöÇΓöÇΓöÇΓöÇΓöÇΓöÇΓöÇΓöÇΓöÇΓöÇΓöÇΓöÇΓöÇΓöÇΓöÇΓöÇΓöÇΓöÇΓöÇΓöÇΓöÇΓöÇΓöÇΓöÇΓöÇΓöÇΓöÇΓöÇΓöÇΓöÇΓöÇΓöÇΓöÇΓöÇΓöÇΓöÇΓöÇΓöÇΓöÇΓöÇΓöÇΓöÇΓöÇΓöÇΓöÇΓöÇΓöÇΓöÇΓöÇΓöÇΓöÇΓöÇΓöÇΓöÇΓöÇΓöÇΓöÇΓöÇΓöÇΓöÇΓöÇΓöÇΓöÇΓöÇΓöÇΓöÇΓöÇΓöÇΓöÇΓöÇΓöÇΓöÇΓöÇΓöÇΓöÇ

    Error Context: test-results\e2e-api-API---Services-End-ca08d-vices-id---Cß║¡p-nhß║¡t-dß╗ïch-vß╗Ñ-chromium\error-context.md


[1A[2K  15) [chromium] ΓÇ║ tests\e2e\api.spec.ts:164:7 ΓÇ║ API - Services Endpoints ΓÇ║ TC_API_SVC_04: DELETE /api/services/[id] - X├│a dß╗ïch vß╗Ñ 

    TypeError: (0 , _auth.loginAsOwner) is not a function

      163 |
      164 |   test('TC_API_SVC_04: DELETE /api/services/[id] - X├│a dß╗ïch vß╗Ñ', async ({ request, page }) => {
    > 165 |     await loginAsOwner(page);
          |                       ^
      166 |     const cookies = await page.context().cookies();
      167 |     const authCookie = cookies.find(c => c.name.includes('auth'));
      168 |     
        at E:\Project\repo\apartment-management-web\tests\e2e\api.spec.ts:165:23

    attachment #1: screenshot (image/png) ΓöÇΓöÇΓöÇΓöÇΓöÇΓöÇΓöÇΓöÇΓöÇΓöÇΓöÇΓöÇΓöÇΓöÇΓöÇΓöÇΓöÇΓöÇΓöÇΓöÇΓöÇΓöÇΓöÇΓöÇΓöÇΓöÇΓöÇΓöÇΓöÇΓöÇΓöÇΓöÇΓöÇΓöÇΓöÇΓöÇΓöÇΓöÇΓöÇΓöÇΓöÇΓöÇΓöÇΓöÇΓöÇΓöÇΓöÇΓöÇΓöÇΓöÇΓöÇΓöÇΓöÇΓöÇΓöÇΓöÇΓöÇΓöÇ
    test-results\e2e-api-API---Services-End-54094-i-services-id---X├│a-dß╗ïch-vß╗Ñ-chromium\test-failed-1.png
    ΓöÇΓöÇΓöÇΓöÇΓöÇΓöÇΓöÇΓöÇΓöÇΓöÇΓöÇΓöÇΓöÇΓöÇΓöÇΓöÇΓöÇΓöÇΓöÇΓöÇΓöÇΓöÇΓöÇΓöÇΓöÇΓöÇΓöÇΓöÇΓöÇΓöÇΓöÇΓöÇΓöÇΓöÇΓöÇΓöÇΓöÇΓöÇΓöÇΓöÇΓöÇΓöÇΓöÇΓöÇΓöÇΓöÇΓöÇΓöÇΓöÇΓöÇΓöÇΓöÇΓöÇΓöÇΓöÇΓöÇΓöÇΓöÇΓöÇΓöÇΓöÇΓöÇΓöÇΓöÇΓöÇΓöÇΓöÇΓöÇΓöÇΓöÇΓöÇΓöÇΓöÇΓöÇΓöÇΓöÇΓöÇΓöÇΓöÇΓöÇΓöÇΓöÇΓöÇΓöÇΓöÇΓöÇΓöÇΓöÇΓöÇΓöÇΓöÇΓöÇΓöÇΓöÇΓöÇΓöÇ

    attachment #2: video (video/webm) ΓöÇΓöÇΓöÇΓöÇΓöÇΓöÇΓöÇΓöÇΓöÇΓöÇΓöÇΓöÇΓöÇΓöÇΓöÇΓöÇΓöÇΓöÇΓöÇΓöÇΓöÇΓöÇΓöÇΓöÇΓöÇΓöÇΓöÇΓöÇΓöÇΓöÇΓöÇΓöÇΓöÇΓöÇΓöÇΓöÇΓöÇΓöÇΓöÇΓöÇΓöÇΓöÇΓöÇΓöÇΓöÇΓöÇΓöÇΓöÇΓöÇΓöÇΓöÇΓöÇΓöÇΓöÇΓöÇΓöÇΓöÇΓöÇΓöÇΓöÇΓöÇΓöÇ
    test-results\e2e-api-API---Services-End-54094-i-services-id---X├│a-dß╗ïch-vß╗Ñ-chromium\video.webm
    ΓöÇΓöÇΓöÇΓöÇΓöÇΓöÇΓöÇΓöÇΓöÇΓöÇΓöÇΓöÇΓöÇΓöÇΓöÇΓöÇΓöÇΓöÇΓöÇΓöÇΓöÇΓöÇΓöÇΓöÇΓöÇΓöÇΓöÇΓöÇΓöÇΓöÇΓöÇΓöÇΓöÇΓöÇΓöÇΓöÇΓöÇΓöÇΓöÇΓöÇΓöÇΓöÇΓöÇΓöÇΓöÇΓöÇΓöÇΓöÇΓöÇΓöÇΓöÇΓöÇΓöÇΓöÇΓöÇΓöÇΓöÇΓöÇΓöÇΓöÇΓöÇΓöÇΓöÇΓöÇΓöÇΓöÇΓöÇΓöÇΓöÇΓöÇΓöÇΓöÇΓöÇΓöÇΓöÇΓöÇΓöÇΓöÇΓöÇΓöÇΓöÇΓöÇΓöÇΓöÇΓöÇΓöÇΓöÇΓöÇΓöÇΓöÇΓöÇΓöÇΓöÇΓöÇΓöÇΓöÇ

    Error Context: test-results\e2e-api-API---Services-End-54094-i-services-id---X├│a-dß╗ïch-vß╗Ñ-chromium\error-context.md


[1A[2K[29/242] [chromium] ΓÇ║ tests\e2e\api.spec.ts:192:7 ΓÇ║ API - Contracts Endpoints ΓÇ║ TC_API_CON_02: POST /api/contracts - Tß║ío hß╗úp ─æß╗ông mß╗¢i
[1A[2K[30/242] [chromium] ΓÇ║ tests\e2e\api.spec.ts:179:7 ΓÇ║ API - Contracts Endpoints ΓÇ║ TC_API_CON_01: GET /api/contracts - Lß║Ñy danh s├ích hß╗úp ─æß╗ông
[1A[2K  16) [chromium] ΓÇ║ tests\e2e\api.spec.ts:179:7 ΓÇ║ API - Contracts Endpoints ΓÇ║ TC_API_CON_01: GET /api/contracts - Lß║Ñy danh s├ích hß╗úp ─æß╗ông 

    TypeError: (0 , _auth.loginAsOwner) is not a function

      178 | test.describe('API - Contracts Endpoints', () => {
      179 |   test('TC_API_CON_01: GET /api/contracts - Lß║Ñy danh s├ích hß╗úp ─æß╗ông', async ({ request, page }) => {
    > 180 |     await loginAsOwner(page);
          |                       ^
      181 |     const cookies = await page.context().cookies();
      182 |     const authCookie = cookies.find(c => c.name.includes('auth'));
      183 |     
        at E:\Project\repo\apartment-management-web\tests\e2e\api.spec.ts:180:23

    attachment #1: screenshot (image/png) ΓöÇΓöÇΓöÇΓöÇΓöÇΓöÇΓöÇΓöÇΓöÇΓöÇΓöÇΓöÇΓöÇΓöÇΓöÇΓöÇΓöÇΓöÇΓöÇΓöÇΓöÇΓöÇΓöÇΓöÇΓöÇΓöÇΓöÇΓöÇΓöÇΓöÇΓöÇΓöÇΓöÇΓöÇΓöÇΓöÇΓöÇΓöÇΓöÇΓöÇΓöÇΓöÇΓöÇΓöÇΓöÇΓöÇΓöÇΓöÇΓöÇΓöÇΓöÇΓöÇΓöÇΓöÇΓöÇΓöÇΓöÇΓöÇ
    test-results\e2e-api-API---Contracts-En-e3efa-ts---Lß║Ñy-danh-s├ích-hß╗úp-─æß╗ông-chromium\test-failed-1.png
    ΓöÇΓöÇΓöÇΓöÇΓöÇΓöÇΓöÇΓöÇΓöÇΓöÇΓöÇΓöÇΓöÇΓöÇΓöÇΓöÇΓöÇΓöÇΓöÇΓöÇΓöÇΓöÇΓöÇΓöÇΓöÇΓöÇΓöÇΓöÇΓöÇΓöÇΓöÇΓöÇΓöÇΓöÇΓöÇΓöÇΓöÇΓöÇΓöÇΓöÇΓöÇΓöÇΓöÇΓöÇΓöÇΓöÇΓöÇΓöÇΓöÇΓöÇΓöÇΓöÇΓöÇΓöÇΓöÇΓöÇΓöÇΓöÇΓöÇΓöÇΓöÇΓöÇΓöÇΓöÇΓöÇΓöÇΓöÇΓöÇΓöÇΓöÇΓöÇΓöÇΓöÇΓöÇΓöÇΓöÇΓöÇΓöÇΓöÇΓöÇΓöÇΓöÇΓöÇΓöÇΓöÇΓöÇΓöÇΓöÇΓöÇΓöÇΓöÇΓöÇΓöÇΓöÇΓöÇΓöÇ

    attachment #2: video (video/webm) ΓöÇΓöÇΓöÇΓöÇΓöÇΓöÇΓöÇΓöÇΓöÇΓöÇΓöÇΓöÇΓöÇΓöÇΓöÇΓöÇΓöÇΓöÇΓöÇΓöÇΓöÇΓöÇΓöÇΓöÇΓöÇΓöÇΓöÇΓöÇΓöÇΓöÇΓöÇΓöÇΓöÇΓöÇΓöÇΓöÇΓöÇΓöÇΓöÇΓöÇΓöÇΓöÇΓöÇΓöÇΓöÇΓöÇΓöÇΓöÇΓöÇΓöÇΓöÇΓöÇΓöÇΓöÇΓöÇΓöÇΓöÇΓöÇΓöÇΓöÇΓöÇΓöÇ
    test-results\e2e-api-API---Contracts-En-e3efa-ts---Lß║Ñy-danh-s├ích-hß╗úp-─æß╗ông-chromium\video.webm
    ΓöÇΓöÇΓöÇΓöÇΓöÇΓöÇΓöÇΓöÇΓöÇΓöÇΓöÇΓöÇΓöÇΓöÇΓöÇΓöÇΓöÇΓöÇΓöÇΓöÇΓöÇΓöÇΓöÇΓöÇΓöÇΓöÇΓöÇΓöÇΓöÇΓöÇΓöÇΓöÇΓöÇΓöÇΓöÇΓöÇΓöÇΓöÇΓöÇΓöÇΓöÇΓöÇΓöÇΓöÇΓöÇΓöÇΓöÇΓöÇΓöÇΓöÇΓöÇΓöÇΓöÇΓöÇΓöÇΓöÇΓöÇΓöÇΓöÇΓöÇΓöÇΓöÇΓöÇΓöÇΓöÇΓöÇΓöÇΓöÇΓöÇΓöÇΓöÇΓöÇΓöÇΓöÇΓöÇΓöÇΓöÇΓöÇΓöÇΓöÇΓöÇΓöÇΓöÇΓöÇΓöÇΓöÇΓöÇΓöÇΓöÇΓöÇΓöÇΓöÇΓöÇΓöÇΓöÇΓöÇ

    Error Context: test-results\e2e-api-API---Contracts-En-e3efa-ts---Lß║Ñy-danh-s├ích-hß╗úp-─æß╗ông-chromium\error-context.md


[1A[2K  17) [chromium] ΓÇ║ tests\e2e\api.spec.ts:192:7 ΓÇ║ API - Contracts Endpoints ΓÇ║ TC_API_CON_02: POST /api/contracts - Tß║ío hß╗úp ─æß╗ông mß╗¢i 

    TypeError: (0 , _auth.loginAsOwner) is not a function

      191 |
      192 |   test('TC_API_CON_02: POST /api/contracts - Tß║ío hß╗úp ─æß╗ông mß╗¢i', async ({ request, page }) => {
    > 193 |     await loginAsOwner(page);
          |                       ^
      194 |     const cookies = await page.context().cookies();
      195 |     const authCookie = cookies.find(c => c.name.includes('auth'));
      196 |     
        at E:\Project\repo\apartment-management-web\tests\e2e\api.spec.ts:193:23

    attachment #1: screenshot (image/png) ΓöÇΓöÇΓöÇΓöÇΓöÇΓöÇΓöÇΓöÇΓöÇΓöÇΓöÇΓöÇΓöÇΓöÇΓöÇΓöÇΓöÇΓöÇΓöÇΓöÇΓöÇΓöÇΓöÇΓöÇΓöÇΓöÇΓöÇΓöÇΓöÇΓöÇΓöÇΓöÇΓöÇΓöÇΓöÇΓöÇΓöÇΓöÇΓöÇΓöÇΓöÇΓöÇΓöÇΓöÇΓöÇΓöÇΓöÇΓöÇΓöÇΓöÇΓöÇΓöÇΓöÇΓöÇΓöÇΓöÇΓöÇΓöÇ
    test-results\e2e-api-API---Contracts-En-d5cd8-ontracts---Tß║ío-hß╗úp-─æß╗ông-mß╗¢i-chromium\test-failed-1.png
    ΓöÇΓöÇΓöÇΓöÇΓöÇΓöÇΓöÇΓöÇΓöÇΓöÇΓöÇΓöÇΓöÇΓöÇΓöÇΓöÇΓöÇΓöÇΓöÇΓöÇΓöÇΓöÇΓöÇΓöÇΓöÇΓöÇΓöÇΓöÇΓöÇΓöÇΓöÇΓöÇΓöÇΓöÇΓöÇΓöÇΓöÇΓöÇΓöÇΓöÇΓöÇΓöÇΓöÇΓöÇΓöÇΓöÇΓöÇΓöÇΓöÇΓöÇΓöÇΓöÇΓöÇΓöÇΓöÇΓöÇΓöÇΓöÇΓöÇΓöÇΓöÇΓöÇΓöÇΓöÇΓöÇΓöÇΓöÇΓöÇΓöÇΓöÇΓöÇΓöÇΓöÇΓöÇΓöÇΓöÇΓöÇΓöÇΓöÇΓöÇΓöÇΓöÇΓöÇΓöÇΓöÇΓöÇΓöÇΓöÇΓöÇΓöÇΓöÇΓöÇΓöÇΓöÇΓöÇΓöÇ

    attachment #2: video (video/webm) ΓöÇΓöÇΓöÇΓöÇΓöÇΓöÇΓöÇΓöÇΓöÇΓöÇΓöÇΓöÇΓöÇΓöÇΓöÇΓöÇΓöÇΓöÇΓöÇΓöÇΓöÇΓöÇΓöÇΓöÇΓöÇΓöÇΓöÇΓöÇΓöÇΓöÇΓöÇΓöÇΓöÇΓöÇΓöÇΓöÇΓöÇΓöÇΓöÇΓöÇΓöÇΓöÇΓöÇΓöÇΓöÇΓöÇΓöÇΓöÇΓöÇΓöÇΓöÇΓöÇΓöÇΓöÇΓöÇΓöÇΓöÇΓöÇΓöÇΓöÇΓöÇΓöÇ
    test-results\e2e-api-API---Contracts-En-d5cd8-ontracts---Tß║ío-hß╗úp-─æß╗ông-mß╗¢i-chromium\video.webm
    ΓöÇΓöÇΓöÇΓöÇΓöÇΓöÇΓöÇΓöÇΓöÇΓöÇΓöÇΓöÇΓöÇΓöÇΓöÇΓöÇΓöÇΓöÇΓöÇΓöÇΓöÇΓöÇΓöÇΓöÇΓöÇΓöÇΓöÇΓöÇΓöÇΓöÇΓöÇΓöÇΓöÇΓöÇΓöÇΓöÇΓöÇΓöÇΓöÇΓöÇΓöÇΓöÇΓöÇΓöÇΓöÇΓöÇΓöÇΓöÇΓöÇΓöÇΓöÇΓöÇΓöÇΓöÇΓöÇΓöÇΓöÇΓöÇΓöÇΓöÇΓöÇΓöÇΓöÇΓöÇΓöÇΓöÇΓöÇΓöÇΓöÇΓöÇΓöÇΓöÇΓöÇΓöÇΓöÇΓöÇΓöÇΓöÇΓöÇΓöÇΓöÇΓöÇΓöÇΓöÇΓöÇΓöÇΓöÇΓöÇΓöÇΓöÇΓöÇΓöÇΓöÇΓöÇΓöÇΓöÇ

    Error Context: test-results\e2e-api-API---Contracts-En-d5cd8-ontracts---Tß║ío-hß╗úp-─æß╗ông-mß╗¢i-chromium\error-context.md


[1A[2K[31/242] [chromium] ΓÇ║ tests\e2e\api.spec.ts:212:7 ΓÇ║ API - Contracts Endpoints ΓÇ║ TC_API_CON_03: GET /api/contracts/[id] - Lß║Ñy chi tiß║┐t hß╗úp ─æß╗ông
[1A[2K[32/242] [chromium] ΓÇ║ tests\e2e\api.spec.ts:225:7 ΓÇ║ API - Contracts Endpoints ΓÇ║ TC_API_CON_04: PUT /api/contracts/[id] - Cß║¡p nhß║¡t hß╗úp ─æß╗ông
[1A[2K  18) [chromium] ΓÇ║ tests\e2e\api.spec.ts:225:7 ΓÇ║ API - Contracts Endpoints ΓÇ║ TC_API_CON_04: PUT /api/contracts/[id] - Cß║¡p nhß║¡t hß╗úp ─æß╗ông 

    TypeError: (0 , _auth.loginAsOwner) is not a function

      224 |
      225 |   test('TC_API_CON_04: PUT /api/contracts/[id] - Cß║¡p nhß║¡t hß╗úp ─æß╗ông', async ({ request, page }) => {
    > 226 |     await loginAsOwner(page);
          |                       ^
      227 |     const cookies = await page.context().cookies();
      228 |     const authCookie = cookies.find(c => c.name.includes('auth'));
      229 |     
        at E:\Project\repo\apartment-management-web\tests\e2e\api.spec.ts:226:23

    attachment #1: screenshot (image/png) ΓöÇΓöÇΓöÇΓöÇΓöÇΓöÇΓöÇΓöÇΓöÇΓöÇΓöÇΓöÇΓöÇΓöÇΓöÇΓöÇΓöÇΓöÇΓöÇΓöÇΓöÇΓöÇΓöÇΓöÇΓöÇΓöÇΓöÇΓöÇΓöÇΓöÇΓöÇΓöÇΓöÇΓöÇΓöÇΓöÇΓöÇΓöÇΓöÇΓöÇΓöÇΓöÇΓöÇΓöÇΓöÇΓöÇΓöÇΓöÇΓöÇΓöÇΓöÇΓöÇΓöÇΓöÇΓöÇΓöÇΓöÇΓöÇ
    test-results\e2e-api-API---Contracts-En-e50e2-acts-id---Cß║¡p-nhß║¡t-hß╗úp-─æß╗ông-chromium\test-failed-1.png
    ΓöÇΓöÇΓöÇΓöÇΓöÇΓöÇΓöÇΓöÇΓöÇΓöÇΓöÇΓöÇΓöÇΓöÇΓöÇΓöÇΓöÇΓöÇΓöÇΓöÇΓöÇΓöÇΓöÇΓöÇΓöÇΓöÇΓöÇΓöÇΓöÇΓöÇΓöÇΓöÇΓöÇΓöÇΓöÇΓöÇΓöÇΓöÇΓöÇΓöÇΓöÇΓöÇΓöÇΓöÇΓöÇΓöÇΓöÇΓöÇΓöÇΓöÇΓöÇΓöÇΓöÇΓöÇΓöÇΓöÇΓöÇΓöÇΓöÇΓöÇΓöÇΓöÇΓöÇΓöÇΓöÇΓöÇΓöÇΓöÇΓöÇΓöÇΓöÇΓöÇΓöÇΓöÇΓöÇΓöÇΓöÇΓöÇΓöÇΓöÇΓöÇΓöÇΓöÇΓöÇΓöÇΓöÇΓöÇΓöÇΓöÇΓöÇΓöÇΓöÇΓöÇΓöÇΓöÇΓöÇ

    attachment #2: video (video/webm) ΓöÇΓöÇΓöÇΓöÇΓöÇΓöÇΓöÇΓöÇΓöÇΓöÇΓöÇΓöÇΓöÇΓöÇΓöÇΓöÇΓöÇΓöÇΓöÇΓöÇΓöÇΓöÇΓöÇΓöÇΓöÇΓöÇΓöÇΓöÇΓöÇΓöÇΓöÇΓöÇΓöÇΓöÇΓöÇΓöÇΓöÇΓöÇΓöÇΓöÇΓöÇΓöÇΓöÇΓöÇΓöÇΓöÇΓöÇΓöÇΓöÇΓöÇΓöÇΓöÇΓöÇΓöÇΓöÇΓöÇΓöÇΓöÇΓöÇΓöÇΓöÇΓöÇ
    test-results\e2e-api-API---Contracts-En-e50e2-acts-id---Cß║¡p-nhß║¡t-hß╗úp-─æß╗ông-chromium\video.webm
    ΓöÇΓöÇΓöÇΓöÇΓöÇΓöÇΓöÇΓöÇΓöÇΓöÇΓöÇΓöÇΓöÇΓöÇΓöÇΓöÇΓöÇΓöÇΓöÇΓöÇΓöÇΓöÇΓöÇΓöÇΓöÇΓöÇΓöÇΓöÇΓöÇΓöÇΓöÇΓöÇΓöÇΓöÇΓöÇΓöÇΓöÇΓöÇΓöÇΓöÇΓöÇΓöÇΓöÇΓöÇΓöÇΓöÇΓöÇΓöÇΓöÇΓöÇΓöÇΓöÇΓöÇΓöÇΓöÇΓöÇΓöÇΓöÇΓöÇΓöÇΓöÇΓöÇΓöÇΓöÇΓöÇΓöÇΓöÇΓöÇΓöÇΓöÇΓöÇΓöÇΓöÇΓöÇΓöÇΓöÇΓöÇΓöÇΓöÇΓöÇΓöÇΓöÇΓöÇΓöÇΓöÇΓöÇΓöÇΓöÇΓöÇΓöÇΓöÇΓöÇΓöÇΓöÇΓöÇΓöÇ

    Error Context: test-results\e2e-api-API---Contracts-En-e50e2-acts-id---Cß║¡p-nhß║¡t-hß╗úp-─æß╗ông-chromium\error-context.md


[1A[2K  19) [chromium] ΓÇ║ tests\e2e\api.spec.ts:212:7 ΓÇ║ API - Contracts Endpoints ΓÇ║ TC_API_CON_03: GET /api/contracts/[id] - Lß║Ñy chi tiß║┐t hß╗úp ─æß╗ông 

    TypeError: (0 , _auth.loginAsOwner) is not a function

      211 |
      212 |   test('TC_API_CON_03: GET /api/contracts/[id] - Lß║Ñy chi tiß║┐t hß╗úp ─æß╗ông', async ({ request, page }) => {
    > 213 |     await loginAsOwner(page);
          |                       ^
      214 |     const cookies = await page.context().cookies();
      215 |     const authCookie = cookies.find(c => c.name.includes('auth'));
      216 |     
        at E:\Project\repo\apartment-management-web\tests\e2e\api.spec.ts:213:23

    attachment #1: screenshot (image/png) ΓöÇΓöÇΓöÇΓöÇΓöÇΓöÇΓöÇΓöÇΓöÇΓöÇΓöÇΓöÇΓöÇΓöÇΓöÇΓöÇΓöÇΓöÇΓöÇΓöÇΓöÇΓöÇΓöÇΓöÇΓöÇΓöÇΓöÇΓöÇΓöÇΓöÇΓöÇΓöÇΓöÇΓöÇΓöÇΓöÇΓöÇΓöÇΓöÇΓöÇΓöÇΓöÇΓöÇΓöÇΓöÇΓöÇΓöÇΓöÇΓöÇΓöÇΓöÇΓöÇΓöÇΓöÇΓöÇΓöÇΓöÇΓöÇ
    test-results\e2e-api-API---Contracts-En-4e08d--id---Lß║Ñy-chi-tiß║┐t-hß╗úp-─æß╗ông-chromium\test-failed-1.png
    ΓöÇΓöÇΓöÇΓöÇΓöÇΓöÇΓöÇΓöÇΓöÇΓöÇΓöÇΓöÇΓöÇΓöÇΓöÇΓöÇΓöÇΓöÇΓöÇΓöÇΓöÇΓöÇΓöÇΓöÇΓöÇΓöÇΓöÇΓöÇΓöÇΓöÇΓöÇΓöÇΓöÇΓöÇΓöÇΓöÇΓöÇΓöÇΓöÇΓöÇΓöÇΓöÇΓöÇΓöÇΓöÇΓöÇΓöÇΓöÇΓöÇΓöÇΓöÇΓöÇΓöÇΓöÇΓöÇΓöÇΓöÇΓöÇΓöÇΓöÇΓöÇΓöÇΓöÇΓöÇΓöÇΓöÇΓöÇΓöÇΓöÇΓöÇΓöÇΓöÇΓöÇΓöÇΓöÇΓöÇΓöÇΓöÇΓöÇΓöÇΓöÇΓöÇΓöÇΓöÇΓöÇΓöÇΓöÇΓöÇΓöÇΓöÇΓöÇΓöÇΓöÇΓöÇΓöÇΓöÇ

    attachment #2: video (video/webm) ΓöÇΓöÇΓöÇΓöÇΓöÇΓöÇΓöÇΓöÇΓöÇΓöÇΓöÇΓöÇΓöÇΓöÇΓöÇΓöÇΓöÇΓöÇΓöÇΓöÇΓöÇΓöÇΓöÇΓöÇΓöÇΓöÇΓöÇΓöÇΓöÇΓöÇΓöÇΓöÇΓöÇΓöÇΓöÇΓöÇΓöÇΓöÇΓöÇΓöÇΓöÇΓöÇΓöÇΓöÇΓöÇΓöÇΓöÇΓöÇΓöÇΓöÇΓöÇΓöÇΓöÇΓöÇΓöÇΓöÇΓöÇΓöÇΓöÇΓöÇΓöÇΓöÇ
    test-results\e2e-api-API---Contracts-En-4e08d--id---Lß║Ñy-chi-tiß║┐t-hß╗úp-─æß╗ông-chromium\video.webm
    ΓöÇΓöÇΓöÇΓöÇΓöÇΓöÇΓöÇΓöÇΓöÇΓöÇΓöÇΓöÇΓöÇΓöÇΓöÇΓöÇΓöÇΓöÇΓöÇΓöÇΓöÇΓöÇΓöÇΓöÇΓöÇΓöÇΓöÇΓöÇΓöÇΓöÇΓöÇΓöÇΓöÇΓöÇΓöÇΓöÇΓöÇΓöÇΓöÇΓöÇΓöÇΓöÇΓöÇΓöÇΓöÇΓöÇΓöÇΓöÇΓöÇΓöÇΓöÇΓöÇΓöÇΓöÇΓöÇΓöÇΓöÇΓöÇΓöÇΓöÇΓöÇΓöÇΓöÇΓöÇΓöÇΓöÇΓöÇΓöÇΓöÇΓöÇΓöÇΓöÇΓöÇΓöÇΓöÇΓöÇΓöÇΓöÇΓöÇΓöÇΓöÇΓöÇΓöÇΓöÇΓöÇΓöÇΓöÇΓöÇΓöÇΓöÇΓöÇΓöÇΓöÇΓöÇΓöÇΓöÇ

    Error Context: test-results\e2e-api-API---Contracts-En-4e08d--id---Lß║Ñy-chi-tiß║┐t-hß╗úp-─æß╗ông-chromium\error-context.md


[1A[2K[33/242] [chromium] ΓÇ║ tests\e2e\api.spec.ts:254:7 ΓÇ║ API - Invoices Endpoints ΓÇ║ TC_API_INV_02: POST /api/invoices - Tß║ío ho├í ─æ╞ín mß╗¢i
[1A[2K[34/242] [chromium] ΓÇ║ tests\e2e\api.spec.ts:241:7 ΓÇ║ API - Invoices Endpoints ΓÇ║ TC_API_INV_01: GET /api/invoices - Lß║Ñy danh s├ích ho├í ─æ╞ín
[1A[2K  20) [chromium] ΓÇ║ tests\e2e\api.spec.ts:254:7 ΓÇ║ API - Invoices Endpoints ΓÇ║ TC_API_INV_02: POST /api/invoices - Tß║ío ho├í ─æ╞ín mß╗¢i 

    TypeError: (0 , _auth.loginAsOwner) is not a function

      253 |
      254 |   test('TC_API_INV_02: POST /api/invoices - Tß║ío ho├í ─æ╞ín mß╗¢i', async ({ request, page }) => {
    > 255 |     await loginAsOwner(page);
          |                       ^
      256 |     const cookies = await page.context().cookies();
      257 |     const authCookie = cookies.find(c => c.name.includes('auth'));
      258 |     
        at E:\Project\repo\apartment-management-web\tests\e2e\api.spec.ts:255:23

    attachment #1: screenshot (image/png) ΓöÇΓöÇΓöÇΓöÇΓöÇΓöÇΓöÇΓöÇΓöÇΓöÇΓöÇΓöÇΓöÇΓöÇΓöÇΓöÇΓöÇΓöÇΓöÇΓöÇΓöÇΓöÇΓöÇΓöÇΓöÇΓöÇΓöÇΓöÇΓöÇΓöÇΓöÇΓöÇΓöÇΓöÇΓöÇΓöÇΓöÇΓöÇΓöÇΓöÇΓöÇΓöÇΓöÇΓöÇΓöÇΓöÇΓöÇΓöÇΓöÇΓöÇΓöÇΓöÇΓöÇΓöÇΓöÇΓöÇΓöÇΓöÇ
    test-results\e2e-api-API---Invoices-End-e1822--invoices---Tß║ío-ho├í-─æ╞ín-mß╗¢i-chromium\test-failed-1.png
    ΓöÇΓöÇΓöÇΓöÇΓöÇΓöÇΓöÇΓöÇΓöÇΓöÇΓöÇΓöÇΓöÇΓöÇΓöÇΓöÇΓöÇΓöÇΓöÇΓöÇΓöÇΓöÇΓöÇΓöÇΓöÇΓöÇΓöÇΓöÇΓöÇΓöÇΓöÇΓöÇΓöÇΓöÇΓöÇΓöÇΓöÇΓöÇΓöÇΓöÇΓöÇΓöÇΓöÇΓöÇΓöÇΓöÇΓöÇΓöÇΓöÇΓöÇΓöÇΓöÇΓöÇΓöÇΓöÇΓöÇΓöÇΓöÇΓöÇΓöÇΓöÇΓöÇΓöÇΓöÇΓöÇΓöÇΓöÇΓöÇΓöÇΓöÇΓöÇΓöÇΓöÇΓöÇΓöÇΓöÇΓöÇΓöÇΓöÇΓöÇΓöÇΓöÇΓöÇΓöÇΓöÇΓöÇΓöÇΓöÇΓöÇΓöÇΓöÇΓöÇΓöÇΓöÇΓöÇΓöÇ

    attachment #2: video (video/webm) ΓöÇΓöÇΓöÇΓöÇΓöÇΓöÇΓöÇΓöÇΓöÇΓöÇΓöÇΓöÇΓöÇΓöÇΓöÇΓöÇΓöÇΓöÇΓöÇΓöÇΓöÇΓöÇΓöÇΓöÇΓöÇΓöÇΓöÇΓöÇΓöÇΓöÇΓöÇΓöÇΓöÇΓöÇΓöÇΓöÇΓöÇΓöÇΓöÇΓöÇΓöÇΓöÇΓöÇΓöÇΓöÇΓöÇΓöÇΓöÇΓöÇΓöÇΓöÇΓöÇΓöÇΓöÇΓöÇΓöÇΓöÇΓöÇΓöÇΓöÇΓöÇΓöÇ
    test-results\e2e-api-API---Invoices-End-e1822--invoices---Tß║ío-ho├í-─æ╞ín-mß╗¢i-chromium\video.webm
    ΓöÇΓöÇΓöÇΓöÇΓöÇΓöÇΓöÇΓöÇΓöÇΓöÇΓöÇΓöÇΓöÇΓöÇΓöÇΓöÇΓöÇΓöÇΓöÇΓöÇΓöÇΓöÇΓöÇΓöÇΓöÇΓöÇΓöÇΓöÇΓöÇΓöÇΓöÇΓöÇΓöÇΓöÇΓöÇΓöÇΓöÇΓöÇΓöÇΓöÇΓöÇΓöÇΓöÇΓöÇΓöÇΓöÇΓöÇΓöÇΓöÇΓöÇΓöÇΓöÇΓöÇΓöÇΓöÇΓöÇΓöÇΓöÇΓöÇΓöÇΓöÇΓöÇΓöÇΓöÇΓöÇΓöÇΓöÇΓöÇΓöÇΓöÇΓöÇΓöÇΓöÇΓöÇΓöÇΓöÇΓöÇΓöÇΓöÇΓöÇΓöÇΓöÇΓöÇΓöÇΓöÇΓöÇΓöÇΓöÇΓöÇΓöÇΓöÇΓöÇΓöÇΓöÇΓöÇΓöÇ

    Error Context: test-results\e2e-api-API---Invoices-End-e1822--invoices---Tß║ío-ho├í-─æ╞ín-mß╗¢i-chromium\error-context.md


[1A[2K  21) [chromium] ΓÇ║ tests\e2e\api.spec.ts:241:7 ΓÇ║ API - Invoices Endpoints ΓÇ║ TC_API_INV_01: GET /api/invoices - Lß║Ñy danh s├ích ho├í ─æ╞ín 

    TypeError: (0 , _auth.loginAsOwner) is not a function

      240 | test.describe('API - Invoices Endpoints', () => {
      241 |   test('TC_API_INV_01: GET /api/invoices - Lß║Ñy danh s├ích ho├í ─æ╞ín', async ({ request, page }) => {
    > 242 |     await loginAsOwner(page);
          |                       ^
      243 |     const cookies = await page.context().cookies();
      244 |     const authCookie = cookies.find(c => c.name.includes('auth'));
      245 |     
        at E:\Project\repo\apartment-management-web\tests\e2e\api.spec.ts:242:23

    attachment #1: screenshot (image/png) ΓöÇΓöÇΓöÇΓöÇΓöÇΓöÇΓöÇΓöÇΓöÇΓöÇΓöÇΓöÇΓöÇΓöÇΓöÇΓöÇΓöÇΓöÇΓöÇΓöÇΓöÇΓöÇΓöÇΓöÇΓöÇΓöÇΓöÇΓöÇΓöÇΓöÇΓöÇΓöÇΓöÇΓöÇΓöÇΓöÇΓöÇΓöÇΓöÇΓöÇΓöÇΓöÇΓöÇΓöÇΓöÇΓöÇΓöÇΓöÇΓöÇΓöÇΓöÇΓöÇΓöÇΓöÇΓöÇΓöÇΓöÇΓöÇ
    test-results\e2e-api-API---Invoices-End-2c9a0-ces---Lß║Ñy-danh-s├ích-ho├í-─æ╞ín-chromium\test-failed-1.png
    ΓöÇΓöÇΓöÇΓöÇΓöÇΓöÇΓöÇΓöÇΓöÇΓöÇΓöÇΓöÇΓöÇΓöÇΓöÇΓöÇΓöÇΓöÇΓöÇΓöÇΓöÇΓöÇΓöÇΓöÇΓöÇΓöÇΓöÇΓöÇΓöÇΓöÇΓöÇΓöÇΓöÇΓöÇΓöÇΓöÇΓöÇΓöÇΓöÇΓöÇΓöÇΓöÇΓöÇΓöÇΓöÇΓöÇΓöÇΓöÇΓöÇΓöÇΓöÇΓöÇΓöÇΓöÇΓöÇΓöÇΓöÇΓöÇΓöÇΓöÇΓöÇΓöÇΓöÇΓöÇΓöÇΓöÇΓöÇΓöÇΓöÇΓöÇΓöÇΓöÇΓöÇΓöÇΓöÇΓöÇΓöÇΓöÇΓöÇΓöÇΓöÇΓöÇΓöÇΓöÇΓöÇΓöÇΓöÇΓöÇΓöÇΓöÇΓöÇΓöÇΓöÇΓöÇΓöÇΓöÇ

    attachment #2: video (video/webm) ΓöÇΓöÇΓöÇΓöÇΓöÇΓöÇΓöÇΓöÇΓöÇΓöÇΓöÇΓöÇΓöÇΓöÇΓöÇΓöÇΓöÇΓöÇΓöÇΓöÇΓöÇΓöÇΓöÇΓöÇΓöÇΓöÇΓöÇΓöÇΓöÇΓöÇΓöÇΓöÇΓöÇΓöÇΓöÇΓöÇΓöÇΓöÇΓöÇΓöÇΓöÇΓöÇΓöÇΓöÇΓöÇΓöÇΓöÇΓöÇΓöÇΓöÇΓöÇΓöÇΓöÇΓöÇΓöÇΓöÇΓöÇΓöÇΓöÇΓöÇΓöÇΓöÇ
    test-results\e2e-api-API---Invoices-End-2c9a0-ces---Lß║Ñy-danh-s├ích-ho├í-─æ╞ín-chromium\video.webm
    ΓöÇΓöÇΓöÇΓöÇΓöÇΓöÇΓöÇΓöÇΓöÇΓöÇΓöÇΓöÇΓöÇΓöÇΓöÇΓöÇΓöÇΓöÇΓöÇΓöÇΓöÇΓöÇΓöÇΓöÇΓöÇΓöÇΓöÇΓöÇΓöÇΓöÇΓöÇΓöÇΓöÇΓöÇΓöÇΓöÇΓöÇΓöÇΓöÇΓöÇΓöÇΓöÇΓöÇΓöÇΓöÇΓöÇΓöÇΓöÇΓöÇΓöÇΓöÇΓöÇΓöÇΓöÇΓöÇΓöÇΓöÇΓöÇΓöÇΓöÇΓöÇΓöÇΓöÇΓöÇΓöÇΓöÇΓöÇΓöÇΓöÇΓöÇΓöÇΓöÇΓöÇΓöÇΓöÇΓöÇΓöÇΓöÇΓöÇΓöÇΓöÇΓöÇΓöÇΓöÇΓöÇΓöÇΓöÇΓöÇΓöÇΓöÇΓöÇΓöÇΓöÇΓöÇΓöÇΓöÇ

    Error Context: test-results\e2e-api-API---Invoices-End-2c9a0-ces---Lß║Ñy-danh-s├ích-ho├í-─æ╞ín-chromium\error-context.md


[1A[2K[35/242] [chromium] ΓÇ║ tests\e2e\api.spec.ts:285:7 ΓÇ║ API - Invoices Endpoints ΓÇ║ TC_API_INV_04: POST /api/invoices/[id]/send - Gß╗¡i ho├í ─æ╞ín
[1A[2K[36/242] [chromium] ΓÇ║ tests\e2e\api.spec.ts:272:7 ΓÇ║ API - Invoices Endpoints ΓÇ║ TC_API_INV_03: GET /api/invoices/[id] - Lß║Ñy chi tiß║┐t ho├í ─æ╞ín
[1A[2K  22) [chromium] ΓÇ║ tests\e2e\api.spec.ts:272:7 ΓÇ║ API - Invoices Endpoints ΓÇ║ TC_API_INV_03: GET /api/invoices/[id] - Lß║Ñy chi tiß║┐t ho├í ─æ╞ín 

    TypeError: (0 , _auth.loginAsOwner) is not a function

      271 |
      272 |   test('TC_API_INV_03: GET /api/invoices/[id] - Lß║Ñy chi tiß║┐t ho├í ─æ╞ín', async ({ request, page }) => {
    > 273 |     await loginAsOwner(page);
          |                       ^
      274 |     const cookies = await page.context().cookies();
      275 |     const authCookie = cookies.find(c => c.name.includes('auth'));
      276 |     
        at E:\Project\repo\apartment-management-web\tests\e2e\api.spec.ts:273:23

    attachment #1: screenshot (image/png) ΓöÇΓöÇΓöÇΓöÇΓöÇΓöÇΓöÇΓöÇΓöÇΓöÇΓöÇΓöÇΓöÇΓöÇΓöÇΓöÇΓöÇΓöÇΓöÇΓöÇΓöÇΓöÇΓöÇΓöÇΓöÇΓöÇΓöÇΓöÇΓöÇΓöÇΓöÇΓöÇΓöÇΓöÇΓöÇΓöÇΓöÇΓöÇΓöÇΓöÇΓöÇΓöÇΓöÇΓöÇΓöÇΓöÇΓöÇΓöÇΓöÇΓöÇΓöÇΓöÇΓöÇΓöÇΓöÇΓöÇΓöÇΓöÇ
    test-results\e2e-api-API---Invoices-End-e5bb6-s-id---Lß║Ñy-chi-tiß║┐t-ho├í-─æ╞ín-chromium\test-failed-1.png
    ΓöÇΓöÇΓöÇΓöÇΓöÇΓöÇΓöÇΓöÇΓöÇΓöÇΓöÇΓöÇΓöÇΓöÇΓöÇΓöÇΓöÇΓöÇΓöÇΓöÇΓöÇΓöÇΓöÇΓöÇΓöÇΓöÇΓöÇΓöÇΓöÇΓöÇΓöÇΓöÇΓöÇΓöÇΓöÇΓöÇΓöÇΓöÇΓöÇΓöÇΓöÇΓöÇΓöÇΓöÇΓöÇΓöÇΓöÇΓöÇΓöÇΓöÇΓöÇΓöÇΓöÇΓöÇΓöÇΓöÇΓöÇΓöÇΓöÇΓöÇΓöÇΓöÇΓöÇΓöÇΓöÇΓöÇΓöÇΓöÇΓöÇΓöÇΓöÇΓöÇΓöÇΓöÇΓöÇΓöÇΓöÇΓöÇΓöÇΓöÇΓöÇΓöÇΓöÇΓöÇΓöÇΓöÇΓöÇΓöÇΓöÇΓöÇΓöÇΓöÇΓöÇΓöÇΓöÇΓöÇ

    attachment #2: video (video/webm) ΓöÇΓöÇΓöÇΓöÇΓöÇΓöÇΓöÇΓöÇΓöÇΓöÇΓöÇΓöÇΓöÇΓöÇΓöÇΓöÇΓöÇΓöÇΓöÇΓöÇΓöÇΓöÇΓöÇΓöÇΓöÇΓöÇΓöÇΓöÇΓöÇΓöÇΓöÇΓöÇΓöÇΓöÇΓöÇΓöÇΓöÇΓöÇΓöÇΓöÇΓöÇΓöÇΓöÇΓöÇΓöÇΓöÇΓöÇΓöÇΓöÇΓöÇΓöÇΓöÇΓöÇΓöÇΓöÇΓöÇΓöÇΓöÇΓöÇΓöÇΓöÇΓöÇ
    test-results\e2e-api-API---Invoices-End-e5bb6-s-id---Lß║Ñy-chi-tiß║┐t-ho├í-─æ╞ín-chromium\video.webm
    ΓöÇΓöÇΓöÇΓöÇΓöÇΓöÇΓöÇΓöÇΓöÇΓöÇΓöÇΓöÇΓöÇΓöÇΓöÇΓöÇΓöÇΓöÇΓöÇΓöÇΓöÇΓöÇΓöÇΓöÇΓöÇΓöÇΓöÇΓöÇΓöÇΓöÇΓöÇΓöÇΓöÇΓöÇΓöÇΓöÇΓöÇΓöÇΓöÇΓöÇΓöÇΓöÇΓöÇΓöÇΓöÇΓöÇΓöÇΓöÇΓöÇΓöÇΓöÇΓöÇΓöÇΓöÇΓöÇΓöÇΓöÇΓöÇΓöÇΓöÇΓöÇΓöÇΓöÇΓöÇΓöÇΓöÇΓöÇΓöÇΓöÇΓöÇΓöÇΓöÇΓöÇΓöÇΓöÇΓöÇΓöÇΓöÇΓöÇΓöÇΓöÇΓöÇΓöÇΓöÇΓöÇΓöÇΓöÇΓöÇΓöÇΓöÇΓöÇΓöÇΓöÇΓöÇΓöÇΓöÇ

    Error Context: test-results\e2e-api-API---Invoices-End-e5bb6-s-id---Lß║Ñy-chi-tiß║┐t-ho├í-─æ╞ín-chromium\error-context.md


[1A[2K  23) [chromium] ΓÇ║ tests\e2e\api.spec.ts:285:7 ΓÇ║ API - Invoices Endpoints ΓÇ║ TC_API_INV_04: POST /api/invoices/[id]/send - Gß╗¡i ho├í ─æ╞ín 

    TypeError: (0 , _auth.loginAsOwner) is not a function

      284 |
      285 |   test('TC_API_INV_04: POST /api/invoices/[id]/send - Gß╗¡i ho├í ─æ╞ín', async ({ request, page }) => {
    > 286 |     await loginAsOwner(page);
          |                       ^
      287 |     const cookies = await page.context().cookies();
      288 |     const authCookie = cookies.find(c => c.name.includes('auth'));
      289 |     
        at E:\Project\repo\apartment-management-web\tests\e2e\api.spec.ts:286:23

    attachment #1: screenshot (image/png) ΓöÇΓöÇΓöÇΓöÇΓöÇΓöÇΓöÇΓöÇΓöÇΓöÇΓöÇΓöÇΓöÇΓöÇΓöÇΓöÇΓöÇΓöÇΓöÇΓöÇΓöÇΓöÇΓöÇΓöÇΓöÇΓöÇΓöÇΓöÇΓöÇΓöÇΓöÇΓöÇΓöÇΓöÇΓöÇΓöÇΓöÇΓöÇΓöÇΓöÇΓöÇΓöÇΓöÇΓöÇΓöÇΓöÇΓöÇΓöÇΓöÇΓöÇΓöÇΓöÇΓöÇΓöÇΓöÇΓöÇΓöÇΓöÇ
    test-results\e2e-api-API---Invoices-End-2f865-oices-id-send---Gß╗¡i-ho├í-─æ╞ín-chromium\test-failed-1.png
    ΓöÇΓöÇΓöÇΓöÇΓöÇΓöÇΓöÇΓöÇΓöÇΓöÇΓöÇΓöÇΓöÇΓöÇΓöÇΓöÇΓöÇΓöÇΓöÇΓöÇΓöÇΓöÇΓöÇΓöÇΓöÇΓöÇΓöÇΓöÇΓöÇΓöÇΓöÇΓöÇΓöÇΓöÇΓöÇΓöÇΓöÇΓöÇΓöÇΓöÇΓöÇΓöÇΓöÇΓöÇΓöÇΓöÇΓöÇΓöÇΓöÇΓöÇΓöÇΓöÇΓöÇΓöÇΓöÇΓöÇΓöÇΓöÇΓöÇΓöÇΓöÇΓöÇΓöÇΓöÇΓöÇΓöÇΓöÇΓöÇΓöÇΓöÇΓöÇΓöÇΓöÇΓöÇΓöÇΓöÇΓöÇΓöÇΓöÇΓöÇΓöÇΓöÇΓöÇΓöÇΓöÇΓöÇΓöÇΓöÇΓöÇΓöÇΓöÇΓöÇΓöÇΓöÇΓöÇΓöÇ

    attachment #2: video (video/webm) ΓöÇΓöÇΓöÇΓöÇΓöÇΓöÇΓöÇΓöÇΓöÇΓöÇΓöÇΓöÇΓöÇΓöÇΓöÇΓöÇΓöÇΓöÇΓöÇΓöÇΓöÇΓöÇΓöÇΓöÇΓöÇΓöÇΓöÇΓöÇΓöÇΓöÇΓöÇΓöÇΓöÇΓöÇΓöÇΓöÇΓöÇΓöÇΓöÇΓöÇΓöÇΓöÇΓöÇΓöÇΓöÇΓöÇΓöÇΓöÇΓöÇΓöÇΓöÇΓöÇΓöÇΓöÇΓöÇΓöÇΓöÇΓöÇΓöÇΓöÇΓöÇΓöÇ
    test-results\e2e-api-API---Invoices-End-2f865-oices-id-send---Gß╗¡i-ho├í-─æ╞ín-chromium\video.webm
    ΓöÇΓöÇΓöÇΓöÇΓöÇΓöÇΓöÇΓöÇΓöÇΓöÇΓöÇΓöÇΓöÇΓöÇΓöÇΓöÇΓöÇΓöÇΓöÇΓöÇΓöÇΓöÇΓöÇΓöÇΓöÇΓöÇΓöÇΓöÇΓöÇΓöÇΓöÇΓöÇΓöÇΓöÇΓöÇΓöÇΓöÇΓöÇΓöÇΓöÇΓöÇΓöÇΓöÇΓöÇΓöÇΓöÇΓöÇΓöÇΓöÇΓöÇΓöÇΓöÇΓöÇΓöÇΓöÇΓöÇΓöÇΓöÇΓöÇΓöÇΓöÇΓöÇΓöÇΓöÇΓöÇΓöÇΓöÇΓöÇΓöÇΓöÇΓöÇΓöÇΓöÇΓöÇΓöÇΓöÇΓöÇΓöÇΓöÇΓöÇΓöÇΓöÇΓöÇΓöÇΓöÇΓöÇΓöÇΓöÇΓöÇΓöÇΓöÇΓöÇΓöÇΓöÇΓöÇΓöÇ

    Error Context: test-results\e2e-api-API---Invoices-End-2f865-oices-id-send---Gß╗¡i-ho├í-─æ╞ín-chromium\error-context.md


[1A[2K  24) [chromium] ΓÇ║ tests\e2e\admin.spec.ts:92:7 ΓÇ║ Authorization - RBAC ΓÇ║ TC_AUTHZ_03: Owner kh├┤ng truy cß║¡p ─æ╞░ß╗úc trang Admin 

    [31mTest timeout of 30000ms exceeded.[39m

    Error: page.fill: Test timeout of 30000ms exceeded.
    Call log:
    [2m  - waiting for locator('input[name="email"]')[22m


      92 |   test('TC_AUTHZ_03: Owner kh├┤ng truy cß║¡p ─æ╞░ß╗úc trang Admin', async ({ page }) => {
      93 |     await page.goto('/login');
    > 94 |     await page.fill('input[name="email"]', 'owner_test@example.com');
         |                ^
      95 |     await page.fill('input[name="password"]', 'password123');
      96 |     await page.click('button:has-text("─É─âng Nhß║¡p")');
      97 |     await page.waitForURL(/.*\/dashboard\/owner.*/);
        at E:\Project\repo\apartment-management-web\tests\e2e\admin.spec.ts:94:16

    attachment #1: screenshot (image/png) ΓöÇΓöÇΓöÇΓöÇΓöÇΓöÇΓöÇΓöÇΓöÇΓöÇΓöÇΓöÇΓöÇΓöÇΓöÇΓöÇΓöÇΓöÇΓöÇΓöÇΓöÇΓöÇΓöÇΓöÇΓöÇΓöÇΓöÇΓöÇΓöÇΓöÇΓöÇΓöÇΓöÇΓöÇΓöÇΓöÇΓöÇΓöÇΓöÇΓöÇΓöÇΓöÇΓöÇΓöÇΓöÇΓöÇΓöÇΓöÇΓöÇΓöÇΓöÇΓöÇΓöÇΓöÇΓöÇΓöÇΓöÇΓöÇ
    test-results\e2e-admin-Authorization----9a1b3-g-truy-cß║¡p-─æ╞░ß╗úc-trang-Admin-chromium\test-failed-1.png
    ΓöÇΓöÇΓöÇΓöÇΓöÇΓöÇΓöÇΓöÇΓöÇΓöÇΓöÇΓöÇΓöÇΓöÇΓöÇΓöÇΓöÇΓöÇΓöÇΓöÇΓöÇΓöÇΓöÇΓöÇΓöÇΓöÇΓöÇΓöÇΓöÇΓöÇΓöÇΓöÇΓöÇΓöÇΓöÇΓöÇΓöÇΓöÇΓöÇΓöÇΓöÇΓöÇΓöÇΓöÇΓöÇΓöÇΓöÇΓöÇΓöÇΓöÇΓöÇΓöÇΓöÇΓöÇΓöÇΓöÇΓöÇΓöÇΓöÇΓöÇΓöÇΓöÇΓöÇΓöÇΓöÇΓöÇΓöÇΓöÇΓöÇΓöÇΓöÇΓöÇΓöÇΓöÇΓöÇΓöÇΓöÇΓöÇΓöÇΓöÇΓöÇΓöÇΓöÇΓöÇΓöÇΓöÇΓöÇΓöÇΓöÇΓöÇΓöÇΓöÇΓöÇΓöÇΓöÇΓöÇ

    attachment #2: video (video/webm) ΓöÇΓöÇΓöÇΓöÇΓöÇΓöÇΓöÇΓöÇΓöÇΓöÇΓöÇΓöÇΓöÇΓöÇΓöÇΓöÇΓöÇΓöÇΓöÇΓöÇΓöÇΓöÇΓöÇΓöÇΓöÇΓöÇΓöÇΓöÇΓöÇΓöÇΓöÇΓöÇΓöÇΓöÇΓöÇΓöÇΓöÇΓöÇΓöÇΓöÇΓöÇΓöÇΓöÇΓöÇΓöÇΓöÇΓöÇΓöÇΓöÇΓöÇΓöÇΓöÇΓöÇΓöÇΓöÇΓöÇΓöÇΓöÇΓöÇΓöÇΓöÇΓöÇ
    test-results\e2e-admin-Authorization----9a1b3-g-truy-cß║¡p-─æ╞░ß╗úc-trang-Admin-chromium\video.webm
    ΓöÇΓöÇΓöÇΓöÇΓöÇΓöÇΓöÇΓöÇΓöÇΓöÇΓöÇΓöÇΓöÇΓöÇΓöÇΓöÇΓöÇΓöÇΓöÇΓöÇΓöÇΓöÇΓöÇΓöÇΓöÇΓöÇΓöÇΓöÇΓöÇΓöÇΓöÇΓöÇΓöÇΓöÇΓöÇΓöÇΓöÇΓöÇΓöÇΓöÇΓöÇΓöÇΓöÇΓöÇΓöÇΓöÇΓöÇΓöÇΓöÇΓöÇΓöÇΓöÇΓöÇΓöÇΓöÇΓöÇΓöÇΓöÇΓöÇΓöÇΓöÇΓöÇΓöÇΓöÇΓöÇΓöÇΓöÇΓöÇΓöÇΓöÇΓöÇΓöÇΓöÇΓöÇΓöÇΓöÇΓöÇΓöÇΓöÇΓöÇΓöÇΓöÇΓöÇΓöÇΓöÇΓöÇΓöÇΓöÇΓöÇΓöÇΓöÇΓöÇΓöÇΓöÇΓöÇΓöÇ

    Error Context: test-results\e2e-admin-Authorization----9a1b3-g-truy-cß║¡p-─æ╞░ß╗úc-trang-Admin-chromium\error-context.md


[1A[2K  25) [chromium] ΓÇ║ tests\e2e\admin.spec.ts:73:7 ΓÇ║ Authorization - RBAC ΓÇ║ TC_AUTHZ_01: Tenant truy cß║¡p route cß╗ºa Owner 

    [31mTest timeout of 30000ms exceeded.[39m

    Error: page.fill: Test timeout of 30000ms exceeded.
    Call log:
    [2m  - waiting for locator('input[name="email"]')[22m


      73 |   test('TC_AUTHZ_01: Tenant truy cß║¡p route cß╗ºa Owner', async ({ page }) => {
      74 |     await page.goto('/login');
    > 75 |     await page.fill('input[name="email"]', 'tenant_test@example.com');
         |                ^
      76 |     await page.fill('input[name="password"]', 'password123');
      77 |     await page.click('button:has-text("─É─âng Nhß║¡p")');
      78 |     await page.waitForURL(/.*\/dashboard\/tenant.*/);
        at E:\Project\repo\apartment-management-web\tests\e2e\admin.spec.ts:75:16

    attachment #1: screenshot (image/png) ΓöÇΓöÇΓöÇΓöÇΓöÇΓöÇΓöÇΓöÇΓöÇΓöÇΓöÇΓöÇΓöÇΓöÇΓöÇΓöÇΓöÇΓöÇΓöÇΓöÇΓöÇΓöÇΓöÇΓöÇΓöÇΓöÇΓöÇΓöÇΓöÇΓöÇΓöÇΓöÇΓöÇΓöÇΓöÇΓöÇΓöÇΓöÇΓöÇΓöÇΓöÇΓöÇΓöÇΓöÇΓöÇΓöÇΓöÇΓöÇΓöÇΓöÇΓöÇΓöÇΓöÇΓöÇΓöÇΓöÇΓöÇΓöÇ
    test-results\e2e-admin-Authorization----c9274-nt-truy-cß║¡p-route-cß╗ºa-Owner-chromium\test-failed-1.png
    ΓöÇΓöÇΓöÇΓöÇΓöÇΓöÇΓöÇΓöÇΓöÇΓöÇΓöÇΓöÇΓöÇΓöÇΓöÇΓöÇΓöÇΓöÇΓöÇΓöÇΓöÇΓöÇΓöÇΓöÇΓöÇΓöÇΓöÇΓöÇΓöÇΓöÇΓöÇΓöÇΓöÇΓöÇΓöÇΓöÇΓöÇΓöÇΓöÇΓöÇΓöÇΓöÇΓöÇΓöÇΓöÇΓöÇΓöÇΓöÇΓöÇΓöÇΓöÇΓöÇΓöÇΓöÇΓöÇΓöÇΓöÇΓöÇΓöÇΓöÇΓöÇΓöÇΓöÇΓöÇΓöÇΓöÇΓöÇΓöÇΓöÇΓöÇΓöÇΓöÇΓöÇΓöÇΓöÇΓöÇΓöÇΓöÇΓöÇΓöÇΓöÇΓöÇΓöÇΓöÇΓöÇΓöÇΓöÇΓöÇΓöÇΓöÇΓöÇΓöÇΓöÇΓöÇΓöÇΓöÇ

    attachment #2: video (video/webm) ΓöÇΓöÇΓöÇΓöÇΓöÇΓöÇΓöÇΓöÇΓöÇΓöÇΓöÇΓöÇΓöÇΓöÇΓöÇΓöÇΓöÇΓöÇΓöÇΓöÇΓöÇΓöÇΓöÇΓöÇΓöÇΓöÇΓöÇΓöÇΓöÇΓöÇΓöÇΓöÇΓöÇΓöÇΓöÇΓöÇΓöÇΓöÇΓöÇΓöÇΓöÇΓöÇΓöÇΓöÇΓöÇΓöÇΓöÇΓöÇΓöÇΓöÇΓöÇΓöÇΓöÇΓöÇΓöÇΓöÇΓöÇΓöÇΓöÇΓöÇΓöÇΓöÇ
    test-results\e2e-admin-Authorization----c9274-nt-truy-cß║¡p-route-cß╗ºa-Owner-chromium\video.webm
    ΓöÇΓöÇΓöÇΓöÇΓöÇΓöÇΓöÇΓöÇΓöÇΓöÇΓöÇΓöÇΓöÇΓöÇΓöÇΓöÇΓöÇΓöÇΓöÇΓöÇΓöÇΓöÇΓöÇΓöÇΓöÇΓöÇΓöÇΓöÇΓöÇΓöÇΓöÇΓöÇΓöÇΓöÇΓöÇΓöÇΓöÇΓöÇΓöÇΓöÇΓöÇΓöÇΓöÇΓöÇΓöÇΓöÇΓöÇΓöÇΓöÇΓöÇΓöÇΓöÇΓöÇΓöÇΓöÇΓöÇΓöÇΓöÇΓöÇΓöÇΓöÇΓöÇΓöÇΓöÇΓöÇΓöÇΓöÇΓöÇΓöÇΓöÇΓöÇΓöÇΓöÇΓöÇΓöÇΓöÇΓöÇΓöÇΓöÇΓöÇΓöÇΓöÇΓöÇΓöÇΓöÇΓöÇΓöÇΓöÇΓöÇΓöÇΓöÇΓöÇΓöÇΓöÇΓöÇΓöÇ

    Error Context: test-results\e2e-admin-Authorization----c9274-nt-truy-cß║¡p-route-cß╗ºa-Owner-chromium\error-context.md


[1A[2K[37/242] [chromium] ΓÇ║ tests\e2e\api.spec.ts:299:7 ΓÇ║ API - Invoices Endpoints ΓÇ║ TC_API_INV_05: PUT /api/invoices/[id] - Cß║¡p nhß║¡t ho├í ─æ╞ín
[1A[2K[38/242] [chromium] ΓÇ║ tests\e2e\api.spec.ts:315:7 ΓÇ║ API - VNPay Payment ΓÇ║ TC_API_VNP_01: POST /api/vnpay - Khß╗ƒi tß║ío thanh to├ín VNPay
[1A[2K[39/242] [chromium] ΓÇ║ tests\e2e\api.spec.ts:332:7 ΓÇ║ API - VNPay Payment ΓÇ║ TC_API_VNP_02: POST /api/vnpay/return - Xß╗¡ l├╜ return tß╗½ VNPay
[1A[2K[40/242] [chromium] ΓÇ║ tests\e2e\api.spec.ts:344:7 ΓÇ║ API - Chat Endpoints ΓÇ║ TC_API_CHAT_01: POST /api/chat - Gß╗¡i tin nhß║»n chat
[1A[2K  26) [chromium] ΓÇ║ tests\e2e\api.spec.ts:332:7 ΓÇ║ API - VNPay Payment ΓÇ║ TC_API_VNP_02: POST /api/vnpay/return - Xß╗¡ l├╜ return tß╗½ VNPay 

    Error: [2mexpect([22m[31mreceived[39m[2m).[22mtoContain[2m([22m[32mexpected[39m[2m) // indexOf[22m

    Expected value: [32m405[39m
    Received array: [31m[200, 400][39m

      337 |       }
      338 |     });
    > 339 |     expect([200, 400]).toContain(response.status());
          |                        ^
      340 |   });
      341 | });
      342 |
        at E:\Project\repo\apartment-management-web\tests\e2e\api.spec.ts:339:24

    Error Context: test-results\e2e-api-API---VNPay-Paymen-b9b0b-urn---Xß╗¡-l├╜-return-tß╗½-VNPay-chromium\error-context.md


[1A[2K[41/242] [chromium] ΓÇ║ tests\e2e\api.spec.ts:360:7 ΓÇ║ API - Chat Endpoints ΓÇ║ TC_API_CHAT_02: GET /api/chat - Lß║Ñy lß╗ïch sß╗¡ chat
[1A[2K  27) [chromium] ΓÇ║ tests\e2e\api.spec.ts:299:7 ΓÇ║ API - Invoices Endpoints ΓÇ║ TC_API_INV_05: PUT /api/invoices/[id] - Cß║¡p nhß║¡t ho├í ─æ╞ín 

    TypeError: (0 , _auth.loginAsOwner) is not a function

      298 |
      299 |   test('TC_API_INV_05: PUT /api/invoices/[id] - Cß║¡p nhß║¡t ho├í ─æ╞ín', async ({ request, page }) => {
    > 300 |     await loginAsOwner(page);
          |                       ^
      301 |     const cookies = await page.context().cookies();
      302 |     const authCookie = cookies.find(c => c.name.includes('auth'));
      303 |     
        at E:\Project\repo\apartment-management-web\tests\e2e\api.spec.ts:300:23

    attachment #1: screenshot (image/png) ΓöÇΓöÇΓöÇΓöÇΓöÇΓöÇΓöÇΓöÇΓöÇΓöÇΓöÇΓöÇΓöÇΓöÇΓöÇΓöÇΓöÇΓöÇΓöÇΓöÇΓöÇΓöÇΓöÇΓöÇΓöÇΓöÇΓöÇΓöÇΓöÇΓöÇΓöÇΓöÇΓöÇΓöÇΓöÇΓöÇΓöÇΓöÇΓöÇΓöÇΓöÇΓöÇΓöÇΓöÇΓöÇΓöÇΓöÇΓöÇΓöÇΓöÇΓöÇΓöÇΓöÇΓöÇΓöÇΓöÇΓöÇΓöÇ
    test-results\e2e-api-API---Invoices-End-0b536-oices-id---Cß║¡p-nhß║¡t-ho├í-─æ╞ín-chromium\test-failed-1.png
    ΓöÇΓöÇΓöÇΓöÇΓöÇΓöÇΓöÇΓöÇΓöÇΓöÇΓöÇΓöÇΓöÇΓöÇΓöÇΓöÇΓöÇΓöÇΓöÇΓöÇΓöÇΓöÇΓöÇΓöÇΓöÇΓöÇΓöÇΓöÇΓöÇΓöÇΓöÇΓöÇΓöÇΓöÇΓöÇΓöÇΓöÇΓöÇΓöÇΓöÇΓöÇΓöÇΓöÇΓöÇΓöÇΓöÇΓöÇΓöÇΓöÇΓöÇΓöÇΓöÇΓöÇΓöÇΓöÇΓöÇΓöÇΓöÇΓöÇΓöÇΓöÇΓöÇΓöÇΓöÇΓöÇΓöÇΓöÇΓöÇΓöÇΓöÇΓöÇΓöÇΓöÇΓöÇΓöÇΓöÇΓöÇΓöÇΓöÇΓöÇΓöÇΓöÇΓöÇΓöÇΓöÇΓöÇΓöÇΓöÇΓöÇΓöÇΓöÇΓöÇΓöÇΓöÇΓöÇΓöÇ

    attachment #2: video (video/webm) ΓöÇΓöÇΓöÇΓöÇΓöÇΓöÇΓöÇΓöÇΓöÇΓöÇΓöÇΓöÇΓöÇΓöÇΓöÇΓöÇΓöÇΓöÇΓöÇΓöÇΓöÇΓöÇΓöÇΓöÇΓöÇΓöÇΓöÇΓöÇΓöÇΓöÇΓöÇΓöÇΓöÇΓöÇΓöÇΓöÇΓöÇΓöÇΓöÇΓöÇΓöÇΓöÇΓöÇΓöÇΓöÇΓöÇΓöÇΓöÇΓöÇΓöÇΓöÇΓöÇΓöÇΓöÇΓöÇΓöÇΓöÇΓöÇΓöÇΓöÇΓöÇΓöÇ
    test-results\e2e-api-API---Invoices-End-0b536-oices-id---Cß║¡p-nhß║¡t-ho├í-─æ╞ín-chromium\video.webm
    ΓöÇΓöÇΓöÇΓöÇΓöÇΓöÇΓöÇΓöÇΓöÇΓöÇΓöÇΓöÇΓöÇΓöÇΓöÇΓöÇΓöÇΓöÇΓöÇΓöÇΓöÇΓöÇΓöÇΓöÇΓöÇΓöÇΓöÇΓöÇΓöÇΓöÇΓöÇΓöÇΓöÇΓöÇΓöÇΓöÇΓöÇΓöÇΓöÇΓöÇΓöÇΓöÇΓöÇΓöÇΓöÇΓöÇΓöÇΓöÇΓöÇΓöÇΓöÇΓöÇΓöÇΓöÇΓöÇΓöÇΓöÇΓöÇΓöÇΓöÇΓöÇΓöÇΓöÇΓöÇΓöÇΓöÇΓöÇΓöÇΓöÇΓöÇΓöÇΓöÇΓöÇΓöÇΓöÇΓöÇΓöÇΓöÇΓöÇΓöÇΓöÇΓöÇΓöÇΓöÇΓöÇΓöÇΓöÇΓöÇΓöÇΓöÇΓöÇΓöÇΓöÇΓöÇΓöÇΓöÇ

    Error Context: test-results\e2e-api-API---Invoices-End-0b536-oices-id---Cß║¡p-nhß║¡t-ho├í-─æ╞ín-chromium\error-context.md


[1A[2K  28) [chromium] ΓÇ║ tests\e2e\api.spec.ts:315:7 ΓÇ║ API - VNPay Payment ΓÇ║ TC_API_VNP_01: POST /api/vnpay - Khß╗ƒi tß║ío thanh to├ín VNPay 

    TypeError: (0 , _auth.loginAsTenant) is not a function

      314 | test.describe('API - VNPay Payment', () => {
      315 |   test('TC_API_VNP_01: POST /api/vnpay - Khß╗ƒi tß║ío thanh to├ín VNPay', async ({ request, page }) => {
    > 316 |     await loginAsTenant(page);
          |                        ^
      317 |     const cookies = await page.context().cookies();
      318 |     const authCookie = cookies.find(c => c.name.includes('auth'));
      319 |     
        at E:\Project\repo\apartment-management-web\tests\e2e\api.spec.ts:316:24

    attachment #1: screenshot (image/png) ΓöÇΓöÇΓöÇΓöÇΓöÇΓöÇΓöÇΓöÇΓöÇΓöÇΓöÇΓöÇΓöÇΓöÇΓöÇΓöÇΓöÇΓöÇΓöÇΓöÇΓöÇΓöÇΓöÇΓöÇΓöÇΓöÇΓöÇΓöÇΓöÇΓöÇΓöÇΓöÇΓöÇΓöÇΓöÇΓöÇΓöÇΓöÇΓöÇΓöÇΓöÇΓöÇΓöÇΓöÇΓöÇΓöÇΓöÇΓöÇΓöÇΓöÇΓöÇΓöÇΓöÇΓöÇΓöÇΓöÇΓöÇΓöÇ
    test-results\e2e-api-API---VNPay-Paymen-dd10d---Khß╗ƒi-tß║ío-thanh-to├ín-VNPay-chromium\test-failed-1.png
    ΓöÇΓöÇΓöÇΓöÇΓöÇΓöÇΓöÇΓöÇΓöÇΓöÇΓöÇΓöÇΓöÇΓöÇΓöÇΓöÇΓöÇΓöÇΓöÇΓöÇΓöÇΓöÇΓöÇΓöÇΓöÇΓöÇΓöÇΓöÇΓöÇΓöÇΓöÇΓöÇΓöÇΓöÇΓöÇΓöÇΓöÇΓöÇΓöÇΓöÇΓöÇΓöÇΓöÇΓöÇΓöÇΓöÇΓöÇΓöÇΓöÇΓöÇΓöÇΓöÇΓöÇΓöÇΓöÇΓöÇΓöÇΓöÇΓöÇΓöÇΓöÇΓöÇΓöÇΓöÇΓöÇΓöÇΓöÇΓöÇΓöÇΓöÇΓöÇΓöÇΓöÇΓöÇΓöÇΓöÇΓöÇΓöÇΓöÇΓöÇΓöÇΓöÇΓöÇΓöÇΓöÇΓöÇΓöÇΓöÇΓöÇΓöÇΓöÇΓöÇΓöÇΓöÇΓöÇΓöÇ

    attachment #2: video (video/webm) ΓöÇΓöÇΓöÇΓöÇΓöÇΓöÇΓöÇΓöÇΓöÇΓöÇΓöÇΓöÇΓöÇΓöÇΓöÇΓöÇΓöÇΓöÇΓöÇΓöÇΓöÇΓöÇΓöÇΓöÇΓöÇΓöÇΓöÇΓöÇΓöÇΓöÇΓöÇΓöÇΓöÇΓöÇΓöÇΓöÇΓöÇΓöÇΓöÇΓöÇΓöÇΓöÇΓöÇΓöÇΓöÇΓöÇΓöÇΓöÇΓöÇΓöÇΓöÇΓöÇΓöÇΓöÇΓöÇΓöÇΓöÇΓöÇΓöÇΓöÇΓöÇΓöÇ
    test-results\e2e-api-API---VNPay-Paymen-dd10d---Khß╗ƒi-tß║ío-thanh-to├ín-VNPay-chromium\video.webm
    ΓöÇΓöÇΓöÇΓöÇΓöÇΓöÇΓöÇΓöÇΓöÇΓöÇΓöÇΓöÇΓöÇΓöÇΓöÇΓöÇΓöÇΓöÇΓöÇΓöÇΓöÇΓöÇΓöÇΓöÇΓöÇΓöÇΓöÇΓöÇΓöÇΓöÇΓöÇΓöÇΓöÇΓöÇΓöÇΓöÇΓöÇΓöÇΓöÇΓöÇΓöÇΓöÇΓöÇΓöÇΓöÇΓöÇΓöÇΓöÇΓöÇΓöÇΓöÇΓöÇΓöÇΓöÇΓöÇΓöÇΓöÇΓöÇΓöÇΓöÇΓöÇΓöÇΓöÇΓöÇΓöÇΓöÇΓöÇΓöÇΓöÇΓöÇΓöÇΓöÇΓöÇΓöÇΓöÇΓöÇΓöÇΓöÇΓöÇΓöÇΓöÇΓöÇΓöÇΓöÇΓöÇΓöÇΓöÇΓöÇΓöÇΓöÇΓöÇΓöÇΓöÇΓöÇΓöÇΓöÇ

    Error Context: test-results\e2e-api-API---VNPay-Paymen-dd10d---Khß╗ƒi-tß║ío-thanh-to├ín-VNPay-chromium\error-context.md


[1A[2K  29) [chromium] ΓÇ║ tests\e2e\api.spec.ts:344:7 ΓÇ║ API - Chat Endpoints ΓÇ║ TC_API_CHAT_01: POST /api/chat - Gß╗¡i tin nhß║»n chat 

    TypeError: (0 , _auth.loginAsTenant) is not a function

      343 | test.describe('API - Chat Endpoints', () => {
      344 |   test('TC_API_CHAT_01: POST /api/chat - Gß╗¡i tin nhß║»n chat', async ({ request, page }) => {
    > 345 |     await loginAsTenant(page);
          |                        ^
      346 |     const cookies = await page.context().cookies();
      347 |     const authCookie = cookies.find(c => c.name.includes('auth'));
      348 |     
        at E:\Project\repo\apartment-management-web\tests\e2e\api.spec.ts:345:24

    attachment #1: screenshot (image/png) ΓöÇΓöÇΓöÇΓöÇΓöÇΓöÇΓöÇΓöÇΓöÇΓöÇΓöÇΓöÇΓöÇΓöÇΓöÇΓöÇΓöÇΓöÇΓöÇΓöÇΓöÇΓöÇΓöÇΓöÇΓöÇΓöÇΓöÇΓöÇΓöÇΓöÇΓöÇΓöÇΓöÇΓöÇΓöÇΓöÇΓöÇΓöÇΓöÇΓöÇΓöÇΓöÇΓöÇΓöÇΓöÇΓöÇΓöÇΓöÇΓöÇΓöÇΓöÇΓöÇΓöÇΓöÇΓöÇΓöÇΓöÇΓöÇ
    test-results\e2e-api-API---Chat-Endpoin-c7fe2-pi-chat---Gß╗¡i-tin-nhß║»n-chat-chromium\test-failed-1.png
    ΓöÇΓöÇΓöÇΓöÇΓöÇΓöÇΓöÇΓöÇΓöÇΓöÇΓöÇΓöÇΓöÇΓöÇΓöÇΓöÇΓöÇΓöÇΓöÇΓöÇΓöÇΓöÇΓöÇΓöÇΓöÇΓöÇΓöÇΓöÇΓöÇΓöÇΓöÇΓöÇΓöÇΓöÇΓöÇΓöÇΓöÇΓöÇΓöÇΓöÇΓöÇΓöÇΓöÇΓöÇΓöÇΓöÇΓöÇΓöÇΓöÇΓöÇΓöÇΓöÇΓöÇΓöÇΓöÇΓöÇΓöÇΓöÇΓöÇΓöÇΓöÇΓöÇΓöÇΓöÇΓöÇΓöÇΓöÇΓöÇΓöÇΓöÇΓöÇΓöÇΓöÇΓöÇΓöÇΓöÇΓöÇΓöÇΓöÇΓöÇΓöÇΓöÇΓöÇΓöÇΓöÇΓöÇΓöÇΓöÇΓöÇΓöÇΓöÇΓöÇΓöÇΓöÇΓöÇΓöÇ

    attachment #2: video (video/webm) ΓöÇΓöÇΓöÇΓöÇΓöÇΓöÇΓöÇΓöÇΓöÇΓöÇΓöÇΓöÇΓöÇΓöÇΓöÇΓöÇΓöÇΓöÇΓöÇΓöÇΓöÇΓöÇΓöÇΓöÇΓöÇΓöÇΓöÇΓöÇΓöÇΓöÇΓöÇΓöÇΓöÇΓöÇΓöÇΓöÇΓöÇΓöÇΓöÇΓöÇΓöÇΓöÇΓöÇΓöÇΓöÇΓöÇΓöÇΓöÇΓöÇΓöÇΓöÇΓöÇΓöÇΓöÇΓöÇΓöÇΓöÇΓöÇΓöÇΓöÇΓöÇΓöÇ
    test-results\e2e-api-API---Chat-Endpoin-c7fe2-pi-chat---Gß╗¡i-tin-nhß║»n-chat-chromium\video.webm
    ΓöÇΓöÇΓöÇΓöÇΓöÇΓöÇΓöÇΓöÇΓöÇΓöÇΓöÇΓöÇΓöÇΓöÇΓöÇΓöÇΓöÇΓöÇΓöÇΓöÇΓöÇΓöÇΓöÇΓöÇΓöÇΓöÇΓöÇΓöÇΓöÇΓöÇΓöÇΓöÇΓöÇΓöÇΓöÇΓöÇΓöÇΓöÇΓöÇΓöÇΓöÇΓöÇΓöÇΓöÇΓöÇΓöÇΓöÇΓöÇΓöÇΓöÇΓöÇΓöÇΓöÇΓöÇΓöÇΓöÇΓöÇΓöÇΓöÇΓöÇΓöÇΓöÇΓöÇΓöÇΓöÇΓöÇΓöÇΓöÇΓöÇΓöÇΓöÇΓöÇΓöÇΓöÇΓöÇΓöÇΓöÇΓöÇΓöÇΓöÇΓöÇΓöÇΓöÇΓöÇΓöÇΓöÇΓöÇΓöÇΓöÇΓöÇΓöÇΓöÇΓöÇΓöÇΓöÇΓöÇ

    Error Context: test-results\e2e-api-API---Chat-Endpoin-c7fe2-pi-chat---Gß╗¡i-tin-nhß║»n-chat-chromium\error-context.md


[1A[2K  30) [chromium] ΓÇ║ tests\e2e\admin.spec.ts:128:7 ΓÇ║ Authorization - RBAC ΓÇ║ TC_ADMIN_AUTHZ_01: Owner kh├┤ng truy cß║¡p ─æ╞░ß╗úc m├án Admin 

    [31mTest timeout of 30000ms exceeded.[39m

    Error: page.fill: Test timeout of 30000ms exceeded.
    Call log:
    [2m  - waiting for locator('input[name="email"]')[22m


      128 |   test('TC_ADMIN_AUTHZ_01: Owner kh├┤ng truy cß║¡p ─æ╞░ß╗úc m├án Admin', async ({ page }) => {
      129 |     await page.goto('/login');
    > 130 |     await page.fill('input[name="email"]', 'owner_test@example.com');
          |                ^
      131 |     await page.fill('input[name="password"]', 'password123');
      132 |     await page.click('button:has-text("─É─âng Nhß║¡p")');
      133 |     await page.waitForURL(/.*\/dashboard\/owner.*/);
        at E:\Project\repo\apartment-management-web\tests\e2e\admin.spec.ts:130:16

    attachment #1: screenshot (image/png) ΓöÇΓöÇΓöÇΓöÇΓöÇΓöÇΓöÇΓöÇΓöÇΓöÇΓöÇΓöÇΓöÇΓöÇΓöÇΓöÇΓöÇΓöÇΓöÇΓöÇΓöÇΓöÇΓöÇΓöÇΓöÇΓöÇΓöÇΓöÇΓöÇΓöÇΓöÇΓöÇΓöÇΓöÇΓöÇΓöÇΓöÇΓöÇΓöÇΓöÇΓöÇΓöÇΓöÇΓöÇΓöÇΓöÇΓöÇΓöÇΓöÇΓöÇΓöÇΓöÇΓöÇΓöÇΓöÇΓöÇΓöÇΓöÇ
    test-results\e2e-admin-Authorization----e1952-├┤ng-truy-cß║¡p-─æ╞░ß╗úc-m├án-Admin-chromium\test-failed-1.png
    ΓöÇΓöÇΓöÇΓöÇΓöÇΓöÇΓöÇΓöÇΓöÇΓöÇΓöÇΓöÇΓöÇΓöÇΓöÇΓöÇΓöÇΓöÇΓöÇΓöÇΓöÇΓöÇΓöÇΓöÇΓöÇΓöÇΓöÇΓöÇΓöÇΓöÇΓöÇΓöÇΓöÇΓöÇΓöÇΓöÇΓöÇΓöÇΓöÇΓöÇΓöÇΓöÇΓöÇΓöÇΓöÇΓöÇΓöÇΓöÇΓöÇΓöÇΓöÇΓöÇΓöÇΓöÇΓöÇΓöÇΓöÇΓöÇΓöÇΓöÇΓöÇΓöÇΓöÇΓöÇΓöÇΓöÇΓöÇΓöÇΓöÇΓöÇΓöÇΓöÇΓöÇΓöÇΓöÇΓöÇΓöÇΓöÇΓöÇΓöÇΓöÇΓöÇΓöÇΓöÇΓöÇΓöÇΓöÇΓöÇΓöÇΓöÇΓöÇΓöÇΓöÇΓöÇΓöÇΓöÇ

    attachment #2: video (video/webm) ΓöÇΓöÇΓöÇΓöÇΓöÇΓöÇΓöÇΓöÇΓöÇΓöÇΓöÇΓöÇΓöÇΓöÇΓöÇΓöÇΓöÇΓöÇΓöÇΓöÇΓöÇΓöÇΓöÇΓöÇΓöÇΓöÇΓöÇΓöÇΓöÇΓöÇΓöÇΓöÇΓöÇΓöÇΓöÇΓöÇΓöÇΓöÇΓöÇΓöÇΓöÇΓöÇΓöÇΓöÇΓöÇΓöÇΓöÇΓöÇΓöÇΓöÇΓöÇΓöÇΓöÇΓöÇΓöÇΓöÇΓöÇΓöÇΓöÇΓöÇΓöÇΓöÇ
    test-results\e2e-admin-Authorization----e1952-├┤ng-truy-cß║¡p-─æ╞░ß╗úc-m├án-Admin-chromium\video.webm
    ΓöÇΓöÇΓöÇΓöÇΓöÇΓöÇΓöÇΓöÇΓöÇΓöÇΓöÇΓöÇΓöÇΓöÇΓöÇΓöÇΓöÇΓöÇΓöÇΓöÇΓöÇΓöÇΓöÇΓöÇΓöÇΓöÇΓöÇΓöÇΓöÇΓöÇΓöÇΓöÇΓöÇΓöÇΓöÇΓöÇΓöÇΓöÇΓöÇΓöÇΓöÇΓöÇΓöÇΓöÇΓöÇΓöÇΓöÇΓöÇΓöÇΓöÇΓöÇΓöÇΓöÇΓöÇΓöÇΓöÇΓöÇΓöÇΓöÇΓöÇΓöÇΓöÇΓöÇΓöÇΓöÇΓöÇΓöÇΓöÇΓöÇΓöÇΓöÇΓöÇΓöÇΓöÇΓöÇΓöÇΓöÇΓöÇΓöÇΓöÇΓöÇΓöÇΓöÇΓöÇΓöÇΓöÇΓöÇΓöÇΓöÇΓöÇΓöÇΓöÇΓöÇΓöÇΓöÇΓöÇ

    Error Context: test-results\e2e-admin-Authorization----e1952-├┤ng-truy-cß║¡p-─æ╞░ß╗úc-m├án-Admin-chromium\error-context.md


[1A[2K  31) [chromium] ΓÇ║ tests\e2e\api.spec.ts:360:7 ΓÇ║ API - Chat Endpoints ΓÇ║ TC_API_CHAT_02: GET /api/chat - Lß║Ñy lß╗ïch sß╗¡ chat 

    TypeError: (0 , _auth.loginAsTenant) is not a function

      359 |
      360 |   test('TC_API_CHAT_02: GET /api/chat - Lß║Ñy lß╗ïch sß╗¡ chat', async ({ request, page }) => {
    > 361 |     await loginAsTenant(page);
          |                        ^
      362 |     const cookies = await page.context().cookies();
      363 |     const authCookie = cookies.find(c => c.name.includes('auth'));
      364 |     
        at E:\Project\repo\apartment-management-web\tests\e2e\api.spec.ts:361:24

    attachment #1: screenshot (image/png) ΓöÇΓöÇΓöÇΓöÇΓöÇΓöÇΓöÇΓöÇΓöÇΓöÇΓöÇΓöÇΓöÇΓöÇΓöÇΓöÇΓöÇΓöÇΓöÇΓöÇΓöÇΓöÇΓöÇΓöÇΓöÇΓöÇΓöÇΓöÇΓöÇΓöÇΓöÇΓöÇΓöÇΓöÇΓöÇΓöÇΓöÇΓöÇΓöÇΓöÇΓöÇΓöÇΓöÇΓöÇΓöÇΓöÇΓöÇΓöÇΓöÇΓöÇΓöÇΓöÇΓöÇΓöÇΓöÇΓöÇΓöÇΓöÇ
    test-results\e2e-api-API---Chat-Endpoin-7a146-api-chat---Lß║Ñy-lß╗ïch-sß╗¡-chat-chromium\test-failed-1.png
    ΓöÇΓöÇΓöÇΓöÇΓöÇΓöÇΓöÇΓöÇΓöÇΓöÇΓöÇΓöÇΓöÇΓöÇΓöÇΓöÇΓöÇΓöÇΓöÇΓöÇΓöÇΓöÇΓöÇΓöÇΓöÇΓöÇΓöÇΓöÇΓöÇΓöÇΓöÇΓöÇΓöÇΓöÇΓöÇΓöÇΓöÇΓöÇΓöÇΓöÇΓöÇΓöÇΓöÇΓöÇΓöÇΓöÇΓöÇΓöÇΓöÇΓöÇΓöÇΓöÇΓöÇΓöÇΓöÇΓöÇΓöÇΓöÇΓöÇΓöÇΓöÇΓöÇΓöÇΓöÇΓöÇΓöÇΓöÇΓöÇΓöÇΓöÇΓöÇΓöÇΓöÇΓöÇΓöÇΓöÇΓöÇΓöÇΓöÇΓöÇΓöÇΓöÇΓöÇΓöÇΓöÇΓöÇΓöÇΓöÇΓöÇΓöÇΓöÇΓöÇΓöÇΓöÇΓöÇΓöÇ

    attachment #2: video (video/webm) ΓöÇΓöÇΓöÇΓöÇΓöÇΓöÇΓöÇΓöÇΓöÇΓöÇΓöÇΓöÇΓöÇΓöÇΓöÇΓöÇΓöÇΓöÇΓöÇΓöÇΓöÇΓöÇΓöÇΓöÇΓöÇΓöÇΓöÇΓöÇΓöÇΓöÇΓöÇΓöÇΓöÇΓöÇΓöÇΓöÇΓöÇΓöÇΓöÇΓöÇΓöÇΓöÇΓöÇΓöÇΓöÇΓöÇΓöÇΓöÇΓöÇΓöÇΓöÇΓöÇΓöÇΓöÇΓöÇΓöÇΓöÇΓöÇΓöÇΓöÇΓöÇΓöÇ
    test-results\e2e-api-API---Chat-Endpoin-7a146-api-chat---Lß║Ñy-lß╗ïch-sß╗¡-chat-chromium\video.webm
    ΓöÇΓöÇΓöÇΓöÇΓöÇΓöÇΓöÇΓöÇΓöÇΓöÇΓöÇΓöÇΓöÇΓöÇΓöÇΓöÇΓöÇΓöÇΓöÇΓöÇΓöÇΓöÇΓöÇΓöÇΓöÇΓöÇΓöÇΓöÇΓöÇΓöÇΓöÇΓöÇΓöÇΓöÇΓöÇΓöÇΓöÇΓöÇΓöÇΓöÇΓöÇΓöÇΓöÇΓöÇΓöÇΓöÇΓöÇΓöÇΓöÇΓöÇΓöÇΓöÇΓöÇΓöÇΓöÇΓöÇΓöÇΓöÇΓöÇΓöÇΓöÇΓöÇΓöÇΓöÇΓöÇΓöÇΓöÇΓöÇΓöÇΓöÇΓöÇΓöÇΓöÇΓöÇΓöÇΓöÇΓöÇΓöÇΓöÇΓöÇΓöÇΓöÇΓöÇΓöÇΓöÇΓöÇΓöÇΓöÇΓöÇΓöÇΓöÇΓöÇΓöÇΓöÇΓöÇΓöÇ

    Error Context: test-results\e2e-api-API---Chat-Endpoin-7a146-api-chat---Lß║Ñy-lß╗ïch-sß╗¡-chat-chromium\error-context.md


[1A[2K[42/242] [chromium] ΓÇ║ tests\e2e\api.spec.ts:401:7 ΓÇ║ API - Tenant Endpoints ΓÇ║ TC_API_TEN_03: POST /api/tenants - Th├¬m kh├ích thu├¬ mß╗¢i
[1A[2K[43/242] [chromium] ΓÇ║ tests\e2e\api.spec.ts:388:7 ΓÇ║ API - Tenant Endpoints ΓÇ║ TC_API_TEN_02: GET /api/tenants - Lß║Ñy danh s├ích kh├ích thu├¬
[1A[2K[44/242] [chromium] ΓÇ║ tests\e2e\api.spec.ts:375:7 ΓÇ║ API - Tenant Endpoints ΓÇ║ TC_API_TEN_01: GET /api/tenant/dashboard-stats - Lß║Ñy thß╗æng k├¬ dashboard
[1A[2K[45/242] [chromium] ΓÇ║ tests\e2e\api.spec.ts:421:7 ΓÇ║ API - Admin Endpoints ΓÇ║ TC_API_ADM_01: GET /api/admin - Lß║Ñy th├┤ng tin admin
[1A[2K[46/242] [chromium] ΓÇ║ tests\e2e\api.spec.ts:434:7 ΓÇ║ API - Admin Endpoints ΓÇ║ TC_API_ADM_02: POST /api/admin/verify-landlord - Duyß╗çt chß╗º trß╗ì
[1A[2K  32) [chromium] ΓÇ║ tests\e2e\api.spec.ts:388:7 ΓÇ║ API - Tenant Endpoints ΓÇ║ TC_API_TEN_02: GET /api/tenants - Lß║Ñy danh s├ích kh├ích thu├¬ 

    TypeError: (0 , _auth.loginAsOwner) is not a function

      387 |
      388 |   test('TC_API_TEN_02: GET /api/tenants - Lß║Ñy danh s├ích kh├ích thu├¬', async ({ request, page }) => {
    > 389 |     await loginAsOwner(page);
          |                       ^
      390 |     const cookies = await page.context().cookies();
      391 |     const authCookie = cookies.find(c => c.name.includes('auth'));
      392 |     
        at E:\Project\repo\apartment-management-web\tests\e2e\api.spec.ts:389:23

    attachment #1: video (video/webm) ΓöÇΓöÇΓöÇΓöÇΓöÇΓöÇΓöÇΓöÇΓöÇΓöÇΓöÇΓöÇΓöÇΓöÇΓöÇΓöÇΓöÇΓöÇΓöÇΓöÇΓöÇΓöÇΓöÇΓöÇΓöÇΓöÇΓöÇΓöÇΓöÇΓöÇΓöÇΓöÇΓöÇΓöÇΓöÇΓöÇΓöÇΓöÇΓöÇΓöÇΓöÇΓöÇΓöÇΓöÇΓöÇΓöÇΓöÇΓöÇΓöÇΓöÇΓöÇΓöÇΓöÇΓöÇΓöÇΓöÇΓöÇΓöÇΓöÇΓöÇΓöÇΓöÇ
    test-results\e2e-api-API---Tenant-Endpo-c3c46----Lß║Ñy-danh-s├ích-kh├ích-thu├¬-chromium\video.webm
    ΓöÇΓöÇΓöÇΓöÇΓöÇΓöÇΓöÇΓöÇΓöÇΓöÇΓöÇΓöÇΓöÇΓöÇΓöÇΓöÇΓöÇΓöÇΓöÇΓöÇΓöÇΓöÇΓöÇΓöÇΓöÇΓöÇΓöÇΓöÇΓöÇΓöÇΓöÇΓöÇΓöÇΓöÇΓöÇΓöÇΓöÇΓöÇΓöÇΓöÇΓöÇΓöÇΓöÇΓöÇΓöÇΓöÇΓöÇΓöÇΓöÇΓöÇΓöÇΓöÇΓöÇΓöÇΓöÇΓöÇΓöÇΓöÇΓöÇΓöÇΓöÇΓöÇΓöÇΓöÇΓöÇΓöÇΓöÇΓöÇΓöÇΓöÇΓöÇΓöÇΓöÇΓöÇΓöÇΓöÇΓöÇΓöÇΓöÇΓöÇΓöÇΓöÇΓöÇΓöÇΓöÇΓöÇΓöÇΓöÇΓöÇΓöÇΓöÇΓöÇΓöÇΓöÇΓöÇΓöÇ

    Error Context: test-results\e2e-api-API---Tenant-Endpo-c3c46----Lß║Ñy-danh-s├ích-kh├ích-thu├¬-chromium\error-context.md


[1A[2K  33) [chromium] ΓÇ║ tests\e2e\api.spec.ts:375:7 ΓÇ║ API - Tenant Endpoints ΓÇ║ TC_API_TEN_01: GET /api/tenant/dashboard-stats - Lß║Ñy thß╗æng k├¬ dashboard 

    TypeError: (0 , _auth.loginAsTenant) is not a function

      374 | test.describe('API - Tenant Endpoints', () => {
      375 |   test('TC_API_TEN_01: GET /api/tenant/dashboard-stats - Lß║Ñy thß╗æng k├¬ dashboard', async ({ request, page }) => {
    > 376 |     await loginAsTenant(page);
          |                        ^
      377 |     const cookies = await page.context().cookies();
      378 |     const authCookie = cookies.find(c => c.name.includes('auth'));
      379 |     
        at E:\Project\repo\apartment-management-web\tests\e2e\api.spec.ts:376:24

    attachment #1: video (video/webm) ΓöÇΓöÇΓöÇΓöÇΓöÇΓöÇΓöÇΓöÇΓöÇΓöÇΓöÇΓöÇΓöÇΓöÇΓöÇΓöÇΓöÇΓöÇΓöÇΓöÇΓöÇΓöÇΓöÇΓöÇΓöÇΓöÇΓöÇΓöÇΓöÇΓöÇΓöÇΓöÇΓöÇΓöÇΓöÇΓöÇΓöÇΓöÇΓöÇΓöÇΓöÇΓöÇΓöÇΓöÇΓöÇΓöÇΓöÇΓöÇΓöÇΓöÇΓöÇΓöÇΓöÇΓöÇΓöÇΓöÇΓöÇΓöÇΓöÇΓöÇΓöÇΓöÇ
    test-results\e2e-api-API---Tenant-Endpo-6bc8b-ts---Lß║Ñy-thß╗æng-k├¬-dashboard-chromium\video.webm
    ΓöÇΓöÇΓöÇΓöÇΓöÇΓöÇΓöÇΓöÇΓöÇΓöÇΓöÇΓöÇΓöÇΓöÇΓöÇΓöÇΓöÇΓöÇΓöÇΓöÇΓöÇΓöÇΓöÇΓöÇΓöÇΓöÇΓöÇΓöÇΓöÇΓöÇΓöÇΓöÇΓöÇΓöÇΓöÇΓöÇΓöÇΓöÇΓöÇΓöÇΓöÇΓöÇΓöÇΓöÇΓöÇΓöÇΓöÇΓöÇΓöÇΓöÇΓöÇΓöÇΓöÇΓöÇΓöÇΓöÇΓöÇΓöÇΓöÇΓöÇΓöÇΓöÇΓöÇΓöÇΓöÇΓöÇΓöÇΓöÇΓöÇΓöÇΓöÇΓöÇΓöÇΓöÇΓöÇΓöÇΓöÇΓöÇΓöÇΓöÇΓöÇΓöÇΓöÇΓöÇΓöÇΓöÇΓöÇΓöÇΓöÇΓöÇΓöÇΓöÇΓöÇΓöÇΓöÇΓöÇ

    Error Context: test-results\e2e-api-API---Tenant-Endpo-6bc8b-ts---Lß║Ñy-thß╗æng-k├¬-dashboard-chromium\error-context.md


[1A[2K  34) [chromium] ΓÇ║ tests\e2e\api.spec.ts:401:7 ΓÇ║ API - Tenant Endpoints ΓÇ║ TC_API_TEN_03: POST /api/tenants - Th├¬m kh├ích thu├¬ mß╗¢i 

    TypeError: (0 , _auth.loginAsOwner) is not a function

      400 |
      401 |   test('TC_API_TEN_03: POST /api/tenants - Th├¬m kh├ích thu├¬ mß╗¢i', async ({ request, page }) => {
    > 402 |     await loginAsOwner(page);
          |                       ^
      403 |     const cookies = await page.context().cookies();
      404 |     const authCookie = cookies.find(c => c.name.includes('auth'));
      405 |     
        at E:\Project\repo\apartment-management-web\tests\e2e\api.spec.ts:402:23

    attachment #1: video (video/webm) ΓöÇΓöÇΓöÇΓöÇΓöÇΓöÇΓöÇΓöÇΓöÇΓöÇΓöÇΓöÇΓöÇΓöÇΓöÇΓöÇΓöÇΓöÇΓöÇΓöÇΓöÇΓöÇΓöÇΓöÇΓöÇΓöÇΓöÇΓöÇΓöÇΓöÇΓöÇΓöÇΓöÇΓöÇΓöÇΓöÇΓöÇΓöÇΓöÇΓöÇΓöÇΓöÇΓöÇΓöÇΓöÇΓöÇΓöÇΓöÇΓöÇΓöÇΓöÇΓöÇΓöÇΓöÇΓöÇΓöÇΓöÇΓöÇΓöÇΓöÇΓöÇΓöÇ
    test-results\e2e-api-API---Tenant-Endpo-8eca4-nants---Th├¬m-kh├ích-thu├¬-mß╗¢i-chromium\video.webm
    ΓöÇΓöÇΓöÇΓöÇΓöÇΓöÇΓöÇΓöÇΓöÇΓöÇΓöÇΓöÇΓöÇΓöÇΓöÇΓöÇΓöÇΓöÇΓöÇΓöÇΓöÇΓöÇΓöÇΓöÇΓöÇΓöÇΓöÇΓöÇΓöÇΓöÇΓöÇΓöÇΓöÇΓöÇΓöÇΓöÇΓöÇΓöÇΓöÇΓöÇΓöÇΓöÇΓöÇΓöÇΓöÇΓöÇΓöÇΓöÇΓöÇΓöÇΓöÇΓöÇΓöÇΓöÇΓöÇΓöÇΓöÇΓöÇΓöÇΓöÇΓöÇΓöÇΓöÇΓöÇΓöÇΓöÇΓöÇΓöÇΓöÇΓöÇΓöÇΓöÇΓöÇΓöÇΓöÇΓöÇΓöÇΓöÇΓöÇΓöÇΓöÇΓöÇΓöÇΓöÇΓöÇΓöÇΓöÇΓöÇΓöÇΓöÇΓöÇΓöÇΓöÇΓöÇΓöÇΓöÇ

    Error Context: test-results\e2e-api-API---Tenant-Endpo-8eca4-nants---Th├¬m-kh├ích-thu├¬-mß╗¢i-chromium\error-context.md


[1A[2K  35) [chromium] ΓÇ║ tests\e2e\api.spec.ts:421:7 ΓÇ║ API - Admin Endpoints ΓÇ║ TC_API_ADM_01: GET /api/admin - Lß║Ñy th├┤ng tin admin 

    TypeError: (0 , _auth.loginAsAdmin) is not a function

      420 | test.describe('API - Admin Endpoints', () => {
      421 |   test('TC_API_ADM_01: GET /api/admin - Lß║Ñy th├┤ng tin admin', async ({ request, page }) => {
    > 422 |     await loginAsAdmin(page);
          |                       ^
      423 |     const cookies = await page.context().cookies();
      424 |     const authCookie = cookies.find(c => c.name.includes('auth'));
      425 |     
        at E:\Project\repo\apartment-management-web\tests\e2e\api.spec.ts:422:23

    attachment #1: screenshot (image/png) ΓöÇΓöÇΓöÇΓöÇΓöÇΓöÇΓöÇΓöÇΓöÇΓöÇΓöÇΓöÇΓöÇΓöÇΓöÇΓöÇΓöÇΓöÇΓöÇΓöÇΓöÇΓöÇΓöÇΓöÇΓöÇΓöÇΓöÇΓöÇΓöÇΓöÇΓöÇΓöÇΓöÇΓöÇΓöÇΓöÇΓöÇΓöÇΓöÇΓöÇΓöÇΓöÇΓöÇΓöÇΓöÇΓöÇΓöÇΓöÇΓöÇΓöÇΓöÇΓöÇΓöÇΓöÇΓöÇΓöÇΓöÇΓöÇ
    test-results\e2e-api-API---Admin-Endpoi-f84ce-admin---Lß║Ñy-th├┤ng-tin-admin-chromium\test-failed-1.png
    ΓöÇΓöÇΓöÇΓöÇΓöÇΓöÇΓöÇΓöÇΓöÇΓöÇΓöÇΓöÇΓöÇΓöÇΓöÇΓöÇΓöÇΓöÇΓöÇΓöÇΓöÇΓöÇΓöÇΓöÇΓöÇΓöÇΓöÇΓöÇΓöÇΓöÇΓöÇΓöÇΓöÇΓöÇΓöÇΓöÇΓöÇΓöÇΓöÇΓöÇΓöÇΓöÇΓöÇΓöÇΓöÇΓöÇΓöÇΓöÇΓöÇΓöÇΓöÇΓöÇΓöÇΓöÇΓöÇΓöÇΓöÇΓöÇΓöÇΓöÇΓöÇΓöÇΓöÇΓöÇΓöÇΓöÇΓöÇΓöÇΓöÇΓöÇΓöÇΓöÇΓöÇΓöÇΓöÇΓöÇΓöÇΓöÇΓöÇΓöÇΓöÇΓöÇΓöÇΓöÇΓöÇΓöÇΓöÇΓöÇΓöÇΓöÇΓöÇΓöÇΓöÇΓöÇΓöÇΓöÇ

    attachment #2: video (video/webm) ΓöÇΓöÇΓöÇΓöÇΓöÇΓöÇΓöÇΓöÇΓöÇΓöÇΓöÇΓöÇΓöÇΓöÇΓöÇΓöÇΓöÇΓöÇΓöÇΓöÇΓöÇΓöÇΓöÇΓöÇΓöÇΓöÇΓöÇΓöÇΓöÇΓöÇΓöÇΓöÇΓöÇΓöÇΓöÇΓöÇΓöÇΓöÇΓöÇΓöÇΓöÇΓöÇΓöÇΓöÇΓöÇΓöÇΓöÇΓöÇΓöÇΓöÇΓöÇΓöÇΓöÇΓöÇΓöÇΓöÇΓöÇΓöÇΓöÇΓöÇΓöÇΓöÇ
    test-results\e2e-api-API---Admin-Endpoi-f84ce-admin---Lß║Ñy-th├┤ng-tin-admin-chromium\video.webm
    ΓöÇΓöÇΓöÇΓöÇΓöÇΓöÇΓöÇΓöÇΓöÇΓöÇΓöÇΓöÇΓöÇΓöÇΓöÇΓöÇΓöÇΓöÇΓöÇΓöÇΓöÇΓöÇΓöÇΓöÇΓöÇΓöÇΓöÇΓöÇΓöÇΓöÇΓöÇΓöÇΓöÇΓöÇΓöÇΓöÇΓöÇΓöÇΓöÇΓöÇΓöÇΓöÇΓöÇΓöÇΓöÇΓöÇΓöÇΓöÇΓöÇΓöÇΓöÇΓöÇΓöÇΓöÇΓöÇΓöÇΓöÇΓöÇΓöÇΓöÇΓöÇΓöÇΓöÇΓöÇΓöÇΓöÇΓöÇΓöÇΓöÇΓöÇΓöÇΓöÇΓöÇΓöÇΓöÇΓöÇΓöÇΓöÇΓöÇΓöÇΓöÇΓöÇΓöÇΓöÇΓöÇΓöÇΓöÇΓöÇΓöÇΓöÇΓöÇΓöÇΓöÇΓöÇΓöÇΓöÇ

    Error Context: test-results\e2e-api-API---Admin-Endpoi-f84ce-admin---Lß║Ñy-th├┤ng-tin-admin-chromium\error-context.md


[1A[2K[47/242] [chromium] ΓÇ║ tests\e2e\api.spec.ts:39:7 ΓÇ║ API - Properties Endpoints ΓÇ║ TC_API_PROP_03: GET /api/properties/[id] - Lß║Ñy chi tiß║┐t khu trß╗ì
[1A[2K[48/242] [chromium] ΓÇ║ tests\e2e\api.spec.ts:18:7 ΓÇ║ API - Properties Endpoints ΓÇ║ TC_API_PROP_01: GET /api/properties - Lß║Ñy danh s├ích khu trß╗ì
[1A[2K[49/242] [chromium] ΓÇ║ tests\e2e\api.spec.ts:27:7 ΓÇ║ API - Properties Endpoints ΓÇ║ TC_API_PROP_02: POST /api/properties - Tß║ío khu trß╗ì mß╗¢i
[1A[2K  36) [chromium] ΓÇ║ tests\e2e\api.spec.ts:434:7 ΓÇ║ API - Admin Endpoints ΓÇ║ TC_API_ADM_02: POST /api/admin/verify-landlord - Duyß╗çt chß╗º trß╗ì 

    TypeError: (0 , _auth.loginAsAdmin) is not a function

      433 |
      434 |   test('TC_API_ADM_02: POST /api/admin/verify-landlord - Duyß╗çt chß╗º trß╗ì', async ({ request, page }) => {
    > 435 |     await loginAsAdmin(page);
          |                       ^
      436 |     const cookies = await page.context().cookies();
      437 |     const authCookie = cookies.find(c => c.name.includes('auth'));
      438 |     
        at E:\Project\repo\apartment-management-web\tests\e2e\api.spec.ts:435:23

    attachment #1: screenshot (image/png) ΓöÇΓöÇΓöÇΓöÇΓöÇΓöÇΓöÇΓöÇΓöÇΓöÇΓöÇΓöÇΓöÇΓöÇΓöÇΓöÇΓöÇΓöÇΓöÇΓöÇΓöÇΓöÇΓöÇΓöÇΓöÇΓöÇΓöÇΓöÇΓöÇΓöÇΓöÇΓöÇΓöÇΓöÇΓöÇΓöÇΓöÇΓöÇΓöÇΓöÇΓöÇΓöÇΓöÇΓöÇΓöÇΓöÇΓöÇΓöÇΓöÇΓöÇΓöÇΓöÇΓöÇΓöÇΓöÇΓöÇΓöÇΓöÇ
    test-results\e2e-api-API---Admin-Endpoi-54cec-fy-landlord---Duyß╗çt-chß╗º-trß╗ì-chromium\test-failed-1.png
    ΓöÇΓöÇΓöÇΓöÇΓöÇΓöÇΓöÇΓöÇΓöÇΓöÇΓöÇΓöÇΓöÇΓöÇΓöÇΓöÇΓöÇΓöÇΓöÇΓöÇΓöÇΓöÇΓöÇΓöÇΓöÇΓöÇΓöÇΓöÇΓöÇΓöÇΓöÇΓöÇΓöÇΓöÇΓöÇΓöÇΓöÇΓöÇΓöÇΓöÇΓöÇΓöÇΓöÇΓöÇΓöÇΓöÇΓöÇΓöÇΓöÇΓöÇΓöÇΓöÇΓöÇΓöÇΓöÇΓöÇΓöÇΓöÇΓöÇΓöÇΓöÇΓöÇΓöÇΓöÇΓöÇΓöÇΓöÇΓöÇΓöÇΓöÇΓöÇΓöÇΓöÇΓöÇΓöÇΓöÇΓöÇΓöÇΓöÇΓöÇΓöÇΓöÇΓöÇΓöÇΓöÇΓöÇΓöÇΓöÇΓöÇΓöÇΓöÇΓöÇΓöÇΓöÇΓöÇΓöÇ

    attachment #2: video (video/webm) ΓöÇΓöÇΓöÇΓöÇΓöÇΓöÇΓöÇΓöÇΓöÇΓöÇΓöÇΓöÇΓöÇΓöÇΓöÇΓöÇΓöÇΓöÇΓöÇΓöÇΓöÇΓöÇΓöÇΓöÇΓöÇΓöÇΓöÇΓöÇΓöÇΓöÇΓöÇΓöÇΓöÇΓöÇΓöÇΓöÇΓöÇΓöÇΓöÇΓöÇΓöÇΓöÇΓöÇΓöÇΓöÇΓöÇΓöÇΓöÇΓöÇΓöÇΓöÇΓöÇΓöÇΓöÇΓöÇΓöÇΓöÇΓöÇΓöÇΓöÇΓöÇΓöÇ
    test-results\e2e-api-API---Admin-Endpoi-54cec-fy-landlord---Duyß╗çt-chß╗º-trß╗ì-chromium\video.webm
    ΓöÇΓöÇΓöÇΓöÇΓöÇΓöÇΓöÇΓöÇΓöÇΓöÇΓöÇΓöÇΓöÇΓöÇΓöÇΓöÇΓöÇΓöÇΓöÇΓöÇΓöÇΓöÇΓöÇΓöÇΓöÇΓöÇΓöÇΓöÇΓöÇΓöÇΓöÇΓöÇΓöÇΓöÇΓöÇΓöÇΓöÇΓöÇΓöÇΓöÇΓöÇΓöÇΓöÇΓöÇΓöÇΓöÇΓöÇΓöÇΓöÇΓöÇΓöÇΓöÇΓöÇΓöÇΓöÇΓöÇΓöÇΓöÇΓöÇΓöÇΓöÇΓöÇΓöÇΓöÇΓöÇΓöÇΓöÇΓöÇΓöÇΓöÇΓöÇΓöÇΓöÇΓöÇΓöÇΓöÇΓöÇΓöÇΓöÇΓöÇΓöÇΓöÇΓöÇΓöÇΓöÇΓöÇΓöÇΓöÇΓöÇΓöÇΓöÇΓöÇΓöÇΓöÇΓöÇΓöÇ

    Error Context: test-results\e2e-api-API---Admin-Endpoi-54cec-fy-landlord---Duyß╗çt-chß╗º-trß╗ì-chromium\error-context.md


[1A[2K[50/242] [chromium] ΓÇ║ tests\e2e\api.spec.ts:55:7 ΓÇ║ API - Properties Endpoints ΓÇ║ TC_API_PROP_04: API authentication validation
[1A[2K[51/242] [chromium] ΓÇ║ tests\e2e\auth.spec.ts:4:7 ΓÇ║ Authentication - ─É─âng nhß║¡p/─É─âng xuß║Ñt ΓÇ║ TC_AUTH_01: Owner ─æ─âng nhß║¡p th├ánh c├┤ng vß╗¢i t├ái khoß║ún hß╗úp lß╗ç
[1A[2K  37) [chromium] ΓÇ║ tests\e2e\api.spec.ts:27:7 ΓÇ║ API - Properties Endpoints ΓÇ║ TC_API_PROP_02: POST /api/properties - Tß║ío khu trß╗ì mß╗¢i 

    TypeError: (0 , _auth.loginAsOwner) is not a function

      11 |     const context = await browser.newContext();
      12 |     const page = await context.newPage();
    > 13 |     await loginAsOwner(page);
         |                       ^
      14 |     ownerToken = (await context.cookies()).find(c => c.name.includes('auth'))?.value || '';
      15 |     await context.close();
      16 |   });
        at E:\Project\repo\apartment-management-web\tests\e2e\api.spec.ts:13:23

    attachment #1: screenshot (image/png) ΓöÇΓöÇΓöÇΓöÇΓöÇΓöÇΓöÇΓöÇΓöÇΓöÇΓöÇΓöÇΓöÇΓöÇΓöÇΓöÇΓöÇΓöÇΓöÇΓöÇΓöÇΓöÇΓöÇΓöÇΓöÇΓöÇΓöÇΓöÇΓöÇΓöÇΓöÇΓöÇΓöÇΓöÇΓöÇΓöÇΓöÇΓöÇΓöÇΓöÇΓöÇΓöÇΓöÇΓöÇΓöÇΓöÇΓöÇΓöÇΓöÇΓöÇΓöÇΓöÇΓöÇΓöÇΓöÇΓöÇΓöÇΓöÇ
    test-results\e2e-api-API---Properties-E-caf80-roperties---Tß║ío-khu-trß╗ì-mß╗¢i-chromium\test-failed-1.png
    ΓöÇΓöÇΓöÇΓöÇΓöÇΓöÇΓöÇΓöÇΓöÇΓöÇΓöÇΓöÇΓöÇΓöÇΓöÇΓöÇΓöÇΓöÇΓöÇΓöÇΓöÇΓöÇΓöÇΓöÇΓöÇΓöÇΓöÇΓöÇΓöÇΓöÇΓöÇΓöÇΓöÇΓöÇΓöÇΓöÇΓöÇΓöÇΓöÇΓöÇΓöÇΓöÇΓöÇΓöÇΓöÇΓöÇΓöÇΓöÇΓöÇΓöÇΓöÇΓöÇΓöÇΓöÇΓöÇΓöÇΓöÇΓöÇΓöÇΓöÇΓöÇΓöÇΓöÇΓöÇΓöÇΓöÇΓöÇΓöÇΓöÇΓöÇΓöÇΓöÇΓöÇΓöÇΓöÇΓöÇΓöÇΓöÇΓöÇΓöÇΓöÇΓöÇΓöÇΓöÇΓöÇΓöÇΓöÇΓöÇΓöÇΓöÇΓöÇΓöÇΓöÇΓöÇΓöÇΓöÇ

    Error Context: test-results\e2e-api-API---Properties-E-caf80-roperties---Tß║ío-khu-trß╗ì-mß╗¢i-chromium\error-context.md


[1A[2K  38) [chromium] ΓÇ║ tests\e2e\api.spec.ts:39:7 ΓÇ║ API - Properties Endpoints ΓÇ║ TC_API_PROP_03: GET /api/properties/[id] - Lß║Ñy chi tiß║┐t khu trß╗ì 

    TypeError: (0 , _auth.loginAsOwner) is not a function

      11 |     const context = await browser.newContext();
      12 |     const page = await context.newPage();
    > 13 |     await loginAsOwner(page);
         |                       ^
      14 |     ownerToken = (await context.cookies()).find(c => c.name.includes('auth'))?.value || '';
      15 |     await context.close();
      16 |   });
        at E:\Project\repo\apartment-management-web\tests\e2e\api.spec.ts:13:23

    attachment #1: screenshot (image/png) ΓöÇΓöÇΓöÇΓöÇΓöÇΓöÇΓöÇΓöÇΓöÇΓöÇΓöÇΓöÇΓöÇΓöÇΓöÇΓöÇΓöÇΓöÇΓöÇΓöÇΓöÇΓöÇΓöÇΓöÇΓöÇΓöÇΓöÇΓöÇΓöÇΓöÇΓöÇΓöÇΓöÇΓöÇΓöÇΓöÇΓöÇΓöÇΓöÇΓöÇΓöÇΓöÇΓöÇΓöÇΓöÇΓöÇΓöÇΓöÇΓöÇΓöÇΓöÇΓöÇΓöÇΓöÇΓöÇΓöÇΓöÇΓöÇ
    test-results\e2e-api-API---Properties-E-237da-s-id---Lß║Ñy-chi-tiß║┐t-khu-trß╗ì-chromium\test-failed-1.png
    ΓöÇΓöÇΓöÇΓöÇΓöÇΓöÇΓöÇΓöÇΓöÇΓöÇΓöÇΓöÇΓöÇΓöÇΓöÇΓöÇΓöÇΓöÇΓöÇΓöÇΓöÇΓöÇΓöÇΓöÇΓöÇΓöÇΓöÇΓöÇΓöÇΓöÇΓöÇΓöÇΓöÇΓöÇΓöÇΓöÇΓöÇΓöÇΓöÇΓöÇΓöÇΓöÇΓöÇΓöÇΓöÇΓöÇΓöÇΓöÇΓöÇΓöÇΓöÇΓöÇΓöÇΓöÇΓöÇΓöÇΓöÇΓöÇΓöÇΓöÇΓöÇΓöÇΓöÇΓöÇΓöÇΓöÇΓöÇΓöÇΓöÇΓöÇΓöÇΓöÇΓöÇΓöÇΓöÇΓöÇΓöÇΓöÇΓöÇΓöÇΓöÇΓöÇΓöÇΓöÇΓöÇΓöÇΓöÇΓöÇΓöÇΓöÇΓöÇΓöÇΓöÇΓöÇΓöÇΓöÇ

    Error Context: test-results\e2e-api-API---Properties-E-237da-s-id---Lß║Ñy-chi-tiß║┐t-khu-trß╗ì-chromium\error-context.md


[1A[2K  39) [chromium] ΓÇ║ tests\e2e\api.spec.ts:18:7 ΓÇ║ API - Properties Endpoints ΓÇ║ TC_API_PROP_01: GET /api/properties - Lß║Ñy danh s├ích khu trß╗ì 

    TypeError: (0 , _auth.loginAsOwner) is not a function

      11 |     const context = await browser.newContext();
      12 |     const page = await context.newPage();
    > 13 |     await loginAsOwner(page);
         |                       ^
      14 |     ownerToken = (await context.cookies()).find(c => c.name.includes('auth'))?.value || '';
      15 |     await context.close();
      16 |   });
        at E:\Project\repo\apartment-management-web\tests\e2e\api.spec.ts:13:23

    attachment #1: screenshot (image/png) ΓöÇΓöÇΓöÇΓöÇΓöÇΓöÇΓöÇΓöÇΓöÇΓöÇΓöÇΓöÇΓöÇΓöÇΓöÇΓöÇΓöÇΓöÇΓöÇΓöÇΓöÇΓöÇΓöÇΓöÇΓöÇΓöÇΓöÇΓöÇΓöÇΓöÇΓöÇΓöÇΓöÇΓöÇΓöÇΓöÇΓöÇΓöÇΓöÇΓöÇΓöÇΓöÇΓöÇΓöÇΓöÇΓöÇΓöÇΓöÇΓöÇΓöÇΓöÇΓöÇΓöÇΓöÇΓöÇΓöÇΓöÇΓöÇ
    test-results\e2e-api-API---Properties-E-65c78-ies---Lß║Ñy-danh-s├ích-khu-trß╗ì-chromium\test-failed-1.png
    ΓöÇΓöÇΓöÇΓöÇΓöÇΓöÇΓöÇΓöÇΓöÇΓöÇΓöÇΓöÇΓöÇΓöÇΓöÇΓöÇΓöÇΓöÇΓöÇΓöÇΓöÇΓöÇΓöÇΓöÇΓöÇΓöÇΓöÇΓöÇΓöÇΓöÇΓöÇΓöÇΓöÇΓöÇΓöÇΓöÇΓöÇΓöÇΓöÇΓöÇΓöÇΓöÇΓöÇΓöÇΓöÇΓöÇΓöÇΓöÇΓöÇΓöÇΓöÇΓöÇΓöÇΓöÇΓöÇΓöÇΓöÇΓöÇΓöÇΓöÇΓöÇΓöÇΓöÇΓöÇΓöÇΓöÇΓöÇΓöÇΓöÇΓöÇΓöÇΓöÇΓöÇΓöÇΓöÇΓöÇΓöÇΓöÇΓöÇΓöÇΓöÇΓöÇΓöÇΓöÇΓöÇΓöÇΓöÇΓöÇΓöÇΓöÇΓöÇΓöÇΓöÇΓöÇΓöÇΓöÇ

    Error Context: test-results\e2e-api-API---Properties-E-65c78-ies---Lß║Ñy-danh-s├ích-khu-trß╗ì-chromium\error-context.md


[1A[2K  40) [chromium] ΓÇ║ tests\e2e\api.spec.ts:55:7 ΓÇ║ API - Properties Endpoints ΓÇ║ TC_API_PROP_04: API authentication validation 

    TypeError: (0 , _auth.loginAsOwner) is not a function

      11 |     const context = await browser.newContext();
      12 |     const page = await context.newPage();
    > 13 |     await loginAsOwner(page);
         |                       ^
      14 |     ownerToken = (await context.cookies()).find(c => c.name.includes('auth'))?.value || '';
      15 |     await context.close();
      16 |   });
        at E:\Project\repo\apartment-management-web\tests\e2e\api.spec.ts:13:23

    attachment #1: screenshot (image/png) ΓöÇΓöÇΓöÇΓöÇΓöÇΓöÇΓöÇΓöÇΓöÇΓöÇΓöÇΓöÇΓöÇΓöÇΓöÇΓöÇΓöÇΓöÇΓöÇΓöÇΓöÇΓöÇΓöÇΓöÇΓöÇΓöÇΓöÇΓöÇΓöÇΓöÇΓöÇΓöÇΓöÇΓöÇΓöÇΓöÇΓöÇΓöÇΓöÇΓöÇΓöÇΓöÇΓöÇΓöÇΓöÇΓöÇΓöÇΓöÇΓöÇΓöÇΓöÇΓöÇΓöÇΓöÇΓöÇΓöÇΓöÇΓöÇ
    test-results\e2e-api-API---Properties-E-c17a1-I-authentication-validation-chromium\test-failed-1.png
    ΓöÇΓöÇΓöÇΓöÇΓöÇΓöÇΓöÇΓöÇΓöÇΓöÇΓöÇΓöÇΓöÇΓöÇΓöÇΓöÇΓöÇΓöÇΓöÇΓöÇΓöÇΓöÇΓöÇΓöÇΓöÇΓöÇΓöÇΓöÇΓöÇΓöÇΓöÇΓöÇΓöÇΓöÇΓöÇΓöÇΓöÇΓöÇΓöÇΓöÇΓöÇΓöÇΓöÇΓöÇΓöÇΓöÇΓöÇΓöÇΓöÇΓöÇΓöÇΓöÇΓöÇΓöÇΓöÇΓöÇΓöÇΓöÇΓöÇΓöÇΓöÇΓöÇΓöÇΓöÇΓöÇΓöÇΓöÇΓöÇΓöÇΓöÇΓöÇΓöÇΓöÇΓöÇΓöÇΓöÇΓöÇΓöÇΓöÇΓöÇΓöÇΓöÇΓöÇΓöÇΓöÇΓöÇΓöÇΓöÇΓöÇΓöÇΓöÇΓöÇΓöÇΓöÇΓöÇΓöÇ

    Error Context: test-results\e2e-api-API---Properties-E-c17a1-I-authentication-validation-chromium\error-context.md


[1A[2K[52/242] [chromium] ΓÇ║ tests\e2e\auth.spec.ts:15:7 ΓÇ║ Authentication - ─É─âng nhß║¡p/─É─âng xuß║Ñt ΓÇ║ TC_AUTH_02: Tenant ─æ─âng nhß║¡p th├ánh c├┤ng vß╗¢i t├ái khoß║ún hß╗úp lß╗ç
[1A[2K[53/242] [chromium] ΓÇ║ tests\e2e\auth.spec.ts:26:7 ΓÇ║ Authentication - ─É─âng nhß║¡p/─É─âng xuß║Ñt ΓÇ║ TC_AUTH_03: Admin ─æ─âng nhß║¡p th├ánh c├┤ng vß╗¢i t├ái khoß║ún hß╗úp lß╗ç
[1A[2K[54/242] [chromium] ΓÇ║ tests\e2e\auth.spec.ts:33:7 ΓÇ║ Authentication - ─É─âng nhß║¡p/─É─âng xuß║Ñt ΓÇ║ TC_AUTH_04: ─É─âng nhß║¡p thß║Ñt bß║íi do sai mß║¡t khß║⌐u
[1A[2K[55/242] [chromium] ΓÇ║ tests\e2e\auth.spec.ts:49:7 ΓÇ║ Authentication - ─É─âng nhß║¡p/─É─âng xuß║Ñt ΓÇ║ TC_AUTH_05: ─É─âng nhß║¡p thß║Ñt bß║íi do email kh├┤ng tß╗ôn tß║íi
[1A[2K  41) [chromium] ΓÇ║ tests\e2e\auth.spec.ts:4:7 ΓÇ║ Authentication - ─É─âng nhß║¡p/─É─âng xuß║Ñt ΓÇ║ TC_AUTH_01: Owner ─æ─âng nhß║¡p th├ánh c├┤ng vß╗¢i t├ái khoß║ún hß╗úp lß╗ç 

    Error: [2mexpect([22m[31mpage[39m[2m).[22mtoHaveURL[2m([22m[32mexpected[39m[2m)[22m failed

    Expected pattern: [32m/.*\/dashboard\/owner\/.*/[39m
    Received string:  [31m"http://localhost:3000/dashboard/owner"[39m
    Timeout: 5000ms

    Call log:
    [2m  - Expect "toHaveURL" with timeout 5000ms[22m
    [2m    8 ├ù unexpected value "http://localhost:3000/dashboard/owner"[22m


       6 |
       7 |     // Kiß╗âm tra chuyß╗ân h╞░ß╗¢ng ─æß║┐n dashboard owner
    >  8 |     await expect(page).toHaveURL(/.*\/dashboard\/owner\/.*/);
         |                        ^
       9 |
      10 |     // Kiß╗âm tra hiß╗ân thß╗ï c├íc phß║ºn tß╗¡ ch├¡nh cß╗ºa dashboard
      11 |     const welcomeText = page.locator('text=/.*t├ái ch├¡nh|doanh thu|t├ái sß║ún.*/i');
        at E:\Project\repo\apartment-management-web\tests\e2e\auth.spec.ts:8:24

    attachment #1: screenshot (image/png) ΓöÇΓöÇΓöÇΓöÇΓöÇΓöÇΓöÇΓöÇΓöÇΓöÇΓöÇΓöÇΓöÇΓöÇΓöÇΓöÇΓöÇΓöÇΓöÇΓöÇΓöÇΓöÇΓöÇΓöÇΓöÇΓöÇΓöÇΓöÇΓöÇΓöÇΓöÇΓöÇΓöÇΓöÇΓöÇΓöÇΓöÇΓöÇΓöÇΓöÇΓöÇΓöÇΓöÇΓöÇΓöÇΓöÇΓöÇΓöÇΓöÇΓöÇΓöÇΓöÇΓöÇΓöÇΓöÇΓöÇΓöÇΓöÇ
    test-results\e2e-auth-Authentication----bac1c-h-c├┤ng-vß╗¢i-t├ái-khoß║ún-hß╗úp-lß╗ç-chromium\test-failed-1.png
    ΓöÇΓöÇΓöÇΓöÇΓöÇΓöÇΓöÇΓöÇΓöÇΓöÇΓöÇΓöÇΓöÇΓöÇΓöÇΓöÇΓöÇΓöÇΓöÇΓöÇΓöÇΓöÇΓöÇΓöÇΓöÇΓöÇΓöÇΓöÇΓöÇΓöÇΓöÇΓöÇΓöÇΓöÇΓöÇΓöÇΓöÇΓöÇΓöÇΓöÇΓöÇΓöÇΓöÇΓöÇΓöÇΓöÇΓöÇΓöÇΓöÇΓöÇΓöÇΓöÇΓöÇΓöÇΓöÇΓöÇΓöÇΓöÇΓöÇΓöÇΓöÇΓöÇΓöÇΓöÇΓöÇΓöÇΓöÇΓöÇΓöÇΓöÇΓöÇΓöÇΓöÇΓöÇΓöÇΓöÇΓöÇΓöÇΓöÇΓöÇΓöÇΓöÇΓöÇΓöÇΓöÇΓöÇΓöÇΓöÇΓöÇΓöÇΓöÇΓöÇΓöÇΓöÇΓöÇΓöÇ

    attachment #2: video (video/webm) ΓöÇΓöÇΓöÇΓöÇΓöÇΓöÇΓöÇΓöÇΓöÇΓöÇΓöÇΓöÇΓöÇΓöÇΓöÇΓöÇΓöÇΓöÇΓöÇΓöÇΓöÇΓöÇΓöÇΓöÇΓöÇΓöÇΓöÇΓöÇΓöÇΓöÇΓöÇΓöÇΓöÇΓöÇΓöÇΓöÇΓöÇΓöÇΓöÇΓöÇΓöÇΓöÇΓöÇΓöÇΓöÇΓöÇΓöÇΓöÇΓöÇΓöÇΓöÇΓöÇΓöÇΓöÇΓöÇΓöÇΓöÇΓöÇΓöÇΓöÇΓöÇΓöÇ
    test-results\e2e-auth-Authentication----bac1c-h-c├┤ng-vß╗¢i-t├ái-khoß║ún-hß╗úp-lß╗ç-chromium\video.webm
    ΓöÇΓöÇΓöÇΓöÇΓöÇΓöÇΓöÇΓöÇΓöÇΓöÇΓöÇΓöÇΓöÇΓöÇΓöÇΓöÇΓöÇΓöÇΓöÇΓöÇΓöÇΓöÇΓöÇΓöÇΓöÇΓöÇΓöÇΓöÇΓöÇΓöÇΓöÇΓöÇΓöÇΓöÇΓöÇΓöÇΓöÇΓöÇΓöÇΓöÇΓöÇΓöÇΓöÇΓöÇΓöÇΓöÇΓöÇΓöÇΓöÇΓöÇΓöÇΓöÇΓöÇΓöÇΓöÇΓöÇΓöÇΓöÇΓöÇΓöÇΓöÇΓöÇΓöÇΓöÇΓöÇΓöÇΓöÇΓöÇΓöÇΓöÇΓöÇΓöÇΓöÇΓöÇΓöÇΓöÇΓöÇΓöÇΓöÇΓöÇΓöÇΓöÇΓöÇΓöÇΓöÇΓöÇΓöÇΓöÇΓöÇΓöÇΓöÇΓöÇΓöÇΓöÇΓöÇΓöÇ

    Error Context: test-results\e2e-auth-Authentication----bac1c-h-c├┤ng-vß╗¢i-t├ái-khoß║ún-hß╗úp-lß╗ç-chromium\error-context.md


[1A[2K  42) [chromium] ΓÇ║ tests\e2e\auth.spec.ts:33:7 ΓÇ║ Authentication - ─É─âng nhß║¡p/─É─âng xuß║Ñt ΓÇ║ TC_AUTH_04: ─É─âng nhß║¡p thß║Ñt bß║íi do sai mß║¡t khß║⌐u 

    Error: [2mexpect([22m[31mlocator[39m[2m).[22mtoBeVisible[2m([22m[2m)[22m failed

    Locator: locator('text=/.*kh├┤ng ch├¡nh x├íc|sai mß║¡t khß║⌐u|kh├┤ng ─æ├║ng.*/i')
    Expected: visible
    Timeout: 5000ms
    Error: element(s) not found

    Call log:
    [2m  - Expect "toBeVisible" with timeout 5000ms[22m
    [2m  - waiting for locator('text=/.*kh├┤ng ch├¡nh x├íc|sai mß║¡t khß║⌐u|kh├┤ng ─æ├║ng.*/i')[22m


      41 |     // Kiß╗âm tra hiß╗ân thß╗ï lß╗ùi
      42 |     const errorMessage = page.locator('text=/.*kh├┤ng ch├¡nh x├íc|sai mß║¡t khß║⌐u|kh├┤ng ─æ├║ng.*/i');
    > 43 |     await expect(errorMessage).toBeVisible({ timeout: 5000 });
         |                                ^
      44 |
      45 |     // Kiß╗âm tra vß║½n ß╗ƒ trang login
      46 |     await expect(page).toHaveURL(/.*\/login/);
        at E:\Project\repo\apartment-management-web\tests\e2e\auth.spec.ts:43:32

    attachment #1: screenshot (image/png) ΓöÇΓöÇΓöÇΓöÇΓöÇΓöÇΓöÇΓöÇΓöÇΓöÇΓöÇΓöÇΓöÇΓöÇΓöÇΓöÇΓöÇΓöÇΓöÇΓöÇΓöÇΓöÇΓöÇΓöÇΓöÇΓöÇΓöÇΓöÇΓöÇΓöÇΓöÇΓöÇΓöÇΓöÇΓöÇΓöÇΓöÇΓöÇΓöÇΓöÇΓöÇΓöÇΓöÇΓöÇΓöÇΓöÇΓöÇΓöÇΓöÇΓöÇΓöÇΓöÇΓöÇΓöÇΓöÇΓöÇΓöÇΓöÇ
    test-results\e2e-auth-Authentication----33e98-ß║¡p-thß║Ñt-bß║íi-do-sai-mß║¡t-khß║⌐u-chromium\test-failed-1.png
    ΓöÇΓöÇΓöÇΓöÇΓöÇΓöÇΓöÇΓöÇΓöÇΓöÇΓöÇΓöÇΓöÇΓöÇΓöÇΓöÇΓöÇΓöÇΓöÇΓöÇΓöÇΓöÇΓöÇΓöÇΓöÇΓöÇΓöÇΓöÇΓöÇΓöÇΓöÇΓöÇΓöÇΓöÇΓöÇΓöÇΓöÇΓöÇΓöÇΓöÇΓöÇΓöÇΓöÇΓöÇΓöÇΓöÇΓöÇΓöÇΓöÇΓöÇΓöÇΓöÇΓöÇΓöÇΓöÇΓöÇΓöÇΓöÇΓöÇΓöÇΓöÇΓöÇΓöÇΓöÇΓöÇΓöÇΓöÇΓöÇΓöÇΓöÇΓöÇΓöÇΓöÇΓöÇΓöÇΓöÇΓöÇΓöÇΓöÇΓöÇΓöÇΓöÇΓöÇΓöÇΓöÇΓöÇΓöÇΓöÇΓöÇΓöÇΓöÇΓöÇΓöÇΓöÇΓöÇΓöÇ

    attachment #2: video (video/webm) ΓöÇΓöÇΓöÇΓöÇΓöÇΓöÇΓöÇΓöÇΓöÇΓöÇΓöÇΓöÇΓöÇΓöÇΓöÇΓöÇΓöÇΓöÇΓöÇΓöÇΓöÇΓöÇΓöÇΓöÇΓöÇΓöÇΓöÇΓöÇΓöÇΓöÇΓöÇΓöÇΓöÇΓöÇΓöÇΓöÇΓöÇΓöÇΓöÇΓöÇΓöÇΓöÇΓöÇΓöÇΓöÇΓöÇΓöÇΓöÇΓöÇΓöÇΓöÇΓöÇΓöÇΓöÇΓöÇΓöÇΓöÇΓöÇΓöÇΓöÇΓöÇΓöÇ
    test-results\e2e-auth-Authentication----33e98-ß║¡p-thß║Ñt-bß║íi-do-sai-mß║¡t-khß║⌐u-chromium\video.webm
    ΓöÇΓöÇΓöÇΓöÇΓöÇΓöÇΓöÇΓöÇΓöÇΓöÇΓöÇΓöÇΓöÇΓöÇΓöÇΓöÇΓöÇΓöÇΓöÇΓöÇΓöÇΓöÇΓöÇΓöÇΓöÇΓöÇΓöÇΓöÇΓöÇΓöÇΓöÇΓöÇΓöÇΓöÇΓöÇΓöÇΓöÇΓöÇΓöÇΓöÇΓöÇΓöÇΓöÇΓöÇΓöÇΓöÇΓöÇΓöÇΓöÇΓöÇΓöÇΓöÇΓöÇΓöÇΓöÇΓöÇΓöÇΓöÇΓöÇΓöÇΓöÇΓöÇΓöÇΓöÇΓöÇΓöÇΓöÇΓöÇΓöÇΓöÇΓöÇΓöÇΓöÇΓöÇΓöÇΓöÇΓöÇΓöÇΓöÇΓöÇΓöÇΓöÇΓöÇΓöÇΓöÇΓöÇΓöÇΓöÇΓöÇΓöÇΓöÇΓöÇΓöÇΓöÇΓöÇΓöÇ

    Error Context: test-results\e2e-auth-Authentication----33e98-ß║¡p-thß║Ñt-bß║íi-do-sai-mß║¡t-khß║⌐u-chromium\error-context.md


[1A[2K  43) [chromium] ΓÇ║ tests\e2e\ai-chatbot.spec.ts:174:7 ΓÇ║ UI/UX Features ΓÇ║ TC_UI_02: Responsive tr├¬n mobile view 

    [31mTest timeout of 30000ms exceeded.[39m

    Error: page.waitForURL: Test ended.
    =========================== logs ===========================
    waiting for navigation until "load"
      navigated to "http://localhost:3000/dashboard/owner"
    ============================================================

      186 |     await mobilePage.click('button[type="submit"]');
      187 |
    > 188 |     await mobilePage.waitForURL(/.*\/dashboard\/owner\/.*/);
          |                      ^
      189 |
      190 |     // Kiß╗âm tra sidebar/menu responsive
      191 |     const sidebar = mobilePage.locator('aside, nav[role="navigation"]').first();
        at E:\Project\repo\apartment-management-web\tests\e2e\ai-chatbot.spec.ts:188:22

    attachment #1: screenshot (image/png) ΓöÇΓöÇΓöÇΓöÇΓöÇΓöÇΓöÇΓöÇΓöÇΓöÇΓöÇΓöÇΓöÇΓöÇΓöÇΓöÇΓöÇΓöÇΓöÇΓöÇΓöÇΓöÇΓöÇΓöÇΓöÇΓöÇΓöÇΓöÇΓöÇΓöÇΓöÇΓöÇΓöÇΓöÇΓöÇΓöÇΓöÇΓöÇΓöÇΓöÇΓöÇΓöÇΓöÇΓöÇΓöÇΓöÇΓöÇΓöÇΓöÇΓöÇΓöÇΓöÇΓöÇΓöÇΓöÇΓöÇΓöÇΓöÇ
    test-results\e2e-ai-chatbot-UI-UX-Featu-3d270-Responsive-tr├¬n-mobile-view-chromium\test-failed-2.png
    ΓöÇΓöÇΓöÇΓöÇΓöÇΓöÇΓöÇΓöÇΓöÇΓöÇΓöÇΓöÇΓöÇΓöÇΓöÇΓöÇΓöÇΓöÇΓöÇΓöÇΓöÇΓöÇΓöÇΓöÇΓöÇΓöÇΓöÇΓöÇΓöÇΓöÇΓöÇΓöÇΓöÇΓöÇΓöÇΓöÇΓöÇΓöÇΓöÇΓöÇΓöÇΓöÇΓöÇΓöÇΓöÇΓöÇΓöÇΓöÇΓöÇΓöÇΓöÇΓöÇΓöÇΓöÇΓöÇΓöÇΓöÇΓöÇΓöÇΓöÇΓöÇΓöÇΓöÇΓöÇΓöÇΓöÇΓöÇΓöÇΓöÇΓöÇΓöÇΓöÇΓöÇΓöÇΓöÇΓöÇΓöÇΓöÇΓöÇΓöÇΓöÇΓöÇΓöÇΓöÇΓöÇΓöÇΓöÇΓöÇΓöÇΓöÇΓöÇΓöÇΓöÇΓöÇΓöÇΓöÇ

    attachment #2: screenshot (image/png) ΓöÇΓöÇΓöÇΓöÇΓöÇΓöÇΓöÇΓöÇΓöÇΓöÇΓöÇΓöÇΓöÇΓöÇΓöÇΓöÇΓöÇΓöÇΓöÇΓöÇΓöÇΓöÇΓöÇΓöÇΓöÇΓöÇΓöÇΓöÇΓöÇΓöÇΓöÇΓöÇΓöÇΓöÇΓöÇΓöÇΓöÇΓöÇΓöÇΓöÇΓöÇΓöÇΓöÇΓöÇΓöÇΓöÇΓöÇΓöÇΓöÇΓöÇΓöÇΓöÇΓöÇΓöÇΓöÇΓöÇΓöÇΓöÇ
    test-results\e2e-ai-chatbot-UI-UX-Featu-3d270-Responsive-tr├¬n-mobile-view-chromium\test-failed-1.png
    ΓöÇΓöÇΓöÇΓöÇΓöÇΓöÇΓöÇΓöÇΓöÇΓöÇΓöÇΓöÇΓöÇΓöÇΓöÇΓöÇΓöÇΓöÇΓöÇΓöÇΓöÇΓöÇΓöÇΓöÇΓöÇΓöÇΓöÇΓöÇΓöÇΓöÇΓöÇΓöÇΓöÇΓöÇΓöÇΓöÇΓöÇΓöÇΓöÇΓöÇΓöÇΓöÇΓöÇΓöÇΓöÇΓöÇΓöÇΓöÇΓöÇΓöÇΓöÇΓöÇΓöÇΓöÇΓöÇΓöÇΓöÇΓöÇΓöÇΓöÇΓöÇΓöÇΓöÇΓöÇΓöÇΓöÇΓöÇΓöÇΓöÇΓöÇΓöÇΓöÇΓöÇΓöÇΓöÇΓöÇΓöÇΓöÇΓöÇΓöÇΓöÇΓöÇΓöÇΓöÇΓöÇΓöÇΓöÇΓöÇΓöÇΓöÇΓöÇΓöÇΓöÇΓöÇΓöÇΓöÇ

    attachment #3: video (video/webm) ΓöÇΓöÇΓöÇΓöÇΓöÇΓöÇΓöÇΓöÇΓöÇΓöÇΓöÇΓöÇΓöÇΓöÇΓöÇΓöÇΓöÇΓöÇΓöÇΓöÇΓöÇΓöÇΓöÇΓöÇΓöÇΓöÇΓöÇΓöÇΓöÇΓöÇΓöÇΓöÇΓöÇΓöÇΓöÇΓöÇΓöÇΓöÇΓöÇΓöÇΓöÇΓöÇΓöÇΓöÇΓöÇΓöÇΓöÇΓöÇΓöÇΓöÇΓöÇΓöÇΓöÇΓöÇΓöÇΓöÇΓöÇΓöÇΓöÇΓöÇΓöÇΓöÇ
    test-results\e2e-ai-chatbot-UI-UX-Featu-3d270-Responsive-tr├¬n-mobile-view-chromium\video.webm
    ΓöÇΓöÇΓöÇΓöÇΓöÇΓöÇΓöÇΓöÇΓöÇΓöÇΓöÇΓöÇΓöÇΓöÇΓöÇΓöÇΓöÇΓöÇΓöÇΓöÇΓöÇΓöÇΓöÇΓöÇΓöÇΓöÇΓöÇΓöÇΓöÇΓöÇΓöÇΓöÇΓöÇΓöÇΓöÇΓöÇΓöÇΓöÇΓöÇΓöÇΓöÇΓöÇΓöÇΓöÇΓöÇΓöÇΓöÇΓöÇΓöÇΓöÇΓöÇΓöÇΓöÇΓöÇΓöÇΓöÇΓöÇΓöÇΓöÇΓöÇΓöÇΓöÇΓöÇΓöÇΓöÇΓöÇΓöÇΓöÇΓöÇΓöÇΓöÇΓöÇΓöÇΓöÇΓöÇΓöÇΓöÇΓöÇΓöÇΓöÇΓöÇΓöÇΓöÇΓöÇΓöÇΓöÇΓöÇΓöÇΓöÇΓöÇΓöÇΓöÇΓöÇΓöÇΓöÇΓöÇ

    Error Context: test-results\e2e-ai-chatbot-UI-UX-Featu-3d270-Responsive-tr├¬n-mobile-view-chromium\error-context.md


[1A[2K  44) [chromium] ΓÇ║ tests\e2e\auth.spec.ts:49:7 ΓÇ║ Authentication - ─É─âng nhß║¡p/─É─âng xuß║Ñt ΓÇ║ TC_AUTH_05: ─É─âng nhß║¡p thß║Ñt bß║íi do email kh├┤ng tß╗ôn tß║íi 

    Error: [2mexpect([22m[31mlocator[39m[2m).[22mtoBeVisible[2m([22m[2m)[22m failed

    Locator: locator('text=/.*kh├┤ng tß╗ôn tß║íi|ch╞░a ─æ─âng k├╜|kh├┤ng t├¼m thß║Ñy.*/i')
    Expected: visible
    Timeout: 5000ms
    Error: element(s) not found

    Call log:
    [2m  - Expect "toBeVisible" with timeout 5000ms[22m
    [2m  - waiting for locator('text=/.*kh├┤ng tß╗ôn tß║íi|ch╞░a ─æ─âng k├╜|kh├┤ng t├¼m thß║Ñy.*/i')[22m


      57 |     // Kiß╗âm tra hiß╗ân thß╗ï lß╗ùi
      58 |     const errorMessage = page.locator('text=/.*kh├┤ng tß╗ôn tß║íi|ch╞░a ─æ─âng k├╜|kh├┤ng t├¼m thß║Ñy.*/i');
    > 59 |     await expect(errorMessage).toBeVisible({ timeout: 5000 });
         |                                ^
      60 |
      61 |     // Kiß╗âm tra vß║½n ß╗ƒ trang login
      62 |     await expect(page).toHaveURL(/.*\/login/);
        at E:\Project\repo\apartment-management-web\tests\e2e\auth.spec.ts:59:32

    attachment #1: screenshot (image/png) ΓöÇΓöÇΓöÇΓöÇΓöÇΓöÇΓöÇΓöÇΓöÇΓöÇΓöÇΓöÇΓöÇΓöÇΓöÇΓöÇΓöÇΓöÇΓöÇΓöÇΓöÇΓöÇΓöÇΓöÇΓöÇΓöÇΓöÇΓöÇΓöÇΓöÇΓöÇΓöÇΓöÇΓöÇΓöÇΓöÇΓöÇΓöÇΓöÇΓöÇΓöÇΓöÇΓöÇΓöÇΓöÇΓöÇΓöÇΓöÇΓöÇΓöÇΓöÇΓöÇΓöÇΓöÇΓöÇΓöÇΓöÇΓöÇ
    test-results\e2e-auth-Authentication----e7a98--bß║íi-do-email-kh├┤ng-tß╗ôn-tß║íi-chromium\test-failed-1.png
    ΓöÇΓöÇΓöÇΓöÇΓöÇΓöÇΓöÇΓöÇΓöÇΓöÇΓöÇΓöÇΓöÇΓöÇΓöÇΓöÇΓöÇΓöÇΓöÇΓöÇΓöÇΓöÇΓöÇΓöÇΓöÇΓöÇΓöÇΓöÇΓöÇΓöÇΓöÇΓöÇΓöÇΓöÇΓöÇΓöÇΓöÇΓöÇΓöÇΓöÇΓöÇΓöÇΓöÇΓöÇΓöÇΓöÇΓöÇΓöÇΓöÇΓöÇΓöÇΓöÇΓöÇΓöÇΓöÇΓöÇΓöÇΓöÇΓöÇΓöÇΓöÇΓöÇΓöÇΓöÇΓöÇΓöÇΓöÇΓöÇΓöÇΓöÇΓöÇΓöÇΓöÇΓöÇΓöÇΓöÇΓöÇΓöÇΓöÇΓöÇΓöÇΓöÇΓöÇΓöÇΓöÇΓöÇΓöÇΓöÇΓöÇΓöÇΓöÇΓöÇΓöÇΓöÇΓöÇΓöÇ

    attachment #2: video (video/webm) ΓöÇΓöÇΓöÇΓöÇΓöÇΓöÇΓöÇΓöÇΓöÇΓöÇΓöÇΓöÇΓöÇΓöÇΓöÇΓöÇΓöÇΓöÇΓöÇΓöÇΓöÇΓöÇΓöÇΓöÇΓöÇΓöÇΓöÇΓöÇΓöÇΓöÇΓöÇΓöÇΓöÇΓöÇΓöÇΓöÇΓöÇΓöÇΓöÇΓöÇΓöÇΓöÇΓöÇΓöÇΓöÇΓöÇΓöÇΓöÇΓöÇΓöÇΓöÇΓöÇΓöÇΓöÇΓöÇΓöÇΓöÇΓöÇΓöÇΓöÇΓöÇΓöÇ
    test-results\e2e-auth-Authentication----e7a98--bß║íi-do-email-kh├┤ng-tß╗ôn-tß║íi-chromium\video.webm
    ΓöÇΓöÇΓöÇΓöÇΓöÇΓöÇΓöÇΓöÇΓöÇΓöÇΓöÇΓöÇΓöÇΓöÇΓöÇΓöÇΓöÇΓöÇΓöÇΓöÇΓöÇΓöÇΓöÇΓöÇΓöÇΓöÇΓöÇΓöÇΓöÇΓöÇΓöÇΓöÇΓöÇΓöÇΓöÇΓöÇΓöÇΓöÇΓöÇΓöÇΓöÇΓöÇΓöÇΓöÇΓöÇΓöÇΓöÇΓöÇΓöÇΓöÇΓöÇΓöÇΓöÇΓöÇΓöÇΓöÇΓöÇΓöÇΓöÇΓöÇΓöÇΓöÇΓöÇΓöÇΓöÇΓöÇΓöÇΓöÇΓöÇΓöÇΓöÇΓöÇΓöÇΓöÇΓöÇΓöÇΓöÇΓöÇΓöÇΓöÇΓöÇΓöÇΓöÇΓöÇΓöÇΓöÇΓöÇΓöÇΓöÇΓöÇΓöÇΓöÇΓöÇΓöÇΓöÇΓöÇ

    Error Context: test-results\e2e-auth-Authentication----e7a98--bß║íi-do-email-kh├┤ng-tß╗ôn-tß║íi-chromium\error-context.md


[1A[2K[56/242] [chromium] ΓÇ║ tests\e2e\auth.spec.ts:65:7 ΓÇ║ Authentication - ─É─âng nhß║¡p/─É─âng xuß║Ñt ΓÇ║ TC_AUTH_10: ─É─âng xuß║Ñt t├ái khoß║ún
[1A[2K[57/242] [chromium] ΓÇ║ tests\e2e\auth.spec.ts:96:9 ΓÇ║ Authentication - ─É─âng nhß║¡p/─É─âng xuß║Ñt ΓÇ║ Form Validation ΓÇ║ Password trß╗æng - hiß╗ân thß╗ï lß╗ùi
[1A[2K[58/242] [chromium] ΓÇ║ tests\e2e\auth.spec.ts:78:9 ΓÇ║ Authentication - ─É─âng nhß║¡p/─É─âng xuß║Ñt ΓÇ║ Form Validation ΓÇ║ Email trß╗æng - hiß╗ân thß╗ï lß╗ùi
[1A[2K[59/242] [chromium] ΓÇ║ tests\e2e\auth.spec.ts:115:9 ΓÇ║ Registration - ─É─âng k├╜ t├ái khoß║ún ΓÇ║ TC_AUTH_06: ─É─âng k├╜ Owner th├ánh c├┤ng
[1A[2K  45) [chromium] ΓÇ║ tests\e2e\auth.spec.ts:15:7 ΓÇ║ Authentication - ─É─âng nhß║¡p/─É─âng xuß║Ñt ΓÇ║ TC_AUTH_02: Tenant ─æ─âng nhß║¡p th├ánh c├┤ng vß╗¢i t├ái khoß║ún hß╗úp lß╗ç 

    Error: [2mexpect([22m[31mpage[39m[2m).[22mtoHaveURL[2m([22m[32mexpected[39m[2m)[22m failed

    Expected pattern: [32m/.*\/dashboard\/tenant\/.*/[39m
    Received string:  [31m"http://localhost:3000/dashboard/tenant"[39m
    Timeout: 5000ms

    Call log:
    [2m  - Expect "toHaveURL" with timeout 5000ms[22m
    [2m    8 ├ù unexpected value "http://localhost:3000/dashboard/tenant"[22m


      17 |
      18 |     // Kiß╗âm tra chuyß╗ân h╞░ß╗¢ng ─æß║┐n dashboard tenant
    > 19 |     await expect(page).toHaveURL(/.*\/dashboard\/tenant\/.*/);
         |                        ^
      20 |
      21 |     // Kiß╗âm tra hiß╗ân thß╗ï phß║ºn tß╗¡ cß╗ºa dashboard tenant
      22 |     const dashboardElement = page.locator('text=/.*h├│a ─æ╞ín|ph├▓ng cß╗ºa t├┤i.*/i');
        at E:\Project\repo\apartment-management-web\tests\e2e\auth.spec.ts:19:24

    attachment #1: screenshot (image/png) ΓöÇΓöÇΓöÇΓöÇΓöÇΓöÇΓöÇΓöÇΓöÇΓöÇΓöÇΓöÇΓöÇΓöÇΓöÇΓöÇΓöÇΓöÇΓöÇΓöÇΓöÇΓöÇΓöÇΓöÇΓöÇΓöÇΓöÇΓöÇΓöÇΓöÇΓöÇΓöÇΓöÇΓöÇΓöÇΓöÇΓöÇΓöÇΓöÇΓöÇΓöÇΓöÇΓöÇΓöÇΓöÇΓöÇΓöÇΓöÇΓöÇΓöÇΓöÇΓöÇΓöÇΓöÇΓöÇΓöÇΓöÇΓöÇ
    test-results\e2e-auth-Authentication----c292b-h-c├┤ng-vß╗¢i-t├ái-khoß║ún-hß╗úp-lß╗ç-chromium\test-failed-1.png
    ΓöÇΓöÇΓöÇΓöÇΓöÇΓöÇΓöÇΓöÇΓöÇΓöÇΓöÇΓöÇΓöÇΓöÇΓöÇΓöÇΓöÇΓöÇΓöÇΓöÇΓöÇΓöÇΓöÇΓöÇΓöÇΓöÇΓöÇΓöÇΓöÇΓöÇΓöÇΓöÇΓöÇΓöÇΓöÇΓöÇΓöÇΓöÇΓöÇΓöÇΓöÇΓöÇΓöÇΓöÇΓöÇΓöÇΓöÇΓöÇΓöÇΓöÇΓöÇΓöÇΓöÇΓöÇΓöÇΓöÇΓöÇΓöÇΓöÇΓöÇΓöÇΓöÇΓöÇΓöÇΓöÇΓöÇΓöÇΓöÇΓöÇΓöÇΓöÇΓöÇΓöÇΓöÇΓöÇΓöÇΓöÇΓöÇΓöÇΓöÇΓöÇΓöÇΓöÇΓöÇΓöÇΓöÇΓöÇΓöÇΓöÇΓöÇΓöÇΓöÇΓöÇΓöÇΓöÇΓöÇ

    attachment #2: video (video/webm) ΓöÇΓöÇΓöÇΓöÇΓöÇΓöÇΓöÇΓöÇΓöÇΓöÇΓöÇΓöÇΓöÇΓöÇΓöÇΓöÇΓöÇΓöÇΓöÇΓöÇΓöÇΓöÇΓöÇΓöÇΓöÇΓöÇΓöÇΓöÇΓöÇΓöÇΓöÇΓöÇΓöÇΓöÇΓöÇΓöÇΓöÇΓöÇΓöÇΓöÇΓöÇΓöÇΓöÇΓöÇΓöÇΓöÇΓöÇΓöÇΓöÇΓöÇΓöÇΓöÇΓöÇΓöÇΓöÇΓöÇΓöÇΓöÇΓöÇΓöÇΓöÇΓöÇ
    test-results\e2e-auth-Authentication----c292b-h-c├┤ng-vß╗¢i-t├ái-khoß║ún-hß╗úp-lß╗ç-chromium\video.webm
    ΓöÇΓöÇΓöÇΓöÇΓöÇΓöÇΓöÇΓöÇΓöÇΓöÇΓöÇΓöÇΓöÇΓöÇΓöÇΓöÇΓöÇΓöÇΓöÇΓöÇΓöÇΓöÇΓöÇΓöÇΓöÇΓöÇΓöÇΓöÇΓöÇΓöÇΓöÇΓöÇΓöÇΓöÇΓöÇΓöÇΓöÇΓöÇΓöÇΓöÇΓöÇΓöÇΓöÇΓöÇΓöÇΓöÇΓöÇΓöÇΓöÇΓöÇΓöÇΓöÇΓöÇΓöÇΓöÇΓöÇΓöÇΓöÇΓöÇΓöÇΓöÇΓöÇΓöÇΓöÇΓöÇΓöÇΓöÇΓöÇΓöÇΓöÇΓöÇΓöÇΓöÇΓöÇΓöÇΓöÇΓöÇΓöÇΓöÇΓöÇΓöÇΓöÇΓöÇΓöÇΓöÇΓöÇΓöÇΓöÇΓöÇΓöÇΓöÇΓöÇΓöÇΓöÇΓöÇΓöÇ

    Error Context: test-results\e2e-auth-Authentication----c292b-h-c├┤ng-vß╗¢i-t├ái-khoß║ún-hß╗úp-lß╗ç-chromium\error-context.md


[1A[2K[60/242] [chromium] ΓÇ║ tests\e2e\auth.spec.ts:155:9 ΓÇ║ Registration - ─É─âng k├╜ t├ái khoß║ún ΓÇ║ TC_AUTH_08: ─É─âng k├╜ thß║Ñt bß║íi - Email ─æ├ú tß╗ôn tß║íi
[1A[2K[61/242] [chromium] ΓÇ║ tests\e2e\auth.spec.ts:171:9 ΓÇ║ Registration - ─É─âng k├╜ t├ái khoß║ún ΓÇ║ TC_AUTH_09: ─É─âng k├╜ thß║Ñt bß║íi - Mß║¡t khß║⌐u kh├┤ng tr├╣ng khß╗¢p
[1A[2K[62/242] [chromium] ΓÇ║ tests\e2e\auth.spec.ts:137:9 ΓÇ║ Registration - ─É─âng k├╜ t├ái khoß║ún ΓÇ║ TC_AUTH_07: ─É─âng k├╜ Tenant th├ánh c├┤ng
[1A[2K  46) [chromium] ΓÇ║ tests\e2e\auth.spec.ts:26:7 ΓÇ║ Authentication - ─É─âng nhß║¡p/─É─âng xuß║Ñt ΓÇ║ TC_AUTH_03: Admin ─æ─âng nhß║¡p th├ánh c├┤ng vß╗¢i t├ái khoß║ún hß╗úp lß╗ç 

    Error: [2mexpect([22m[31mpage[39m[2m).[22mtoHaveURL[2m([22m[32mexpected[39m[2m)[22m failed

    Expected pattern: [32m/.*\/dashboard\/admin\/.*/[39m
    Received string:  [31m"http://localhost:3000/dashboard/admin"[39m
    Timeout: 5000ms

    Call log:
    [2m  - Expect "toHaveURL" with timeout 5000ms[22m
    [2m    9 ├ù unexpected value "http://localhost:3000/dashboard/admin"[22m


      28 |
      29 |     // Kiß╗âm tra chuyß╗ân h╞░ß╗¢ng ─æß║┐n dashboard admin
    > 30 |     await expect(page).toHaveURL(/.*\/dashboard\/admin\/.*/);
         |                        ^
      31 |   });
      32 |
      33 |   test('TC_AUTH_04: ─É─âng nhß║¡p thß║Ñt bß║íi do sai mß║¡t khß║⌐u', async ({ page }) => {
        at E:\Project\repo\apartment-management-web\tests\e2e\auth.spec.ts:30:24

    attachment #1: screenshot (image/png) ΓöÇΓöÇΓöÇΓöÇΓöÇΓöÇΓöÇΓöÇΓöÇΓöÇΓöÇΓöÇΓöÇΓöÇΓöÇΓöÇΓöÇΓöÇΓöÇΓöÇΓöÇΓöÇΓöÇΓöÇΓöÇΓöÇΓöÇΓöÇΓöÇΓöÇΓöÇΓöÇΓöÇΓöÇΓöÇΓöÇΓöÇΓöÇΓöÇΓöÇΓöÇΓöÇΓöÇΓöÇΓöÇΓöÇΓöÇΓöÇΓöÇΓöÇΓöÇΓöÇΓöÇΓöÇΓöÇΓöÇΓöÇΓöÇ
    test-results\e2e-auth-Authentication----bfa17-h-c├┤ng-vß╗¢i-t├ái-khoß║ún-hß╗úp-lß╗ç-chromium\test-failed-1.png
    ΓöÇΓöÇΓöÇΓöÇΓöÇΓöÇΓöÇΓöÇΓöÇΓöÇΓöÇΓöÇΓöÇΓöÇΓöÇΓöÇΓöÇΓöÇΓöÇΓöÇΓöÇΓöÇΓöÇΓöÇΓöÇΓöÇΓöÇΓöÇΓöÇΓöÇΓöÇΓöÇΓöÇΓöÇΓöÇΓöÇΓöÇΓöÇΓöÇΓöÇΓöÇΓöÇΓöÇΓöÇΓöÇΓöÇΓöÇΓöÇΓöÇΓöÇΓöÇΓöÇΓöÇΓöÇΓöÇΓöÇΓöÇΓöÇΓöÇΓöÇΓöÇΓöÇΓöÇΓöÇΓöÇΓöÇΓöÇΓöÇΓöÇΓöÇΓöÇΓöÇΓöÇΓöÇΓöÇΓöÇΓöÇΓöÇΓöÇΓöÇΓöÇΓöÇΓöÇΓöÇΓöÇΓöÇΓöÇΓöÇΓöÇΓöÇΓöÇΓöÇΓöÇΓöÇΓöÇΓöÇ

    attachment #2: video (video/webm) ΓöÇΓöÇΓöÇΓöÇΓöÇΓöÇΓöÇΓöÇΓöÇΓöÇΓöÇΓöÇΓöÇΓöÇΓöÇΓöÇΓöÇΓöÇΓöÇΓöÇΓöÇΓöÇΓöÇΓöÇΓöÇΓöÇΓöÇΓöÇΓöÇΓöÇΓöÇΓöÇΓöÇΓöÇΓöÇΓöÇΓöÇΓöÇΓöÇΓöÇΓöÇΓöÇΓöÇΓöÇΓöÇΓöÇΓöÇΓöÇΓöÇΓöÇΓöÇΓöÇΓöÇΓöÇΓöÇΓöÇΓöÇΓöÇΓöÇΓöÇΓöÇΓöÇ
    test-results\e2e-auth-Authentication----bfa17-h-c├┤ng-vß╗¢i-t├ái-khoß║ún-hß╗úp-lß╗ç-chromium\video.webm
    ΓöÇΓöÇΓöÇΓöÇΓöÇΓöÇΓöÇΓöÇΓöÇΓöÇΓöÇΓöÇΓöÇΓöÇΓöÇΓöÇΓöÇΓöÇΓöÇΓöÇΓöÇΓöÇΓöÇΓöÇΓöÇΓöÇΓöÇΓöÇΓöÇΓöÇΓöÇΓöÇΓöÇΓöÇΓöÇΓöÇΓöÇΓöÇΓöÇΓöÇΓöÇΓöÇΓöÇΓöÇΓöÇΓöÇΓöÇΓöÇΓöÇΓöÇΓöÇΓöÇΓöÇΓöÇΓöÇΓöÇΓöÇΓöÇΓöÇΓöÇΓöÇΓöÇΓöÇΓöÇΓöÇΓöÇΓöÇΓöÇΓöÇΓöÇΓöÇΓöÇΓöÇΓöÇΓöÇΓöÇΓöÇΓöÇΓöÇΓöÇΓöÇΓöÇΓöÇΓöÇΓöÇΓöÇΓöÇΓöÇΓöÇΓöÇΓöÇΓöÇΓöÇΓöÇΓöÇΓöÇ

    Error Context: test-results\e2e-auth-Authentication----bfa17-h-c├┤ng-vß╗¢i-t├ái-khoß║ún-hß╗úp-lß╗ç-chromium\error-context.md


[1A[2K[63/242] [chromium] ΓÇ║ tests\e2e\auth.spec.ts:188:9 ΓÇ║ Password Reset - ─Éß║╖t lß║íi mß║¡t khß║⌐u ΓÇ║ TC_AUTH_11: Truy cß║¡p trang qu├¬n mß║¡t khß║⌐u
[1A[2K[64/242] [chromium] ΓÇ║ tests\e2e\auth.spec.ts:198:9 ΓÇ║ Password Reset - ─Éß║╖t lß║íi mß║¡t khß║⌐u ΓÇ║ TC_AUTH_12: Gß╗¡i y├¬u cß║ºu ─æß║╖t lß║íi mß║¡t khß║⌐u
[1A[2K[65/242] [chromium] ΓÇ║ tests\e2e\auth.spec.ts:208:9 ΓÇ║ Password Reset - ─Éß║╖t lß║íi mß║¡t khß║⌐u ΓÇ║ TC_AUTH_13: ─Éß║╖t lß║íi mß║¡t khß║⌐u th├ánh c├┤ng
[1A[2K  47) [chromium] ΓÇ║ tests\e2e\auth.spec.ts:65:7 ΓÇ║ Authentication - ─É─âng nhß║¡p/─É─âng xuß║Ñt ΓÇ║ TC_AUTH_10: ─É─âng xuß║Ñt t├ái khoß║ún 

    Error: [2mexpect([22m[31mpage[39m[2m).[22mtoHaveURL[2m([22m[32mexpected[39m[2m)[22m failed

    Expected pattern: [32m/.*\/dashboard\/owner\/.*/[39m
    Received string:  [31m"http://localhost:3000/dashboard/owner"[39m
    Timeout: 5000ms

    Call log:
    [2m  - Expect "toHaveURL" with timeout 5000ms[22m
    [2m    8 ├ù unexpected value "http://localhost:3000/dashboard/owner"[22m


      66 |     // Login tr╞░ß╗¢c
      67 |     await loginAsOwner();
    > 68 |     await expect(page).toHaveURL(/.*\/dashboard\/owner\/.*/);
         |                        ^
      69 |
      70 |     // Thß╗▒c hiß╗çn logout
      71 |     await logout();
        at E:\Project\repo\apartment-management-web\tests\e2e\auth.spec.ts:68:24

    attachment #1: screenshot (image/png) ΓöÇΓöÇΓöÇΓöÇΓöÇΓöÇΓöÇΓöÇΓöÇΓöÇΓöÇΓöÇΓöÇΓöÇΓöÇΓöÇΓöÇΓöÇΓöÇΓöÇΓöÇΓöÇΓöÇΓöÇΓöÇΓöÇΓöÇΓöÇΓöÇΓöÇΓöÇΓöÇΓöÇΓöÇΓöÇΓöÇΓöÇΓöÇΓöÇΓöÇΓöÇΓöÇΓöÇΓöÇΓöÇΓöÇΓöÇΓöÇΓöÇΓöÇΓöÇΓöÇΓöÇΓöÇΓöÇΓöÇΓöÇΓöÇ
    test-results\e2e-auth-Authentication----3cecd-AUTH-10-─É─âng-xuß║Ñt-t├ái-khoß║ún-chromium\test-failed-1.png
    ΓöÇΓöÇΓöÇΓöÇΓöÇΓöÇΓöÇΓöÇΓöÇΓöÇΓöÇΓöÇΓöÇΓöÇΓöÇΓöÇΓöÇΓöÇΓöÇΓöÇΓöÇΓöÇΓöÇΓöÇΓöÇΓöÇΓöÇΓöÇΓöÇΓöÇΓöÇΓöÇΓöÇΓöÇΓöÇΓöÇΓöÇΓöÇΓöÇΓöÇΓöÇΓöÇΓöÇΓöÇΓöÇΓöÇΓöÇΓöÇΓöÇΓöÇΓöÇΓöÇΓöÇΓöÇΓöÇΓöÇΓöÇΓöÇΓöÇΓöÇΓöÇΓöÇΓöÇΓöÇΓöÇΓöÇΓöÇΓöÇΓöÇΓöÇΓöÇΓöÇΓöÇΓöÇΓöÇΓöÇΓöÇΓöÇΓöÇΓöÇΓöÇΓöÇΓöÇΓöÇΓöÇΓöÇΓöÇΓöÇΓöÇΓöÇΓöÇΓöÇΓöÇΓöÇΓöÇΓöÇ

    attachment #2: video (video/webm) ΓöÇΓöÇΓöÇΓöÇΓöÇΓöÇΓöÇΓöÇΓöÇΓöÇΓöÇΓöÇΓöÇΓöÇΓöÇΓöÇΓöÇΓöÇΓöÇΓöÇΓöÇΓöÇΓöÇΓöÇΓöÇΓöÇΓöÇΓöÇΓöÇΓöÇΓöÇΓöÇΓöÇΓöÇΓöÇΓöÇΓöÇΓöÇΓöÇΓöÇΓöÇΓöÇΓöÇΓöÇΓöÇΓöÇΓöÇΓöÇΓöÇΓöÇΓöÇΓöÇΓöÇΓöÇΓöÇΓöÇΓöÇΓöÇΓöÇΓöÇΓöÇΓöÇ
    test-results\e2e-auth-Authentication----3cecd-AUTH-10-─É─âng-xuß║Ñt-t├ái-khoß║ún-chromium\video.webm
    ΓöÇΓöÇΓöÇΓöÇΓöÇΓöÇΓöÇΓöÇΓöÇΓöÇΓöÇΓöÇΓöÇΓöÇΓöÇΓöÇΓöÇΓöÇΓöÇΓöÇΓöÇΓöÇΓöÇΓöÇΓöÇΓöÇΓöÇΓöÇΓöÇΓöÇΓöÇΓöÇΓöÇΓöÇΓöÇΓöÇΓöÇΓöÇΓöÇΓöÇΓöÇΓöÇΓöÇΓöÇΓöÇΓöÇΓöÇΓöÇΓöÇΓöÇΓöÇΓöÇΓöÇΓöÇΓöÇΓöÇΓöÇΓöÇΓöÇΓöÇΓöÇΓöÇΓöÇΓöÇΓöÇΓöÇΓöÇΓöÇΓöÇΓöÇΓöÇΓöÇΓöÇΓöÇΓöÇΓöÇΓöÇΓöÇΓöÇΓöÇΓöÇΓöÇΓöÇΓöÇΓöÇΓöÇΓöÇΓöÇΓöÇΓöÇΓöÇΓöÇΓöÇΓöÇΓöÇΓöÇ

    Error Context: test-results\e2e-auth-Authentication----3cecd-AUTH-10-─É─âng-xuß║Ñt-t├ái-khoß║ún-chromium\error-context.md



[1A[2K[2m[WebServer] [22mForgot password error: SyntaxError: Unexpected 
end of JSON input
[2m[WebServer] [22m    at JSON.parse (<anonymous>)
[2m[WebServer] [22m    at POST (app\api\auth\forgot-password\route.ts:8:33)
[2m[WebServer] [22m[0m [90m  6 |[39m [36mexport[39m [36masync[39m 
[36mfunction[39m [33mPOST[39m(req[33m:[39m [33mRequest[39m) {
[2m[WebServer] [22m [90m  7 |[39m   [36mtry[39m {
[2m[WebServer] [22m[31m[1m>[22m[39m[90m  8 |[39m     [36mconst[39m { 
email } [33m=[39m [36mawait[39m req[33m.[39mjson()[33m;[39m
[2m[WebServer] [22m [90m    |[39m                                 
[31m[1m^[22m[39m
[2m[WebServer] [22m [90m  9 |[39m     [36mconst[39m normalizedEmail 
[33m=[39m 
email[33m?[39m[33m.[39mtrim()[33m.[39mtoLowerCase()[33m;[39m
[2m[WebServer] [22m [90m 10 |[39m
[2m[WebServer] [22m [90m 11 |[39m     [36mif[39m 
([33m![39mnormalizedEmail [33m||[39m 
[33m![39mnormalizedEmail[33m.[39mincludes([32m"@"[39m)) {[0m
[1A[2K[66/242] [chromium] ΓÇ║ tests\e2e\auth.spec.ts:220:9 ΓÇ║ Password Reset - ─Éß║╖t lß║íi mß║¡t khß║⌐u ΓÇ║ TC_AUTH_14: Token ─æß║╖t lß║íi mß║¡t khß║⌐u kh├┤ng hß╗úp lß╗ç
[1A[2K[67/242] [chromium] ΓÇ║ tests\e2e\auth.spec.ts:227:9 ΓÇ║ Password Reset - ─Éß║╖t lß║íi mß║¡t khß║⌐u ΓÇ║ TC_AUTH_15: Thay ─æß╗òi mß║¡t khß║⌐u sau khi ─æß║╖t lß║íi th├ánh c├┤ng
[1A[2K[68/242] [chromium] ΓÇ║ tests\e2e\owner-invoices.spec.ts:9:7 ΓÇ║ Owner - Hß╗úp ─Éß╗ông (Contracts) ΓÇ║ TC_OWN_CON_01: Tß║ío hß╗úp ─æß╗ông thu├¬ ph├▓ng
[1A[2K[69/242] [chromium] ΓÇ║ tests\e2e\owner-invoices.spec.ts:66:7 ΓÇ║ Owner - Hß╗úp ─Éß╗ông (Contracts) ΓÇ║ TC_OWN_CON_02: Xem chi tiß║┐t hß╗úp ─æß╗ông
[1A[2K[70/242] [chromium] ΓÇ║ tests\e2e\owner-invoices.spec.ts:81:7 ΓÇ║ Owner - Hß╗úp ─Éß╗ông (Contracts) ΓÇ║ TC_OWN_CON_03: Chß║Ñm dß╗⌐t hß╗úp ─æß╗ông
[1A[2K[71/242] [chromium] ΓÇ║ tests\e2e\owner-invoices.spec.ts:115:7 ΓÇ║ Owner - H├│a ─É╞ín (Invoices) ΓÇ║ TC_OWN_INV_01: Tß║ío h├│a ─æ╞ín h├áng th├íng
[1A[2K[72/242] [chromium] ΓÇ║ tests\e2e\owner-invoices.spec.ts:164:7 ΓÇ║ Owner - H├│a ─É╞ín (Invoices) ΓÇ║ TC_OWN_INV_02: X├íc nhß║¡n thanh to├ín thß╗º c├┤ng
[1A[2K[73/242] [chromium] ΓÇ║ tests\e2e\owner-invoices.spec.ts:195:7 ΓÇ║ Owner - H├│a ─É╞ín (Invoices) ΓÇ║ TC_OWN_INV_03: Xem danh s├ích h├│a ─æ╞ín vß╗¢i ph├ón trang
[1A[2K  48) [chromium] ΓÇ║ tests\e2e\owner-invoices.spec.ts:195:7 ΓÇ║ Owner - H├│a ─É╞ín (Invoices) ΓÇ║ TC_OWN_INV_03: Xem danh s├ích h├│a ─æ╞ín vß╗¢i ph├ón trang 

    Error: [2mexpect([22m[31mreceived[39m[2m).[22mtoBeGreaterThan[2m([22m[32mexpected[39m[2m)[22m

    Expected: > [32m0[39m
    Received:   [31m0[39m

      201 |       // Lß║Ñy dß╗» liß╗çu tß╗½ table
      202 |       const tableData = await getTableData(page);
    > 203 |       expect(tableData.length).toBeGreaterThan(0);
          |                                ^
      204 |
      205 |       // Kiß╗âm tra ph├ón trang (nß║┐u c├│)
      206 |       const nextBtn = page.locator('button:has-text(/tiß║┐p theo|next|>)').first();
        at E:\Project\repo\apartment-management-web\tests\e2e\owner-invoices.spec.ts:203:32

    attachment #1: screenshot (image/png) ΓöÇΓöÇΓöÇΓöÇΓöÇΓöÇΓöÇΓöÇΓöÇΓöÇΓöÇΓöÇΓöÇΓöÇΓöÇΓöÇΓöÇΓöÇΓöÇΓöÇΓöÇΓöÇΓöÇΓöÇΓöÇΓöÇΓöÇΓöÇΓöÇΓöÇΓöÇΓöÇΓöÇΓöÇΓöÇΓöÇΓöÇΓöÇΓöÇΓöÇΓöÇΓöÇΓöÇΓöÇΓöÇΓöÇΓöÇΓöÇΓöÇΓöÇΓöÇΓöÇΓöÇΓöÇΓöÇΓöÇΓöÇΓöÇ
    test-results\e2e-owner-invoices-Owner---cc559-s├ích-h├│a-─æ╞ín-vß╗¢i-ph├ón-trang-chromium\test-failed-1.png
    ΓöÇΓöÇΓöÇΓöÇΓöÇΓöÇΓöÇΓöÇΓöÇΓöÇΓöÇΓöÇΓöÇΓöÇΓöÇΓöÇΓöÇΓöÇΓöÇΓöÇΓöÇΓöÇΓöÇΓöÇΓöÇΓöÇΓöÇΓöÇΓöÇΓöÇΓöÇΓöÇΓöÇΓöÇΓöÇΓöÇΓöÇΓöÇΓöÇΓöÇΓöÇΓöÇΓöÇΓöÇΓöÇΓöÇΓöÇΓöÇΓöÇΓöÇΓöÇΓöÇΓöÇΓöÇΓöÇΓöÇΓöÇΓöÇΓöÇΓöÇΓöÇΓöÇΓöÇΓöÇΓöÇΓöÇΓöÇΓöÇΓöÇΓöÇΓöÇΓöÇΓöÇΓöÇΓöÇΓöÇΓöÇΓöÇΓöÇΓöÇΓöÇΓöÇΓöÇΓöÇΓöÇΓöÇΓöÇΓöÇΓöÇΓöÇΓöÇΓöÇΓöÇΓöÇΓöÇΓöÇ

    attachment #2: video (video/webm) ΓöÇΓöÇΓöÇΓöÇΓöÇΓöÇΓöÇΓöÇΓöÇΓöÇΓöÇΓöÇΓöÇΓöÇΓöÇΓöÇΓöÇΓöÇΓöÇΓöÇΓöÇΓöÇΓöÇΓöÇΓöÇΓöÇΓöÇΓöÇΓöÇΓöÇΓöÇΓöÇΓöÇΓöÇΓöÇΓöÇΓöÇΓöÇΓöÇΓöÇΓöÇΓöÇΓöÇΓöÇΓöÇΓöÇΓöÇΓöÇΓöÇΓöÇΓöÇΓöÇΓöÇΓöÇΓöÇΓöÇΓöÇΓöÇΓöÇΓöÇΓöÇΓöÇ
    test-results\e2e-owner-invoices-Owner---cc559-s├ích-h├│a-─æ╞ín-vß╗¢i-ph├ón-trang-chromium\video.webm
    ΓöÇΓöÇΓöÇΓöÇΓöÇΓöÇΓöÇΓöÇΓöÇΓöÇΓöÇΓöÇΓöÇΓöÇΓöÇΓöÇΓöÇΓöÇΓöÇΓöÇΓöÇΓöÇΓöÇΓöÇΓöÇΓöÇΓöÇΓöÇΓöÇΓöÇΓöÇΓöÇΓöÇΓöÇΓöÇΓöÇΓöÇΓöÇΓöÇΓöÇΓöÇΓöÇΓöÇΓöÇΓöÇΓöÇΓöÇΓöÇΓöÇΓöÇΓöÇΓöÇΓöÇΓöÇΓöÇΓöÇΓöÇΓöÇΓöÇΓöÇΓöÇΓöÇΓöÇΓöÇΓöÇΓöÇΓöÇΓöÇΓöÇΓöÇΓöÇΓöÇΓöÇΓöÇΓöÇΓöÇΓöÇΓöÇΓöÇΓöÇΓöÇΓöÇΓöÇΓöÇΓöÇΓöÇΓöÇΓöÇΓöÇΓöÇΓöÇΓöÇΓöÇΓöÇΓöÇΓöÇ

    Error Context: test-results\e2e-owner-invoices-Owner---cc559-s├ích-h├│a-─æ╞ín-vß╗¢i-ph├ón-trang-chromium\error-context.md


[1A[2K  49) [chromium] ΓÇ║ tests\e2e\auth.spec.ts:115:9 ΓÇ║ Registration - ─É─âng k├╜ t├ái khoß║ún ΓÇ║ TC_AUTH_06: ─É─âng k├╜ Owner th├ánh c├┤ng 

    [31mTest timeout of 30000ms exceeded.[39m

    Error: page.fill: Test timeout of 30000ms exceeded.
    Call log:
    [2m  - waiting for locator('input[name="fullName"]')[22m


      117 |     
      118 |       // ─Éiß╗ün form ─æ─âng k├╜
    > 119 |       await page.fill('input[name="fullName"]', 'Test Owner ' + Date.now());
          |                  ^
      120 |       await page.fill('input[name="email"]', 'owner' + Date.now() + '@example.com');
      121 |       await page.fill('input[name="phone"]', '0912345678');
      122 |       await page.fill('input[name="password"]', 'Password123!');
        at E:\Project\repo\apartment-management-web\tests\e2e\auth.spec.ts:119:18

    attachment #1: screenshot (image/png) ΓöÇΓöÇΓöÇΓöÇΓöÇΓöÇΓöÇΓöÇΓöÇΓöÇΓöÇΓöÇΓöÇΓöÇΓöÇΓöÇΓöÇΓöÇΓöÇΓöÇΓöÇΓöÇΓöÇΓöÇΓöÇΓöÇΓöÇΓöÇΓöÇΓöÇΓöÇΓöÇΓöÇΓöÇΓöÇΓöÇΓöÇΓöÇΓöÇΓöÇΓöÇΓöÇΓöÇΓöÇΓöÇΓöÇΓöÇΓöÇΓöÇΓöÇΓöÇΓöÇΓöÇΓöÇΓöÇΓöÇΓöÇΓöÇ
    test-results\e2e-auth-Registration---─É─â-5b511-06-─É─âng-k├╜-Owner-th├ánh-c├┤ng-chromium\test-failed-1.png
    ΓöÇΓöÇΓöÇΓöÇΓöÇΓöÇΓöÇΓöÇΓöÇΓöÇΓöÇΓöÇΓöÇΓöÇΓöÇΓöÇΓöÇΓöÇΓöÇΓöÇΓöÇΓöÇΓöÇΓöÇΓöÇΓöÇΓöÇΓöÇΓöÇΓöÇΓöÇΓöÇΓöÇΓöÇΓöÇΓöÇΓöÇΓöÇΓöÇΓöÇΓöÇΓöÇΓöÇΓöÇΓöÇΓöÇΓöÇΓöÇΓöÇΓöÇΓöÇΓöÇΓöÇΓöÇΓöÇΓöÇΓöÇΓöÇΓöÇΓöÇΓöÇΓöÇΓöÇΓöÇΓöÇΓöÇΓöÇΓöÇΓöÇΓöÇΓöÇΓöÇΓöÇΓöÇΓöÇΓöÇΓöÇΓöÇΓöÇΓöÇΓöÇΓöÇΓöÇΓöÇΓöÇΓöÇΓöÇΓöÇΓöÇΓöÇΓöÇΓöÇΓöÇΓöÇΓöÇΓöÇ

    attachment #2: video (video/webm) ΓöÇΓöÇΓöÇΓöÇΓöÇΓöÇΓöÇΓöÇΓöÇΓöÇΓöÇΓöÇΓöÇΓöÇΓöÇΓöÇΓöÇΓöÇΓöÇΓöÇΓöÇΓöÇΓöÇΓöÇΓöÇΓöÇΓöÇΓöÇΓöÇΓöÇΓöÇΓöÇΓöÇΓöÇΓöÇΓöÇΓöÇΓöÇΓöÇΓöÇΓöÇΓöÇΓöÇΓöÇΓöÇΓöÇΓöÇΓöÇΓöÇΓöÇΓöÇΓöÇΓöÇΓöÇΓöÇΓöÇΓöÇΓöÇΓöÇΓöÇΓöÇΓöÇ
    test-results\e2e-auth-Registration---─É─â-5b511-06-─É─âng-k├╜-Owner-th├ánh-c├┤ng-chromium\video.webm
    ΓöÇΓöÇΓöÇΓöÇΓöÇΓöÇΓöÇΓöÇΓöÇΓöÇΓöÇΓöÇΓöÇΓöÇΓöÇΓöÇΓöÇΓöÇΓöÇΓöÇΓöÇΓöÇΓöÇΓöÇΓöÇΓöÇΓöÇΓöÇΓöÇΓöÇΓöÇΓöÇΓöÇΓöÇΓöÇΓöÇΓöÇΓöÇΓöÇΓöÇΓöÇΓöÇΓöÇΓöÇΓöÇΓöÇΓöÇΓöÇΓöÇΓöÇΓöÇΓöÇΓöÇΓöÇΓöÇΓöÇΓöÇΓöÇΓöÇΓöÇΓöÇΓöÇΓöÇΓöÇΓöÇΓöÇΓöÇΓöÇΓöÇΓöÇΓöÇΓöÇΓöÇΓöÇΓöÇΓöÇΓöÇΓöÇΓöÇΓöÇΓöÇΓöÇΓöÇΓöÇΓöÇΓöÇΓöÇΓöÇΓöÇΓöÇΓöÇΓöÇΓöÇΓöÇΓöÇΓöÇ

    Error Context: test-results\e2e-auth-Registration---─É─â-5b511-06-─É─âng-k├╜-Owner-th├ánh-c├┤ng-chromium\error-context.md


[1A[2K[74/242] [chromium] ΓÇ║ tests\e2e\owner-invoices.spec.ts:248:9 ΓÇ║ Owner - Quß║ún l├╜ Ph├▓ng (Rooms) ΓÇ║ TC_OWN_ROOM_01: Xem danh s├ích ph├▓ng
[1A[2K[75/242] [chromium] ΓÇ║ tests\e2e\owner-invoices.spec.ts:218:7 ΓÇ║ Owner - H├│a ─É╞ín (Invoices) ΓÇ║ TC_EDGE_INV_01: Lß╗ìc h├│a ─æ╞ín theo trß║íng th├íi
[1A[2K  50) [chromium] ΓÇ║ tests\e2e\auth.spec.ts:137:9 ΓÇ║ Registration - ─É─âng k├╜ t├ái khoß║ún ΓÇ║ TC_AUTH_07: ─É─âng k├╜ Tenant th├ánh c├┤ng 

    [31mTest timeout of 30000ms exceeded.[39m

    Error: page.fill: Test timeout of 30000ms exceeded.
    Call log:
    [2m  - waiting for locator('input[name="fullName"]')[22m


      138 |       await page.goto('/register');
      139 |     
    > 140 |       await page.fill('input[name="fullName"]', 'Test Tenant ' + Date.now());
          |                  ^
      141 |       await page.fill('input[name="email"]', 'tenant' + Date.now() + '@example.com');
      142 |       await page.fill('input[name="phone"]', '0912345679');
      143 |       await page.fill('input[name="password"]', 'Password123!');
        at E:\Project\repo\apartment-management-web\tests\e2e\auth.spec.ts:140:18

    attachment #1: screenshot (image/png) ΓöÇΓöÇΓöÇΓöÇΓöÇΓöÇΓöÇΓöÇΓöÇΓöÇΓöÇΓöÇΓöÇΓöÇΓöÇΓöÇΓöÇΓöÇΓöÇΓöÇΓöÇΓöÇΓöÇΓöÇΓöÇΓöÇΓöÇΓöÇΓöÇΓöÇΓöÇΓöÇΓöÇΓöÇΓöÇΓöÇΓöÇΓöÇΓöÇΓöÇΓöÇΓöÇΓöÇΓöÇΓöÇΓöÇΓöÇΓöÇΓöÇΓöÇΓöÇΓöÇΓöÇΓöÇΓöÇΓöÇΓöÇΓöÇ
    test-results\e2e-auth-Registration---─É─â-121d6-7-─É─âng-k├╜-Tenant-th├ánh-c├┤ng-chromium\test-failed-1.png
    ΓöÇΓöÇΓöÇΓöÇΓöÇΓöÇΓöÇΓöÇΓöÇΓöÇΓöÇΓöÇΓöÇΓöÇΓöÇΓöÇΓöÇΓöÇΓöÇΓöÇΓöÇΓöÇΓöÇΓöÇΓöÇΓöÇΓöÇΓöÇΓöÇΓöÇΓöÇΓöÇΓöÇΓöÇΓöÇΓöÇΓöÇΓöÇΓöÇΓöÇΓöÇΓöÇΓöÇΓöÇΓöÇΓöÇΓöÇΓöÇΓöÇΓöÇΓöÇΓöÇΓöÇΓöÇΓöÇΓöÇΓöÇΓöÇΓöÇΓöÇΓöÇΓöÇΓöÇΓöÇΓöÇΓöÇΓöÇΓöÇΓöÇΓöÇΓöÇΓöÇΓöÇΓöÇΓöÇΓöÇΓöÇΓöÇΓöÇΓöÇΓöÇΓöÇΓöÇΓöÇΓöÇΓöÇΓöÇΓöÇΓöÇΓöÇΓöÇΓöÇΓöÇΓöÇΓöÇΓöÇ

    attachment #2: video (video/webm) ΓöÇΓöÇΓöÇΓöÇΓöÇΓöÇΓöÇΓöÇΓöÇΓöÇΓöÇΓöÇΓöÇΓöÇΓöÇΓöÇΓöÇΓöÇΓöÇΓöÇΓöÇΓöÇΓöÇΓöÇΓöÇΓöÇΓöÇΓöÇΓöÇΓöÇΓöÇΓöÇΓöÇΓöÇΓöÇΓöÇΓöÇΓöÇΓöÇΓöÇΓöÇΓöÇΓöÇΓöÇΓöÇΓöÇΓöÇΓöÇΓöÇΓöÇΓöÇΓöÇΓöÇΓöÇΓöÇΓöÇΓöÇΓöÇΓöÇΓöÇΓöÇΓöÇ
    test-results\e2e-auth-Registration---─É─â-121d6-7-─É─âng-k├╜-Tenant-th├ánh-c├┤ng-chromium\video.webm
    ΓöÇΓöÇΓöÇΓöÇΓöÇΓöÇΓöÇΓöÇΓöÇΓöÇΓöÇΓöÇΓöÇΓöÇΓöÇΓöÇΓöÇΓöÇΓöÇΓöÇΓöÇΓöÇΓöÇΓöÇΓöÇΓöÇΓöÇΓöÇΓöÇΓöÇΓöÇΓöÇΓöÇΓöÇΓöÇΓöÇΓöÇΓöÇΓöÇΓöÇΓöÇΓöÇΓöÇΓöÇΓöÇΓöÇΓöÇΓöÇΓöÇΓöÇΓöÇΓöÇΓöÇΓöÇΓöÇΓöÇΓöÇΓöÇΓöÇΓöÇΓöÇΓöÇΓöÇΓöÇΓöÇΓöÇΓöÇΓöÇΓöÇΓöÇΓöÇΓöÇΓöÇΓöÇΓöÇΓöÇΓöÇΓöÇΓöÇΓöÇΓöÇΓöÇΓöÇΓöÇΓöÇΓöÇΓöÇΓöÇΓöÇΓöÇΓöÇΓöÇΓöÇΓöÇΓöÇΓöÇ

    Error Context: test-results\e2e-auth-Registration---─É─â-121d6-7-─É─âng-k├╜-Tenant-th├ánh-c├┤ng-chromium\error-context.md


[1A[2K  51) [chromium] ΓÇ║ tests\e2e\auth.spec.ts:155:9 ΓÇ║ Registration - ─É─âng k├╜ t├ái khoß║ún ΓÇ║ TC_AUTH_08: ─É─âng k├╜ thß║Ñt bß║íi - Email ─æ├ú tß╗ôn tß║íi 

    [31mTest timeout of 30000ms exceeded.[39m

    Error: page.fill: Test timeout of 30000ms exceeded.
    Call log:
    [2m  - waiting for locator('input[name="fullName"]')[22m


      157 |     
      158 |       // Sß╗¡ dß╗Ñng email ─æ├ú tß╗ôn tß║íi
    > 159 |       await page.fill('input[name="fullName"]', 'Duplicate Test');
          |                  ^
      160 |       await page.fill('input[name="email"]', 'owner_test@example.com');
      161 |       await page.fill('input[name="phone"]', '0912345680');
      162 |       await page.fill('input[name="password"]', 'Password123!');
        at E:\Project\repo\apartment-management-web\tests\e2e\auth.spec.ts:159:18

    attachment #1: screenshot (image/png) ΓöÇΓöÇΓöÇΓöÇΓöÇΓöÇΓöÇΓöÇΓöÇΓöÇΓöÇΓöÇΓöÇΓöÇΓöÇΓöÇΓöÇΓöÇΓöÇΓöÇΓöÇΓöÇΓöÇΓöÇΓöÇΓöÇΓöÇΓöÇΓöÇΓöÇΓöÇΓöÇΓöÇΓöÇΓöÇΓöÇΓöÇΓöÇΓöÇΓöÇΓöÇΓöÇΓöÇΓöÇΓöÇΓöÇΓöÇΓöÇΓöÇΓöÇΓöÇΓöÇΓöÇΓöÇΓöÇΓöÇΓöÇΓöÇ
    test-results\e2e-auth-Registration---─É─â-0d505-thß║Ñt-bß║íi---Email-─æ├ú-tß╗ôn-tß║íi-chromium\test-failed-1.png
    ΓöÇΓöÇΓöÇΓöÇΓöÇΓöÇΓöÇΓöÇΓöÇΓöÇΓöÇΓöÇΓöÇΓöÇΓöÇΓöÇΓöÇΓöÇΓöÇΓöÇΓöÇΓöÇΓöÇΓöÇΓöÇΓöÇΓöÇΓöÇΓöÇΓöÇΓöÇΓöÇΓöÇΓöÇΓöÇΓöÇΓöÇΓöÇΓöÇΓöÇΓöÇΓöÇΓöÇΓöÇΓöÇΓöÇΓöÇΓöÇΓöÇΓöÇΓöÇΓöÇΓöÇΓöÇΓöÇΓöÇΓöÇΓöÇΓöÇΓöÇΓöÇΓöÇΓöÇΓöÇΓöÇΓöÇΓöÇΓöÇΓöÇΓöÇΓöÇΓöÇΓöÇΓöÇΓöÇΓöÇΓöÇΓöÇΓöÇΓöÇΓöÇΓöÇΓöÇΓöÇΓöÇΓöÇΓöÇΓöÇΓöÇΓöÇΓöÇΓöÇΓöÇΓöÇΓöÇΓöÇ

    attachment #2: video (video/webm) ΓöÇΓöÇΓöÇΓöÇΓöÇΓöÇΓöÇΓöÇΓöÇΓöÇΓöÇΓöÇΓöÇΓöÇΓöÇΓöÇΓöÇΓöÇΓöÇΓöÇΓöÇΓöÇΓöÇΓöÇΓöÇΓöÇΓöÇΓöÇΓöÇΓöÇΓöÇΓöÇΓöÇΓöÇΓöÇΓöÇΓöÇΓöÇΓöÇΓöÇΓöÇΓöÇΓöÇΓöÇΓöÇΓöÇΓöÇΓöÇΓöÇΓöÇΓöÇΓöÇΓöÇΓöÇΓöÇΓöÇΓöÇΓöÇΓöÇΓöÇΓöÇΓöÇ
    test-results\e2e-auth-Registration---─É─â-0d505-thß║Ñt-bß║íi---Email-─æ├ú-tß╗ôn-tß║íi-chromium\video.webm
    ΓöÇΓöÇΓöÇΓöÇΓöÇΓöÇΓöÇΓöÇΓöÇΓöÇΓöÇΓöÇΓöÇΓöÇΓöÇΓöÇΓöÇΓöÇΓöÇΓöÇΓöÇΓöÇΓöÇΓöÇΓöÇΓöÇΓöÇΓöÇΓöÇΓöÇΓöÇΓöÇΓöÇΓöÇΓöÇΓöÇΓöÇΓöÇΓöÇΓöÇΓöÇΓöÇΓöÇΓöÇΓöÇΓöÇΓöÇΓöÇΓöÇΓöÇΓöÇΓöÇΓöÇΓöÇΓöÇΓöÇΓöÇΓöÇΓöÇΓöÇΓöÇΓöÇΓöÇΓöÇΓöÇΓöÇΓöÇΓöÇΓöÇΓöÇΓöÇΓöÇΓöÇΓöÇΓöÇΓöÇΓöÇΓöÇΓöÇΓöÇΓöÇΓöÇΓöÇΓöÇΓöÇΓöÇΓöÇΓöÇΓöÇΓöÇΓöÇΓöÇΓöÇΓöÇΓöÇΓöÇ

    Error Context: test-results\e2e-auth-Registration---─É─â-0d505-thß║Ñt-bß║íi---Email-─æ├ú-tß╗ôn-tß║íi-chromium\error-context.md


[1A[2K  52) [chromium] ΓÇ║ tests\e2e\auth.spec.ts:171:9 ΓÇ║ Registration - ─É─âng k├╜ t├ái khoß║ún ΓÇ║ TC_AUTH_09: ─É─âng k├╜ thß║Ñt bß║íi - Mß║¡t khß║⌐u kh├┤ng tr├╣ng khß╗¢p 

    [31mTest timeout of 30000ms exceeded.[39m

    Error: page.fill: Test timeout of 30000ms exceeded.
    Call log:
    [2m  - waiting for locator('input[name="fullName"]')[22m


      172 |       await page.goto('/register');
      173 |     
    > 174 |       await page.fill('input[name="fullName"]', 'Test User');
          |                  ^
      175 |       await page.fill('input[name="email"]', 'test' + Date.now() + '@example.com');
      176 |       await page.fill('input[name="phone"]', '0912345681');
      177 |       await page.fill('input[name="password"]', 'Password123!');
        at E:\Project\repo\apartment-management-web\tests\e2e\auth.spec.ts:174:18

    attachment #1: screenshot (image/png) ΓöÇΓöÇΓöÇΓöÇΓöÇΓöÇΓöÇΓöÇΓöÇΓöÇΓöÇΓöÇΓöÇΓöÇΓöÇΓöÇΓöÇΓöÇΓöÇΓöÇΓöÇΓöÇΓöÇΓöÇΓöÇΓöÇΓöÇΓöÇΓöÇΓöÇΓöÇΓöÇΓöÇΓöÇΓöÇΓöÇΓöÇΓöÇΓöÇΓöÇΓöÇΓöÇΓöÇΓöÇΓöÇΓöÇΓöÇΓöÇΓöÇΓöÇΓöÇΓöÇΓöÇΓöÇΓöÇΓöÇΓöÇΓöÇ
    test-results\e2e-auth-Registration---─É─â-c3cc5---Mß║¡t-khß║⌐u-kh├┤ng-tr├╣ng-khß╗¢p-chromium\test-failed-1.png
    ΓöÇΓöÇΓöÇΓöÇΓöÇΓöÇΓöÇΓöÇΓöÇΓöÇΓöÇΓöÇΓöÇΓöÇΓöÇΓöÇΓöÇΓöÇΓöÇΓöÇΓöÇΓöÇΓöÇΓöÇΓöÇΓöÇΓöÇΓöÇΓöÇΓöÇΓöÇΓöÇΓöÇΓöÇΓöÇΓöÇΓöÇΓöÇΓöÇΓöÇΓöÇΓöÇΓöÇΓöÇΓöÇΓöÇΓöÇΓöÇΓöÇΓöÇΓöÇΓöÇΓöÇΓöÇΓöÇΓöÇΓöÇΓöÇΓöÇΓöÇΓöÇΓöÇΓöÇΓöÇΓöÇΓöÇΓöÇΓöÇΓöÇΓöÇΓöÇΓöÇΓöÇΓöÇΓöÇΓöÇΓöÇΓöÇΓöÇΓöÇΓöÇΓöÇΓöÇΓöÇΓöÇΓöÇΓöÇΓöÇΓöÇΓöÇΓöÇΓöÇΓöÇΓöÇΓöÇΓöÇ

    attachment #2: video (video/webm) ΓöÇΓöÇΓöÇΓöÇΓöÇΓöÇΓöÇΓöÇΓöÇΓöÇΓöÇΓöÇΓöÇΓöÇΓöÇΓöÇΓöÇΓöÇΓöÇΓöÇΓöÇΓöÇΓöÇΓöÇΓöÇΓöÇΓöÇΓöÇΓöÇΓöÇΓöÇΓöÇΓöÇΓöÇΓöÇΓöÇΓöÇΓöÇΓöÇΓöÇΓöÇΓöÇΓöÇΓöÇΓöÇΓöÇΓöÇΓöÇΓöÇΓöÇΓöÇΓöÇΓöÇΓöÇΓöÇΓöÇΓöÇΓöÇΓöÇΓöÇΓöÇΓöÇ
    test-results\e2e-auth-Registration---─É─â-c3cc5---Mß║¡t-khß║⌐u-kh├┤ng-tr├╣ng-khß╗¢p-chromium\video.webm
    ΓöÇΓöÇΓöÇΓöÇΓöÇΓöÇΓöÇΓöÇΓöÇΓöÇΓöÇΓöÇΓöÇΓöÇΓöÇΓöÇΓöÇΓöÇΓöÇΓöÇΓöÇΓöÇΓöÇΓöÇΓöÇΓöÇΓöÇΓöÇΓöÇΓöÇΓöÇΓöÇΓöÇΓöÇΓöÇΓöÇΓöÇΓöÇΓöÇΓöÇΓöÇΓöÇΓöÇΓöÇΓöÇΓöÇΓöÇΓöÇΓöÇΓöÇΓöÇΓöÇΓöÇΓöÇΓöÇΓöÇΓöÇΓöÇΓöÇΓöÇΓöÇΓöÇΓöÇΓöÇΓöÇΓöÇΓöÇΓöÇΓöÇΓöÇΓöÇΓöÇΓöÇΓöÇΓöÇΓöÇΓöÇΓöÇΓöÇΓöÇΓöÇΓöÇΓöÇΓöÇΓöÇΓöÇΓöÇΓöÇΓöÇΓöÇΓöÇΓöÇΓöÇΓöÇΓöÇΓöÇ

    Error Context: test-results\e2e-auth-Registration---─É─â-c3cc5---Mß║¡t-khß║⌐u-kh├┤ng-tr├╣ng-khß╗¢p-chromium\error-context.md


[1A[2K[76/242] [chromium] ΓÇ║ tests\e2e\owner-invoices.spec.ts:364:9 ΓÇ║ Owner - Quß║ún l├╜ Ph├▓ng (Rooms) ΓÇ║ TC_OWN_ROOM_05: Xem chi tiß║┐t ph├▓ng
[1A[2K[77/242] [chromium] ΓÇ║ tests\e2e\owner-invoices.spec.ts:391:9 ΓÇ║ Owner - Quß║ún l├╜ Dß╗ïch vß╗Ñ (Services) ΓÇ║ TC_OWN_SVC_01: Xem danh s├ích dß╗ïch vß╗Ñ
[1A[2K[78/242] [chromium] ΓÇ║ tests\e2e\owner-invoices.spec.ts:309:9 ΓÇ║ Owner - Quß║ún l├╜ Ph├▓ng (Rooms) ΓÇ║ TC_OWN_ROOM_03: Cß║¡p nhß║¡t th├┤ng tin ph├▓ng
[1A[2K[79/242] [chromium] ΓÇ║ tests\e2e\owner-invoices.spec.ts:269:9 ΓÇ║ Owner - Quß║ún l├╜ Ph├▓ng (Rooms) ΓÇ║ TC_OWN_ROOM_02: Th├¬m ph├▓ng mß╗¢i
[1A[2K[80/242] [chromium] ΓÇ║ tests\e2e\owner-invoices.spec.ts:344:9 ΓÇ║ Owner - Quß║ún l├╜ Ph├▓ng (Rooms) ΓÇ║ TC_OWN_ROOM_04: X├│a ph├▓ng
[1A[2K[81/242] [chromium] ΓÇ║ tests\e2e\owner-invoices.spec.ts:403:9 ΓÇ║ Owner - Quß║ún l├╜ Dß╗ïch vß╗Ñ (Services) ΓÇ║ TC_OWN_SVC_02: Th├¬m dß╗ïch vß╗Ñ mß╗¢i
[1A[2K[82/242] [chromium] ΓÇ║ tests\e2e\owner-invoices.spec.ts:432:9 ΓÇ║ Owner - Quß║ún l├╜ Dß╗ïch vß╗Ñ (Services) ΓÇ║ TC_OWN_SVC_03: Cß║¡p nhß║¡t dß╗ïch vß╗Ñ
[1A[2K[83/242] [chromium] ΓÇ║ tests\e2e\owner-invoices.spec.ts:457:9 ΓÇ║ Owner - Quß║ún l├╜ Dß╗ïch vß╗Ñ (Services) ΓÇ║ TC_OWN_SVC_04: X├│a dß╗ïch vß╗Ñ
[1A[2K[84/242] [chromium] ΓÇ║ tests\e2e\owner-invoices.spec.ts:476:9 ΓÇ║ Owner - Quß║ún l├╜ Dß╗ïch vß╗Ñ (Services) ΓÇ║ TC_OWN_SVC_05: G├ín dß╗ïch vß╗Ñ cho ph├▓ng
[1A[2K[85/242] [chromium] ΓÇ║ tests\e2e\owner-invoices.spec.ts:505:9 ΓÇ║ Owner - Hß╗úp ─æß╗ông (Contracts) Th├¬m ΓÇ║ TC_OWN_CON_04: Cß║¡p nhß║¡t hß╗úp ─æß╗ông
[1A[2K[86/242] [chromium] ΓÇ║ tests\e2e\owner-invoices.spec.ts:524:9 ΓÇ║ Owner - Hß╗úp ─æß╗ông (Contracts) Th├¬m ΓÇ║ TC_OWN_CON_05: X├│a hß╗úp ─æß╗ông
[1A[2K[87/242] [chromium] ΓÇ║ tests\e2e\owner-invoices.spec.ts:544:9 ΓÇ║ Owner - H├│a ─æ╞ín (Invoices) Th├¬m ΓÇ║ TC_OWN_INV_04: Gß╗¡i h├│a ─æ╞ín cho kh├ích thu├¬
[1A[2K[88/242] [chromium] ΓÇ║ tests\e2e\owner-invoices.spec.ts:556:9 ΓÇ║ Owner - H├│a ─æ╞ín (Invoices) Th├¬m ΓÇ║ TC_OWN_INV_05: X├│a h├│a ─æ╞ín nh├íp
[1A[2K[89/242] [chromium] ΓÇ║ tests\e2e\owner-invoices.spec.ts:573:9 ΓÇ║ Owner - H├│a ─æ╞ín (Invoices) Th├¬m ΓÇ║ TC_OWN_INV_06: Xuß║Ñt h├│a ─æ╞ín PDF
[1A[2K[90/242] [chromium] ΓÇ║ tests\e2e\owner-properties.spec.ts:9:7 ΓÇ║ Owner - Quß║ún l├╜ T├ái sß║ún (Properties) ΓÇ║ TC_OWN_PROP_01: Xem danh s├ích t├ái sß║ún
[1A[2K  53) [chromium] ΓÇ║ tests\e2e\auth.spec.ts:208:9 ΓÇ║ Password Reset - ─Éß║╖t lß║íi mß║¡t khß║⌐u ΓÇ║ TC_AUTH_13: ─Éß║╖t lß║íi mß║¡t khß║⌐u th├ánh c├┤ng 

    [31mTest timeout of 30000ms exceeded.[39m

    Error: page.fill: Test timeout of 30000ms exceeded.
    Call log:
    [2m  - waiting for locator('input[name="password"], input[placeholder*="mß║¡t khß║⌐u"]')[22m


      209 |       await page.goto('/reset-password?token=test-token-123');
      210 |     
    > 211 |       await page.fill('input[name="password"], input[placeholder*="mß║¡t khß║⌐u"]', 'NewPassword123!');
          |                  ^
      212 |       await page.fill('input[name="confirmPassword"], input[id*="confirm"]', 'NewPassword123!');
      213 |     
      214 |       await page.click('button[type="submit"]');
        at E:\Project\repo\apartment-management-web\tests\e2e\auth.spec.ts:211:18

    attachment #1: screenshot (image/png) ΓöÇΓöÇΓöÇΓöÇΓöÇΓöÇΓöÇΓöÇΓöÇΓöÇΓöÇΓöÇΓöÇΓöÇΓöÇΓöÇΓöÇΓöÇΓöÇΓöÇΓöÇΓöÇΓöÇΓöÇΓöÇΓöÇΓöÇΓöÇΓöÇΓöÇΓöÇΓöÇΓöÇΓöÇΓöÇΓöÇΓöÇΓöÇΓöÇΓöÇΓöÇΓöÇΓöÇΓöÇΓöÇΓöÇΓöÇΓöÇΓöÇΓöÇΓöÇΓöÇΓöÇΓöÇΓöÇΓöÇΓöÇΓöÇ
    test-results\e2e-auth-Password-Reset----22d9d-─Éß║╖t-lß║íi-mß║¡t-khß║⌐u-th├ánh-c├┤ng-chromium\test-failed-1.png
    ΓöÇΓöÇΓöÇΓöÇΓöÇΓöÇΓöÇΓöÇΓöÇΓöÇΓöÇΓöÇΓöÇΓöÇΓöÇΓöÇΓöÇΓöÇΓöÇΓöÇΓöÇΓöÇΓöÇΓöÇΓöÇΓöÇΓöÇΓöÇΓöÇΓöÇΓöÇΓöÇΓöÇΓöÇΓöÇΓöÇΓöÇΓöÇΓöÇΓöÇΓöÇΓöÇΓöÇΓöÇΓöÇΓöÇΓöÇΓöÇΓöÇΓöÇΓöÇΓöÇΓöÇΓöÇΓöÇΓöÇΓöÇΓöÇΓöÇΓöÇΓöÇΓöÇΓöÇΓöÇΓöÇΓöÇΓöÇΓöÇΓöÇΓöÇΓöÇΓöÇΓöÇΓöÇΓöÇΓöÇΓöÇΓöÇΓöÇΓöÇΓöÇΓöÇΓöÇΓöÇΓöÇΓöÇΓöÇΓöÇΓöÇΓöÇΓöÇΓöÇΓöÇΓöÇΓöÇΓöÇ

    attachment #2: video (video/webm) ΓöÇΓöÇΓöÇΓöÇΓöÇΓöÇΓöÇΓöÇΓöÇΓöÇΓöÇΓöÇΓöÇΓöÇΓöÇΓöÇΓöÇΓöÇΓöÇΓöÇΓöÇΓöÇΓöÇΓöÇΓöÇΓöÇΓöÇΓöÇΓöÇΓöÇΓöÇΓöÇΓöÇΓöÇΓöÇΓöÇΓöÇΓöÇΓöÇΓöÇΓöÇΓöÇΓöÇΓöÇΓöÇΓöÇΓöÇΓöÇΓöÇΓöÇΓöÇΓöÇΓöÇΓöÇΓöÇΓöÇΓöÇΓöÇΓöÇΓöÇΓöÇΓöÇ
    test-results\e2e-auth-Password-Reset----22d9d-─Éß║╖t-lß║íi-mß║¡t-khß║⌐u-th├ánh-c├┤ng-chromium\video.webm
    ΓöÇΓöÇΓöÇΓöÇΓöÇΓöÇΓöÇΓöÇΓöÇΓöÇΓöÇΓöÇΓöÇΓöÇΓöÇΓöÇΓöÇΓöÇΓöÇΓöÇΓöÇΓöÇΓöÇΓöÇΓöÇΓöÇΓöÇΓöÇΓöÇΓöÇΓöÇΓöÇΓöÇΓöÇΓöÇΓöÇΓöÇΓöÇΓöÇΓöÇΓöÇΓöÇΓöÇΓöÇΓöÇΓöÇΓöÇΓöÇΓöÇΓöÇΓöÇΓöÇΓöÇΓöÇΓöÇΓöÇΓöÇΓöÇΓöÇΓöÇΓöÇΓöÇΓöÇΓöÇΓöÇΓöÇΓöÇΓöÇΓöÇΓöÇΓöÇΓöÇΓöÇΓöÇΓöÇΓöÇΓöÇΓöÇΓöÇΓöÇΓöÇΓöÇΓöÇΓöÇΓöÇΓöÇΓöÇΓöÇΓöÇΓöÇΓöÇΓöÇΓöÇΓöÇΓöÇΓöÇ

    Error Context: test-results\e2e-auth-Password-Reset----22d9d-─Éß║╖t-lß║íi-mß║¡t-khß║⌐u-th├ánh-c├┤ng-chromium\error-context.md


[1A[2K[91/242] [chromium] ΓÇ║ tests\e2e\owner-properties.spec.ts:71:7 ΓÇ║ Owner - Quß║ún l├╜ T├ái sß║ún (Properties) ΓÇ║ TC_OWN_PROP_03: Th├¬m t├ái sß║ún bß╗Å trß╗æng tr╞░ß╗¥ng bß║»t buß╗Öc - hiß╗ân thß╗ï lß╗ùi
[1A[2K[92/242] [chromium] ΓÇ║ tests\e2e\owner-properties.spec.ts:104:7 ΓÇ║ Owner - Quß║ún l├╜ T├ái sß║ún (Properties) ΓÇ║ TC_OWN_PROP_04: Chß╗ënh sß╗¡a th├┤ng tin t├ái sß║ún
[1A[2K[93/242] [chromium] ΓÇ║ tests\e2e\owner-properties.spec.ts:26:7 ΓÇ║ Owner - Quß║ún l├╜ T├ái sß║ún (Properties) ΓÇ║ TC_OWN_PROP_02: Th├¬m t├ái sß║ún mß╗¢i th├ánh c├┤ng
[1A[2K[94/242] [chromium] ΓÇ║ tests\e2e\owner-properties.spec.ts:142:7 ΓÇ║ Owner - Quß║ún l├╜ T├ái sß║ún (Properties) ΓÇ║ TC_EDGE_PROP_01: T├¼m kiß║┐m t├ái sß║ún
[1A[2K[95/242] [chromium] ΓÇ║ tests\e2e\owner-properties.spec.ts:157:7 ΓÇ║ Owner - Quß║ún l├╜ T├ái sß║ún (Properties) ΓÇ║ TC_EDGE_PROP_02: Kiß╗âm tra XSS tr├¬n input - kh├┤ng cho ph├⌐p script tags
[1A[2K  54) [chromium] ΓÇ║ tests\e2e\owner-properties.spec.ts:9:7 ΓÇ║ Owner - Quß║ún l├╜ T├ái sß║ún (Properties) ΓÇ║ TC_OWN_PROP_01: Xem danh s├ích t├ái sß║ún 

    Error: [2mexpect([22m[31mlocator[39m[2m).[22mtoBeVisible[2m([22m[2m)[22m failed

    Locator: locator('text=/.*t├ái sß║ún|khu trß╗ì.*/i')
    Expected: visible
    Error: strict mode violation: locator('text=/.*t├ái sß║ún|khu trß╗ì.*/i') resolved to 3 elements:
        1) <a href="/dashboard/owner/properties" class="flex items-center gap-3 rounded-lg px-3 py-2.5 font-medium transition-colors text-blue-700 bg-blue-50">ΓÇª</a> aka getByRole('link', { name: 'Khu trß╗ì & Ph├▓ng' })
        2) <h1 class="text-2xl font-bold text-foreground">Khu Trß╗ì & Ph├▓ng</h1> aka getByRole('heading', { name: 'Khu Trß╗ì & Ph├▓ng' })
        3) <button class="inline-flex items-center justify-center gap-2 px-4 py-2 bg-blue-600 text-white rounded-lg hover:bg-blue-700 font-medium transition-colors">ΓÇª</button> aka getByRole('button', { name: 'Th├¬m Khu Trß╗ì' })

    Call log:
    [2m  - Expect "toBeVisible" with timeout 5000ms[22m
    [2m  - waiting for locator('text=/.*t├ái sß║ún|khu trß╗ì.*/i')[22m


      13 |     // Kiß╗âm tra ti├¬u ─æß╗ü trang
      14 |     const pageTitle = page.locator('text=/.*t├ái sß║ún|khu trß╗ì.*/i');
    > 15 |     await expect(pageTitle).toBeVisible({ timeout: 5000 });
         |                             ^
      16 |
      17 |     // Kiß╗âm tra bß║úng danh s├ích hoß║╖c card hiß╗ân thß╗ï
      18 |     const listElement = page.locator('table, [role="grid"], .grid, .space-y-4').first();
        at E:\Project\repo\apartment-management-web\tests\e2e\owner-properties.spec.ts:15:29

    attachment #1: screenshot (image/png) ΓöÇΓöÇΓöÇΓöÇΓöÇΓöÇΓöÇΓöÇΓöÇΓöÇΓöÇΓöÇΓöÇΓöÇΓöÇΓöÇΓöÇΓöÇΓöÇΓöÇΓöÇΓöÇΓöÇΓöÇΓöÇΓöÇΓöÇΓöÇΓöÇΓöÇΓöÇΓöÇΓöÇΓöÇΓöÇΓöÇΓöÇΓöÇΓöÇΓöÇΓöÇΓöÇΓöÇΓöÇΓöÇΓöÇΓöÇΓöÇΓöÇΓöÇΓöÇΓöÇΓöÇΓöÇΓöÇΓöÇΓöÇΓöÇ
    test-results\e2e-owner-properties-Owner-aa9ab-OP-01-Xem-danh-s├ích-t├ái-sß║ún-chromium\test-failed-1.png
    ΓöÇΓöÇΓöÇΓöÇΓöÇΓöÇΓöÇΓöÇΓöÇΓöÇΓöÇΓöÇΓöÇΓöÇΓöÇΓöÇΓöÇΓöÇΓöÇΓöÇΓöÇΓöÇΓöÇΓöÇΓöÇΓöÇΓöÇΓöÇΓöÇΓöÇΓöÇΓöÇΓöÇΓöÇΓöÇΓöÇΓöÇΓöÇΓöÇΓöÇΓöÇΓöÇΓöÇΓöÇΓöÇΓöÇΓöÇΓöÇΓöÇΓöÇΓöÇΓöÇΓöÇΓöÇΓöÇΓöÇΓöÇΓöÇΓöÇΓöÇΓöÇΓöÇΓöÇΓöÇΓöÇΓöÇΓöÇΓöÇΓöÇΓöÇΓöÇΓöÇΓöÇΓöÇΓöÇΓöÇΓöÇΓöÇΓöÇΓöÇΓöÇΓöÇΓöÇΓöÇΓöÇΓöÇΓöÇΓöÇΓöÇΓöÇΓöÇΓöÇΓöÇΓöÇΓöÇΓöÇ

    attachment #2: video (video/webm) ΓöÇΓöÇΓöÇΓöÇΓöÇΓöÇΓöÇΓöÇΓöÇΓöÇΓöÇΓöÇΓöÇΓöÇΓöÇΓöÇΓöÇΓöÇΓöÇΓöÇΓöÇΓöÇΓöÇΓöÇΓöÇΓöÇΓöÇΓöÇΓöÇΓöÇΓöÇΓöÇΓöÇΓöÇΓöÇΓöÇΓöÇΓöÇΓöÇΓöÇΓöÇΓöÇΓöÇΓöÇΓöÇΓöÇΓöÇΓöÇΓöÇΓöÇΓöÇΓöÇΓöÇΓöÇΓöÇΓöÇΓöÇΓöÇΓöÇΓöÇΓöÇΓöÇ
    test-results\e2e-owner-properties-Owner-aa9ab-OP-01-Xem-danh-s├ích-t├ái-sß║ún-chromium\video.webm
    ΓöÇΓöÇΓöÇΓöÇΓöÇΓöÇΓöÇΓöÇΓöÇΓöÇΓöÇΓöÇΓöÇΓöÇΓöÇΓöÇΓöÇΓöÇΓöÇΓöÇΓöÇΓöÇΓöÇΓöÇΓöÇΓöÇΓöÇΓöÇΓöÇΓöÇΓöÇΓöÇΓöÇΓöÇΓöÇΓöÇΓöÇΓöÇΓöÇΓöÇΓöÇΓöÇΓöÇΓöÇΓöÇΓöÇΓöÇΓöÇΓöÇΓöÇΓöÇΓöÇΓöÇΓöÇΓöÇΓöÇΓöÇΓöÇΓöÇΓöÇΓöÇΓöÇΓöÇΓöÇΓöÇΓöÇΓöÇΓöÇΓöÇΓöÇΓöÇΓöÇΓöÇΓöÇΓöÇΓöÇΓöÇΓöÇΓöÇΓöÇΓöÇΓöÇΓöÇΓöÇΓöÇΓöÇΓöÇΓöÇΓöÇΓöÇΓöÇΓöÇΓöÇΓöÇΓöÇΓöÇ

    Error Context: test-results\e2e-owner-properties-Owner-aa9ab-OP-01-Xem-danh-s├ích-t├ái-sß║ún-chromium\error-context.md


[1A[2K[96/242] [chromium] ΓÇ║ tests\e2e\owner-properties.spec.ts:213:9 ΓÇ║ TC_OWN_PROP_06: Xem chi tiß║┐t t├ái sß║ún
[1A[2K[97/242] [chromium] ΓÇ║ tests\e2e\owner-properties.spec.ts:188:9 ΓÇ║ TC_OWN_PROP_05: X├│a t├ái sß║ún th├ánh c├┤ng
[1A[2K[98/242] [chromium] ΓÇ║ tests\e2e\tenant-invoices.spec.ts:9:7 ΓÇ║ Tenant - Dashboard & H├│a ─É╞ín ΓÇ║ TC_TEN_DASH_01: Xem tß╗òng quan Dashboard
[1A[2K[99/242] [chromium] ΓÇ║ tests\e2e\tenant-invoices.spec.ts:27:7 ΓÇ║ Tenant - Dashboard & H├│a ─É╞ín ΓÇ║ TC_TEN_ROOM_01: Xem th├┤ng tin ph├▓ng ─æang thu├¬
[1A[2K[100/242] [chromium] ΓÇ║ tests\e2e\tenant-invoices.spec.ts:47:7 ΓÇ║ Tenant - Dashboard & H├│a ─É╞ín ΓÇ║ TC_TEN_INV_01: Xem danh s├ích h├│a ─æ╞ín
[1A[2K[101/242] [chromium] ΓÇ║ tests\e2e\tenant-invoices.spec.ts:72:7 ΓÇ║ Tenant - Dashboard & H├│a ─É╞ín ΓÇ║ TC_TEN_INV_02: Lß╗ìc h├│a ─æ╞ín theo trß║íng th├íi Unpaid
[1A[2K[102/242] [chromium] ΓÇ║ tests\e2e\tenant-invoices.spec.ts:101:7 ΓÇ║ Tenant - Dashboard & H├│a ─É╞ín ΓÇ║ TC_TEN_INV_03: Clicking on invoice ─æß╗â xem chi tiß║┐t
[1A[2K[103/242] [chromium] ΓÇ║ tests\e2e\tenant-invoices.spec.ts:122:7 ΓÇ║ Payment - VNPay Integration ΓÇ║ TC_PAY_VN_01: Mß╗ƒ cß╗òng thanh to├ín VNPay
[1A[2K[104/242] [chromium] ΓÇ║ tests\e2e\tenant-invoices.spec.ts:156:7 ΓÇ║ Payment - VNPay Integration ΓÇ║ TC_PAY_VN_02: Kiß╗âm tra payment ─æ╞░ß╗úc log v├áo API
[1A[2K[105/242] [chromium] ΓÇ║ tests\e2e\tenant-invoices.spec.ts:187:7 ΓÇ║ Payment - VNPay Integration ΓÇ║ TC_PAY_VN_03: Mock successful payment response
[1A[2K[106/242] [chromium] ΓÇ║ tests\e2e\tenant-invoices.spec.ts:217:7 ΓÇ║ Authorization - RBAC ΓÇ║ TC_AUTHZ_01: Tenant kh├┤ng thß╗â truy cß║¡p dashboard Owner
[1A[2K[107/242] [chromium] ΓÇ║ tests\e2e\tenant-invoices.spec.ts:229:7 ΓÇ║ Authorization - RBAC ΓÇ║ TC_AUTHZ_02: Truy cß║¡p dashboard khi ch╞░a ─æ─âng nhß║¡p - redirect vß╗ü login
[1A[2K[108/242] [chromium] ΓÇ║ tests\e2e\tenant-invoices.spec.ts:237:7 ΓÇ║ Authorization - RBAC ΓÇ║ TC_AUTHZ_03: Admin c├│ thß╗â cß║Ñp quyß╗ün
[1A[2K[109/242] [chromium] ΓÇ║ tests\e2e\tenant-invoices.spec.ts:256:9 ΓÇ║ Tenant - Dashboard Th├¬m ΓÇ║ TC_TEN_DASH_02: Xem sß╗æ tiß╗ün nß╗ú h├│a ─æ╞ín
[1A[2K[110/242] [chromium] ΓÇ║ tests\e2e\tenant-invoices.spec.ts:266:9 ΓÇ║ Tenant - Dashboard Th├¬m ΓÇ║ TC_TEN_DASH_03: Xem ph├▓ng ─æang thu├¬ tr├¬n Dashboard
[1A[2K[111/242] [chromium] ΓÇ║ tests\e2e\tenant-invoices.spec.ts:273:9 ΓÇ║ Tenant - Dashboard Th├¬m ΓÇ║ TC_TEN_DASH_04: Xem th├┤ng b├ío tr├¬n Dashboard
[1A[2K[112/242] [chromium] ΓÇ║ tests\e2e\tenant-invoices.spec.ts:288:9 ΓÇ║ Tenant - Ph├▓ng (Room) Th├¬m ΓÇ║ TC_TEN_ROOM_02: Xem chi tiß║┐t dß╗ïch vß╗Ñ ph├▓ng
[1A[2K[113/242] [chromium] ΓÇ║ tests\e2e\tenant-invoices.spec.ts:310:9 ΓÇ║ Tenant - Hß╗úp ─æß╗ông (Contracts) ΓÇ║ TC_TEN_CON_01: Xem hß╗úp ─æß╗ông thu├¬ ph├▓ng
[1A[2K[114/242] [chromium] ΓÇ║ tests\e2e\tenant-invoices.spec.ts:323:9 ΓÇ║ Tenant - Hß╗úp ─æß╗ông (Contracts) ΓÇ║ TC_TEN_CON_02: Xem chi tiß║┐t hß╗úp ─æß╗ông
[1A[2K[115/242] [chromium] ΓÇ║ tests\e2e\tenant-invoices.spec.ts:341:9 ΓÇ║ Tenant - Hß╗úp ─æß╗ông (Contracts) ΓÇ║ TC_TEN_CON_03: Tß║úi xuß╗æng hß╗úp ─æß╗ông PDF
[1A[2K[116/242] [chromium] ΓÇ║ tests\e2e\tenant-invoices.spec.ts:363:9 ΓÇ║ Tenant - Th├┤ng b├ío (Notifications) ΓÇ║ TC_TEN_NOTI_01: Xem danh s├ích th├┤ng b├ío
[1A[2K[117/242] [chromium] ΓÇ║ tests\e2e\tenant-invoices.spec.ts:374:9 ΓÇ║ Tenant - Th├┤ng b├ío (Notifications) ΓÇ║ TC_TEN_NOTI_02: ─É├ính dß║Ñu th├┤ng b├ío l├á ─æ├ú ─æß╗ìc
[1A[2K[118/242] [chromium] ΓÇ║ tests\e2e\tenant-invoices.spec.ts:394:9 ΓÇ║ Tenant - Dß╗ïch vß╗Ñ (Services) ΓÇ║ TC_TEN_SVC_01: Xem danh s├ích dß╗ïch vß╗Ñ ph├▓ng
[1A[2K[119/242] [chromium] ΓÇ║ tests\e2e\tenant-invoices.spec.ts:403:9 ΓÇ║ Tenant - Dß╗ïch vß╗Ñ (Services) ΓÇ║ TC_TEN_SVC_02: Xem chi tiß║┐t dß╗ïch vß╗Ñ
[1A[2K  55) [chromium] ΓÇ║ tests\e2e\owner-properties.spec.ts:26:7 ΓÇ║ Owner - Quß║ún l├╜ T├ái sß║ún (Properties) ΓÇ║ TC_OWN_PROP_02: Th├¬m t├ái sß║ún mß╗¢i th├ánh c├┤ng 

    TimeoutError: page.click: Timeout 5000ms exceeded.
    Call log:
    [2m  - waiting for locator('button[type="button"]')[22m


       at utils\test-helpers.ts:125

      123 |   for (let i = 0; i < retries; i++) {
      124 |     try {
    > 125 |       await page.click(selector, { timeout: 5000 });
          |                  ^
      126 |       return true;
      127 |     } catch (error) {
      128 |       if (i === retries - 1) throw error;
        at safeClick (E:\Project\repo\apartment-management-web\tests\utils\test-helpers.ts:125:18)
        at E:\Project\repo\apartment-management-web\tests\e2e\owner-properties.spec.ts:36:7

    attachment #1: screenshot (image/png) ΓöÇΓöÇΓöÇΓöÇΓöÇΓöÇΓöÇΓöÇΓöÇΓöÇΓöÇΓöÇΓöÇΓöÇΓöÇΓöÇΓöÇΓöÇΓöÇΓöÇΓöÇΓöÇΓöÇΓöÇΓöÇΓöÇΓöÇΓöÇΓöÇΓöÇΓöÇΓöÇΓöÇΓöÇΓöÇΓöÇΓöÇΓöÇΓöÇΓöÇΓöÇΓöÇΓöÇΓöÇΓöÇΓöÇΓöÇΓöÇΓöÇΓöÇΓöÇΓöÇΓöÇΓöÇΓöÇΓöÇΓöÇΓöÇ
    test-results\e2e-owner-properties-Owner-4d1d2-Th├¬m-t├ái-sß║ún-mß╗¢i-th├ánh-c├┤ng-chromium\test-failed-1.png
    ΓöÇΓöÇΓöÇΓöÇΓöÇΓöÇΓöÇΓöÇΓöÇΓöÇΓöÇΓöÇΓöÇΓöÇΓöÇΓöÇΓöÇΓöÇΓöÇΓöÇΓöÇΓöÇΓöÇΓöÇΓöÇΓöÇΓöÇΓöÇΓöÇΓöÇΓöÇΓöÇΓöÇΓöÇΓöÇΓöÇΓöÇΓöÇΓöÇΓöÇΓöÇΓöÇΓöÇΓöÇΓöÇΓöÇΓöÇΓöÇΓöÇΓöÇΓöÇΓöÇΓöÇΓöÇΓöÇΓöÇΓöÇΓöÇΓöÇΓöÇΓöÇΓöÇΓöÇΓöÇΓöÇΓöÇΓöÇΓöÇΓöÇΓöÇΓöÇΓöÇΓöÇΓöÇΓöÇΓöÇΓöÇΓöÇΓöÇΓöÇΓöÇΓöÇΓöÇΓöÇΓöÇΓöÇΓöÇΓöÇΓöÇΓöÇΓöÇΓöÇΓöÇΓöÇΓöÇΓöÇ

    attachment #2: video (video/webm) ΓöÇΓöÇΓöÇΓöÇΓöÇΓöÇΓöÇΓöÇΓöÇΓöÇΓöÇΓöÇΓöÇΓöÇΓöÇΓöÇΓöÇΓöÇΓöÇΓöÇΓöÇΓöÇΓöÇΓöÇΓöÇΓöÇΓöÇΓöÇΓöÇΓöÇΓöÇΓöÇΓöÇΓöÇΓöÇΓöÇΓöÇΓöÇΓöÇΓöÇΓöÇΓöÇΓöÇΓöÇΓöÇΓöÇΓöÇΓöÇΓöÇΓöÇΓöÇΓöÇΓöÇΓöÇΓöÇΓöÇΓöÇΓöÇΓöÇΓöÇΓöÇΓöÇ
    test-results\e2e-owner-properties-Owner-4d1d2-Th├¬m-t├ái-sß║ún-mß╗¢i-th├ánh-c├┤ng-chromium\video.webm
    ΓöÇΓöÇΓöÇΓöÇΓöÇΓöÇΓöÇΓöÇΓöÇΓöÇΓöÇΓöÇΓöÇΓöÇΓöÇΓöÇΓöÇΓöÇΓöÇΓöÇΓöÇΓöÇΓöÇΓöÇΓöÇΓöÇΓöÇΓöÇΓöÇΓöÇΓöÇΓöÇΓöÇΓöÇΓöÇΓöÇΓöÇΓöÇΓöÇΓöÇΓöÇΓöÇΓöÇΓöÇΓöÇΓöÇΓöÇΓöÇΓöÇΓöÇΓöÇΓöÇΓöÇΓöÇΓöÇΓöÇΓöÇΓöÇΓöÇΓöÇΓöÇΓöÇΓöÇΓöÇΓöÇΓöÇΓöÇΓöÇΓöÇΓöÇΓöÇΓöÇΓöÇΓöÇΓöÇΓöÇΓöÇΓöÇΓöÇΓöÇΓöÇΓöÇΓöÇΓöÇΓöÇΓöÇΓöÇΓöÇΓöÇΓöÇΓöÇΓöÇΓöÇΓöÇΓöÇΓöÇ

    Error Context: test-results\e2e-owner-properties-Owner-4d1d2-Th├¬m-t├ái-sß║ún-mß╗¢i-th├ánh-c├┤ng-chromium\error-context.md


[1A[2K[120/242] [chromium] ΓÇ║ tests\e2e\tenant-invoices.spec.ts:434:9 ΓÇ║ Tenant - H├│a ─æ╞ín (Invoices) Th├¬m ΓÇ║ TC_TEN_INV_05: Kiß╗âm tra lß╗ïch sß╗¡ thanh to├ín h├│a ─æ╞ín
[1A[2K[121/242] [chromium] ΓÇ║ tests\e2e\tenant-invoices.spec.ts:421:9 ΓÇ║ Tenant - H├│a ─æ╞ín (Invoices) Th├¬m ΓÇ║ TC_TEN_INV_04: Tß║úi xuß╗æng h├│a ─æ╞ín PDF
[1A[2K[122/242] [firefox] ΓÇ║ tests\e2e\admin.spec.ts:16:7 ΓÇ║ Admin Dashboard & Management ΓÇ║ TC_ADMIN_DASH_02: Lß╗ìc danh s├ích chß╗º trß╗ì chß╗¥ x├íc nhß║¡n
[1A[2K[123/242] [firefox] ΓÇ║ tests\e2e\admin.spec.ts:10:7 ΓÇ║ Admin Dashboard & Management ΓÇ║ TC_ADMIN_DASH_01: Xem tß╗òng quan dashboard admin
[1A[2K[124/242] [firefox] ΓÇ║ tests\e2e\admin.spec.ts:44:7 ΓÇ║ Admin Dashboard & Management ΓÇ║ TC_ADMIN_VER_01: Duyß╗çt mß╗Öt chß╗º trß╗ì chß╗¥ x├íc nhß║¡n
[1A[2K[125/242] [firefox] ΓÇ║ tests\e2e\admin.spec.ts:25:7 ΓÇ║ Admin Dashboard & Management ΓÇ║ TC_ADMIN_DASH_03: Lß╗ìc danh s├ích chß╗º trß╗ì ─æang hoß║ít ─æß╗Öng
[1A[2K[126/242] [firefox] ΓÇ║ tests\e2e\admin.spec.ts:34:7 ΓÇ║ Admin Dashboard & Management ΓÇ║ TC_ADMIN_DASH_04: Xem chi tiß║┐t danh s├ích chß╗º trß╗ì
[1A[2K[127/242] [firefox] ΓÇ║ tests\e2e\admin.spec.ts:54:7 ΓÇ║ Admin Dashboard & Management ΓÇ║ TC_ADMIN_VER_02: Tß╗½ chß╗æi mß╗Öt chß╗º trß╗ì chß╗¥ x├íc nhß║¡n
[1A[2K  56) [firefox] ΓÇ║ tests\e2e\admin.spec.ts:16:7 ΓÇ║ Admin Dashboard & Management ΓÇ║ TC_ADMIN_DASH_02: Lß╗ìc danh s├ích chß╗º trß╗ì chß╗¥ x├íc nhß║¡n 

    TypeError: (0 , _auth.loginAsAdmin) is not a function

      4 | test.describe('Admin Dashboard & Management', () => {
      5 |   test.beforeEach(async ({ page }) => {
    > 6 |     await loginAsAdmin(page);
        |                       ^
      7 |   });
      8 |
      9 |   // Admin Dashboard
        at E:\Project\repo\apartment-management-web\tests\e2e\admin.spec.ts:6:23

    attachment #1: screenshot (image/png) ΓöÇΓöÇΓöÇΓöÇΓöÇΓöÇΓöÇΓöÇΓöÇΓöÇΓöÇΓöÇΓöÇΓöÇΓöÇΓöÇΓöÇΓöÇΓöÇΓöÇΓöÇΓöÇΓöÇΓöÇΓöÇΓöÇΓöÇΓöÇΓöÇΓöÇΓöÇΓöÇΓöÇΓöÇΓöÇΓöÇΓöÇΓöÇΓöÇΓöÇΓöÇΓöÇΓöÇΓöÇΓöÇΓöÇΓöÇΓöÇΓöÇΓöÇΓöÇΓöÇΓöÇΓöÇΓöÇΓöÇΓöÇΓöÇ
    test-results\e2e-admin-Admin-Dashboard--61cc2-h-s├ích-chß╗º-trß╗ì-chß╗¥-x├íc-nhß║¡n-firefox\test-failed-1.png
    ΓöÇΓöÇΓöÇΓöÇΓöÇΓöÇΓöÇΓöÇΓöÇΓöÇΓöÇΓöÇΓöÇΓöÇΓöÇΓöÇΓöÇΓöÇΓöÇΓöÇΓöÇΓöÇΓöÇΓöÇΓöÇΓöÇΓöÇΓöÇΓöÇΓöÇΓöÇΓöÇΓöÇΓöÇΓöÇΓöÇΓöÇΓöÇΓöÇΓöÇΓöÇΓöÇΓöÇΓöÇΓöÇΓöÇΓöÇΓöÇΓöÇΓöÇΓöÇΓöÇΓöÇΓöÇΓöÇΓöÇΓöÇΓöÇΓöÇΓöÇΓöÇΓöÇΓöÇΓöÇΓöÇΓöÇΓöÇΓöÇΓöÇΓöÇΓöÇΓöÇΓöÇΓöÇΓöÇΓöÇΓöÇΓöÇΓöÇΓöÇΓöÇΓöÇΓöÇΓöÇΓöÇΓöÇΓöÇΓöÇΓöÇΓöÇΓöÇΓöÇΓöÇΓöÇΓöÇΓöÇ

    attachment #2: video (video/webm) ΓöÇΓöÇΓöÇΓöÇΓöÇΓöÇΓöÇΓöÇΓöÇΓöÇΓöÇΓöÇΓöÇΓöÇΓöÇΓöÇΓöÇΓöÇΓöÇΓöÇΓöÇΓöÇΓöÇΓöÇΓöÇΓöÇΓöÇΓöÇΓöÇΓöÇΓöÇΓöÇΓöÇΓöÇΓöÇΓöÇΓöÇΓöÇΓöÇΓöÇΓöÇΓöÇΓöÇΓöÇΓöÇΓöÇΓöÇΓöÇΓöÇΓöÇΓöÇΓöÇΓöÇΓöÇΓöÇΓöÇΓöÇΓöÇΓöÇΓöÇΓöÇΓöÇ
    test-results\e2e-admin-Admin-Dashboard--61cc2-h-s├ích-chß╗º-trß╗ì-chß╗¥-x├íc-nhß║¡n-firefox\video.webm
    ΓöÇΓöÇΓöÇΓöÇΓöÇΓöÇΓöÇΓöÇΓöÇΓöÇΓöÇΓöÇΓöÇΓöÇΓöÇΓöÇΓöÇΓöÇΓöÇΓöÇΓöÇΓöÇΓöÇΓöÇΓöÇΓöÇΓöÇΓöÇΓöÇΓöÇΓöÇΓöÇΓöÇΓöÇΓöÇΓöÇΓöÇΓöÇΓöÇΓöÇΓöÇΓöÇΓöÇΓöÇΓöÇΓöÇΓöÇΓöÇΓöÇΓöÇΓöÇΓöÇΓöÇΓöÇΓöÇΓöÇΓöÇΓöÇΓöÇΓöÇΓöÇΓöÇΓöÇΓöÇΓöÇΓöÇΓöÇΓöÇΓöÇΓöÇΓöÇΓöÇΓöÇΓöÇΓöÇΓöÇΓöÇΓöÇΓöÇΓöÇΓöÇΓöÇΓöÇΓöÇΓöÇΓöÇΓöÇΓöÇΓöÇΓöÇΓöÇΓöÇΓöÇΓöÇΓöÇΓöÇ

    Error Context: test-results\e2e-admin-Admin-Dashboard--61cc2-h-s├ích-chß╗º-trß╗ì-chß╗¥-x├íc-nhß║¡n-firefox\error-context.md


[1A[2K  57) [firefox] ΓÇ║ tests\e2e\admin.spec.ts:25:7 ΓÇ║ Admin Dashboard & Management ΓÇ║ TC_ADMIN_DASH_03: Lß╗ìc danh s├ích chß╗º trß╗ì ─æang hoß║ít ─æß╗Öng 

    TypeError: (0 , _auth.loginAsAdmin) is not a function

      4 | test.describe('Admin Dashboard & Management', () => {
      5 |   test.beforeEach(async ({ page }) => {
    > 6 |     await loginAsAdmin(page);
        |                       ^
      7 |   });
      8 |
      9 |   // Admin Dashboard
        at E:\Project\repo\apartment-management-web\tests\e2e\admin.spec.ts:6:23

    attachment #1: screenshot (image/png) ΓöÇΓöÇΓöÇΓöÇΓöÇΓöÇΓöÇΓöÇΓöÇΓöÇΓöÇΓöÇΓöÇΓöÇΓöÇΓöÇΓöÇΓöÇΓöÇΓöÇΓöÇΓöÇΓöÇΓöÇΓöÇΓöÇΓöÇΓöÇΓöÇΓöÇΓöÇΓöÇΓöÇΓöÇΓöÇΓöÇΓöÇΓöÇΓöÇΓöÇΓöÇΓöÇΓöÇΓöÇΓöÇΓöÇΓöÇΓöÇΓöÇΓöÇΓöÇΓöÇΓöÇΓöÇΓöÇΓöÇΓöÇΓöÇ
    test-results\e2e-admin-Admin-Dashboard--129fa-s├ích-chß╗º-trß╗ì-─æang-hoß║ít-─æß╗Öng-firefox\test-failed-1.png
    ΓöÇΓöÇΓöÇΓöÇΓöÇΓöÇΓöÇΓöÇΓöÇΓöÇΓöÇΓöÇΓöÇΓöÇΓöÇΓöÇΓöÇΓöÇΓöÇΓöÇΓöÇΓöÇΓöÇΓöÇΓöÇΓöÇΓöÇΓöÇΓöÇΓöÇΓöÇΓöÇΓöÇΓöÇΓöÇΓöÇΓöÇΓöÇΓöÇΓöÇΓöÇΓöÇΓöÇΓöÇΓöÇΓöÇΓöÇΓöÇΓöÇΓöÇΓöÇΓöÇΓöÇΓöÇΓöÇΓöÇΓöÇΓöÇΓöÇΓöÇΓöÇΓöÇΓöÇΓöÇΓöÇΓöÇΓöÇΓöÇΓöÇΓöÇΓöÇΓöÇΓöÇΓöÇΓöÇΓöÇΓöÇΓöÇΓöÇΓöÇΓöÇΓöÇΓöÇΓöÇΓöÇΓöÇΓöÇΓöÇΓöÇΓöÇΓöÇΓöÇΓöÇΓöÇΓöÇΓöÇ

    attachment #2: video (video/webm) ΓöÇΓöÇΓöÇΓöÇΓöÇΓöÇΓöÇΓöÇΓöÇΓöÇΓöÇΓöÇΓöÇΓöÇΓöÇΓöÇΓöÇΓöÇΓöÇΓöÇΓöÇΓöÇΓöÇΓöÇΓöÇΓöÇΓöÇΓöÇΓöÇΓöÇΓöÇΓöÇΓöÇΓöÇΓöÇΓöÇΓöÇΓöÇΓöÇΓöÇΓöÇΓöÇΓöÇΓöÇΓöÇΓöÇΓöÇΓöÇΓöÇΓöÇΓöÇΓöÇΓöÇΓöÇΓöÇΓöÇΓöÇΓöÇΓöÇΓöÇΓöÇΓöÇ
    test-results\e2e-admin-Admin-Dashboard--129fa-s├ích-chß╗º-trß╗ì-─æang-hoß║ít-─æß╗Öng-firefox\video.webm
    ΓöÇΓöÇΓöÇΓöÇΓöÇΓöÇΓöÇΓöÇΓöÇΓöÇΓöÇΓöÇΓöÇΓöÇΓöÇΓöÇΓöÇΓöÇΓöÇΓöÇΓöÇΓöÇΓöÇΓöÇΓöÇΓöÇΓöÇΓöÇΓöÇΓöÇΓöÇΓöÇΓöÇΓöÇΓöÇΓöÇΓöÇΓöÇΓöÇΓöÇΓöÇΓöÇΓöÇΓöÇΓöÇΓöÇΓöÇΓöÇΓöÇΓöÇΓöÇΓöÇΓöÇΓöÇΓöÇΓöÇΓöÇΓöÇΓöÇΓöÇΓöÇΓöÇΓöÇΓöÇΓöÇΓöÇΓöÇΓöÇΓöÇΓöÇΓöÇΓöÇΓöÇΓöÇΓöÇΓöÇΓöÇΓöÇΓöÇΓöÇΓöÇΓöÇΓöÇΓöÇΓöÇΓöÇΓöÇΓöÇΓöÇΓöÇΓöÇΓöÇΓöÇΓöÇΓöÇΓöÇ

    Error Context: test-results\e2e-admin-Admin-Dashboard--129fa-s├ích-chß╗º-trß╗ì-─æang-hoß║ít-─æß╗Öng-firefox\error-context.md


[1A[2K[128/242] [firefox] ΓÇ║ tests\e2e\admin.spec.ts:65:7 ΓÇ║ Admin Dashboard & Management ΓÇ║ TC_ADMIN_SET_01: Cß║¡p nhß║¡t c├ái ─æß║╖t hß╗ç thß╗æng
[1A[2K  58) [firefox] ΓÇ║ tests\e2e\admin.spec.ts:34:7 ΓÇ║ Admin Dashboard & Management ΓÇ║ TC_ADMIN_DASH_04: Xem chi tiß║┐t danh s├ích chß╗º trß╗ì 

    TypeError: (0 , _auth.loginAsAdmin) is not a function

      4 | test.describe('Admin Dashboard & Management', () => {
      5 |   test.beforeEach(async ({ page }) => {
    > 6 |     await loginAsAdmin(page);
        |                       ^
      7 |   });
      8 |
      9 |   // Admin Dashboard
        at E:\Project\repo\apartment-management-web\tests\e2e\admin.spec.ts:6:23

    attachment #1: screenshot (image/png) ΓöÇΓöÇΓöÇΓöÇΓöÇΓöÇΓöÇΓöÇΓöÇΓöÇΓöÇΓöÇΓöÇΓöÇΓöÇΓöÇΓöÇΓöÇΓöÇΓöÇΓöÇΓöÇΓöÇΓöÇΓöÇΓöÇΓöÇΓöÇΓöÇΓöÇΓöÇΓöÇΓöÇΓöÇΓöÇΓöÇΓöÇΓöÇΓöÇΓöÇΓöÇΓöÇΓöÇΓöÇΓöÇΓöÇΓöÇΓöÇΓöÇΓöÇΓöÇΓöÇΓöÇΓöÇΓöÇΓöÇΓöÇΓöÇ
    test-results\e2e-admin-Admin-Dashboard--ae303--chi-tiß║┐t-danh-s├ích-chß╗º-trß╗ì-firefox\test-failed-1.png
    ΓöÇΓöÇΓöÇΓöÇΓöÇΓöÇΓöÇΓöÇΓöÇΓöÇΓöÇΓöÇΓöÇΓöÇΓöÇΓöÇΓöÇΓöÇΓöÇΓöÇΓöÇΓöÇΓöÇΓöÇΓöÇΓöÇΓöÇΓöÇΓöÇΓöÇΓöÇΓöÇΓöÇΓöÇΓöÇΓöÇΓöÇΓöÇΓöÇΓöÇΓöÇΓöÇΓöÇΓöÇΓöÇΓöÇΓöÇΓöÇΓöÇΓöÇΓöÇΓöÇΓöÇΓöÇΓöÇΓöÇΓöÇΓöÇΓöÇΓöÇΓöÇΓöÇΓöÇΓöÇΓöÇΓöÇΓöÇΓöÇΓöÇΓöÇΓöÇΓöÇΓöÇΓöÇΓöÇΓöÇΓöÇΓöÇΓöÇΓöÇΓöÇΓöÇΓöÇΓöÇΓöÇΓöÇΓöÇΓöÇΓöÇΓöÇΓöÇΓöÇΓöÇΓöÇΓöÇΓöÇ

    attachment #2: video (video/webm) ΓöÇΓöÇΓöÇΓöÇΓöÇΓöÇΓöÇΓöÇΓöÇΓöÇΓöÇΓöÇΓöÇΓöÇΓöÇΓöÇΓöÇΓöÇΓöÇΓöÇΓöÇΓöÇΓöÇΓöÇΓöÇΓöÇΓöÇΓöÇΓöÇΓöÇΓöÇΓöÇΓöÇΓöÇΓöÇΓöÇΓöÇΓöÇΓöÇΓöÇΓöÇΓöÇΓöÇΓöÇΓöÇΓöÇΓöÇΓöÇΓöÇΓöÇΓöÇΓöÇΓöÇΓöÇΓöÇΓöÇΓöÇΓöÇΓöÇΓöÇΓöÇΓöÇ
    test-results\e2e-admin-Admin-Dashboard--ae303--chi-tiß║┐t-danh-s├ích-chß╗º-trß╗ì-firefox\video.webm
    ΓöÇΓöÇΓöÇΓöÇΓöÇΓöÇΓöÇΓöÇΓöÇΓöÇΓöÇΓöÇΓöÇΓöÇΓöÇΓöÇΓöÇΓöÇΓöÇΓöÇΓöÇΓöÇΓöÇΓöÇΓöÇΓöÇΓöÇΓöÇΓöÇΓöÇΓöÇΓöÇΓöÇΓöÇΓöÇΓöÇΓöÇΓöÇΓöÇΓöÇΓöÇΓöÇΓöÇΓöÇΓöÇΓöÇΓöÇΓöÇΓöÇΓöÇΓöÇΓöÇΓöÇΓöÇΓöÇΓöÇΓöÇΓöÇΓöÇΓöÇΓöÇΓöÇΓöÇΓöÇΓöÇΓöÇΓöÇΓöÇΓöÇΓöÇΓöÇΓöÇΓöÇΓöÇΓöÇΓöÇΓöÇΓöÇΓöÇΓöÇΓöÇΓöÇΓöÇΓöÇΓöÇΓöÇΓöÇΓöÇΓöÇΓöÇΓöÇΓöÇΓöÇΓöÇΓöÇΓöÇ

    Error Context: test-results\e2e-admin-Admin-Dashboard--ae303--chi-tiß║┐t-danh-s├ích-chß╗º-trß╗ì-firefox\error-context.md


[1A[2K  59) [firefox] ΓÇ║ tests\e2e\admin.spec.ts:10:7 ΓÇ║ Admin Dashboard & Management ΓÇ║ TC_ADMIN_DASH_01: Xem tß╗òng quan dashboard admin 

    TypeError: (0 , _auth.loginAsAdmin) is not a function

      4 | test.describe('Admin Dashboard & Management', () => {
      5 |   test.beforeEach(async ({ page }) => {
    > 6 |     await loginAsAdmin(page);
        |                       ^
      7 |   });
      8 |
      9 |   // Admin Dashboard
        at E:\Project\repo\apartment-management-web\tests\e2e\admin.spec.ts:6:23

    attachment #1: screenshot (image/png) ΓöÇΓöÇΓöÇΓöÇΓöÇΓöÇΓöÇΓöÇΓöÇΓöÇΓöÇΓöÇΓöÇΓöÇΓöÇΓöÇΓöÇΓöÇΓöÇΓöÇΓöÇΓöÇΓöÇΓöÇΓöÇΓöÇΓöÇΓöÇΓöÇΓöÇΓöÇΓöÇΓöÇΓöÇΓöÇΓöÇΓöÇΓöÇΓöÇΓöÇΓöÇΓöÇΓöÇΓöÇΓöÇΓöÇΓöÇΓöÇΓöÇΓöÇΓöÇΓöÇΓöÇΓöÇΓöÇΓöÇΓöÇΓöÇ
    test-results\e2e-admin-Admin-Dashboard--5314d-m-tß╗òng-quan-dashboard-admin-firefox\test-failed-1.png
    ΓöÇΓöÇΓöÇΓöÇΓöÇΓöÇΓöÇΓöÇΓöÇΓöÇΓöÇΓöÇΓöÇΓöÇΓöÇΓöÇΓöÇΓöÇΓöÇΓöÇΓöÇΓöÇΓöÇΓöÇΓöÇΓöÇΓöÇΓöÇΓöÇΓöÇΓöÇΓöÇΓöÇΓöÇΓöÇΓöÇΓöÇΓöÇΓöÇΓöÇΓöÇΓöÇΓöÇΓöÇΓöÇΓöÇΓöÇΓöÇΓöÇΓöÇΓöÇΓöÇΓöÇΓöÇΓöÇΓöÇΓöÇΓöÇΓöÇΓöÇΓöÇΓöÇΓöÇΓöÇΓöÇΓöÇΓöÇΓöÇΓöÇΓöÇΓöÇΓöÇΓöÇΓöÇΓöÇΓöÇΓöÇΓöÇΓöÇΓöÇΓöÇΓöÇΓöÇΓöÇΓöÇΓöÇΓöÇΓöÇΓöÇΓöÇΓöÇΓöÇΓöÇΓöÇΓöÇΓöÇ

    attachment #2: video (video/webm) ΓöÇΓöÇΓöÇΓöÇΓöÇΓöÇΓöÇΓöÇΓöÇΓöÇΓöÇΓöÇΓöÇΓöÇΓöÇΓöÇΓöÇΓöÇΓöÇΓöÇΓöÇΓöÇΓöÇΓöÇΓöÇΓöÇΓöÇΓöÇΓöÇΓöÇΓöÇΓöÇΓöÇΓöÇΓöÇΓöÇΓöÇΓöÇΓöÇΓöÇΓöÇΓöÇΓöÇΓöÇΓöÇΓöÇΓöÇΓöÇΓöÇΓöÇΓöÇΓöÇΓöÇΓöÇΓöÇΓöÇΓöÇΓöÇΓöÇΓöÇΓöÇΓöÇ
    test-results\e2e-admin-Admin-Dashboard--5314d-m-tß╗òng-quan-dashboard-admin-firefox\video.webm
    ΓöÇΓöÇΓöÇΓöÇΓöÇΓöÇΓöÇΓöÇΓöÇΓöÇΓöÇΓöÇΓöÇΓöÇΓöÇΓöÇΓöÇΓöÇΓöÇΓöÇΓöÇΓöÇΓöÇΓöÇΓöÇΓöÇΓöÇΓöÇΓöÇΓöÇΓöÇΓöÇΓöÇΓöÇΓöÇΓöÇΓöÇΓöÇΓöÇΓöÇΓöÇΓöÇΓöÇΓöÇΓöÇΓöÇΓöÇΓöÇΓöÇΓöÇΓöÇΓöÇΓöÇΓöÇΓöÇΓöÇΓöÇΓöÇΓöÇΓöÇΓöÇΓöÇΓöÇΓöÇΓöÇΓöÇΓöÇΓöÇΓöÇΓöÇΓöÇΓöÇΓöÇΓöÇΓöÇΓöÇΓöÇΓöÇΓöÇΓöÇΓöÇΓöÇΓöÇΓöÇΓöÇΓöÇΓöÇΓöÇΓöÇΓöÇΓöÇΓöÇΓöÇΓöÇΓöÇΓöÇ

    Error Context: test-results\e2e-admin-Admin-Dashboard--5314d-m-tß╗òng-quan-dashboard-admin-firefox\error-context.md


[1A[2K[129/242] [firefox] ΓÇ║ tests\e2e\admin.spec.ts:73:7 ΓÇ║ Authorization - RBAC ΓÇ║ TC_AUTHZ_01: Tenant truy cß║¡p route cß╗ºa Owner
[1A[2K  60) [firefox] ΓÇ║ tests\e2e\admin.spec.ts:44:7 ΓÇ║ Admin Dashboard & Management ΓÇ║ TC_ADMIN_VER_01: Duyß╗çt mß╗Öt chß╗º trß╗ì chß╗¥ x├íc nhß║¡n 

    TypeError: (0 , _auth.loginAsAdmin) is not a function

      4 | test.describe('Admin Dashboard & Management', () => {
      5 |   test.beforeEach(async ({ page }) => {
    > 6 |     await loginAsAdmin(page);
        |                       ^
      7 |   });
      8 |
      9 |   // Admin Dashboard
        at E:\Project\repo\apartment-management-web\tests\e2e\admin.spec.ts:6:23

    attachment #1: screenshot (image/png) ΓöÇΓöÇΓöÇΓöÇΓöÇΓöÇΓöÇΓöÇΓöÇΓöÇΓöÇΓöÇΓöÇΓöÇΓöÇΓöÇΓöÇΓöÇΓöÇΓöÇΓöÇΓöÇΓöÇΓöÇΓöÇΓöÇΓöÇΓöÇΓöÇΓöÇΓöÇΓöÇΓöÇΓöÇΓöÇΓöÇΓöÇΓöÇΓöÇΓöÇΓöÇΓöÇΓöÇΓöÇΓöÇΓöÇΓöÇΓöÇΓöÇΓöÇΓöÇΓöÇΓöÇΓöÇΓöÇΓöÇΓöÇΓöÇ
    test-results\e2e-admin-Admin-Dashboard--d3deb-ß╗çt-mß╗Öt-chß╗º-trß╗ì-chß╗¥-x├íc-nhß║¡n-firefox\test-failed-1.png
    ΓöÇΓöÇΓöÇΓöÇΓöÇΓöÇΓöÇΓöÇΓöÇΓöÇΓöÇΓöÇΓöÇΓöÇΓöÇΓöÇΓöÇΓöÇΓöÇΓöÇΓöÇΓöÇΓöÇΓöÇΓöÇΓöÇΓöÇΓöÇΓöÇΓöÇΓöÇΓöÇΓöÇΓöÇΓöÇΓöÇΓöÇΓöÇΓöÇΓöÇΓöÇΓöÇΓöÇΓöÇΓöÇΓöÇΓöÇΓöÇΓöÇΓöÇΓöÇΓöÇΓöÇΓöÇΓöÇΓöÇΓöÇΓöÇΓöÇΓöÇΓöÇΓöÇΓöÇΓöÇΓöÇΓöÇΓöÇΓöÇΓöÇΓöÇΓöÇΓöÇΓöÇΓöÇΓöÇΓöÇΓöÇΓöÇΓöÇΓöÇΓöÇΓöÇΓöÇΓöÇΓöÇΓöÇΓöÇΓöÇΓöÇΓöÇΓöÇΓöÇΓöÇΓöÇΓöÇΓöÇ

    attachment #2: video (video/webm) ΓöÇΓöÇΓöÇΓöÇΓöÇΓöÇΓöÇΓöÇΓöÇΓöÇΓöÇΓöÇΓöÇΓöÇΓöÇΓöÇΓöÇΓöÇΓöÇΓöÇΓöÇΓöÇΓöÇΓöÇΓöÇΓöÇΓöÇΓöÇΓöÇΓöÇΓöÇΓöÇΓöÇΓöÇΓöÇΓöÇΓöÇΓöÇΓöÇΓöÇΓöÇΓöÇΓöÇΓöÇΓöÇΓöÇΓöÇΓöÇΓöÇΓöÇΓöÇΓöÇΓöÇΓöÇΓöÇΓöÇΓöÇΓöÇΓöÇΓöÇΓöÇΓöÇ
    test-results\e2e-admin-Admin-Dashboard--d3deb-ß╗çt-mß╗Öt-chß╗º-trß╗ì-chß╗¥-x├íc-nhß║¡n-firefox\video.webm
    ΓöÇΓöÇΓöÇΓöÇΓöÇΓöÇΓöÇΓöÇΓöÇΓöÇΓöÇΓöÇΓöÇΓöÇΓöÇΓöÇΓöÇΓöÇΓöÇΓöÇΓöÇΓöÇΓöÇΓöÇΓöÇΓöÇΓöÇΓöÇΓöÇΓöÇΓöÇΓöÇΓöÇΓöÇΓöÇΓöÇΓöÇΓöÇΓöÇΓöÇΓöÇΓöÇΓöÇΓöÇΓöÇΓöÇΓöÇΓöÇΓöÇΓöÇΓöÇΓöÇΓöÇΓöÇΓöÇΓöÇΓöÇΓöÇΓöÇΓöÇΓöÇΓöÇΓöÇΓöÇΓöÇΓöÇΓöÇΓöÇΓöÇΓöÇΓöÇΓöÇΓöÇΓöÇΓöÇΓöÇΓöÇΓöÇΓöÇΓöÇΓöÇΓöÇΓöÇΓöÇΓöÇΓöÇΓöÇΓöÇΓöÇΓöÇΓöÇΓöÇΓöÇΓöÇΓöÇΓöÇ

    Error Context: test-results\e2e-admin-Admin-Dashboard--d3deb-ß╗çt-mß╗Öt-chß╗º-trß╗ì-chß╗¥-x├íc-nhß║¡n-firefox\error-context.md


[1A[2K[130/242] [firefox] ΓÇ║ tests\e2e\admin.spec.ts:86:7 ΓÇ║ Authorization - RBAC ΓÇ║ TC_AUTHZ_02: Truy cß║¡p dashboard khi ch╞░a ─æ─âng nhß║¡p
[1A[2K[131/242] [firefox] ΓÇ║ tests\e2e\admin.spec.ts:92:7 ΓÇ║ Authorization - RBAC ΓÇ║ TC_AUTHZ_03: Owner kh├┤ng truy cß║¡p ─æ╞░ß╗úc trang Admin
[1A[2K  61) [firefox] ΓÇ║ tests\e2e\admin.spec.ts:54:7 ΓÇ║ Admin Dashboard & Management ΓÇ║ TC_ADMIN_VER_02: Tß╗½ chß╗æi mß╗Öt chß╗º trß╗ì chß╗¥ x├íc nhß║¡n 

    TypeError: (0 , _auth.loginAsAdmin) is not a function

      4 | test.describe('Admin Dashboard & Management', () => {
      5 |   test.beforeEach(async ({ page }) => {
    > 6 |     await loginAsAdmin(page);
        |                       ^
      7 |   });
      8 |
      9 |   // Admin Dashboard
        at E:\Project\repo\apartment-management-web\tests\e2e\admin.spec.ts:6:23

    attachment #1: screenshot (image/png) ΓöÇΓöÇΓöÇΓöÇΓöÇΓöÇΓöÇΓöÇΓöÇΓöÇΓöÇΓöÇΓöÇΓöÇΓöÇΓöÇΓöÇΓöÇΓöÇΓöÇΓöÇΓöÇΓöÇΓöÇΓöÇΓöÇΓöÇΓöÇΓöÇΓöÇΓöÇΓöÇΓöÇΓöÇΓöÇΓöÇΓöÇΓöÇΓöÇΓöÇΓöÇΓöÇΓöÇΓöÇΓöÇΓöÇΓöÇΓöÇΓöÇΓöÇΓöÇΓöÇΓöÇΓöÇΓöÇΓöÇΓöÇΓöÇ
    test-results\e2e-admin-Admin-Dashboard--4d1d2-ß╗æi-mß╗Öt-chß╗º-trß╗ì-chß╗¥-x├íc-nhß║¡n-firefox\test-failed-1.png
    ΓöÇΓöÇΓöÇΓöÇΓöÇΓöÇΓöÇΓöÇΓöÇΓöÇΓöÇΓöÇΓöÇΓöÇΓöÇΓöÇΓöÇΓöÇΓöÇΓöÇΓöÇΓöÇΓöÇΓöÇΓöÇΓöÇΓöÇΓöÇΓöÇΓöÇΓöÇΓöÇΓöÇΓöÇΓöÇΓöÇΓöÇΓöÇΓöÇΓöÇΓöÇΓöÇΓöÇΓöÇΓöÇΓöÇΓöÇΓöÇΓöÇΓöÇΓöÇΓöÇΓöÇΓöÇΓöÇΓöÇΓöÇΓöÇΓöÇΓöÇΓöÇΓöÇΓöÇΓöÇΓöÇΓöÇΓöÇΓöÇΓöÇΓöÇΓöÇΓöÇΓöÇΓöÇΓöÇΓöÇΓöÇΓöÇΓöÇΓöÇΓöÇΓöÇΓöÇΓöÇΓöÇΓöÇΓöÇΓöÇΓöÇΓöÇΓöÇΓöÇΓöÇΓöÇΓöÇΓöÇ

    attachment #2: video (video/webm) ΓöÇΓöÇΓöÇΓöÇΓöÇΓöÇΓöÇΓöÇΓöÇΓöÇΓöÇΓöÇΓöÇΓöÇΓöÇΓöÇΓöÇΓöÇΓöÇΓöÇΓöÇΓöÇΓöÇΓöÇΓöÇΓöÇΓöÇΓöÇΓöÇΓöÇΓöÇΓöÇΓöÇΓöÇΓöÇΓöÇΓöÇΓöÇΓöÇΓöÇΓöÇΓöÇΓöÇΓöÇΓöÇΓöÇΓöÇΓöÇΓöÇΓöÇΓöÇΓöÇΓöÇΓöÇΓöÇΓöÇΓöÇΓöÇΓöÇΓöÇΓöÇΓöÇ
    test-results\e2e-admin-Admin-Dashboard--4d1d2-ß╗æi-mß╗Öt-chß╗º-trß╗ì-chß╗¥-x├íc-nhß║¡n-firefox\video.webm
    ΓöÇΓöÇΓöÇΓöÇΓöÇΓöÇΓöÇΓöÇΓöÇΓöÇΓöÇΓöÇΓöÇΓöÇΓöÇΓöÇΓöÇΓöÇΓöÇΓöÇΓöÇΓöÇΓöÇΓöÇΓöÇΓöÇΓöÇΓöÇΓöÇΓöÇΓöÇΓöÇΓöÇΓöÇΓöÇΓöÇΓöÇΓöÇΓöÇΓöÇΓöÇΓöÇΓöÇΓöÇΓöÇΓöÇΓöÇΓöÇΓöÇΓöÇΓöÇΓöÇΓöÇΓöÇΓöÇΓöÇΓöÇΓöÇΓöÇΓöÇΓöÇΓöÇΓöÇΓöÇΓöÇΓöÇΓöÇΓöÇΓöÇΓöÇΓöÇΓöÇΓöÇΓöÇΓöÇΓöÇΓöÇΓöÇΓöÇΓöÇΓöÇΓöÇΓöÇΓöÇΓöÇΓöÇΓöÇΓöÇΓöÇΓöÇΓöÇΓöÇΓöÇΓöÇΓöÇΓöÇ

    Error Context: test-results\e2e-admin-Admin-Dashboard--4d1d2-ß╗æi-mß╗Öt-chß╗º-trß╗ì-chß╗¥-x├íc-nhß║¡n-firefox\error-context.md


[1A[2K[132/242] [firefox] ΓÇ║ tests\e2e\admin.spec.ts:105:7 ΓÇ║ Authorization - RBAC ΓÇ║ TC_AUTHZ_04: Admin truy cß║¡p dashboard admin th├ánh c├┤ng
[1A[2K[133/242] [firefox] ΓÇ║ tests\e2e\admin.spec.ts:113:7 ΓÇ║ Authorization - RBAC ΓÇ║ TC_AUTHZ_05: Session hß║┐t hß║ín khi ─æang ß╗ƒ dashboard
[1A[2K  62) [firefox] ΓÇ║ tests\e2e\admin.spec.ts:65:7 ΓÇ║ Admin Dashboard & Management ΓÇ║ TC_ADMIN_SET_01: Cß║¡p nhß║¡t c├ái ─æß║╖t hß╗ç thß╗æng 

    TypeError: (0 , _auth.loginAsAdmin) is not a function

      4 | test.describe('Admin Dashboard & Management', () => {
      5 |   test.beforeEach(async ({ page }) => {
    > 6 |     await loginAsAdmin(page);
        |                       ^
      7 |   });
      8 |
      9 |   // Admin Dashboard
        at E:\Project\repo\apartment-management-web\tests\e2e\admin.spec.ts:6:23

    attachment #1: screenshot (image/png) ΓöÇΓöÇΓöÇΓöÇΓöÇΓöÇΓöÇΓöÇΓöÇΓöÇΓöÇΓöÇΓöÇΓöÇΓöÇΓöÇΓöÇΓöÇΓöÇΓöÇΓöÇΓöÇΓöÇΓöÇΓöÇΓöÇΓöÇΓöÇΓöÇΓöÇΓöÇΓöÇΓöÇΓöÇΓöÇΓöÇΓöÇΓöÇΓöÇΓöÇΓöÇΓöÇΓöÇΓöÇΓöÇΓöÇΓöÇΓöÇΓöÇΓöÇΓöÇΓöÇΓöÇΓöÇΓöÇΓöÇΓöÇΓöÇ
    test-results\e2e-admin-Admin-Dashboard--ea404-1-Cß║¡p-nhß║¡t-c├ái-─æß║╖t-hß╗ç-thß╗æng-firefox\test-failed-1.png
    ΓöÇΓöÇΓöÇΓöÇΓöÇΓöÇΓöÇΓöÇΓöÇΓöÇΓöÇΓöÇΓöÇΓöÇΓöÇΓöÇΓöÇΓöÇΓöÇΓöÇΓöÇΓöÇΓöÇΓöÇΓöÇΓöÇΓöÇΓöÇΓöÇΓöÇΓöÇΓöÇΓöÇΓöÇΓöÇΓöÇΓöÇΓöÇΓöÇΓöÇΓöÇΓöÇΓöÇΓöÇΓöÇΓöÇΓöÇΓöÇΓöÇΓöÇΓöÇΓöÇΓöÇΓöÇΓöÇΓöÇΓöÇΓöÇΓöÇΓöÇΓöÇΓöÇΓöÇΓöÇΓöÇΓöÇΓöÇΓöÇΓöÇΓöÇΓöÇΓöÇΓöÇΓöÇΓöÇΓöÇΓöÇΓöÇΓöÇΓöÇΓöÇΓöÇΓöÇΓöÇΓöÇΓöÇΓöÇΓöÇΓöÇΓöÇΓöÇΓöÇΓöÇΓöÇΓöÇΓöÇ

    attachment #2: video (video/webm) ΓöÇΓöÇΓöÇΓöÇΓöÇΓöÇΓöÇΓöÇΓöÇΓöÇΓöÇΓöÇΓöÇΓöÇΓöÇΓöÇΓöÇΓöÇΓöÇΓöÇΓöÇΓöÇΓöÇΓöÇΓöÇΓöÇΓöÇΓöÇΓöÇΓöÇΓöÇΓöÇΓöÇΓöÇΓöÇΓöÇΓöÇΓöÇΓöÇΓöÇΓöÇΓöÇΓöÇΓöÇΓöÇΓöÇΓöÇΓöÇΓöÇΓöÇΓöÇΓöÇΓöÇΓöÇΓöÇΓöÇΓöÇΓöÇΓöÇΓöÇΓöÇΓöÇ
    test-results\e2e-admin-Admin-Dashboard--ea404-1-Cß║¡p-nhß║¡t-c├ái-─æß║╖t-hß╗ç-thß╗æng-firefox\video.webm
    ΓöÇΓöÇΓöÇΓöÇΓöÇΓöÇΓöÇΓöÇΓöÇΓöÇΓöÇΓöÇΓöÇΓöÇΓöÇΓöÇΓöÇΓöÇΓöÇΓöÇΓöÇΓöÇΓöÇΓöÇΓöÇΓöÇΓöÇΓöÇΓöÇΓöÇΓöÇΓöÇΓöÇΓöÇΓöÇΓöÇΓöÇΓöÇΓöÇΓöÇΓöÇΓöÇΓöÇΓöÇΓöÇΓöÇΓöÇΓöÇΓöÇΓöÇΓöÇΓöÇΓöÇΓöÇΓöÇΓöÇΓöÇΓöÇΓöÇΓöÇΓöÇΓöÇΓöÇΓöÇΓöÇΓöÇΓöÇΓöÇΓöÇΓöÇΓöÇΓöÇΓöÇΓöÇΓöÇΓöÇΓöÇΓöÇΓöÇΓöÇΓöÇΓöÇΓöÇΓöÇΓöÇΓöÇΓöÇΓöÇΓöÇΓöÇΓöÇΓöÇΓöÇΓöÇΓöÇΓöÇ

    Error Context: test-results\e2e-admin-Admin-Dashboard--ea404-1-Cß║¡p-nhß║¡t-c├ái-─æß║╖t-hß╗ç-thß╗æng-firefox\error-context.md


[1A[2K[134/242] [firefox] ΓÇ║ tests\e2e\admin.spec.ts:128:7 ΓÇ║ Authorization - RBAC ΓÇ║ TC_ADMIN_AUTHZ_01: Owner kh├┤ng truy cß║¡p ─æ╞░ß╗úc m├án Admin
[1A[2K[135/242] [firefox] ΓÇ║ tests\e2e\ai-chatbot.spec.ts:8:7 ΓÇ║ AI Chatbot & Features ΓÇ║ TC_AI_01: Mß╗ƒ cß╗¡a sß╗ò Chatbot
[1A[2K  63) [firefox] ΓÇ║ tests\e2e\admin.spec.ts:105:7 ΓÇ║ Authorization - RBAC ΓÇ║ TC_AUTHZ_04: Admin truy cß║¡p dashboard admin th├ánh c├┤ng 

    TypeError: (0 , _auth.loginAsAdmin) is not a function

      104 |   // Admin access
      105 |   test('TC_AUTHZ_04: Admin truy cß║¡p dashboard admin th├ánh c├┤ng', async ({ page }) => {
    > 106 |     await loginAsAdmin(page);
          |                       ^
      107 |     await page.goto('/dashboard/admin');
      108 |     await expect(page).toHaveURL(/.*\/dashboard\/admin.*/);
      109 |     await expect(page.locator('text=Tß╗òng Quan Hß╗ç Thß╗æng')).toBeVisible();
        at E:\Project\repo\apartment-management-web\tests\e2e\admin.spec.ts:106:23

    attachment #1: screenshot (image/png) ΓöÇΓöÇΓöÇΓöÇΓöÇΓöÇΓöÇΓöÇΓöÇΓöÇΓöÇΓöÇΓöÇΓöÇΓöÇΓöÇΓöÇΓöÇΓöÇΓöÇΓöÇΓöÇΓöÇΓöÇΓöÇΓöÇΓöÇΓöÇΓöÇΓöÇΓöÇΓöÇΓöÇΓöÇΓöÇΓöÇΓöÇΓöÇΓöÇΓöÇΓöÇΓöÇΓöÇΓöÇΓöÇΓöÇΓöÇΓöÇΓöÇΓöÇΓöÇΓöÇΓöÇΓöÇΓöÇΓöÇΓöÇΓöÇ
    test-results\e2e-admin-Authorization----e7849--dashboard-admin-th├ánh-c├┤ng-firefox\test-failed-1.png
    ΓöÇΓöÇΓöÇΓöÇΓöÇΓöÇΓöÇΓöÇΓöÇΓöÇΓöÇΓöÇΓöÇΓöÇΓöÇΓöÇΓöÇΓöÇΓöÇΓöÇΓöÇΓöÇΓöÇΓöÇΓöÇΓöÇΓöÇΓöÇΓöÇΓöÇΓöÇΓöÇΓöÇΓöÇΓöÇΓöÇΓöÇΓöÇΓöÇΓöÇΓöÇΓöÇΓöÇΓöÇΓöÇΓöÇΓöÇΓöÇΓöÇΓöÇΓöÇΓöÇΓöÇΓöÇΓöÇΓöÇΓöÇΓöÇΓöÇΓöÇΓöÇΓöÇΓöÇΓöÇΓöÇΓöÇΓöÇΓöÇΓöÇΓöÇΓöÇΓöÇΓöÇΓöÇΓöÇΓöÇΓöÇΓöÇΓöÇΓöÇΓöÇΓöÇΓöÇΓöÇΓöÇΓöÇΓöÇΓöÇΓöÇΓöÇΓöÇΓöÇΓöÇΓöÇΓöÇΓöÇ

    attachment #2: video (video/webm) ΓöÇΓöÇΓöÇΓöÇΓöÇΓöÇΓöÇΓöÇΓöÇΓöÇΓöÇΓöÇΓöÇΓöÇΓöÇΓöÇΓöÇΓöÇΓöÇΓöÇΓöÇΓöÇΓöÇΓöÇΓöÇΓöÇΓöÇΓöÇΓöÇΓöÇΓöÇΓöÇΓöÇΓöÇΓöÇΓöÇΓöÇΓöÇΓöÇΓöÇΓöÇΓöÇΓöÇΓöÇΓöÇΓöÇΓöÇΓöÇΓöÇΓöÇΓöÇΓöÇΓöÇΓöÇΓöÇΓöÇΓöÇΓöÇΓöÇΓöÇΓöÇΓöÇ
    test-results\e2e-admin-Authorization----e7849--dashboard-admin-th├ánh-c├┤ng-firefox\video.webm
    ΓöÇΓöÇΓöÇΓöÇΓöÇΓöÇΓöÇΓöÇΓöÇΓöÇΓöÇΓöÇΓöÇΓöÇΓöÇΓöÇΓöÇΓöÇΓöÇΓöÇΓöÇΓöÇΓöÇΓöÇΓöÇΓöÇΓöÇΓöÇΓöÇΓöÇΓöÇΓöÇΓöÇΓöÇΓöÇΓöÇΓöÇΓöÇΓöÇΓöÇΓöÇΓöÇΓöÇΓöÇΓöÇΓöÇΓöÇΓöÇΓöÇΓöÇΓöÇΓöÇΓöÇΓöÇΓöÇΓöÇΓöÇΓöÇΓöÇΓöÇΓöÇΓöÇΓöÇΓöÇΓöÇΓöÇΓöÇΓöÇΓöÇΓöÇΓöÇΓöÇΓöÇΓöÇΓöÇΓöÇΓöÇΓöÇΓöÇΓöÇΓöÇΓöÇΓöÇΓöÇΓöÇΓöÇΓöÇΓöÇΓöÇΓöÇΓöÇΓöÇΓöÇΓöÇΓöÇΓöÇ

    Error Context: test-results\e2e-admin-Authorization----e7849--dashboard-admin-th├ánh-c├┤ng-firefox\error-context.md


[1A[2K[136/242] [firefox] ΓÇ║ tests\e2e\ai-chatbot.spec.ts:64:7 ΓÇ║ AI Chatbot & Features ΓÇ║ TC_AI_03: Mock AI response ─æß╗â tiß║┐t kiß╗çm quota
[1A[2K  64) [firefox] ΓÇ║ tests\e2e\admin.spec.ts:113:7 ΓÇ║ Authorization - RBAC ΓÇ║ TC_AUTHZ_05: Session hß║┐t hß║ín khi ─æang ß╗ƒ dashboard 

    TypeError: (0 , _auth.loginAsAdmin) is not a function

      112 |   // Session management
      113 |   test('TC_AUTHZ_05: Session hß║┐t hß║ín khi ─æang ß╗ƒ dashboard', async ({ page, context }) => {
    > 114 |     await loginAsAdmin(page);
          |                       ^
      115 |     await page.goto('/dashboard/admin');
      116 |
      117 |     // Delete auth cookie
        at E:\Project\repo\apartment-management-web\tests\e2e\admin.spec.ts:114:23

    attachment #1: screenshot (image/png) ΓöÇΓöÇΓöÇΓöÇΓöÇΓöÇΓöÇΓöÇΓöÇΓöÇΓöÇΓöÇΓöÇΓöÇΓöÇΓöÇΓöÇΓöÇΓöÇΓöÇΓöÇΓöÇΓöÇΓöÇΓöÇΓöÇΓöÇΓöÇΓöÇΓöÇΓöÇΓöÇΓöÇΓöÇΓöÇΓöÇΓöÇΓöÇΓöÇΓöÇΓöÇΓöÇΓöÇΓöÇΓöÇΓöÇΓöÇΓöÇΓöÇΓöÇΓöÇΓöÇΓöÇΓöÇΓöÇΓöÇΓöÇΓöÇ
    test-results\e2e-admin-Authorization----4881e-ß║┐t-hß║ín-khi-─æang-ß╗ƒ-dashboard-firefox\test-failed-1.png
    ΓöÇΓöÇΓöÇΓöÇΓöÇΓöÇΓöÇΓöÇΓöÇΓöÇΓöÇΓöÇΓöÇΓöÇΓöÇΓöÇΓöÇΓöÇΓöÇΓöÇΓöÇΓöÇΓöÇΓöÇΓöÇΓöÇΓöÇΓöÇΓöÇΓöÇΓöÇΓöÇΓöÇΓöÇΓöÇΓöÇΓöÇΓöÇΓöÇΓöÇΓöÇΓöÇΓöÇΓöÇΓöÇΓöÇΓöÇΓöÇΓöÇΓöÇΓöÇΓöÇΓöÇΓöÇΓöÇΓöÇΓöÇΓöÇΓöÇΓöÇΓöÇΓöÇΓöÇΓöÇΓöÇΓöÇΓöÇΓöÇΓöÇΓöÇΓöÇΓöÇΓöÇΓöÇΓöÇΓöÇΓöÇΓöÇΓöÇΓöÇΓöÇΓöÇΓöÇΓöÇΓöÇΓöÇΓöÇΓöÇΓöÇΓöÇΓöÇΓöÇΓöÇΓöÇΓöÇΓöÇ

    attachment #2: video (video/webm) ΓöÇΓöÇΓöÇΓöÇΓöÇΓöÇΓöÇΓöÇΓöÇΓöÇΓöÇΓöÇΓöÇΓöÇΓöÇΓöÇΓöÇΓöÇΓöÇΓöÇΓöÇΓöÇΓöÇΓöÇΓöÇΓöÇΓöÇΓöÇΓöÇΓöÇΓöÇΓöÇΓöÇΓöÇΓöÇΓöÇΓöÇΓöÇΓöÇΓöÇΓöÇΓöÇΓöÇΓöÇΓöÇΓöÇΓöÇΓöÇΓöÇΓöÇΓöÇΓöÇΓöÇΓöÇΓöÇΓöÇΓöÇΓöÇΓöÇΓöÇΓöÇΓöÇ
    test-results\e2e-admin-Authorization----4881e-ß║┐t-hß║ín-khi-─æang-ß╗ƒ-dashboard-firefox\video.webm
    ΓöÇΓöÇΓöÇΓöÇΓöÇΓöÇΓöÇΓöÇΓöÇΓöÇΓöÇΓöÇΓöÇΓöÇΓöÇΓöÇΓöÇΓöÇΓöÇΓöÇΓöÇΓöÇΓöÇΓöÇΓöÇΓöÇΓöÇΓöÇΓöÇΓöÇΓöÇΓöÇΓöÇΓöÇΓöÇΓöÇΓöÇΓöÇΓöÇΓöÇΓöÇΓöÇΓöÇΓöÇΓöÇΓöÇΓöÇΓöÇΓöÇΓöÇΓöÇΓöÇΓöÇΓöÇΓöÇΓöÇΓöÇΓöÇΓöÇΓöÇΓöÇΓöÇΓöÇΓöÇΓöÇΓöÇΓöÇΓöÇΓöÇΓöÇΓöÇΓöÇΓöÇΓöÇΓöÇΓöÇΓöÇΓöÇΓöÇΓöÇΓöÇΓöÇΓöÇΓöÇΓöÇΓöÇΓöÇΓöÇΓöÇΓöÇΓöÇΓöÇΓöÇΓöÇΓöÇΓöÇ

    Error Context: test-results\e2e-admin-Authorization----4881e-ß║┐t-hß║ín-khi-─æang-ß╗ƒ-dashboard-firefox\error-context.md


[1A[2K[137/242] [firefox] ΓÇ║ tests\e2e\ai-chatbot.spec.ts:30:7 ΓÇ║ AI Chatbot & Features ΓÇ║ TC_AI_02: Gß╗¡i message v├á nhß║¡n response tß╗½ AI
[1A[2K[138/242] [firefox] ΓÇ║ tests\e2e\ai-chatbot.spec.ts:98:7 ΓÇ║ AI Chatbot & Features ΓÇ║ TC_AI_04: Xem AI Overview tr├¬n Dashboard
[1A[2K[139/242] [firefox] ΓÇ║ tests\e2e\ai-chatbot.spec.ts:123:7 ΓÇ║ AI Chatbot & Features ΓÇ║ TC_EDGE_AI_01: Test AI response vß╗¢i special characters
[1A[2K[140/242] [firefox] ΓÇ║ tests\e2e\ai-chatbot.spec.ts:147:7 ΓÇ║ UI/UX Features ΓÇ║ TC_UI_01: Chuyß╗ân ─æß╗òi Dark/Light mode
[1A[2K[141/242] [firefox] ΓÇ║ tests\e2e\ai-chatbot.spec.ts:174:7 ΓÇ║ UI/UX Features ΓÇ║ TC_UI_02: Responsive tr├¬n mobile view
[1A[2K[142/242] [firefox] ΓÇ║ tests\e2e\ai-chatbot.spec.ts:214:7 ΓÇ║ UI/UX Features ΓÇ║ TC_UI_03: Notification/Toast hiß╗ân thß╗ï ─æ├║ng
[1A[2K[143/242] [firefox] ΓÇ║ tests\e2e\ai-chatbot.spec.ts:253:9 ΓÇ║ UI/UX - Loading States ΓÇ║ TC_UI_04: Kiß╗âm tra loading state khi gß╗¡i form
[1A[2K[144/242] [firefox] ΓÇ║ tests\e2e\api.spec.ts:62:7 ΓÇ║ API - Rooms Endpoints ΓÇ║ TC_API_ROOM_01: GET /api/properties/[id]/rooms - Lß║Ñy danh s├ích ph├▓ng
[1A[2K[145/242] [firefox] ΓÇ║ tests\e2e\api.spec.ts:83:7 ΓÇ║ API - Rooms Endpoints ΓÇ║ TC_API_ROOM_02: POST /api/properties/[id]/rooms - Th├¬m ph├▓ng mß╗¢i
[1A[2K  65) [firefox] ΓÇ║ tests\e2e\api.spec.ts:62:7 ΓÇ║ API - Rooms Endpoints ΓÇ║ TC_API_ROOM_01: GET /api/properties/[id]/rooms - Lß║Ñy danh s├ích ph├▓ng 

    TypeError: (0 , _auth.loginAsOwner) is not a function

      61 | test.describe('API - Rooms Endpoints', () => {
      62 |   test('TC_API_ROOM_01: GET /api/properties/[id]/rooms - Lß║Ñy danh s├ích ph├▓ng', async ({ request, page }) => {
    > 63 |     await loginAsOwner(page);
         |                       ^
      64 |     const cookies = await page.context().cookies();
      65 |     const authCookie = cookies.find(c => c.name.includes('auth'));
      66 |     
        at E:\Project\repo\apartment-management-web\tests\e2e\api.spec.ts:63:23

    attachment #1: screenshot (image/png) ΓöÇΓöÇΓöÇΓöÇΓöÇΓöÇΓöÇΓöÇΓöÇΓöÇΓöÇΓöÇΓöÇΓöÇΓöÇΓöÇΓöÇΓöÇΓöÇΓöÇΓöÇΓöÇΓöÇΓöÇΓöÇΓöÇΓöÇΓöÇΓöÇΓöÇΓöÇΓöÇΓöÇΓöÇΓöÇΓöÇΓöÇΓöÇΓöÇΓöÇΓöÇΓöÇΓöÇΓöÇΓöÇΓöÇΓöÇΓöÇΓöÇΓöÇΓöÇΓöÇΓöÇΓöÇΓöÇΓöÇΓöÇΓöÇ
    test-results\e2e-api-API---Rooms-Endpoi-4d072-rooms---Lß║Ñy-danh-s├ích-ph├▓ng-firefox\test-failed-1.png
    ΓöÇΓöÇΓöÇΓöÇΓöÇΓöÇΓöÇΓöÇΓöÇΓöÇΓöÇΓöÇΓöÇΓöÇΓöÇΓöÇΓöÇΓöÇΓöÇΓöÇΓöÇΓöÇΓöÇΓöÇΓöÇΓöÇΓöÇΓöÇΓöÇΓöÇΓöÇΓöÇΓöÇΓöÇΓöÇΓöÇΓöÇΓöÇΓöÇΓöÇΓöÇΓöÇΓöÇΓöÇΓöÇΓöÇΓöÇΓöÇΓöÇΓöÇΓöÇΓöÇΓöÇΓöÇΓöÇΓöÇΓöÇΓöÇΓöÇΓöÇΓöÇΓöÇΓöÇΓöÇΓöÇΓöÇΓöÇΓöÇΓöÇΓöÇΓöÇΓöÇΓöÇΓöÇΓöÇΓöÇΓöÇΓöÇΓöÇΓöÇΓöÇΓöÇΓöÇΓöÇΓöÇΓöÇΓöÇΓöÇΓöÇΓöÇΓöÇΓöÇΓöÇΓöÇΓöÇΓöÇ

    attachment #2: video (video/webm) ΓöÇΓöÇΓöÇΓöÇΓöÇΓöÇΓöÇΓöÇΓöÇΓöÇΓöÇΓöÇΓöÇΓöÇΓöÇΓöÇΓöÇΓöÇΓöÇΓöÇΓöÇΓöÇΓöÇΓöÇΓöÇΓöÇΓöÇΓöÇΓöÇΓöÇΓöÇΓöÇΓöÇΓöÇΓöÇΓöÇΓöÇΓöÇΓöÇΓöÇΓöÇΓöÇΓöÇΓöÇΓöÇΓöÇΓöÇΓöÇΓöÇΓöÇΓöÇΓöÇΓöÇΓöÇΓöÇΓöÇΓöÇΓöÇΓöÇΓöÇΓöÇΓöÇ
    test-results\e2e-api-API---Rooms-Endpoi-4d072-rooms---Lß║Ñy-danh-s├ích-ph├▓ng-firefox\video.webm
    ΓöÇΓöÇΓöÇΓöÇΓöÇΓöÇΓöÇΓöÇΓöÇΓöÇΓöÇΓöÇΓöÇΓöÇΓöÇΓöÇΓöÇΓöÇΓöÇΓöÇΓöÇΓöÇΓöÇΓöÇΓöÇΓöÇΓöÇΓöÇΓöÇΓöÇΓöÇΓöÇΓöÇΓöÇΓöÇΓöÇΓöÇΓöÇΓöÇΓöÇΓöÇΓöÇΓöÇΓöÇΓöÇΓöÇΓöÇΓöÇΓöÇΓöÇΓöÇΓöÇΓöÇΓöÇΓöÇΓöÇΓöÇΓöÇΓöÇΓöÇΓöÇΓöÇΓöÇΓöÇΓöÇΓöÇΓöÇΓöÇΓöÇΓöÇΓöÇΓöÇΓöÇΓöÇΓöÇΓöÇΓöÇΓöÇΓöÇΓöÇΓöÇΓöÇΓöÇΓöÇΓöÇΓöÇΓöÇΓöÇΓöÇΓöÇΓöÇΓöÇΓöÇΓöÇΓöÇΓöÇ

    Error Context: test-results\e2e-api-API---Rooms-Endpoi-4d072-rooms---Lß║Ñy-danh-s├ích-ph├▓ng-firefox\error-context.md


[1A[2K  66) [firefox] ΓÇ║ tests\e2e\api.spec.ts:83:7 ΓÇ║ API - Rooms Endpoints ΓÇ║ TC_API_ROOM_02: POST /api/properties/[id]/rooms - Th├¬m ph├▓ng mß╗¢i 

    TypeError: (0 , _auth.loginAsOwner) is not a function

      82 |
      83 |   test('TC_API_ROOM_02: POST /api/properties/[id]/rooms - Th├¬m ph├▓ng mß╗¢i', async ({ request, page }) => {
    > 84 |     await loginAsOwner(page);
         |                       ^
      85 |     const cookies = await page.context().cookies();
      86 |     const authCookie = cookies.find(c => c.name.includes('auth'));
      87 |     
        at E:\Project\repo\apartment-management-web\tests\e2e\api.spec.ts:84:23

    attachment #1: screenshot (image/png) ΓöÇΓöÇΓöÇΓöÇΓöÇΓöÇΓöÇΓöÇΓöÇΓöÇΓöÇΓöÇΓöÇΓöÇΓöÇΓöÇΓöÇΓöÇΓöÇΓöÇΓöÇΓöÇΓöÇΓöÇΓöÇΓöÇΓöÇΓöÇΓöÇΓöÇΓöÇΓöÇΓöÇΓöÇΓöÇΓöÇΓöÇΓöÇΓöÇΓöÇΓöÇΓöÇΓöÇΓöÇΓöÇΓöÇΓöÇΓöÇΓöÇΓöÇΓöÇΓöÇΓöÇΓöÇΓöÇΓöÇΓöÇΓöÇ
    test-results\e2e-api-API---Rooms-Endpoi-a663f-s-id-rooms---Th├¬m-ph├▓ng-mß╗¢i-firefox\test-failed-1.png
    ΓöÇΓöÇΓöÇΓöÇΓöÇΓöÇΓöÇΓöÇΓöÇΓöÇΓöÇΓöÇΓöÇΓöÇΓöÇΓöÇΓöÇΓöÇΓöÇΓöÇΓöÇΓöÇΓöÇΓöÇΓöÇΓöÇΓöÇΓöÇΓöÇΓöÇΓöÇΓöÇΓöÇΓöÇΓöÇΓöÇΓöÇΓöÇΓöÇΓöÇΓöÇΓöÇΓöÇΓöÇΓöÇΓöÇΓöÇΓöÇΓöÇΓöÇΓöÇΓöÇΓöÇΓöÇΓöÇΓöÇΓöÇΓöÇΓöÇΓöÇΓöÇΓöÇΓöÇΓöÇΓöÇΓöÇΓöÇΓöÇΓöÇΓöÇΓöÇΓöÇΓöÇΓöÇΓöÇΓöÇΓöÇΓöÇΓöÇΓöÇΓöÇΓöÇΓöÇΓöÇΓöÇΓöÇΓöÇΓöÇΓöÇΓöÇΓöÇΓöÇΓöÇΓöÇΓöÇΓöÇ

    attachment #2: video (video/webm) ΓöÇΓöÇΓöÇΓöÇΓöÇΓöÇΓöÇΓöÇΓöÇΓöÇΓöÇΓöÇΓöÇΓöÇΓöÇΓöÇΓöÇΓöÇΓöÇΓöÇΓöÇΓöÇΓöÇΓöÇΓöÇΓöÇΓöÇΓöÇΓöÇΓöÇΓöÇΓöÇΓöÇΓöÇΓöÇΓöÇΓöÇΓöÇΓöÇΓöÇΓöÇΓöÇΓöÇΓöÇΓöÇΓöÇΓöÇΓöÇΓöÇΓöÇΓöÇΓöÇΓöÇΓöÇΓöÇΓöÇΓöÇΓöÇΓöÇΓöÇΓöÇΓöÇ
    test-results\e2e-api-API---Rooms-Endpoi-a663f-s-id-rooms---Th├¬m-ph├▓ng-mß╗¢i-firefox\video.webm
    ΓöÇΓöÇΓöÇΓöÇΓöÇΓöÇΓöÇΓöÇΓöÇΓöÇΓöÇΓöÇΓöÇΓöÇΓöÇΓöÇΓöÇΓöÇΓöÇΓöÇΓöÇΓöÇΓöÇΓöÇΓöÇΓöÇΓöÇΓöÇΓöÇΓöÇΓöÇΓöÇΓöÇΓöÇΓöÇΓöÇΓöÇΓöÇΓöÇΓöÇΓöÇΓöÇΓöÇΓöÇΓöÇΓöÇΓöÇΓöÇΓöÇΓöÇΓöÇΓöÇΓöÇΓöÇΓöÇΓöÇΓöÇΓöÇΓöÇΓöÇΓöÇΓöÇΓöÇΓöÇΓöÇΓöÇΓöÇΓöÇΓöÇΓöÇΓöÇΓöÇΓöÇΓöÇΓöÇΓöÇΓöÇΓöÇΓöÇΓöÇΓöÇΓöÇΓöÇΓöÇΓöÇΓöÇΓöÇΓöÇΓöÇΓöÇΓöÇΓöÇΓöÇΓöÇΓöÇΓöÇ

    Error Context: test-results\e2e-api-API---Rooms-Endpoi-a663f-s-id-rooms---Th├¬m-ph├▓ng-mß╗¢i-firefox\error-context.md


[1A[2K[146/242] [firefox] ΓÇ║ tests\e2e\api.spec.ts:111:7 ΓÇ║ API - Services Endpoints ΓÇ║ TC_API_SVC_01: GET /api/services - Lß║Ñy danh s├ích dß╗ïch vß╗Ñ
[1A[2K[147/242] [firefox] ΓÇ║ tests\e2e\api.spec.ts:124:7 ΓÇ║ API - Services Endpoints ΓÇ║ TC_API_SVC_02: POST /api/services - Tß║ío dß╗ïch vß╗Ñ mß╗¢i
[1A[2K  67) [firefox] ΓÇ║ tests\e2e\api.spec.ts:111:7 ΓÇ║ API - Services Endpoints ΓÇ║ TC_API_SVC_01: GET /api/services - Lß║Ñy danh s├ích dß╗ïch vß╗Ñ 

    TypeError: (0 , _auth.loginAsOwner) is not a function

      110 | test.describe('API - Services Endpoints', () => {
      111 |   test('TC_API_SVC_01: GET /api/services - Lß║Ñy danh s├ích dß╗ïch vß╗Ñ', async ({ request, page }) => {
    > 112 |     await loginAsOwner(page);
          |                       ^
      113 |     const cookies = await page.context().cookies();
      114 |     const authCookie = cookies.find(c => c.name.includes('auth'));
      115 |     
        at E:\Project\repo\apartment-management-web\tests\e2e\api.spec.ts:112:23

    attachment #1: screenshot (image/png) ΓöÇΓöÇΓöÇΓöÇΓöÇΓöÇΓöÇΓöÇΓöÇΓöÇΓöÇΓöÇΓöÇΓöÇΓöÇΓöÇΓöÇΓöÇΓöÇΓöÇΓöÇΓöÇΓöÇΓöÇΓöÇΓöÇΓöÇΓöÇΓöÇΓöÇΓöÇΓöÇΓöÇΓöÇΓöÇΓöÇΓöÇΓöÇΓöÇΓöÇΓöÇΓöÇΓöÇΓöÇΓöÇΓöÇΓöÇΓöÇΓöÇΓöÇΓöÇΓöÇΓöÇΓöÇΓöÇΓöÇΓöÇΓöÇ
    test-results\e2e-api-API---Services-End-d00ef-ces---Lß║Ñy-danh-s├ích-dß╗ïch-vß╗Ñ-firefox\test-failed-1.png
    ΓöÇΓöÇΓöÇΓöÇΓöÇΓöÇΓöÇΓöÇΓöÇΓöÇΓöÇΓöÇΓöÇΓöÇΓöÇΓöÇΓöÇΓöÇΓöÇΓöÇΓöÇΓöÇΓöÇΓöÇΓöÇΓöÇΓöÇΓöÇΓöÇΓöÇΓöÇΓöÇΓöÇΓöÇΓöÇΓöÇΓöÇΓöÇΓöÇΓöÇΓöÇΓöÇΓöÇΓöÇΓöÇΓöÇΓöÇΓöÇΓöÇΓöÇΓöÇΓöÇΓöÇΓöÇΓöÇΓöÇΓöÇΓöÇΓöÇΓöÇΓöÇΓöÇΓöÇΓöÇΓöÇΓöÇΓöÇΓöÇΓöÇΓöÇΓöÇΓöÇΓöÇΓöÇΓöÇΓöÇΓöÇΓöÇΓöÇΓöÇΓöÇΓöÇΓöÇΓöÇΓöÇΓöÇΓöÇΓöÇΓöÇΓöÇΓöÇΓöÇΓöÇΓöÇΓöÇΓöÇ

    attachment #2: video (video/webm) ΓöÇΓöÇΓöÇΓöÇΓöÇΓöÇΓöÇΓöÇΓöÇΓöÇΓöÇΓöÇΓöÇΓöÇΓöÇΓöÇΓöÇΓöÇΓöÇΓöÇΓöÇΓöÇΓöÇΓöÇΓöÇΓöÇΓöÇΓöÇΓöÇΓöÇΓöÇΓöÇΓöÇΓöÇΓöÇΓöÇΓöÇΓöÇΓöÇΓöÇΓöÇΓöÇΓöÇΓöÇΓöÇΓöÇΓöÇΓöÇΓöÇΓöÇΓöÇΓöÇΓöÇΓöÇΓöÇΓöÇΓöÇΓöÇΓöÇΓöÇΓöÇΓöÇ
    test-results\e2e-api-API---Services-End-d00ef-ces---Lß║Ñy-danh-s├ích-dß╗ïch-vß╗Ñ-firefox\video.webm
    ΓöÇΓöÇΓöÇΓöÇΓöÇΓöÇΓöÇΓöÇΓöÇΓöÇΓöÇΓöÇΓöÇΓöÇΓöÇΓöÇΓöÇΓöÇΓöÇΓöÇΓöÇΓöÇΓöÇΓöÇΓöÇΓöÇΓöÇΓöÇΓöÇΓöÇΓöÇΓöÇΓöÇΓöÇΓöÇΓöÇΓöÇΓöÇΓöÇΓöÇΓöÇΓöÇΓöÇΓöÇΓöÇΓöÇΓöÇΓöÇΓöÇΓöÇΓöÇΓöÇΓöÇΓöÇΓöÇΓöÇΓöÇΓöÇΓöÇΓöÇΓöÇΓöÇΓöÇΓöÇΓöÇΓöÇΓöÇΓöÇΓöÇΓöÇΓöÇΓöÇΓöÇΓöÇΓöÇΓöÇΓöÇΓöÇΓöÇΓöÇΓöÇΓöÇΓöÇΓöÇΓöÇΓöÇΓöÇΓöÇΓöÇΓöÇΓöÇΓöÇΓöÇΓöÇΓöÇΓöÇ

    Error Context: test-results\e2e-api-API---Services-End-d00ef-ces---Lß║Ñy-danh-s├ích-dß╗ïch-vß╗Ñ-firefox\error-context.md


[1A[2K  68) [firefox] ΓÇ║ tests\e2e\admin.spec.ts:73:7 ΓÇ║ Authorization - RBAC ΓÇ║ TC_AUTHZ_01: Tenant truy cß║¡p route cß╗ºa Owner 

    [31mTest timeout of 30000ms exceeded.[39m

    Error: page.fill: Test timeout of 30000ms exceeded.
    Call log:
    [2m  - waiting for locator('input[name="email"]')[22m


      73 |   test('TC_AUTHZ_01: Tenant truy cß║¡p route cß╗ºa Owner', async ({ page }) => {
      74 |     await page.goto('/login');
    > 75 |     await page.fill('input[name="email"]', 'tenant_test@example.com');
         |                ^
      76 |     await page.fill('input[name="password"]', 'password123');
      77 |     await page.click('button:has-text("─É─âng Nhß║¡p")');
      78 |     await page.waitForURL(/.*\/dashboard\/tenant.*/);
        at E:\Project\repo\apartment-management-web\tests\e2e\admin.spec.ts:75:16

    attachment #1: screenshot (image/png) ΓöÇΓöÇΓöÇΓöÇΓöÇΓöÇΓöÇΓöÇΓöÇΓöÇΓöÇΓöÇΓöÇΓöÇΓöÇΓöÇΓöÇΓöÇΓöÇΓöÇΓöÇΓöÇΓöÇΓöÇΓöÇΓöÇΓöÇΓöÇΓöÇΓöÇΓöÇΓöÇΓöÇΓöÇΓöÇΓöÇΓöÇΓöÇΓöÇΓöÇΓöÇΓöÇΓöÇΓöÇΓöÇΓöÇΓöÇΓöÇΓöÇΓöÇΓöÇΓöÇΓöÇΓöÇΓöÇΓöÇΓöÇΓöÇ
    test-results\e2e-admin-Authorization----c9274-nt-truy-cß║¡p-route-cß╗ºa-Owner-firefox\test-failed-1.png
    ΓöÇΓöÇΓöÇΓöÇΓöÇΓöÇΓöÇΓöÇΓöÇΓöÇΓöÇΓöÇΓöÇΓöÇΓöÇΓöÇΓöÇΓöÇΓöÇΓöÇΓöÇΓöÇΓöÇΓöÇΓöÇΓöÇΓöÇΓöÇΓöÇΓöÇΓöÇΓöÇΓöÇΓöÇΓöÇΓöÇΓöÇΓöÇΓöÇΓöÇΓöÇΓöÇΓöÇΓöÇΓöÇΓöÇΓöÇΓöÇΓöÇΓöÇΓöÇΓöÇΓöÇΓöÇΓöÇΓöÇΓöÇΓöÇΓöÇΓöÇΓöÇΓöÇΓöÇΓöÇΓöÇΓöÇΓöÇΓöÇΓöÇΓöÇΓöÇΓöÇΓöÇΓöÇΓöÇΓöÇΓöÇΓöÇΓöÇΓöÇΓöÇΓöÇΓöÇΓöÇΓöÇΓöÇΓöÇΓöÇΓöÇΓöÇΓöÇΓöÇΓöÇΓöÇΓöÇΓöÇ

    attachment #2: video (video/webm) ΓöÇΓöÇΓöÇΓöÇΓöÇΓöÇΓöÇΓöÇΓöÇΓöÇΓöÇΓöÇΓöÇΓöÇΓöÇΓöÇΓöÇΓöÇΓöÇΓöÇΓöÇΓöÇΓöÇΓöÇΓöÇΓöÇΓöÇΓöÇΓöÇΓöÇΓöÇΓöÇΓöÇΓöÇΓöÇΓöÇΓöÇΓöÇΓöÇΓöÇΓöÇΓöÇΓöÇΓöÇΓöÇΓöÇΓöÇΓöÇΓöÇΓöÇΓöÇΓöÇΓöÇΓöÇΓöÇΓöÇΓöÇΓöÇΓöÇΓöÇΓöÇΓöÇ
    test-results\e2e-admin-Authorization----c9274-nt-truy-cß║¡p-route-cß╗ºa-Owner-firefox\video.webm
    ΓöÇΓöÇΓöÇΓöÇΓöÇΓöÇΓöÇΓöÇΓöÇΓöÇΓöÇΓöÇΓöÇΓöÇΓöÇΓöÇΓöÇΓöÇΓöÇΓöÇΓöÇΓöÇΓöÇΓöÇΓöÇΓöÇΓöÇΓöÇΓöÇΓöÇΓöÇΓöÇΓöÇΓöÇΓöÇΓöÇΓöÇΓöÇΓöÇΓöÇΓöÇΓöÇΓöÇΓöÇΓöÇΓöÇΓöÇΓöÇΓöÇΓöÇΓöÇΓöÇΓöÇΓöÇΓöÇΓöÇΓöÇΓöÇΓöÇΓöÇΓöÇΓöÇΓöÇΓöÇΓöÇΓöÇΓöÇΓöÇΓöÇΓöÇΓöÇΓöÇΓöÇΓöÇΓöÇΓöÇΓöÇΓöÇΓöÇΓöÇΓöÇΓöÇΓöÇΓöÇΓöÇΓöÇΓöÇΓöÇΓöÇΓöÇΓöÇΓöÇΓöÇΓöÇΓöÇΓöÇ

    Error Context: test-results\e2e-admin-Authorization----c9274-nt-truy-cß║¡p-route-cß╗ºa-Owner-firefox\error-context.md


[1A[2K  69) [firefox] ΓÇ║ tests\e2e\api.spec.ts:124:7 ΓÇ║ API - Services Endpoints ΓÇ║ TC_API_SVC_02: POST /api/services - Tß║ío dß╗ïch vß╗Ñ mß╗¢i 

    TypeError: (0 , _auth.loginAsOwner) is not a function

      123 |
      124 |   test('TC_API_SVC_02: POST /api/services - Tß║ío dß╗ïch vß╗Ñ mß╗¢i', async ({ request, page }) => {
    > 125 |     await loginAsOwner(page);
          |                       ^
      126 |     const cookies = await page.context().cookies();
      127 |     const authCookie = cookies.find(c => c.name.includes('auth'));
      128 |     
        at E:\Project\repo\apartment-management-web\tests\e2e\api.spec.ts:125:23

    attachment #1: screenshot (image/png) ΓöÇΓöÇΓöÇΓöÇΓöÇΓöÇΓöÇΓöÇΓöÇΓöÇΓöÇΓöÇΓöÇΓöÇΓöÇΓöÇΓöÇΓöÇΓöÇΓöÇΓöÇΓöÇΓöÇΓöÇΓöÇΓöÇΓöÇΓöÇΓöÇΓöÇΓöÇΓöÇΓöÇΓöÇΓöÇΓöÇΓöÇΓöÇΓöÇΓöÇΓöÇΓöÇΓöÇΓöÇΓöÇΓöÇΓöÇΓöÇΓöÇΓöÇΓöÇΓöÇΓöÇΓöÇΓöÇΓöÇΓöÇΓöÇ
    test-results\e2e-api-API---Services-End-aed09--services---Tß║ío-dß╗ïch-vß╗Ñ-mß╗¢i-firefox\test-failed-1.png
    ΓöÇΓöÇΓöÇΓöÇΓöÇΓöÇΓöÇΓöÇΓöÇΓöÇΓöÇΓöÇΓöÇΓöÇΓöÇΓöÇΓöÇΓöÇΓöÇΓöÇΓöÇΓöÇΓöÇΓöÇΓöÇΓöÇΓöÇΓöÇΓöÇΓöÇΓöÇΓöÇΓöÇΓöÇΓöÇΓöÇΓöÇΓöÇΓöÇΓöÇΓöÇΓöÇΓöÇΓöÇΓöÇΓöÇΓöÇΓöÇΓöÇΓöÇΓöÇΓöÇΓöÇΓöÇΓöÇΓöÇΓöÇΓöÇΓöÇΓöÇΓöÇΓöÇΓöÇΓöÇΓöÇΓöÇΓöÇΓöÇΓöÇΓöÇΓöÇΓöÇΓöÇΓöÇΓöÇΓöÇΓöÇΓöÇΓöÇΓöÇΓöÇΓöÇΓöÇΓöÇΓöÇΓöÇΓöÇΓöÇΓöÇΓöÇΓöÇΓöÇΓöÇΓöÇΓöÇΓöÇ

    attachment #2: video (video/webm) ΓöÇΓöÇΓöÇΓöÇΓöÇΓöÇΓöÇΓöÇΓöÇΓöÇΓöÇΓöÇΓöÇΓöÇΓöÇΓöÇΓöÇΓöÇΓöÇΓöÇΓöÇΓöÇΓöÇΓöÇΓöÇΓöÇΓöÇΓöÇΓöÇΓöÇΓöÇΓöÇΓöÇΓöÇΓöÇΓöÇΓöÇΓöÇΓöÇΓöÇΓöÇΓöÇΓöÇΓöÇΓöÇΓöÇΓöÇΓöÇΓöÇΓöÇΓöÇΓöÇΓöÇΓöÇΓöÇΓöÇΓöÇΓöÇΓöÇΓöÇΓöÇΓöÇ
    test-results\e2e-api-API---Services-End-aed09--services---Tß║ío-dß╗ïch-vß╗Ñ-mß╗¢i-firefox\video.webm
    ΓöÇΓöÇΓöÇΓöÇΓöÇΓöÇΓöÇΓöÇΓöÇΓöÇΓöÇΓöÇΓöÇΓöÇΓöÇΓöÇΓöÇΓöÇΓöÇΓöÇΓöÇΓöÇΓöÇΓöÇΓöÇΓöÇΓöÇΓöÇΓöÇΓöÇΓöÇΓöÇΓöÇΓöÇΓöÇΓöÇΓöÇΓöÇΓöÇΓöÇΓöÇΓöÇΓöÇΓöÇΓöÇΓöÇΓöÇΓöÇΓöÇΓöÇΓöÇΓöÇΓöÇΓöÇΓöÇΓöÇΓöÇΓöÇΓöÇΓöÇΓöÇΓöÇΓöÇΓöÇΓöÇΓöÇΓöÇΓöÇΓöÇΓöÇΓöÇΓöÇΓöÇΓöÇΓöÇΓöÇΓöÇΓöÇΓöÇΓöÇΓöÇΓöÇΓöÇΓöÇΓöÇΓöÇΓöÇΓöÇΓöÇΓöÇΓöÇΓöÇΓöÇΓöÇΓöÇΓöÇ

    Error Context: test-results\e2e-api-API---Services-End-aed09--services---Tß║ío-dß╗ïch-vß╗Ñ-mß╗¢i-firefox\error-context.md


[1A[2K[148/242] [firefox] ΓÇ║ tests\e2e\api.spec.ts:142:7 ΓÇ║ API - Services Endpoints ΓÇ║ TC_API_SVC_03: PUT /api/services/[id] - Cß║¡p nhß║¡t dß╗ïch vß╗Ñ
[1A[2K[149/242] [firefox] ΓÇ║ tests\e2e\api.spec.ts:164:7 ΓÇ║ API - Services Endpoints ΓÇ║ TC_API_SVC_04: DELETE /api/services/[id] - X├│a dß╗ïch vß╗Ñ
[1A[2K[150/242] [firefox] ΓÇ║ tests\e2e\api.spec.ts:179:7 ΓÇ║ API - Contracts Endpoints ΓÇ║ TC_API_CON_01: GET /api/contracts - Lß║Ñy danh s├ích hß╗úp ─æß╗ông
[1A[2K  70) [firefox] ΓÇ║ tests\e2e\admin.spec.ts:92:7 ΓÇ║ Authorization - RBAC ΓÇ║ TC_AUTHZ_03: Owner kh├┤ng truy cß║¡p ─æ╞░ß╗úc trang Admin 

    [31mTest timeout of 30000ms exceeded.[39m

    Error: page.fill: Test timeout of 30000ms exceeded.
    Call log:
    [2m  - waiting for locator('input[name="email"]')[22m


      92 |   test('TC_AUTHZ_03: Owner kh├┤ng truy cß║¡p ─æ╞░ß╗úc trang Admin', async ({ page }) => {
      93 |     await page.goto('/login');
    > 94 |     await page.fill('input[name="email"]', 'owner_test@example.com');
         |                ^
      95 |     await page.fill('input[name="password"]', 'password123');
      96 |     await page.click('button:has-text("─É─âng Nhß║¡p")');
      97 |     await page.waitForURL(/.*\/dashboard\/owner.*/);
        at E:\Project\repo\apartment-management-web\tests\e2e\admin.spec.ts:94:16

    attachment #1: screenshot (image/png) ΓöÇΓöÇΓöÇΓöÇΓöÇΓöÇΓöÇΓöÇΓöÇΓöÇΓöÇΓöÇΓöÇΓöÇΓöÇΓöÇΓöÇΓöÇΓöÇΓöÇΓöÇΓöÇΓöÇΓöÇΓöÇΓöÇΓöÇΓöÇΓöÇΓöÇΓöÇΓöÇΓöÇΓöÇΓöÇΓöÇΓöÇΓöÇΓöÇΓöÇΓöÇΓöÇΓöÇΓöÇΓöÇΓöÇΓöÇΓöÇΓöÇΓöÇΓöÇΓöÇΓöÇΓöÇΓöÇΓöÇΓöÇΓöÇ
    test-results\e2e-admin-Authorization----9a1b3-g-truy-cß║¡p-─æ╞░ß╗úc-trang-Admin-firefox\test-failed-1.png
    ΓöÇΓöÇΓöÇΓöÇΓöÇΓöÇΓöÇΓöÇΓöÇΓöÇΓöÇΓöÇΓöÇΓöÇΓöÇΓöÇΓöÇΓöÇΓöÇΓöÇΓöÇΓöÇΓöÇΓöÇΓöÇΓöÇΓöÇΓöÇΓöÇΓöÇΓöÇΓöÇΓöÇΓöÇΓöÇΓöÇΓöÇΓöÇΓöÇΓöÇΓöÇΓöÇΓöÇΓöÇΓöÇΓöÇΓöÇΓöÇΓöÇΓöÇΓöÇΓöÇΓöÇΓöÇΓöÇΓöÇΓöÇΓöÇΓöÇΓöÇΓöÇΓöÇΓöÇΓöÇΓöÇΓöÇΓöÇΓöÇΓöÇΓöÇΓöÇΓöÇΓöÇΓöÇΓöÇΓöÇΓöÇΓöÇΓöÇΓöÇΓöÇΓöÇΓöÇΓöÇΓöÇΓöÇΓöÇΓöÇΓöÇΓöÇΓöÇΓöÇΓöÇΓöÇΓöÇΓöÇ

    attachment #2: video (video/webm) ΓöÇΓöÇΓöÇΓöÇΓöÇΓöÇΓöÇΓöÇΓöÇΓöÇΓöÇΓöÇΓöÇΓöÇΓöÇΓöÇΓöÇΓöÇΓöÇΓöÇΓöÇΓöÇΓöÇΓöÇΓöÇΓöÇΓöÇΓöÇΓöÇΓöÇΓöÇΓöÇΓöÇΓöÇΓöÇΓöÇΓöÇΓöÇΓöÇΓöÇΓöÇΓöÇΓöÇΓöÇΓöÇΓöÇΓöÇΓöÇΓöÇΓöÇΓöÇΓöÇΓöÇΓöÇΓöÇΓöÇΓöÇΓöÇΓöÇΓöÇΓöÇΓöÇ
    test-results\e2e-admin-Authorization----9a1b3-g-truy-cß║¡p-─æ╞░ß╗úc-trang-Admin-firefox\video.webm
    ΓöÇΓöÇΓöÇΓöÇΓöÇΓöÇΓöÇΓöÇΓöÇΓöÇΓöÇΓöÇΓöÇΓöÇΓöÇΓöÇΓöÇΓöÇΓöÇΓöÇΓöÇΓöÇΓöÇΓöÇΓöÇΓöÇΓöÇΓöÇΓöÇΓöÇΓöÇΓöÇΓöÇΓöÇΓöÇΓöÇΓöÇΓöÇΓöÇΓöÇΓöÇΓöÇΓöÇΓöÇΓöÇΓöÇΓöÇΓöÇΓöÇΓöÇΓöÇΓöÇΓöÇΓöÇΓöÇΓöÇΓöÇΓöÇΓöÇΓöÇΓöÇΓöÇΓöÇΓöÇΓöÇΓöÇΓöÇΓöÇΓöÇΓöÇΓöÇΓöÇΓöÇΓöÇΓöÇΓöÇΓöÇΓöÇΓöÇΓöÇΓöÇΓöÇΓöÇΓöÇΓöÇΓöÇΓöÇΓöÇΓöÇΓöÇΓöÇΓöÇΓöÇΓöÇΓöÇΓöÇ

    Error Context: test-results\e2e-admin-Authorization----9a1b3-g-truy-cß║¡p-─æ╞░ß╗úc-trang-Admin-firefox\error-context.md


[1A[2K[151/242] [firefox] ΓÇ║ tests\e2e\api.spec.ts:192:7 ΓÇ║ API - Contracts Endpoints ΓÇ║ TC_API_CON_02: POST /api/contracts - Tß║ío hß╗úp ─æß╗ông mß╗¢i
[1A[2K  71) [firefox] ΓÇ║ tests\e2e\api.spec.ts:142:7 ΓÇ║ API - Services Endpoints ΓÇ║ TC_API_SVC_03: PUT /api/services/[id] - Cß║¡p nhß║¡t dß╗ïch vß╗Ñ 

    TypeError: (0 , _auth.loginAsOwner) is not a function

      141 |
      142 |   test('TC_API_SVC_03: PUT /api/services/[id] - Cß║¡p nhß║¡t dß╗ïch vß╗Ñ', async ({ request, page }) => {
    > 143 |     await loginAsOwner(page);
          |                       ^
      144 |     const cookies = await page.context().cookies();
      145 |     const authCookie = cookies.find(c => c.name.includes('auth'));
      146 |     
        at E:\Project\repo\apartment-management-web\tests\e2e\api.spec.ts:143:23

    attachment #1: screenshot (image/png) ΓöÇΓöÇΓöÇΓöÇΓöÇΓöÇΓöÇΓöÇΓöÇΓöÇΓöÇΓöÇΓöÇΓöÇΓöÇΓöÇΓöÇΓöÇΓöÇΓöÇΓöÇΓöÇΓöÇΓöÇΓöÇΓöÇΓöÇΓöÇΓöÇΓöÇΓöÇΓöÇΓöÇΓöÇΓöÇΓöÇΓöÇΓöÇΓöÇΓöÇΓöÇΓöÇΓöÇΓöÇΓöÇΓöÇΓöÇΓöÇΓöÇΓöÇΓöÇΓöÇΓöÇΓöÇΓöÇΓöÇΓöÇΓöÇ
    test-results\e2e-api-API---Services-End-ca08d-vices-id---Cß║¡p-nhß║¡t-dß╗ïch-vß╗Ñ-firefox\test-failed-1.png
    ΓöÇΓöÇΓöÇΓöÇΓöÇΓöÇΓöÇΓöÇΓöÇΓöÇΓöÇΓöÇΓöÇΓöÇΓöÇΓöÇΓöÇΓöÇΓöÇΓöÇΓöÇΓöÇΓöÇΓöÇΓöÇΓöÇΓöÇΓöÇΓöÇΓöÇΓöÇΓöÇΓöÇΓöÇΓöÇΓöÇΓöÇΓöÇΓöÇΓöÇΓöÇΓöÇΓöÇΓöÇΓöÇΓöÇΓöÇΓöÇΓöÇΓöÇΓöÇΓöÇΓöÇΓöÇΓöÇΓöÇΓöÇΓöÇΓöÇΓöÇΓöÇΓöÇΓöÇΓöÇΓöÇΓöÇΓöÇΓöÇΓöÇΓöÇΓöÇΓöÇΓöÇΓöÇΓöÇΓöÇΓöÇΓöÇΓöÇΓöÇΓöÇΓöÇΓöÇΓöÇΓöÇΓöÇΓöÇΓöÇΓöÇΓöÇΓöÇΓöÇΓöÇΓöÇΓöÇΓöÇ

    attachment #2: video (video/webm) ΓöÇΓöÇΓöÇΓöÇΓöÇΓöÇΓöÇΓöÇΓöÇΓöÇΓöÇΓöÇΓöÇΓöÇΓöÇΓöÇΓöÇΓöÇΓöÇΓöÇΓöÇΓöÇΓöÇΓöÇΓöÇΓöÇΓöÇΓöÇΓöÇΓöÇΓöÇΓöÇΓöÇΓöÇΓöÇΓöÇΓöÇΓöÇΓöÇΓöÇΓöÇΓöÇΓöÇΓöÇΓöÇΓöÇΓöÇΓöÇΓöÇΓöÇΓöÇΓöÇΓöÇΓöÇΓöÇΓöÇΓöÇΓöÇΓöÇΓöÇΓöÇΓöÇ
    test-results\e2e-api-API---Services-End-ca08d-vices-id---Cß║¡p-nhß║¡t-dß╗ïch-vß╗Ñ-firefox\video.webm
    ΓöÇΓöÇΓöÇΓöÇΓöÇΓöÇΓöÇΓöÇΓöÇΓöÇΓöÇΓöÇΓöÇΓöÇΓöÇΓöÇΓöÇΓöÇΓöÇΓöÇΓöÇΓöÇΓöÇΓöÇΓöÇΓöÇΓöÇΓöÇΓöÇΓöÇΓöÇΓöÇΓöÇΓöÇΓöÇΓöÇΓöÇΓöÇΓöÇΓöÇΓöÇΓöÇΓöÇΓöÇΓöÇΓöÇΓöÇΓöÇΓöÇΓöÇΓöÇΓöÇΓöÇΓöÇΓöÇΓöÇΓöÇΓöÇΓöÇΓöÇΓöÇΓöÇΓöÇΓöÇΓöÇΓöÇΓöÇΓöÇΓöÇΓöÇΓöÇΓöÇΓöÇΓöÇΓöÇΓöÇΓöÇΓöÇΓöÇΓöÇΓöÇΓöÇΓöÇΓöÇΓöÇΓöÇΓöÇΓöÇΓöÇΓöÇΓöÇΓöÇΓöÇΓöÇΓöÇΓöÇ

    Error Context: test-results\e2e-api-API---Services-End-ca08d-vices-id---Cß║¡p-nhß║¡t-dß╗ïch-vß╗Ñ-firefox\error-context.md


[1A[2K  72) [firefox] ΓÇ║ tests\e2e\admin.spec.ts:128:7 ΓÇ║ Authorization - RBAC ΓÇ║ TC_ADMIN_AUTHZ_01: Owner kh├┤ng truy cß║¡p ─æ╞░ß╗úc m├án Admin 

    [31mTest timeout of 30000ms exceeded.[39m

    Error: page.fill: Test timeout of 30000ms exceeded.
    Call log:
    [2m  - waiting for locator('input[name="email"]')[22m


      128 |   test('TC_ADMIN_AUTHZ_01: Owner kh├┤ng truy cß║¡p ─æ╞░ß╗úc m├án Admin', async ({ page }) => {
      129 |     await page.goto('/login');
    > 130 |     await page.fill('input[name="email"]', 'owner_test@example.com');
          |                ^
      131 |     await page.fill('input[name="password"]', 'password123');
      132 |     await page.click('button:has-text("─É─âng Nhß║¡p")');
      133 |     await page.waitForURL(/.*\/dashboard\/owner.*/);
        at E:\Project\repo\apartment-management-web\tests\e2e\admin.spec.ts:130:16

    attachment #1: screenshot (image/png) ΓöÇΓöÇΓöÇΓöÇΓöÇΓöÇΓöÇΓöÇΓöÇΓöÇΓöÇΓöÇΓöÇΓöÇΓöÇΓöÇΓöÇΓöÇΓöÇΓöÇΓöÇΓöÇΓöÇΓöÇΓöÇΓöÇΓöÇΓöÇΓöÇΓöÇΓöÇΓöÇΓöÇΓöÇΓöÇΓöÇΓöÇΓöÇΓöÇΓöÇΓöÇΓöÇΓöÇΓöÇΓöÇΓöÇΓöÇΓöÇΓöÇΓöÇΓöÇΓöÇΓöÇΓöÇΓöÇΓöÇΓöÇΓöÇ
    test-results\e2e-admin-Authorization----e1952-├┤ng-truy-cß║¡p-─æ╞░ß╗úc-m├án-Admin-firefox\test-failed-1.png
    ΓöÇΓöÇΓöÇΓöÇΓöÇΓöÇΓöÇΓöÇΓöÇΓöÇΓöÇΓöÇΓöÇΓöÇΓöÇΓöÇΓöÇΓöÇΓöÇΓöÇΓöÇΓöÇΓöÇΓöÇΓöÇΓöÇΓöÇΓöÇΓöÇΓöÇΓöÇΓöÇΓöÇΓöÇΓöÇΓöÇΓöÇΓöÇΓöÇΓöÇΓöÇΓöÇΓöÇΓöÇΓöÇΓöÇΓöÇΓöÇΓöÇΓöÇΓöÇΓöÇΓöÇΓöÇΓöÇΓöÇΓöÇΓöÇΓöÇΓöÇΓöÇΓöÇΓöÇΓöÇΓöÇΓöÇΓöÇΓöÇΓöÇΓöÇΓöÇΓöÇΓöÇΓöÇΓöÇΓöÇΓöÇΓöÇΓöÇΓöÇΓöÇΓöÇΓöÇΓöÇΓöÇΓöÇΓöÇΓöÇΓöÇΓöÇΓöÇΓöÇΓöÇΓöÇΓöÇΓöÇ

    attachment #2: video (video/webm) ΓöÇΓöÇΓöÇΓöÇΓöÇΓöÇΓöÇΓöÇΓöÇΓöÇΓöÇΓöÇΓöÇΓöÇΓöÇΓöÇΓöÇΓöÇΓöÇΓöÇΓöÇΓöÇΓöÇΓöÇΓöÇΓöÇΓöÇΓöÇΓöÇΓöÇΓöÇΓöÇΓöÇΓöÇΓöÇΓöÇΓöÇΓöÇΓöÇΓöÇΓöÇΓöÇΓöÇΓöÇΓöÇΓöÇΓöÇΓöÇΓöÇΓöÇΓöÇΓöÇΓöÇΓöÇΓöÇΓöÇΓöÇΓöÇΓöÇΓöÇΓöÇΓöÇ
    test-results\e2e-admin-Authorization----e1952-├┤ng-truy-cß║¡p-─æ╞░ß╗úc-m├án-Admin-firefox\video.webm
    ΓöÇΓöÇΓöÇΓöÇΓöÇΓöÇΓöÇΓöÇΓöÇΓöÇΓöÇΓöÇΓöÇΓöÇΓöÇΓöÇΓöÇΓöÇΓöÇΓöÇΓöÇΓöÇΓöÇΓöÇΓöÇΓöÇΓöÇΓöÇΓöÇΓöÇΓöÇΓöÇΓöÇΓöÇΓöÇΓöÇΓöÇΓöÇΓöÇΓöÇΓöÇΓöÇΓöÇΓöÇΓöÇΓöÇΓöÇΓöÇΓöÇΓöÇΓöÇΓöÇΓöÇΓöÇΓöÇΓöÇΓöÇΓöÇΓöÇΓöÇΓöÇΓöÇΓöÇΓöÇΓöÇΓöÇΓöÇΓöÇΓöÇΓöÇΓöÇΓöÇΓöÇΓöÇΓöÇΓöÇΓöÇΓöÇΓöÇΓöÇΓöÇΓöÇΓöÇΓöÇΓöÇΓöÇΓöÇΓöÇΓöÇΓöÇΓöÇΓöÇΓöÇΓöÇΓöÇΓöÇ

    Error Context: test-results\e2e-admin-Authorization----e1952-├┤ng-truy-cß║¡p-─æ╞░ß╗úc-m├án-Admin-firefox\error-context.md


[1A[2K  73) [firefox] ΓÇ║ tests\e2e\api.spec.ts:164:7 ΓÇ║ API - Services Endpoints ΓÇ║ TC_API_SVC_04: DELETE /api/services/[id] - X├│a dß╗ïch vß╗Ñ 

    TypeError: (0 , _auth.loginAsOwner) is not a function

      163 |
      164 |   test('TC_API_SVC_04: DELETE /api/services/[id] - X├│a dß╗ïch vß╗Ñ', async ({ request, page }) => {
    > 165 |     await loginAsOwner(page);
          |                       ^
      166 |     const cookies = await page.context().cookies();
      167 |     const authCookie = cookies.find(c => c.name.includes('auth'));
      168 |     
        at E:\Project\repo\apartment-management-web\tests\e2e\api.spec.ts:165:23

    attachment #1: screenshot (image/png) ΓöÇΓöÇΓöÇΓöÇΓöÇΓöÇΓöÇΓöÇΓöÇΓöÇΓöÇΓöÇΓöÇΓöÇΓöÇΓöÇΓöÇΓöÇΓöÇΓöÇΓöÇΓöÇΓöÇΓöÇΓöÇΓöÇΓöÇΓöÇΓöÇΓöÇΓöÇΓöÇΓöÇΓöÇΓöÇΓöÇΓöÇΓöÇΓöÇΓöÇΓöÇΓöÇΓöÇΓöÇΓöÇΓöÇΓöÇΓöÇΓöÇΓöÇΓöÇΓöÇΓöÇΓöÇΓöÇΓöÇΓöÇΓöÇ
    test-results\e2e-api-API---Services-End-54094-i-services-id---X├│a-dß╗ïch-vß╗Ñ-firefox\test-failed-1.png
    ΓöÇΓöÇΓöÇΓöÇΓöÇΓöÇΓöÇΓöÇΓöÇΓöÇΓöÇΓöÇΓöÇΓöÇΓöÇΓöÇΓöÇΓöÇΓöÇΓöÇΓöÇΓöÇΓöÇΓöÇΓöÇΓöÇΓöÇΓöÇΓöÇΓöÇΓöÇΓöÇΓöÇΓöÇΓöÇΓöÇΓöÇΓöÇΓöÇΓöÇΓöÇΓöÇΓöÇΓöÇΓöÇΓöÇΓöÇΓöÇΓöÇΓöÇΓöÇΓöÇΓöÇΓöÇΓöÇΓöÇΓöÇΓöÇΓöÇΓöÇΓöÇΓöÇΓöÇΓöÇΓöÇΓöÇΓöÇΓöÇΓöÇΓöÇΓöÇΓöÇΓöÇΓöÇΓöÇΓöÇΓöÇΓöÇΓöÇΓöÇΓöÇΓöÇΓöÇΓöÇΓöÇΓöÇΓöÇΓöÇΓöÇΓöÇΓöÇΓöÇΓöÇΓöÇΓöÇΓöÇ

    attachment #2: video (video/webm) ΓöÇΓöÇΓöÇΓöÇΓöÇΓöÇΓöÇΓöÇΓöÇΓöÇΓöÇΓöÇΓöÇΓöÇΓöÇΓöÇΓöÇΓöÇΓöÇΓöÇΓöÇΓöÇΓöÇΓöÇΓöÇΓöÇΓöÇΓöÇΓöÇΓöÇΓöÇΓöÇΓöÇΓöÇΓöÇΓöÇΓöÇΓöÇΓöÇΓöÇΓöÇΓöÇΓöÇΓöÇΓöÇΓöÇΓöÇΓöÇΓöÇΓöÇΓöÇΓöÇΓöÇΓöÇΓöÇΓöÇΓöÇΓöÇΓöÇΓöÇΓöÇΓöÇ
    test-results\e2e-api-API---Services-End-54094-i-services-id---X├│a-dß╗ïch-vß╗Ñ-firefox\video.webm
    ΓöÇΓöÇΓöÇΓöÇΓöÇΓöÇΓöÇΓöÇΓöÇΓöÇΓöÇΓöÇΓöÇΓöÇΓöÇΓöÇΓöÇΓöÇΓöÇΓöÇΓöÇΓöÇΓöÇΓöÇΓöÇΓöÇΓöÇΓöÇΓöÇΓöÇΓöÇΓöÇΓöÇΓöÇΓöÇΓöÇΓöÇΓöÇΓöÇΓöÇΓöÇΓöÇΓöÇΓöÇΓöÇΓöÇΓöÇΓöÇΓöÇΓöÇΓöÇΓöÇΓöÇΓöÇΓöÇΓöÇΓöÇΓöÇΓöÇΓöÇΓöÇΓöÇΓöÇΓöÇΓöÇΓöÇΓöÇΓöÇΓöÇΓöÇΓöÇΓöÇΓöÇΓöÇΓöÇΓöÇΓöÇΓöÇΓöÇΓöÇΓöÇΓöÇΓöÇΓöÇΓöÇΓöÇΓöÇΓöÇΓöÇΓöÇΓöÇΓöÇΓöÇΓöÇΓöÇΓöÇ

    Error Context: test-results\e2e-api-API---Services-End-54094-i-services-id---X├│a-dß╗ïch-vß╗Ñ-firefox\error-context.md


[1A[2K[152/242] [firefox] ΓÇ║ tests\e2e\api.spec.ts:212:7 ΓÇ║ API - Contracts Endpoints ΓÇ║ TC_API_CON_03: GET /api/contracts/[id] - Lß║Ñy chi tiß║┐t hß╗úp ─æß╗ông
[1A[2K[153/242] [firefox] ΓÇ║ tests\e2e\api.spec.ts:225:7 ΓÇ║ API - Contracts Endpoints ΓÇ║ TC_API_CON_04: PUT /api/contracts/[id] - Cß║¡p nhß║¡t hß╗úp ─æß╗ông
[1A[2K  74) [firefox] ΓÇ║ tests\e2e\api.spec.ts:179:7 ΓÇ║ API - Contracts Endpoints ΓÇ║ TC_API_CON_01: GET /api/contracts - Lß║Ñy danh s├ích hß╗úp ─æß╗ông 

    TypeError: (0 , _auth.loginAsOwner) is not a function

      178 | test.describe('API - Contracts Endpoints', () => {
      179 |   test('TC_API_CON_01: GET /api/contracts - Lß║Ñy danh s├ích hß╗úp ─æß╗ông', async ({ request, page }) => {
    > 180 |     await loginAsOwner(page);
          |                       ^
      181 |     const cookies = await page.context().cookies();
      182 |     const authCookie = cookies.find(c => c.name.includes('auth'));
      183 |     
        at E:\Project\repo\apartment-management-web\tests\e2e\api.spec.ts:180:23

    attachment #1: screenshot (image/png) ΓöÇΓöÇΓöÇΓöÇΓöÇΓöÇΓöÇΓöÇΓöÇΓöÇΓöÇΓöÇΓöÇΓöÇΓöÇΓöÇΓöÇΓöÇΓöÇΓöÇΓöÇΓöÇΓöÇΓöÇΓöÇΓöÇΓöÇΓöÇΓöÇΓöÇΓöÇΓöÇΓöÇΓöÇΓöÇΓöÇΓöÇΓöÇΓöÇΓöÇΓöÇΓöÇΓöÇΓöÇΓöÇΓöÇΓöÇΓöÇΓöÇΓöÇΓöÇΓöÇΓöÇΓöÇΓöÇΓöÇΓöÇΓöÇ
    test-results\e2e-api-API---Contracts-En-e3efa-ts---Lß║Ñy-danh-s├ích-hß╗úp-─æß╗ông-firefox\test-failed-1.png
    ΓöÇΓöÇΓöÇΓöÇΓöÇΓöÇΓöÇΓöÇΓöÇΓöÇΓöÇΓöÇΓöÇΓöÇΓöÇΓöÇΓöÇΓöÇΓöÇΓöÇΓöÇΓöÇΓöÇΓöÇΓöÇΓöÇΓöÇΓöÇΓöÇΓöÇΓöÇΓöÇΓöÇΓöÇΓöÇΓöÇΓöÇΓöÇΓöÇΓöÇΓöÇΓöÇΓöÇΓöÇΓöÇΓöÇΓöÇΓöÇΓöÇΓöÇΓöÇΓöÇΓöÇΓöÇΓöÇΓöÇΓöÇΓöÇΓöÇΓöÇΓöÇΓöÇΓöÇΓöÇΓöÇΓöÇΓöÇΓöÇΓöÇΓöÇΓöÇΓöÇΓöÇΓöÇΓöÇΓöÇΓöÇΓöÇΓöÇΓöÇΓöÇΓöÇΓöÇΓöÇΓöÇΓöÇΓöÇΓöÇΓöÇΓöÇΓöÇΓöÇΓöÇΓöÇΓöÇΓöÇ

    attachment #2: video (video/webm) ΓöÇΓöÇΓöÇΓöÇΓöÇΓöÇΓöÇΓöÇΓöÇΓöÇΓöÇΓöÇΓöÇΓöÇΓöÇΓöÇΓöÇΓöÇΓöÇΓöÇΓöÇΓöÇΓöÇΓöÇΓöÇΓöÇΓöÇΓöÇΓöÇΓöÇΓöÇΓöÇΓöÇΓöÇΓöÇΓöÇΓöÇΓöÇΓöÇΓöÇΓöÇΓöÇΓöÇΓöÇΓöÇΓöÇΓöÇΓöÇΓöÇΓöÇΓöÇΓöÇΓöÇΓöÇΓöÇΓöÇΓöÇΓöÇΓöÇΓöÇΓöÇΓöÇ
    test-results\e2e-api-API---Contracts-En-e3efa-ts---Lß║Ñy-danh-s├ích-hß╗úp-─æß╗ông-firefox\video.webm
    ΓöÇΓöÇΓöÇΓöÇΓöÇΓöÇΓöÇΓöÇΓöÇΓöÇΓöÇΓöÇΓöÇΓöÇΓöÇΓöÇΓöÇΓöÇΓöÇΓöÇΓöÇΓöÇΓöÇΓöÇΓöÇΓöÇΓöÇΓöÇΓöÇΓöÇΓöÇΓöÇΓöÇΓöÇΓöÇΓöÇΓöÇΓöÇΓöÇΓöÇΓöÇΓöÇΓöÇΓöÇΓöÇΓöÇΓöÇΓöÇΓöÇΓöÇΓöÇΓöÇΓöÇΓöÇΓöÇΓöÇΓöÇΓöÇΓöÇΓöÇΓöÇΓöÇΓöÇΓöÇΓöÇΓöÇΓöÇΓöÇΓöÇΓöÇΓöÇΓöÇΓöÇΓöÇΓöÇΓöÇΓöÇΓöÇΓöÇΓöÇΓöÇΓöÇΓöÇΓöÇΓöÇΓöÇΓöÇΓöÇΓöÇΓöÇΓöÇΓöÇΓöÇΓöÇΓöÇΓöÇ

    Error Context: test-results\e2e-api-API---Contracts-En-e3efa-ts---Lß║Ñy-danh-s├ích-hß╗úp-─æß╗ông-firefox\error-context.md


[1A[2K[154/242] [firefox] ΓÇ║ tests\e2e\api.spec.ts:241:7 ΓÇ║ API - Invoices Endpoints ΓÇ║ TC_API_INV_01: GET /api/invoices - Lß║Ñy danh s├ích ho├í ─æ╞ín
[1A[2K  75) [firefox] ΓÇ║ tests\e2e\api.spec.ts:192:7 ΓÇ║ API - Contracts Endpoints ΓÇ║ TC_API_CON_02: POST /api/contracts - Tß║ío hß╗úp ─æß╗ông mß╗¢i 

    TypeError: (0 , _auth.loginAsOwner) is not a function

      191 |
      192 |   test('TC_API_CON_02: POST /api/contracts - Tß║ío hß╗úp ─æß╗ông mß╗¢i', async ({ request, page }) => {
    > 193 |     await loginAsOwner(page);
          |                       ^
      194 |     const cookies = await page.context().cookies();
      195 |     const authCookie = cookies.find(c => c.name.includes('auth'));
      196 |     
        at E:\Project\repo\apartment-management-web\tests\e2e\api.spec.ts:193:23

    attachment #1: screenshot (image/png) ΓöÇΓöÇΓöÇΓöÇΓöÇΓöÇΓöÇΓöÇΓöÇΓöÇΓöÇΓöÇΓöÇΓöÇΓöÇΓöÇΓöÇΓöÇΓöÇΓöÇΓöÇΓöÇΓöÇΓöÇΓöÇΓöÇΓöÇΓöÇΓöÇΓöÇΓöÇΓöÇΓöÇΓöÇΓöÇΓöÇΓöÇΓöÇΓöÇΓöÇΓöÇΓöÇΓöÇΓöÇΓöÇΓöÇΓöÇΓöÇΓöÇΓöÇΓöÇΓöÇΓöÇΓöÇΓöÇΓöÇΓöÇΓöÇ
    test-results\e2e-api-API---Contracts-En-d5cd8-ontracts---Tß║ío-hß╗úp-─æß╗ông-mß╗¢i-firefox\test-failed-1.png
    ΓöÇΓöÇΓöÇΓöÇΓöÇΓöÇΓöÇΓöÇΓöÇΓöÇΓöÇΓöÇΓöÇΓöÇΓöÇΓöÇΓöÇΓöÇΓöÇΓöÇΓöÇΓöÇΓöÇΓöÇΓöÇΓöÇΓöÇΓöÇΓöÇΓöÇΓöÇΓöÇΓöÇΓöÇΓöÇΓöÇΓöÇΓöÇΓöÇΓöÇΓöÇΓöÇΓöÇΓöÇΓöÇΓöÇΓöÇΓöÇΓöÇΓöÇΓöÇΓöÇΓöÇΓöÇΓöÇΓöÇΓöÇΓöÇΓöÇΓöÇΓöÇΓöÇΓöÇΓöÇΓöÇΓöÇΓöÇΓöÇΓöÇΓöÇΓöÇΓöÇΓöÇΓöÇΓöÇΓöÇΓöÇΓöÇΓöÇΓöÇΓöÇΓöÇΓöÇΓöÇΓöÇΓöÇΓöÇΓöÇΓöÇΓöÇΓöÇΓöÇΓöÇΓöÇΓöÇΓöÇ

    attachment #2: video (video/webm) ΓöÇΓöÇΓöÇΓöÇΓöÇΓöÇΓöÇΓöÇΓöÇΓöÇΓöÇΓöÇΓöÇΓöÇΓöÇΓöÇΓöÇΓöÇΓöÇΓöÇΓöÇΓöÇΓöÇΓöÇΓöÇΓöÇΓöÇΓöÇΓöÇΓöÇΓöÇΓöÇΓöÇΓöÇΓöÇΓöÇΓöÇΓöÇΓöÇΓöÇΓöÇΓöÇΓöÇΓöÇΓöÇΓöÇΓöÇΓöÇΓöÇΓöÇΓöÇΓöÇΓöÇΓöÇΓöÇΓöÇΓöÇΓöÇΓöÇΓöÇΓöÇΓöÇ
    test-results\e2e-api-API---Contracts-En-d5cd8-ontracts---Tß║ío-hß╗úp-─æß╗ông-mß╗¢i-firefox\video.webm
    ΓöÇΓöÇΓöÇΓöÇΓöÇΓöÇΓöÇΓöÇΓöÇΓöÇΓöÇΓöÇΓöÇΓöÇΓöÇΓöÇΓöÇΓöÇΓöÇΓöÇΓöÇΓöÇΓöÇΓöÇΓöÇΓöÇΓöÇΓöÇΓöÇΓöÇΓöÇΓöÇΓöÇΓöÇΓöÇΓöÇΓöÇΓöÇΓöÇΓöÇΓöÇΓöÇΓöÇΓöÇΓöÇΓöÇΓöÇΓöÇΓöÇΓöÇΓöÇΓöÇΓöÇΓöÇΓöÇΓöÇΓöÇΓöÇΓöÇΓöÇΓöÇΓöÇΓöÇΓöÇΓöÇΓöÇΓöÇΓöÇΓöÇΓöÇΓöÇΓöÇΓöÇΓöÇΓöÇΓöÇΓöÇΓöÇΓöÇΓöÇΓöÇΓöÇΓöÇΓöÇΓöÇΓöÇΓöÇΓöÇΓöÇΓöÇΓöÇΓöÇΓöÇΓöÇΓöÇΓöÇ

    Error Context: test-results\e2e-api-API---Contracts-En-d5cd8-ontracts---Tß║ío-hß╗úp-─æß╗ông-mß╗¢i-firefox\error-context.md


[1A[2K[155/242] [firefox] ΓÇ║ tests\e2e\api.spec.ts:254:7 ΓÇ║ API - Invoices Endpoints ΓÇ║ TC_API_INV_02: POST /api/invoices - Tß║ío ho├í ─æ╞ín mß╗¢i
[1A[2K[156/242] [firefox] ΓÇ║ tests\e2e\api.spec.ts:272:7 ΓÇ║ API - Invoices Endpoints ΓÇ║ TC_API_INV_03: GET /api/invoices/[id] - Lß║Ñy chi tiß║┐t ho├í ─æ╞ín
[1A[2K  76) [firefox] ΓÇ║ tests\e2e\api.spec.ts:212:7 ΓÇ║ API - Contracts Endpoints ΓÇ║ TC_API_CON_03: GET /api/contracts/[id] - Lß║Ñy chi tiß║┐t hß╗úp ─æß╗ông 

    TypeError: (0 , _auth.loginAsOwner) is not a function

      211 |
      212 |   test('TC_API_CON_03: GET /api/contracts/[id] - Lß║Ñy chi tiß║┐t hß╗úp ─æß╗ông', async ({ request, page }) => {
    > 213 |     await loginAsOwner(page);
          |                       ^
      214 |     const cookies = await page.context().cookies();
      215 |     const authCookie = cookies.find(c => c.name.includes('auth'));
      216 |     
        at E:\Project\repo\apartment-management-web\tests\e2e\api.spec.ts:213:23

    attachment #1: screenshot (image/png) ΓöÇΓöÇΓöÇΓöÇΓöÇΓöÇΓöÇΓöÇΓöÇΓöÇΓöÇΓöÇΓöÇΓöÇΓöÇΓöÇΓöÇΓöÇΓöÇΓöÇΓöÇΓöÇΓöÇΓöÇΓöÇΓöÇΓöÇΓöÇΓöÇΓöÇΓöÇΓöÇΓöÇΓöÇΓöÇΓöÇΓöÇΓöÇΓöÇΓöÇΓöÇΓöÇΓöÇΓöÇΓöÇΓöÇΓöÇΓöÇΓöÇΓöÇΓöÇΓöÇΓöÇΓöÇΓöÇΓöÇΓöÇΓöÇ
    test-results\e2e-api-API---Contracts-En-4e08d--id---Lß║Ñy-chi-tiß║┐t-hß╗úp-─æß╗ông-firefox\test-failed-1.png
    ΓöÇΓöÇΓöÇΓöÇΓöÇΓöÇΓöÇΓöÇΓöÇΓöÇΓöÇΓöÇΓöÇΓöÇΓöÇΓöÇΓöÇΓöÇΓöÇΓöÇΓöÇΓöÇΓöÇΓöÇΓöÇΓöÇΓöÇΓöÇΓöÇΓöÇΓöÇΓöÇΓöÇΓöÇΓöÇΓöÇΓöÇΓöÇΓöÇΓöÇΓöÇΓöÇΓöÇΓöÇΓöÇΓöÇΓöÇΓöÇΓöÇΓöÇΓöÇΓöÇΓöÇΓöÇΓöÇΓöÇΓöÇΓöÇΓöÇΓöÇΓöÇΓöÇΓöÇΓöÇΓöÇΓöÇΓöÇΓöÇΓöÇΓöÇΓöÇΓöÇΓöÇΓöÇΓöÇΓöÇΓöÇΓöÇΓöÇΓöÇΓöÇΓöÇΓöÇΓöÇΓöÇΓöÇΓöÇΓöÇΓöÇΓöÇΓöÇΓöÇΓöÇΓöÇΓöÇΓöÇ

    attachment #2: video (video/webm) ΓöÇΓöÇΓöÇΓöÇΓöÇΓöÇΓöÇΓöÇΓöÇΓöÇΓöÇΓöÇΓöÇΓöÇΓöÇΓöÇΓöÇΓöÇΓöÇΓöÇΓöÇΓöÇΓöÇΓöÇΓöÇΓöÇΓöÇΓöÇΓöÇΓöÇΓöÇΓöÇΓöÇΓöÇΓöÇΓöÇΓöÇΓöÇΓöÇΓöÇΓöÇΓöÇΓöÇΓöÇΓöÇΓöÇΓöÇΓöÇΓöÇΓöÇΓöÇΓöÇΓöÇΓöÇΓöÇΓöÇΓöÇΓöÇΓöÇΓöÇΓöÇΓöÇ
    test-results\e2e-api-API---Contracts-En-4e08d--id---Lß║Ñy-chi-tiß║┐t-hß╗úp-─æß╗ông-firefox\video.webm
    ΓöÇΓöÇΓöÇΓöÇΓöÇΓöÇΓöÇΓöÇΓöÇΓöÇΓöÇΓöÇΓöÇΓöÇΓöÇΓöÇΓöÇΓöÇΓöÇΓöÇΓöÇΓöÇΓöÇΓöÇΓöÇΓöÇΓöÇΓöÇΓöÇΓöÇΓöÇΓöÇΓöÇΓöÇΓöÇΓöÇΓöÇΓöÇΓöÇΓöÇΓöÇΓöÇΓöÇΓöÇΓöÇΓöÇΓöÇΓöÇΓöÇΓöÇΓöÇΓöÇΓöÇΓöÇΓöÇΓöÇΓöÇΓöÇΓöÇΓöÇΓöÇΓöÇΓöÇΓöÇΓöÇΓöÇΓöÇΓöÇΓöÇΓöÇΓöÇΓöÇΓöÇΓöÇΓöÇΓöÇΓöÇΓöÇΓöÇΓöÇΓöÇΓöÇΓöÇΓöÇΓöÇΓöÇΓöÇΓöÇΓöÇΓöÇΓöÇΓöÇΓöÇΓöÇΓöÇΓöÇ

    Error Context: test-results\e2e-api-API---Contracts-En-4e08d--id---Lß║Ñy-chi-tiß║┐t-hß╗úp-─æß╗ông-firefox\error-context.md


[1A[2K  77) [firefox] ΓÇ║ tests\e2e\api.spec.ts:225:7 ΓÇ║ API - Contracts Endpoints ΓÇ║ TC_API_CON_04: PUT /api/contracts/[id] - Cß║¡p nhß║¡t hß╗úp ─æß╗ông 

    TypeError: (0 , _auth.loginAsOwner) is not a function

      224 |
      225 |   test('TC_API_CON_04: PUT /api/contracts/[id] - Cß║¡p nhß║¡t hß╗úp ─æß╗ông', async ({ request, page }) => {
    > 226 |     await loginAsOwner(page);
          |                       ^
      227 |     const cookies = await page.context().cookies();
      228 |     const authCookie = cookies.find(c => c.name.includes('auth'));
      229 |     
        at E:\Project\repo\apartment-management-web\tests\e2e\api.spec.ts:226:23

    attachment #1: screenshot (image/png) ΓöÇΓöÇΓöÇΓöÇΓöÇΓöÇΓöÇΓöÇΓöÇΓöÇΓöÇΓöÇΓöÇΓöÇΓöÇΓöÇΓöÇΓöÇΓöÇΓöÇΓöÇΓöÇΓöÇΓöÇΓöÇΓöÇΓöÇΓöÇΓöÇΓöÇΓöÇΓöÇΓöÇΓöÇΓöÇΓöÇΓöÇΓöÇΓöÇΓöÇΓöÇΓöÇΓöÇΓöÇΓöÇΓöÇΓöÇΓöÇΓöÇΓöÇΓöÇΓöÇΓöÇΓöÇΓöÇΓöÇΓöÇΓöÇ
    test-results\e2e-api-API---Contracts-En-e50e2-acts-id---Cß║¡p-nhß║¡t-hß╗úp-─æß╗ông-firefox\test-failed-1.png
    ΓöÇΓöÇΓöÇΓöÇΓöÇΓöÇΓöÇΓöÇΓöÇΓöÇΓöÇΓöÇΓöÇΓöÇΓöÇΓöÇΓöÇΓöÇΓöÇΓöÇΓöÇΓöÇΓöÇΓöÇΓöÇΓöÇΓöÇΓöÇΓöÇΓöÇΓöÇΓöÇΓöÇΓöÇΓöÇΓöÇΓöÇΓöÇΓöÇΓöÇΓöÇΓöÇΓöÇΓöÇΓöÇΓöÇΓöÇΓöÇΓöÇΓöÇΓöÇΓöÇΓöÇΓöÇΓöÇΓöÇΓöÇΓöÇΓöÇΓöÇΓöÇΓöÇΓöÇΓöÇΓöÇΓöÇΓöÇΓöÇΓöÇΓöÇΓöÇΓöÇΓöÇΓöÇΓöÇΓöÇΓöÇΓöÇΓöÇΓöÇΓöÇΓöÇΓöÇΓöÇΓöÇΓöÇΓöÇΓöÇΓöÇΓöÇΓöÇΓöÇΓöÇΓöÇΓöÇΓöÇ

    attachment #2: video (video/webm) ΓöÇΓöÇΓöÇΓöÇΓöÇΓöÇΓöÇΓöÇΓöÇΓöÇΓöÇΓöÇΓöÇΓöÇΓöÇΓöÇΓöÇΓöÇΓöÇΓöÇΓöÇΓöÇΓöÇΓöÇΓöÇΓöÇΓöÇΓöÇΓöÇΓöÇΓöÇΓöÇΓöÇΓöÇΓöÇΓöÇΓöÇΓöÇΓöÇΓöÇΓöÇΓöÇΓöÇΓöÇΓöÇΓöÇΓöÇΓöÇΓöÇΓöÇΓöÇΓöÇΓöÇΓöÇΓöÇΓöÇΓöÇΓöÇΓöÇΓöÇΓöÇΓöÇ
    test-results\e2e-api-API---Contracts-En-e50e2-acts-id---Cß║¡p-nhß║¡t-hß╗úp-─æß╗ông-firefox\video.webm
    ΓöÇΓöÇΓöÇΓöÇΓöÇΓöÇΓöÇΓöÇΓöÇΓöÇΓöÇΓöÇΓöÇΓöÇΓöÇΓöÇΓöÇΓöÇΓöÇΓöÇΓöÇΓöÇΓöÇΓöÇΓöÇΓöÇΓöÇΓöÇΓöÇΓöÇΓöÇΓöÇΓöÇΓöÇΓöÇΓöÇΓöÇΓöÇΓöÇΓöÇΓöÇΓöÇΓöÇΓöÇΓöÇΓöÇΓöÇΓöÇΓöÇΓöÇΓöÇΓöÇΓöÇΓöÇΓöÇΓöÇΓöÇΓöÇΓöÇΓöÇΓöÇΓöÇΓöÇΓöÇΓöÇΓöÇΓöÇΓöÇΓöÇΓöÇΓöÇΓöÇΓöÇΓöÇΓöÇΓöÇΓöÇΓöÇΓöÇΓöÇΓöÇΓöÇΓöÇΓöÇΓöÇΓöÇΓöÇΓöÇΓöÇΓöÇΓöÇΓöÇΓöÇΓöÇΓöÇΓöÇ

    Error Context: test-results\e2e-api-API---Contracts-En-e50e2-acts-id---Cß║¡p-nhß║¡t-hß╗úp-─æß╗ông-firefox\error-context.md


[1A[2K  78) [firefox] ΓÇ║ tests\e2e\api.spec.ts:241:7 ΓÇ║ API - Invoices Endpoints ΓÇ║ TC_API_INV_01: GET /api/invoices - Lß║Ñy danh s├ích ho├í ─æ╞ín 

    TypeError: (0 , _auth.loginAsOwner) is not a function

      240 | test.describe('API - Invoices Endpoints', () => {
      241 |   test('TC_API_INV_01: GET /api/invoices - Lß║Ñy danh s├ích ho├í ─æ╞ín', async ({ request, page }) => {
    > 242 |     await loginAsOwner(page);
          |                       ^
      243 |     const cookies = await page.context().cookies();
      244 |     const authCookie = cookies.find(c => c.name.includes('auth'));
      245 |     
        at E:\Project\repo\apartment-management-web\tests\e2e\api.spec.ts:242:23

    attachment #1: screenshot (image/png) ΓöÇΓöÇΓöÇΓöÇΓöÇΓöÇΓöÇΓöÇΓöÇΓöÇΓöÇΓöÇΓöÇΓöÇΓöÇΓöÇΓöÇΓöÇΓöÇΓöÇΓöÇΓöÇΓöÇΓöÇΓöÇΓöÇΓöÇΓöÇΓöÇΓöÇΓöÇΓöÇΓöÇΓöÇΓöÇΓöÇΓöÇΓöÇΓöÇΓöÇΓöÇΓöÇΓöÇΓöÇΓöÇΓöÇΓöÇΓöÇΓöÇΓöÇΓöÇΓöÇΓöÇΓöÇΓöÇΓöÇΓöÇΓöÇ
    test-results\e2e-api-API---Invoices-End-2c9a0-ces---Lß║Ñy-danh-s├ích-ho├í-─æ╞ín-firefox\test-failed-1.png
    ΓöÇΓöÇΓöÇΓöÇΓöÇΓöÇΓöÇΓöÇΓöÇΓöÇΓöÇΓöÇΓöÇΓöÇΓöÇΓöÇΓöÇΓöÇΓöÇΓöÇΓöÇΓöÇΓöÇΓöÇΓöÇΓöÇΓöÇΓöÇΓöÇΓöÇΓöÇΓöÇΓöÇΓöÇΓöÇΓöÇΓöÇΓöÇΓöÇΓöÇΓöÇΓöÇΓöÇΓöÇΓöÇΓöÇΓöÇΓöÇΓöÇΓöÇΓöÇΓöÇΓöÇΓöÇΓöÇΓöÇΓöÇΓöÇΓöÇΓöÇΓöÇΓöÇΓöÇΓöÇΓöÇΓöÇΓöÇΓöÇΓöÇΓöÇΓöÇΓöÇΓöÇΓöÇΓöÇΓöÇΓöÇΓöÇΓöÇΓöÇΓöÇΓöÇΓöÇΓöÇΓöÇΓöÇΓöÇΓöÇΓöÇΓöÇΓöÇΓöÇΓöÇΓöÇΓöÇΓöÇ

    attachment #2: video (video/webm) ΓöÇΓöÇΓöÇΓöÇΓöÇΓöÇΓöÇΓöÇΓöÇΓöÇΓöÇΓöÇΓöÇΓöÇΓöÇΓöÇΓöÇΓöÇΓöÇΓöÇΓöÇΓöÇΓöÇΓöÇΓöÇΓöÇΓöÇΓöÇΓöÇΓöÇΓöÇΓöÇΓöÇΓöÇΓöÇΓöÇΓöÇΓöÇΓöÇΓöÇΓöÇΓöÇΓöÇΓöÇΓöÇΓöÇΓöÇΓöÇΓöÇΓöÇΓöÇΓöÇΓöÇΓöÇΓöÇΓöÇΓöÇΓöÇΓöÇΓöÇΓöÇΓöÇ
    test-results\e2e-api-API---Invoices-End-2c9a0-ces---Lß║Ñy-danh-s├ích-ho├í-─æ╞ín-firefox\video.webm
    ΓöÇΓöÇΓöÇΓöÇΓöÇΓöÇΓöÇΓöÇΓöÇΓöÇΓöÇΓöÇΓöÇΓöÇΓöÇΓöÇΓöÇΓöÇΓöÇΓöÇΓöÇΓöÇΓöÇΓöÇΓöÇΓöÇΓöÇΓöÇΓöÇΓöÇΓöÇΓöÇΓöÇΓöÇΓöÇΓöÇΓöÇΓöÇΓöÇΓöÇΓöÇΓöÇΓöÇΓöÇΓöÇΓöÇΓöÇΓöÇΓöÇΓöÇΓöÇΓöÇΓöÇΓöÇΓöÇΓöÇΓöÇΓöÇΓöÇΓöÇΓöÇΓöÇΓöÇΓöÇΓöÇΓöÇΓöÇΓöÇΓöÇΓöÇΓöÇΓöÇΓöÇΓöÇΓöÇΓöÇΓöÇΓöÇΓöÇΓöÇΓöÇΓöÇΓöÇΓöÇΓöÇΓöÇΓöÇΓöÇΓöÇΓöÇΓöÇΓöÇΓöÇΓöÇΓöÇΓöÇ

    Error Context: test-results\e2e-api-API---Invoices-End-2c9a0-ces---Lß║Ñy-danh-s├ích-ho├í-─æ╞ín-firefox\error-context.md


[1A[2K[157/242] [firefox] ΓÇ║ tests\e2e\api.spec.ts:285:7 ΓÇ║ API - Invoices Endpoints ΓÇ║ TC_API_INV_04: POST /api/invoices/[id]/send - Gß╗¡i ho├í ─æ╞ín
[1A[2K  79) [firefox] ΓÇ║ tests\e2e\api.spec.ts:254:7 ΓÇ║ API - Invoices Endpoints ΓÇ║ TC_API_INV_02: POST /api/invoices - Tß║ío ho├í ─æ╞ín mß╗¢i 

    TypeError: (0 , _auth.loginAsOwner) is not a function

      253 |
      254 |   test('TC_API_INV_02: POST /api/invoices - Tß║ío ho├í ─æ╞ín mß╗¢i', async ({ request, page }) => {
    > 255 |     await loginAsOwner(page);
          |                       ^
      256 |     const cookies = await page.context().cookies();
      257 |     const authCookie = cookies.find(c => c.name.includes('auth'));
      258 |     
        at E:\Project\repo\apartment-management-web\tests\e2e\api.spec.ts:255:23

    attachment #1: screenshot (image/png) ΓöÇΓöÇΓöÇΓöÇΓöÇΓöÇΓöÇΓöÇΓöÇΓöÇΓöÇΓöÇΓöÇΓöÇΓöÇΓöÇΓöÇΓöÇΓöÇΓöÇΓöÇΓöÇΓöÇΓöÇΓöÇΓöÇΓöÇΓöÇΓöÇΓöÇΓöÇΓöÇΓöÇΓöÇΓöÇΓöÇΓöÇΓöÇΓöÇΓöÇΓöÇΓöÇΓöÇΓöÇΓöÇΓöÇΓöÇΓöÇΓöÇΓöÇΓöÇΓöÇΓöÇΓöÇΓöÇΓöÇΓöÇΓöÇ
    test-results\e2e-api-API---Invoices-End-e1822--invoices---Tß║ío-ho├í-─æ╞ín-mß╗¢i-firefox\test-failed-1.png
    ΓöÇΓöÇΓöÇΓöÇΓöÇΓöÇΓöÇΓöÇΓöÇΓöÇΓöÇΓöÇΓöÇΓöÇΓöÇΓöÇΓöÇΓöÇΓöÇΓöÇΓöÇΓöÇΓöÇΓöÇΓöÇΓöÇΓöÇΓöÇΓöÇΓöÇΓöÇΓöÇΓöÇΓöÇΓöÇΓöÇΓöÇΓöÇΓöÇΓöÇΓöÇΓöÇΓöÇΓöÇΓöÇΓöÇΓöÇΓöÇΓöÇΓöÇΓöÇΓöÇΓöÇΓöÇΓöÇΓöÇΓöÇΓöÇΓöÇΓöÇΓöÇΓöÇΓöÇΓöÇΓöÇΓöÇΓöÇΓöÇΓöÇΓöÇΓöÇΓöÇΓöÇΓöÇΓöÇΓöÇΓöÇΓöÇΓöÇΓöÇΓöÇΓöÇΓöÇΓöÇΓöÇΓöÇΓöÇΓöÇΓöÇΓöÇΓöÇΓöÇΓöÇΓöÇΓöÇΓöÇ

    attachment #2: video (video/webm) ΓöÇΓöÇΓöÇΓöÇΓöÇΓöÇΓöÇΓöÇΓöÇΓöÇΓöÇΓöÇΓöÇΓöÇΓöÇΓöÇΓöÇΓöÇΓöÇΓöÇΓöÇΓöÇΓöÇΓöÇΓöÇΓöÇΓöÇΓöÇΓöÇΓöÇΓöÇΓöÇΓöÇΓöÇΓöÇΓöÇΓöÇΓöÇΓöÇΓöÇΓöÇΓöÇΓöÇΓöÇΓöÇΓöÇΓöÇΓöÇΓöÇΓöÇΓöÇΓöÇΓöÇΓöÇΓöÇΓöÇΓöÇΓöÇΓöÇΓöÇΓöÇΓöÇ
    test-results\e2e-api-API---Invoices-End-e1822--invoices---Tß║ío-ho├í-─æ╞ín-mß╗¢i-firefox\video.webm
    ΓöÇΓöÇΓöÇΓöÇΓöÇΓöÇΓöÇΓöÇΓöÇΓöÇΓöÇΓöÇΓöÇΓöÇΓöÇΓöÇΓöÇΓöÇΓöÇΓöÇΓöÇΓöÇΓöÇΓöÇΓöÇΓöÇΓöÇΓöÇΓöÇΓöÇΓöÇΓöÇΓöÇΓöÇΓöÇΓöÇΓöÇΓöÇΓöÇΓöÇΓöÇΓöÇΓöÇΓöÇΓöÇΓöÇΓöÇΓöÇΓöÇΓöÇΓöÇΓöÇΓöÇΓöÇΓöÇΓöÇΓöÇΓöÇΓöÇΓöÇΓöÇΓöÇΓöÇΓöÇΓöÇΓöÇΓöÇΓöÇΓöÇΓöÇΓöÇΓöÇΓöÇΓöÇΓöÇΓöÇΓöÇΓöÇΓöÇΓöÇΓöÇΓöÇΓöÇΓöÇΓöÇΓöÇΓöÇΓöÇΓöÇΓöÇΓöÇΓöÇΓöÇΓöÇΓöÇΓöÇ

    Error Context: test-results\e2e-api-API---Invoices-End-e1822--invoices---Tß║ío-ho├í-─æ╞ín-mß╗¢i-firefox\error-context.md


[1A[2K[158/242] [firefox] ΓÇ║ tests\e2e\api.spec.ts:299:7 ΓÇ║ API - Invoices Endpoints ΓÇ║ TC_API_INV_05: PUT /api/invoices/[id] - Cß║¡p nhß║¡t ho├í ─æ╞ín
[1A[2K  80) [firefox] ΓÇ║ tests\e2e\api.spec.ts:272:7 ΓÇ║ API - Invoices Endpoints ΓÇ║ TC_API_INV_03: GET /api/invoices/[id] - Lß║Ñy chi tiß║┐t ho├í ─æ╞ín 

    TypeError: (0 , _auth.loginAsOwner) is not a function

      271 |
      272 |   test('TC_API_INV_03: GET /api/invoices/[id] - Lß║Ñy chi tiß║┐t ho├í ─æ╞ín', async ({ request, page }) => {
    > 273 |     await loginAsOwner(page);
          |                       ^
      274 |     const cookies = await page.context().cookies();
      275 |     const authCookie = cookies.find(c => c.name.includes('auth'));
      276 |     
        at E:\Project\repo\apartment-management-web\tests\e2e\api.spec.ts:273:23

    attachment #1: screenshot (image/png) ΓöÇΓöÇΓöÇΓöÇΓöÇΓöÇΓöÇΓöÇΓöÇΓöÇΓöÇΓöÇΓöÇΓöÇΓöÇΓöÇΓöÇΓöÇΓöÇΓöÇΓöÇΓöÇΓöÇΓöÇΓöÇΓöÇΓöÇΓöÇΓöÇΓöÇΓöÇΓöÇΓöÇΓöÇΓöÇΓöÇΓöÇΓöÇΓöÇΓöÇΓöÇΓöÇΓöÇΓöÇΓöÇΓöÇΓöÇΓöÇΓöÇΓöÇΓöÇΓöÇΓöÇΓöÇΓöÇΓöÇΓöÇΓöÇ
    test-results\e2e-api-API---Invoices-End-e5bb6-s-id---Lß║Ñy-chi-tiß║┐t-ho├í-─æ╞ín-firefox\test-failed-1.png
    ΓöÇΓöÇΓöÇΓöÇΓöÇΓöÇΓöÇΓöÇΓöÇΓöÇΓöÇΓöÇΓöÇΓöÇΓöÇΓöÇΓöÇΓöÇΓöÇΓöÇΓöÇΓöÇΓöÇΓöÇΓöÇΓöÇΓöÇΓöÇΓöÇΓöÇΓöÇΓöÇΓöÇΓöÇΓöÇΓöÇΓöÇΓöÇΓöÇΓöÇΓöÇΓöÇΓöÇΓöÇΓöÇΓöÇΓöÇΓöÇΓöÇΓöÇΓöÇΓöÇΓöÇΓöÇΓöÇΓöÇΓöÇΓöÇΓöÇΓöÇΓöÇΓöÇΓöÇΓöÇΓöÇΓöÇΓöÇΓöÇΓöÇΓöÇΓöÇΓöÇΓöÇΓöÇΓöÇΓöÇΓöÇΓöÇΓöÇΓöÇΓöÇΓöÇΓöÇΓöÇΓöÇΓöÇΓöÇΓöÇΓöÇΓöÇΓöÇΓöÇΓöÇΓöÇΓöÇΓöÇ

    attachment #2: video (video/webm) ΓöÇΓöÇΓöÇΓöÇΓöÇΓöÇΓöÇΓöÇΓöÇΓöÇΓöÇΓöÇΓöÇΓöÇΓöÇΓöÇΓöÇΓöÇΓöÇΓöÇΓöÇΓöÇΓöÇΓöÇΓöÇΓöÇΓöÇΓöÇΓöÇΓöÇΓöÇΓöÇΓöÇΓöÇΓöÇΓöÇΓöÇΓöÇΓöÇΓöÇΓöÇΓöÇΓöÇΓöÇΓöÇΓöÇΓöÇΓöÇΓöÇΓöÇΓöÇΓöÇΓöÇΓöÇΓöÇΓöÇΓöÇΓöÇΓöÇΓöÇΓöÇΓöÇ
    test-results\e2e-api-API---Invoices-End-e5bb6-s-id---Lß║Ñy-chi-tiß║┐t-ho├í-─æ╞ín-firefox\video.webm
    ΓöÇΓöÇΓöÇΓöÇΓöÇΓöÇΓöÇΓöÇΓöÇΓöÇΓöÇΓöÇΓöÇΓöÇΓöÇΓöÇΓöÇΓöÇΓöÇΓöÇΓöÇΓöÇΓöÇΓöÇΓöÇΓöÇΓöÇΓöÇΓöÇΓöÇΓöÇΓöÇΓöÇΓöÇΓöÇΓöÇΓöÇΓöÇΓöÇΓöÇΓöÇΓöÇΓöÇΓöÇΓöÇΓöÇΓöÇΓöÇΓöÇΓöÇΓöÇΓöÇΓöÇΓöÇΓöÇΓöÇΓöÇΓöÇΓöÇΓöÇΓöÇΓöÇΓöÇΓöÇΓöÇΓöÇΓöÇΓöÇΓöÇΓöÇΓöÇΓöÇΓöÇΓöÇΓöÇΓöÇΓöÇΓöÇΓöÇΓöÇΓöÇΓöÇΓöÇΓöÇΓöÇΓöÇΓöÇΓöÇΓöÇΓöÇΓöÇΓöÇΓöÇΓöÇΓöÇΓöÇ

    Error Context: test-results\e2e-api-API---Invoices-End-e5bb6-s-id---Lß║Ñy-chi-tiß║┐t-ho├í-─æ╞ín-firefox\error-context.md


[1A[2K[159/242] [firefox] ΓÇ║ tests\e2e\api.spec.ts:315:7 ΓÇ║ API - VNPay Payment ΓÇ║ TC_API_VNP_01: POST /api/vnpay - Khß╗ƒi tß║ío thanh to├ín VNPay
[1A[2K  81) [firefox] ΓÇ║ tests\e2e\ai-chatbot.spec.ts:174:7 ΓÇ║ UI/UX Features ΓÇ║ TC_UI_02: Responsive tr├¬n mobile view 

    [31mTest timeout of 30000ms exceeded.[39m

    Error: page.waitForURL: Test ended.
    =========================== logs ===========================
    waiting for navigation until "load"
      navigated to "http://localhost:3000/dashboard/owner"
    ============================================================

      186 |     await mobilePage.click('button[type="submit"]');
      187 |
    > 188 |     await mobilePage.waitForURL(/.*\/dashboard\/owner\/.*/);
          |                      ^
      189 |
      190 |     // Kiß╗âm tra sidebar/menu responsive
      191 |     const sidebar = mobilePage.locator('aside, nav[role="navigation"]').first();
        at E:\Project\repo\apartment-management-web\tests\e2e\ai-chatbot.spec.ts:188:22

    attachment #1: screenshot (image/png) ΓöÇΓöÇΓöÇΓöÇΓöÇΓöÇΓöÇΓöÇΓöÇΓöÇΓöÇΓöÇΓöÇΓöÇΓöÇΓöÇΓöÇΓöÇΓöÇΓöÇΓöÇΓöÇΓöÇΓöÇΓöÇΓöÇΓöÇΓöÇΓöÇΓöÇΓöÇΓöÇΓöÇΓöÇΓöÇΓöÇΓöÇΓöÇΓöÇΓöÇΓöÇΓöÇΓöÇΓöÇΓöÇΓöÇΓöÇΓöÇΓöÇΓöÇΓöÇΓöÇΓöÇΓöÇΓöÇΓöÇΓöÇΓöÇ
    test-results\e2e-ai-chatbot-UI-UX-Featu-3d270-Responsive-tr├¬n-mobile-view-firefox\test-failed-2.png
    ΓöÇΓöÇΓöÇΓöÇΓöÇΓöÇΓöÇΓöÇΓöÇΓöÇΓöÇΓöÇΓöÇΓöÇΓöÇΓöÇΓöÇΓöÇΓöÇΓöÇΓöÇΓöÇΓöÇΓöÇΓöÇΓöÇΓöÇΓöÇΓöÇΓöÇΓöÇΓöÇΓöÇΓöÇΓöÇΓöÇΓöÇΓöÇΓöÇΓöÇΓöÇΓöÇΓöÇΓöÇΓöÇΓöÇΓöÇΓöÇΓöÇΓöÇΓöÇΓöÇΓöÇΓöÇΓöÇΓöÇΓöÇΓöÇΓöÇΓöÇΓöÇΓöÇΓöÇΓöÇΓöÇΓöÇΓöÇΓöÇΓöÇΓöÇΓöÇΓöÇΓöÇΓöÇΓöÇΓöÇΓöÇΓöÇΓöÇΓöÇΓöÇΓöÇΓöÇΓöÇΓöÇΓöÇΓöÇΓöÇΓöÇΓöÇΓöÇΓöÇΓöÇΓöÇΓöÇΓöÇ

    attachment #2: screenshot (image/png) ΓöÇΓöÇΓöÇΓöÇΓöÇΓöÇΓöÇΓöÇΓöÇΓöÇΓöÇΓöÇΓöÇΓöÇΓöÇΓöÇΓöÇΓöÇΓöÇΓöÇΓöÇΓöÇΓöÇΓöÇΓöÇΓöÇΓöÇΓöÇΓöÇΓöÇΓöÇΓöÇΓöÇΓöÇΓöÇΓöÇΓöÇΓöÇΓöÇΓöÇΓöÇΓöÇΓöÇΓöÇΓöÇΓöÇΓöÇΓöÇΓöÇΓöÇΓöÇΓöÇΓöÇΓöÇΓöÇΓöÇΓöÇΓöÇ
    test-results\e2e-ai-chatbot-UI-UX-Featu-3d270-Responsive-tr├¬n-mobile-view-firefox\test-failed-1.png
    ΓöÇΓöÇΓöÇΓöÇΓöÇΓöÇΓöÇΓöÇΓöÇΓöÇΓöÇΓöÇΓöÇΓöÇΓöÇΓöÇΓöÇΓöÇΓöÇΓöÇΓöÇΓöÇΓöÇΓöÇΓöÇΓöÇΓöÇΓöÇΓöÇΓöÇΓöÇΓöÇΓöÇΓöÇΓöÇΓöÇΓöÇΓöÇΓöÇΓöÇΓöÇΓöÇΓöÇΓöÇΓöÇΓöÇΓöÇΓöÇΓöÇΓöÇΓöÇΓöÇΓöÇΓöÇΓöÇΓöÇΓöÇΓöÇΓöÇΓöÇΓöÇΓöÇΓöÇΓöÇΓöÇΓöÇΓöÇΓöÇΓöÇΓöÇΓöÇΓöÇΓöÇΓöÇΓöÇΓöÇΓöÇΓöÇΓöÇΓöÇΓöÇΓöÇΓöÇΓöÇΓöÇΓöÇΓöÇΓöÇΓöÇΓöÇΓöÇΓöÇΓöÇΓöÇΓöÇΓöÇ

    attachment #3: video (video/webm) ΓöÇΓöÇΓöÇΓöÇΓöÇΓöÇΓöÇΓöÇΓöÇΓöÇΓöÇΓöÇΓöÇΓöÇΓöÇΓöÇΓöÇΓöÇΓöÇΓöÇΓöÇΓöÇΓöÇΓöÇΓöÇΓöÇΓöÇΓöÇΓöÇΓöÇΓöÇΓöÇΓöÇΓöÇΓöÇΓöÇΓöÇΓöÇΓöÇΓöÇΓöÇΓöÇΓöÇΓöÇΓöÇΓöÇΓöÇΓöÇΓöÇΓöÇΓöÇΓöÇΓöÇΓöÇΓöÇΓöÇΓöÇΓöÇΓöÇΓöÇΓöÇΓöÇ
    test-results\e2e-ai-chatbot-UI-UX-Featu-3d270-Responsive-tr├¬n-mobile-view-firefox\video.webm
    ΓöÇΓöÇΓöÇΓöÇΓöÇΓöÇΓöÇΓöÇΓöÇΓöÇΓöÇΓöÇΓöÇΓöÇΓöÇΓöÇΓöÇΓöÇΓöÇΓöÇΓöÇΓöÇΓöÇΓöÇΓöÇΓöÇΓöÇΓöÇΓöÇΓöÇΓöÇΓöÇΓöÇΓöÇΓöÇΓöÇΓöÇΓöÇΓöÇΓöÇΓöÇΓöÇΓöÇΓöÇΓöÇΓöÇΓöÇΓöÇΓöÇΓöÇΓöÇΓöÇΓöÇΓöÇΓöÇΓöÇΓöÇΓöÇΓöÇΓöÇΓöÇΓöÇΓöÇΓöÇΓöÇΓöÇΓöÇΓöÇΓöÇΓöÇΓöÇΓöÇΓöÇΓöÇΓöÇΓöÇΓöÇΓöÇΓöÇΓöÇΓöÇΓöÇΓöÇΓöÇΓöÇΓöÇΓöÇΓöÇΓöÇΓöÇΓöÇΓöÇΓöÇΓöÇΓöÇΓöÇ

    Error Context: test-results\e2e-ai-chatbot-UI-UX-Featu-3d270-Responsive-tr├¬n-mobile-view-firefox\error-context.md


[1A[2K[160/242] [firefox] ΓÇ║ tests\e2e\api.spec.ts:332:7 ΓÇ║ API - VNPay Payment ΓÇ║ TC_API_VNP_02: POST /api/vnpay/return - Xß╗¡ l├╜ return tß╗½ VNPay
[1A[2K  82) [firefox] ΓÇ║ tests\e2e\api.spec.ts:332:7 ΓÇ║ API - VNPay Payment ΓÇ║ TC_API_VNP_02: POST /api/vnpay/return - Xß╗¡ l├╜ return tß╗½ VNPay 

    Error: [2mexpect([22m[31mreceived[39m[2m).[22mtoContain[2m([22m[32mexpected[39m[2m) // indexOf[22m

    Expected value: [32m405[39m
    Received array: [31m[200, 400][39m

      337 |       }
      338 |     });
    > 339 |     expect([200, 400]).toContain(response.status());
          |                        ^
      340 |   });
      341 | });
      342 |
        at E:\Project\repo\apartment-management-web\tests\e2e\api.spec.ts:339:24

    Error Context: test-results\e2e-api-API---VNPay-Paymen-b9b0b-urn---Xß╗¡-l├╜-return-tß╗½-VNPay-firefox\error-context.md


[1A[2K[161/242] [firefox] ΓÇ║ tests\e2e\api.spec.ts:344:7 ΓÇ║ API - Chat Endpoints ΓÇ║ TC_API_CHAT_01: POST /api/chat - Gß╗¡i tin nhß║»n chat
[1A[2K[162/242] [firefox] ΓÇ║ tests\e2e\api.spec.ts:360:7 ΓÇ║ API - Chat Endpoints ΓÇ║ TC_API_CHAT_02: GET /api/chat - Lß║Ñy lß╗ïch sß╗¡ chat
[1A[2K  83) [firefox] ΓÇ║ tests\e2e\api.spec.ts:285:7 ΓÇ║ API - Invoices Endpoints ΓÇ║ TC_API_INV_04: POST /api/invoices/[id]/send - Gß╗¡i ho├í ─æ╞ín 

    TypeError: (0 , _auth.loginAsOwner) is not a function

      284 |
      285 |   test('TC_API_INV_04: POST /api/invoices/[id]/send - Gß╗¡i ho├í ─æ╞ín', async ({ request, page }) => {
    > 286 |     await loginAsOwner(page);
          |                       ^
      287 |     const cookies = await page.context().cookies();
      288 |     const authCookie = cookies.find(c => c.name.includes('auth'));
      289 |     
        at E:\Project\repo\apartment-management-web\tests\e2e\api.spec.ts:286:23

    attachment #1: screenshot (image/png) ΓöÇΓöÇΓöÇΓöÇΓöÇΓöÇΓöÇΓöÇΓöÇΓöÇΓöÇΓöÇΓöÇΓöÇΓöÇΓöÇΓöÇΓöÇΓöÇΓöÇΓöÇΓöÇΓöÇΓöÇΓöÇΓöÇΓöÇΓöÇΓöÇΓöÇΓöÇΓöÇΓöÇΓöÇΓöÇΓöÇΓöÇΓöÇΓöÇΓöÇΓöÇΓöÇΓöÇΓöÇΓöÇΓöÇΓöÇΓöÇΓöÇΓöÇΓöÇΓöÇΓöÇΓöÇΓöÇΓöÇΓöÇΓöÇ
    test-results\e2e-api-API---Invoices-End-2f865-oices-id-send---Gß╗¡i-ho├í-─æ╞ín-firefox\test-failed-1.png
    ΓöÇΓöÇΓöÇΓöÇΓöÇΓöÇΓöÇΓöÇΓöÇΓöÇΓöÇΓöÇΓöÇΓöÇΓöÇΓöÇΓöÇΓöÇΓöÇΓöÇΓöÇΓöÇΓöÇΓöÇΓöÇΓöÇΓöÇΓöÇΓöÇΓöÇΓöÇΓöÇΓöÇΓöÇΓöÇΓöÇΓöÇΓöÇΓöÇΓöÇΓöÇΓöÇΓöÇΓöÇΓöÇΓöÇΓöÇΓöÇΓöÇΓöÇΓöÇΓöÇΓöÇΓöÇΓöÇΓöÇΓöÇΓöÇΓöÇΓöÇΓöÇΓöÇΓöÇΓöÇΓöÇΓöÇΓöÇΓöÇΓöÇΓöÇΓöÇΓöÇΓöÇΓöÇΓöÇΓöÇΓöÇΓöÇΓöÇΓöÇΓöÇΓöÇΓöÇΓöÇΓöÇΓöÇΓöÇΓöÇΓöÇΓöÇΓöÇΓöÇΓöÇΓöÇΓöÇΓöÇ

    attachment #2: video (video/webm) ΓöÇΓöÇΓöÇΓöÇΓöÇΓöÇΓöÇΓöÇΓöÇΓöÇΓöÇΓöÇΓöÇΓöÇΓöÇΓöÇΓöÇΓöÇΓöÇΓöÇΓöÇΓöÇΓöÇΓöÇΓöÇΓöÇΓöÇΓöÇΓöÇΓöÇΓöÇΓöÇΓöÇΓöÇΓöÇΓöÇΓöÇΓöÇΓöÇΓöÇΓöÇΓöÇΓöÇΓöÇΓöÇΓöÇΓöÇΓöÇΓöÇΓöÇΓöÇΓöÇΓöÇΓöÇΓöÇΓöÇΓöÇΓöÇΓöÇΓöÇΓöÇΓöÇ
    test-results\e2e-api-API---Invoices-End-2f865-oices-id-send---Gß╗¡i-ho├í-─æ╞ín-firefox\video.webm
    ΓöÇΓöÇΓöÇΓöÇΓöÇΓöÇΓöÇΓöÇΓöÇΓöÇΓöÇΓöÇΓöÇΓöÇΓöÇΓöÇΓöÇΓöÇΓöÇΓöÇΓöÇΓöÇΓöÇΓöÇΓöÇΓöÇΓöÇΓöÇΓöÇΓöÇΓöÇΓöÇΓöÇΓöÇΓöÇΓöÇΓöÇΓöÇΓöÇΓöÇΓöÇΓöÇΓöÇΓöÇΓöÇΓöÇΓöÇΓöÇΓöÇΓöÇΓöÇΓöÇΓöÇΓöÇΓöÇΓöÇΓöÇΓöÇΓöÇΓöÇΓöÇΓöÇΓöÇΓöÇΓöÇΓöÇΓöÇΓöÇΓöÇΓöÇΓöÇΓöÇΓöÇΓöÇΓöÇΓöÇΓöÇΓöÇΓöÇΓöÇΓöÇΓöÇΓöÇΓöÇΓöÇΓöÇΓöÇΓöÇΓöÇΓöÇΓöÇΓöÇΓöÇΓöÇΓöÇΓöÇ

    Error Context: test-results\e2e-api-API---Invoices-End-2f865-oices-id-send---Gß╗¡i-ho├í-─æ╞ín-firefox\error-context.md


[1A[2K[163/242] [firefox] ΓÇ║ tests\e2e\api.spec.ts:375:7 ΓÇ║ API - Tenant Endpoints ΓÇ║ TC_API_TEN_01: GET /api/tenant/dashboard-stats - Lß║Ñy thß╗æng k├¬ dashboard
[1A[2K  84) [firefox] ΓÇ║ tests\e2e\api.spec.ts:299:7 ΓÇ║ API - Invoices Endpoints ΓÇ║ TC_API_INV_05: PUT /api/invoices/[id] - Cß║¡p nhß║¡t ho├í ─æ╞ín 

    TypeError: (0 , _auth.loginAsOwner) is not a function

      298 |
      299 |   test('TC_API_INV_05: PUT /api/invoices/[id] - Cß║¡p nhß║¡t ho├í ─æ╞ín', async ({ request, page }) => {
    > 300 |     await loginAsOwner(page);
          |                       ^
      301 |     const cookies = await page.context().cookies();
      302 |     const authCookie = cookies.find(c => c.name.includes('auth'));
      303 |     
        at E:\Project\repo\apartment-management-web\tests\e2e\api.spec.ts:300:23

    attachment #1: screenshot (image/png) ΓöÇΓöÇΓöÇΓöÇΓöÇΓöÇΓöÇΓöÇΓöÇΓöÇΓöÇΓöÇΓöÇΓöÇΓöÇΓöÇΓöÇΓöÇΓöÇΓöÇΓöÇΓöÇΓöÇΓöÇΓöÇΓöÇΓöÇΓöÇΓöÇΓöÇΓöÇΓöÇΓöÇΓöÇΓöÇΓöÇΓöÇΓöÇΓöÇΓöÇΓöÇΓöÇΓöÇΓöÇΓöÇΓöÇΓöÇΓöÇΓöÇΓöÇΓöÇΓöÇΓöÇΓöÇΓöÇΓöÇΓöÇΓöÇ
    test-results\e2e-api-API---Invoices-End-0b536-oices-id---Cß║¡p-nhß║¡t-ho├í-─æ╞ín-firefox\test-failed-1.png
    ΓöÇΓöÇΓöÇΓöÇΓöÇΓöÇΓöÇΓöÇΓöÇΓöÇΓöÇΓöÇΓöÇΓöÇΓöÇΓöÇΓöÇΓöÇΓöÇΓöÇΓöÇΓöÇΓöÇΓöÇΓöÇΓöÇΓöÇΓöÇΓöÇΓöÇΓöÇΓöÇΓöÇΓöÇΓöÇΓöÇΓöÇΓöÇΓöÇΓöÇΓöÇΓöÇΓöÇΓöÇΓöÇΓöÇΓöÇΓöÇΓöÇΓöÇΓöÇΓöÇΓöÇΓöÇΓöÇΓöÇΓöÇΓöÇΓöÇΓöÇΓöÇΓöÇΓöÇΓöÇΓöÇΓöÇΓöÇΓöÇΓöÇΓöÇΓöÇΓöÇΓöÇΓöÇΓöÇΓöÇΓöÇΓöÇΓöÇΓöÇΓöÇΓöÇΓöÇΓöÇΓöÇΓöÇΓöÇΓöÇΓöÇΓöÇΓöÇΓöÇΓöÇΓöÇΓöÇΓöÇ

    attachment #2: video (video/webm) ΓöÇΓöÇΓöÇΓöÇΓöÇΓöÇΓöÇΓöÇΓöÇΓöÇΓöÇΓöÇΓöÇΓöÇΓöÇΓöÇΓöÇΓöÇΓöÇΓöÇΓöÇΓöÇΓöÇΓöÇΓöÇΓöÇΓöÇΓöÇΓöÇΓöÇΓöÇΓöÇΓöÇΓöÇΓöÇΓöÇΓöÇΓöÇΓöÇΓöÇΓöÇΓöÇΓöÇΓöÇΓöÇΓöÇΓöÇΓöÇΓöÇΓöÇΓöÇΓöÇΓöÇΓöÇΓöÇΓöÇΓöÇΓöÇΓöÇΓöÇΓöÇΓöÇ
    test-results\e2e-api-API---Invoices-End-0b536-oices-id---Cß║¡p-nhß║¡t-ho├í-─æ╞ín-firefox\video.webm
    ΓöÇΓöÇΓöÇΓöÇΓöÇΓöÇΓöÇΓöÇΓöÇΓöÇΓöÇΓöÇΓöÇΓöÇΓöÇΓöÇΓöÇΓöÇΓöÇΓöÇΓöÇΓöÇΓöÇΓöÇΓöÇΓöÇΓöÇΓöÇΓöÇΓöÇΓöÇΓöÇΓöÇΓöÇΓöÇΓöÇΓöÇΓöÇΓöÇΓöÇΓöÇΓöÇΓöÇΓöÇΓöÇΓöÇΓöÇΓöÇΓöÇΓöÇΓöÇΓöÇΓöÇΓöÇΓöÇΓöÇΓöÇΓöÇΓöÇΓöÇΓöÇΓöÇΓöÇΓöÇΓöÇΓöÇΓöÇΓöÇΓöÇΓöÇΓöÇΓöÇΓöÇΓöÇΓöÇΓöÇΓöÇΓöÇΓöÇΓöÇΓöÇΓöÇΓöÇΓöÇΓöÇΓöÇΓöÇΓöÇΓöÇΓöÇΓöÇΓöÇΓöÇΓöÇΓöÇΓöÇ

    Error Context: test-results\e2e-api-API---Invoices-End-0b536-oices-id---Cß║¡p-nhß║¡t-ho├í-─æ╞ín-firefox\error-context.md


[1A[2K[164/242] [firefox] ΓÇ║ tests\e2e\api.spec.ts:388:7 ΓÇ║ API - Tenant Endpoints ΓÇ║ TC_API_TEN_02: GET /api/tenants - Lß║Ñy danh s├ích kh├ích thu├¬
[1A[2K  85) [firefox] ΓÇ║ tests\e2e\api.spec.ts:315:7 ΓÇ║ API - VNPay Payment ΓÇ║ TC_API_VNP_01: POST /api/vnpay - Khß╗ƒi tß║ío thanh to├ín VNPay 

    TypeError: (0 , _auth.loginAsTenant) is not a function

      314 | test.describe('API - VNPay Payment', () => {
      315 |   test('TC_API_VNP_01: POST /api/vnpay - Khß╗ƒi tß║ío thanh to├ín VNPay', async ({ request, page }) => {
    > 316 |     await loginAsTenant(page);
          |                        ^
      317 |     const cookies = await page.context().cookies();
      318 |     const authCookie = cookies.find(c => c.name.includes('auth'));
      319 |     
        at E:\Project\repo\apartment-management-web\tests\e2e\api.spec.ts:316:24

    attachment #1: screenshot (image/png) ΓöÇΓöÇΓöÇΓöÇΓöÇΓöÇΓöÇΓöÇΓöÇΓöÇΓöÇΓöÇΓöÇΓöÇΓöÇΓöÇΓöÇΓöÇΓöÇΓöÇΓöÇΓöÇΓöÇΓöÇΓöÇΓöÇΓöÇΓöÇΓöÇΓöÇΓöÇΓöÇΓöÇΓöÇΓöÇΓöÇΓöÇΓöÇΓöÇΓöÇΓöÇΓöÇΓöÇΓöÇΓöÇΓöÇΓöÇΓöÇΓöÇΓöÇΓöÇΓöÇΓöÇΓöÇΓöÇΓöÇΓöÇΓöÇ
    test-results\e2e-api-API---VNPay-Paymen-dd10d---Khß╗ƒi-tß║ío-thanh-to├ín-VNPay-firefox\test-failed-1.png
    ΓöÇΓöÇΓöÇΓöÇΓöÇΓöÇΓöÇΓöÇΓöÇΓöÇΓöÇΓöÇΓöÇΓöÇΓöÇΓöÇΓöÇΓöÇΓöÇΓöÇΓöÇΓöÇΓöÇΓöÇΓöÇΓöÇΓöÇΓöÇΓöÇΓöÇΓöÇΓöÇΓöÇΓöÇΓöÇΓöÇΓöÇΓöÇΓöÇΓöÇΓöÇΓöÇΓöÇΓöÇΓöÇΓöÇΓöÇΓöÇΓöÇΓöÇΓöÇΓöÇΓöÇΓöÇΓöÇΓöÇΓöÇΓöÇΓöÇΓöÇΓöÇΓöÇΓöÇΓöÇΓöÇΓöÇΓöÇΓöÇΓöÇΓöÇΓöÇΓöÇΓöÇΓöÇΓöÇΓöÇΓöÇΓöÇΓöÇΓöÇΓöÇΓöÇΓöÇΓöÇΓöÇΓöÇΓöÇΓöÇΓöÇΓöÇΓöÇΓöÇΓöÇΓöÇΓöÇΓöÇ

    attachment #2: video (video/webm) ΓöÇΓöÇΓöÇΓöÇΓöÇΓöÇΓöÇΓöÇΓöÇΓöÇΓöÇΓöÇΓöÇΓöÇΓöÇΓöÇΓöÇΓöÇΓöÇΓöÇΓöÇΓöÇΓöÇΓöÇΓöÇΓöÇΓöÇΓöÇΓöÇΓöÇΓöÇΓöÇΓöÇΓöÇΓöÇΓöÇΓöÇΓöÇΓöÇΓöÇΓöÇΓöÇΓöÇΓöÇΓöÇΓöÇΓöÇΓöÇΓöÇΓöÇΓöÇΓöÇΓöÇΓöÇΓöÇΓöÇΓöÇΓöÇΓöÇΓöÇΓöÇΓöÇ
    test-results\e2e-api-API---VNPay-Paymen-dd10d---Khß╗ƒi-tß║ío-thanh-to├ín-VNPay-firefox\video.webm
    ΓöÇΓöÇΓöÇΓöÇΓöÇΓöÇΓöÇΓöÇΓöÇΓöÇΓöÇΓöÇΓöÇΓöÇΓöÇΓöÇΓöÇΓöÇΓöÇΓöÇΓöÇΓöÇΓöÇΓöÇΓöÇΓöÇΓöÇΓöÇΓöÇΓöÇΓöÇΓöÇΓöÇΓöÇΓöÇΓöÇΓöÇΓöÇΓöÇΓöÇΓöÇΓöÇΓöÇΓöÇΓöÇΓöÇΓöÇΓöÇΓöÇΓöÇΓöÇΓöÇΓöÇΓöÇΓöÇΓöÇΓöÇΓöÇΓöÇΓöÇΓöÇΓöÇΓöÇΓöÇΓöÇΓöÇΓöÇΓöÇΓöÇΓöÇΓöÇΓöÇΓöÇΓöÇΓöÇΓöÇΓöÇΓöÇΓöÇΓöÇΓöÇΓöÇΓöÇΓöÇΓöÇΓöÇΓöÇΓöÇΓöÇΓöÇΓöÇΓöÇΓöÇΓöÇΓöÇΓöÇ

    Error Context: test-results\e2e-api-API---VNPay-Paymen-dd10d---Khß╗ƒi-tß║ío-thanh-to├ín-VNPay-firefox\error-context.md


[1A[2K[165/242] [firefox] ΓÇ║ tests\e2e\api.spec.ts:401:7 ΓÇ║ API - Tenant Endpoints ΓÇ║ TC_API_TEN_03: POST /api/tenants - Th├¬m kh├ích thu├¬ mß╗¢i
[1A[2K  86) [firefox] ΓÇ║ tests\e2e\api.spec.ts:344:7 ΓÇ║ API - Chat Endpoints ΓÇ║ TC_API_CHAT_01: POST /api/chat - Gß╗¡i tin nhß║»n chat 

    TypeError: (0 , _auth.loginAsTenant) is not a function

      343 | test.describe('API - Chat Endpoints', () => {
      344 |   test('TC_API_CHAT_01: POST /api/chat - Gß╗¡i tin nhß║»n chat', async ({ request, page }) => {
    > 345 |     await loginAsTenant(page);
          |                        ^
      346 |     const cookies = await page.context().cookies();
      347 |     const authCookie = cookies.find(c => c.name.includes('auth'));
      348 |     
        at E:\Project\repo\apartment-management-web\tests\e2e\api.spec.ts:345:24

    attachment #1: screenshot (image/png) ΓöÇΓöÇΓöÇΓöÇΓöÇΓöÇΓöÇΓöÇΓöÇΓöÇΓöÇΓöÇΓöÇΓöÇΓöÇΓöÇΓöÇΓöÇΓöÇΓöÇΓöÇΓöÇΓöÇΓöÇΓöÇΓöÇΓöÇΓöÇΓöÇΓöÇΓöÇΓöÇΓöÇΓöÇΓöÇΓöÇΓöÇΓöÇΓöÇΓöÇΓöÇΓöÇΓöÇΓöÇΓöÇΓöÇΓöÇΓöÇΓöÇΓöÇΓöÇΓöÇΓöÇΓöÇΓöÇΓöÇΓöÇΓöÇ
    test-results\e2e-api-API---Chat-Endpoin-c7fe2-pi-chat---Gß╗¡i-tin-nhß║»n-chat-firefox\test-failed-1.png
    ΓöÇΓöÇΓöÇΓöÇΓöÇΓöÇΓöÇΓöÇΓöÇΓöÇΓöÇΓöÇΓöÇΓöÇΓöÇΓöÇΓöÇΓöÇΓöÇΓöÇΓöÇΓöÇΓöÇΓöÇΓöÇΓöÇΓöÇΓöÇΓöÇΓöÇΓöÇΓöÇΓöÇΓöÇΓöÇΓöÇΓöÇΓöÇΓöÇΓöÇΓöÇΓöÇΓöÇΓöÇΓöÇΓöÇΓöÇΓöÇΓöÇΓöÇΓöÇΓöÇΓöÇΓöÇΓöÇΓöÇΓöÇΓöÇΓöÇΓöÇΓöÇΓöÇΓöÇΓöÇΓöÇΓöÇΓöÇΓöÇΓöÇΓöÇΓöÇΓöÇΓöÇΓöÇΓöÇΓöÇΓöÇΓöÇΓöÇΓöÇΓöÇΓöÇΓöÇΓöÇΓöÇΓöÇΓöÇΓöÇΓöÇΓöÇΓöÇΓöÇΓöÇΓöÇΓöÇΓöÇ

    attachment #2: video (video/webm) ΓöÇΓöÇΓöÇΓöÇΓöÇΓöÇΓöÇΓöÇΓöÇΓöÇΓöÇΓöÇΓöÇΓöÇΓöÇΓöÇΓöÇΓöÇΓöÇΓöÇΓöÇΓöÇΓöÇΓöÇΓöÇΓöÇΓöÇΓöÇΓöÇΓöÇΓöÇΓöÇΓöÇΓöÇΓöÇΓöÇΓöÇΓöÇΓöÇΓöÇΓöÇΓöÇΓöÇΓöÇΓöÇΓöÇΓöÇΓöÇΓöÇΓöÇΓöÇΓöÇΓöÇΓöÇΓöÇΓöÇΓöÇΓöÇΓöÇΓöÇΓöÇΓöÇ
    test-results\e2e-api-API---Chat-Endpoin-c7fe2-pi-chat---Gß╗¡i-tin-nhß║»n-chat-firefox\video.webm
    ΓöÇΓöÇΓöÇΓöÇΓöÇΓöÇΓöÇΓöÇΓöÇΓöÇΓöÇΓöÇΓöÇΓöÇΓöÇΓöÇΓöÇΓöÇΓöÇΓöÇΓöÇΓöÇΓöÇΓöÇΓöÇΓöÇΓöÇΓöÇΓöÇΓöÇΓöÇΓöÇΓöÇΓöÇΓöÇΓöÇΓöÇΓöÇΓöÇΓöÇΓöÇΓöÇΓöÇΓöÇΓöÇΓöÇΓöÇΓöÇΓöÇΓöÇΓöÇΓöÇΓöÇΓöÇΓöÇΓöÇΓöÇΓöÇΓöÇΓöÇΓöÇΓöÇΓöÇΓöÇΓöÇΓöÇΓöÇΓöÇΓöÇΓöÇΓöÇΓöÇΓöÇΓöÇΓöÇΓöÇΓöÇΓöÇΓöÇΓöÇΓöÇΓöÇΓöÇΓöÇΓöÇΓöÇΓöÇΓöÇΓöÇΓöÇΓöÇΓöÇΓöÇΓöÇΓöÇΓöÇ

    Error Context: test-results\e2e-api-API---Chat-Endpoin-c7fe2-pi-chat---Gß╗¡i-tin-nhß║»n-chat-firefox\error-context.md


[1A[2K[166/242] [firefox] ΓÇ║ tests\e2e\api.spec.ts:421:7 ΓÇ║ API - Admin Endpoints ΓÇ║ TC_API_ADM_01: GET /api/admin - Lß║Ñy th├┤ng tin admin
[1A[2K  87) [firefox] ΓÇ║ tests\e2e\api.spec.ts:360:7 ΓÇ║ API - Chat Endpoints ΓÇ║ TC_API_CHAT_02: GET /api/chat - Lß║Ñy lß╗ïch sß╗¡ chat 

    TypeError: (0 , _auth.loginAsTenant) is not a function

      359 |
      360 |   test('TC_API_CHAT_02: GET /api/chat - Lß║Ñy lß╗ïch sß╗¡ chat', async ({ request, page }) => {
    > 361 |     await loginAsTenant(page);
          |                        ^
      362 |     const cookies = await page.context().cookies();
      363 |     const authCookie = cookies.find(c => c.name.includes('auth'));
      364 |     
        at E:\Project\repo\apartment-management-web\tests\e2e\api.spec.ts:361:24

    attachment #1: screenshot (image/png) ΓöÇΓöÇΓöÇΓöÇΓöÇΓöÇΓöÇΓöÇΓöÇΓöÇΓöÇΓöÇΓöÇΓöÇΓöÇΓöÇΓöÇΓöÇΓöÇΓöÇΓöÇΓöÇΓöÇΓöÇΓöÇΓöÇΓöÇΓöÇΓöÇΓöÇΓöÇΓöÇΓöÇΓöÇΓöÇΓöÇΓöÇΓöÇΓöÇΓöÇΓöÇΓöÇΓöÇΓöÇΓöÇΓöÇΓöÇΓöÇΓöÇΓöÇΓöÇΓöÇΓöÇΓöÇΓöÇΓöÇΓöÇΓöÇ
    test-results\e2e-api-API---Chat-Endpoin-7a146-api-chat---Lß║Ñy-lß╗ïch-sß╗¡-chat-firefox\test-failed-1.png
    ΓöÇΓöÇΓöÇΓöÇΓöÇΓöÇΓöÇΓöÇΓöÇΓöÇΓöÇΓöÇΓöÇΓöÇΓöÇΓöÇΓöÇΓöÇΓöÇΓöÇΓöÇΓöÇΓöÇΓöÇΓöÇΓöÇΓöÇΓöÇΓöÇΓöÇΓöÇΓöÇΓöÇΓöÇΓöÇΓöÇΓöÇΓöÇΓöÇΓöÇΓöÇΓöÇΓöÇΓöÇΓöÇΓöÇΓöÇΓöÇΓöÇΓöÇΓöÇΓöÇΓöÇΓöÇΓöÇΓöÇΓöÇΓöÇΓöÇΓöÇΓöÇΓöÇΓöÇΓöÇΓöÇΓöÇΓöÇΓöÇΓöÇΓöÇΓöÇΓöÇΓöÇΓöÇΓöÇΓöÇΓöÇΓöÇΓöÇΓöÇΓöÇΓöÇΓöÇΓöÇΓöÇΓöÇΓöÇΓöÇΓöÇΓöÇΓöÇΓöÇΓöÇΓöÇΓöÇΓöÇ

    attachment #2: video (video/webm) ΓöÇΓöÇΓöÇΓöÇΓöÇΓöÇΓöÇΓöÇΓöÇΓöÇΓöÇΓöÇΓöÇΓöÇΓöÇΓöÇΓöÇΓöÇΓöÇΓöÇΓöÇΓöÇΓöÇΓöÇΓöÇΓöÇΓöÇΓöÇΓöÇΓöÇΓöÇΓöÇΓöÇΓöÇΓöÇΓöÇΓöÇΓöÇΓöÇΓöÇΓöÇΓöÇΓöÇΓöÇΓöÇΓöÇΓöÇΓöÇΓöÇΓöÇΓöÇΓöÇΓöÇΓöÇΓöÇΓöÇΓöÇΓöÇΓöÇΓöÇΓöÇΓöÇ
    test-results\e2e-api-API---Chat-Endpoin-7a146-api-chat---Lß║Ñy-lß╗ïch-sß╗¡-chat-firefox\video.webm
    ΓöÇΓöÇΓöÇΓöÇΓöÇΓöÇΓöÇΓöÇΓöÇΓöÇΓöÇΓöÇΓöÇΓöÇΓöÇΓöÇΓöÇΓöÇΓöÇΓöÇΓöÇΓöÇΓöÇΓöÇΓöÇΓöÇΓöÇΓöÇΓöÇΓöÇΓöÇΓöÇΓöÇΓöÇΓöÇΓöÇΓöÇΓöÇΓöÇΓöÇΓöÇΓöÇΓöÇΓöÇΓöÇΓöÇΓöÇΓöÇΓöÇΓöÇΓöÇΓöÇΓöÇΓöÇΓöÇΓöÇΓöÇΓöÇΓöÇΓöÇΓöÇΓöÇΓöÇΓöÇΓöÇΓöÇΓöÇΓöÇΓöÇΓöÇΓöÇΓöÇΓöÇΓöÇΓöÇΓöÇΓöÇΓöÇΓöÇΓöÇΓöÇΓöÇΓöÇΓöÇΓöÇΓöÇΓöÇΓöÇΓöÇΓöÇΓöÇΓöÇΓöÇΓöÇΓöÇΓöÇ

    Error Context: test-results\e2e-api-API---Chat-Endpoin-7a146-api-chat---Lß║Ñy-lß╗ïch-sß╗¡-chat-firefox\error-context.md


[1A[2K  88) [firefox] ΓÇ║ tests\e2e\api.spec.ts:375:7 ΓÇ║ API - Tenant Endpoints ΓÇ║ TC_API_TEN_01: GET /api/tenant/dashboard-stats - Lß║Ñy thß╗æng k├¬ dashboard 

    TypeError: (0 , _auth.loginAsTenant) is not a function

      374 | test.describe('API - Tenant Endpoints', () => {
      375 |   test('TC_API_TEN_01: GET /api/tenant/dashboard-stats - Lß║Ñy thß╗æng k├¬ dashboard', async ({ request, page }) => {
    > 376 |     await loginAsTenant(page);
          |                        ^
      377 |     const cookies = await page.context().cookies();
      378 |     const authCookie = cookies.find(c => c.name.includes('auth'));
      379 |     
        at E:\Project\repo\apartment-management-web\tests\e2e\api.spec.ts:376:24

    attachment #1: screenshot (image/png) ΓöÇΓöÇΓöÇΓöÇΓöÇΓöÇΓöÇΓöÇΓöÇΓöÇΓöÇΓöÇΓöÇΓöÇΓöÇΓöÇΓöÇΓöÇΓöÇΓöÇΓöÇΓöÇΓöÇΓöÇΓöÇΓöÇΓöÇΓöÇΓöÇΓöÇΓöÇΓöÇΓöÇΓöÇΓöÇΓöÇΓöÇΓöÇΓöÇΓöÇΓöÇΓöÇΓöÇΓöÇΓöÇΓöÇΓöÇΓöÇΓöÇΓöÇΓöÇΓöÇΓöÇΓöÇΓöÇΓöÇΓöÇΓöÇ
    test-results\e2e-api-API---Tenant-Endpo-6bc8b-ts---Lß║Ñy-thß╗æng-k├¬-dashboard-firefox\test-failed-1.png
    ΓöÇΓöÇΓöÇΓöÇΓöÇΓöÇΓöÇΓöÇΓöÇΓöÇΓöÇΓöÇΓöÇΓöÇΓöÇΓöÇΓöÇΓöÇΓöÇΓöÇΓöÇΓöÇΓöÇΓöÇΓöÇΓöÇΓöÇΓöÇΓöÇΓöÇΓöÇΓöÇΓöÇΓöÇΓöÇΓöÇΓöÇΓöÇΓöÇΓöÇΓöÇΓöÇΓöÇΓöÇΓöÇΓöÇΓöÇΓöÇΓöÇΓöÇΓöÇΓöÇΓöÇΓöÇΓöÇΓöÇΓöÇΓöÇΓöÇΓöÇΓöÇΓöÇΓöÇΓöÇΓöÇΓöÇΓöÇΓöÇΓöÇΓöÇΓöÇΓöÇΓöÇΓöÇΓöÇΓöÇΓöÇΓöÇΓöÇΓöÇΓöÇΓöÇΓöÇΓöÇΓöÇΓöÇΓöÇΓöÇΓöÇΓöÇΓöÇΓöÇΓöÇΓöÇΓöÇΓöÇ

    attachment #2: video (video/webm) ΓöÇΓöÇΓöÇΓöÇΓöÇΓöÇΓöÇΓöÇΓöÇΓöÇΓöÇΓöÇΓöÇΓöÇΓöÇΓöÇΓöÇΓöÇΓöÇΓöÇΓöÇΓöÇΓöÇΓöÇΓöÇΓöÇΓöÇΓöÇΓöÇΓöÇΓöÇΓöÇΓöÇΓöÇΓöÇΓöÇΓöÇΓöÇΓöÇΓöÇΓöÇΓöÇΓöÇΓöÇΓöÇΓöÇΓöÇΓöÇΓöÇΓöÇΓöÇΓöÇΓöÇΓöÇΓöÇΓöÇΓöÇΓöÇΓöÇΓöÇΓöÇΓöÇ
    test-results\e2e-api-API---Tenant-Endpo-6bc8b-ts---Lß║Ñy-thß╗æng-k├¬-dashboard-firefox\video.webm
    ΓöÇΓöÇΓöÇΓöÇΓöÇΓöÇΓöÇΓöÇΓöÇΓöÇΓöÇΓöÇΓöÇΓöÇΓöÇΓöÇΓöÇΓöÇΓöÇΓöÇΓöÇΓöÇΓöÇΓöÇΓöÇΓöÇΓöÇΓöÇΓöÇΓöÇΓöÇΓöÇΓöÇΓöÇΓöÇΓöÇΓöÇΓöÇΓöÇΓöÇΓöÇΓöÇΓöÇΓöÇΓöÇΓöÇΓöÇΓöÇΓöÇΓöÇΓöÇΓöÇΓöÇΓöÇΓöÇΓöÇΓöÇΓöÇΓöÇΓöÇΓöÇΓöÇΓöÇΓöÇΓöÇΓöÇΓöÇΓöÇΓöÇΓöÇΓöÇΓöÇΓöÇΓöÇΓöÇΓöÇΓöÇΓöÇΓöÇΓöÇΓöÇΓöÇΓöÇΓöÇΓöÇΓöÇΓöÇΓöÇΓöÇΓöÇΓöÇΓöÇΓöÇΓöÇΓöÇΓöÇ

    Error Context: test-results\e2e-api-API---Tenant-Endpo-6bc8b-ts---Lß║Ñy-thß╗æng-k├¬-dashboard-firefox\error-context.md


[1A[2K[167/242] [firefox] ΓÇ║ tests\e2e\api.spec.ts:434:7 ΓÇ║ API - Admin Endpoints ΓÇ║ TC_API_ADM_02: POST /api/admin/verify-landlord - Duyß╗çt chß╗º trß╗ì
[1A[2K[168/242] [firefox] ΓÇ║ tests\e2e\api.spec.ts:18:7 ΓÇ║ API - Properties Endpoints ΓÇ║ TC_API_PROP_01: GET /api/properties - Lß║Ñy danh s├ích khu trß╗ì
[1A[2K  89) [firefox] ΓÇ║ tests\e2e\api.spec.ts:388:7 ΓÇ║ API - Tenant Endpoints ΓÇ║ TC_API_TEN_02: GET /api/tenants - Lß║Ñy danh s├ích kh├ích thu├¬ 

    TypeError: (0 , _auth.loginAsOwner) is not a function

      387 |
      388 |   test('TC_API_TEN_02: GET /api/tenants - Lß║Ñy danh s├ích kh├ích thu├¬', async ({ request, page }) => {
    > 389 |     await loginAsOwner(page);
          |                       ^
      390 |     const cookies = await page.context().cookies();
      391 |     const authCookie = cookies.find(c => c.name.includes('auth'));
      392 |     
        at E:\Project\repo\apartment-management-web\tests\e2e\api.spec.ts:389:23

    attachment #1: screenshot (image/png) ΓöÇΓöÇΓöÇΓöÇΓöÇΓöÇΓöÇΓöÇΓöÇΓöÇΓöÇΓöÇΓöÇΓöÇΓöÇΓöÇΓöÇΓöÇΓöÇΓöÇΓöÇΓöÇΓöÇΓöÇΓöÇΓöÇΓöÇΓöÇΓöÇΓöÇΓöÇΓöÇΓöÇΓöÇΓöÇΓöÇΓöÇΓöÇΓöÇΓöÇΓöÇΓöÇΓöÇΓöÇΓöÇΓöÇΓöÇΓöÇΓöÇΓöÇΓöÇΓöÇΓöÇΓöÇΓöÇΓöÇΓöÇΓöÇ
    test-results\e2e-api-API---Tenant-Endpo-c3c46----Lß║Ñy-danh-s├ích-kh├ích-thu├¬-firefox\test-failed-1.png
    ΓöÇΓöÇΓöÇΓöÇΓöÇΓöÇΓöÇΓöÇΓöÇΓöÇΓöÇΓöÇΓöÇΓöÇΓöÇΓöÇΓöÇΓöÇΓöÇΓöÇΓöÇΓöÇΓöÇΓöÇΓöÇΓöÇΓöÇΓöÇΓöÇΓöÇΓöÇΓöÇΓöÇΓöÇΓöÇΓöÇΓöÇΓöÇΓöÇΓöÇΓöÇΓöÇΓöÇΓöÇΓöÇΓöÇΓöÇΓöÇΓöÇΓöÇΓöÇΓöÇΓöÇΓöÇΓöÇΓöÇΓöÇΓöÇΓöÇΓöÇΓöÇΓöÇΓöÇΓöÇΓöÇΓöÇΓöÇΓöÇΓöÇΓöÇΓöÇΓöÇΓöÇΓöÇΓöÇΓöÇΓöÇΓöÇΓöÇΓöÇΓöÇΓöÇΓöÇΓöÇΓöÇΓöÇΓöÇΓöÇΓöÇΓöÇΓöÇΓöÇΓöÇΓöÇΓöÇΓöÇ

    attachment #2: video (video/webm) ΓöÇΓöÇΓöÇΓöÇΓöÇΓöÇΓöÇΓöÇΓöÇΓöÇΓöÇΓöÇΓöÇΓöÇΓöÇΓöÇΓöÇΓöÇΓöÇΓöÇΓöÇΓöÇΓöÇΓöÇΓöÇΓöÇΓöÇΓöÇΓöÇΓöÇΓöÇΓöÇΓöÇΓöÇΓöÇΓöÇΓöÇΓöÇΓöÇΓöÇΓöÇΓöÇΓöÇΓöÇΓöÇΓöÇΓöÇΓöÇΓöÇΓöÇΓöÇΓöÇΓöÇΓöÇΓöÇΓöÇΓöÇΓöÇΓöÇΓöÇΓöÇΓöÇ
    test-results\e2e-api-API---Tenant-Endpo-c3c46----Lß║Ñy-danh-s├ích-kh├ích-thu├¬-firefox\video.webm
    ΓöÇΓöÇΓöÇΓöÇΓöÇΓöÇΓöÇΓöÇΓöÇΓöÇΓöÇΓöÇΓöÇΓöÇΓöÇΓöÇΓöÇΓöÇΓöÇΓöÇΓöÇΓöÇΓöÇΓöÇΓöÇΓöÇΓöÇΓöÇΓöÇΓöÇΓöÇΓöÇΓöÇΓöÇΓöÇΓöÇΓöÇΓöÇΓöÇΓöÇΓöÇΓöÇΓöÇΓöÇΓöÇΓöÇΓöÇΓöÇΓöÇΓöÇΓöÇΓöÇΓöÇΓöÇΓöÇΓöÇΓöÇΓöÇΓöÇΓöÇΓöÇΓöÇΓöÇΓöÇΓöÇΓöÇΓöÇΓöÇΓöÇΓöÇΓöÇΓöÇΓöÇΓöÇΓöÇΓöÇΓöÇΓöÇΓöÇΓöÇΓöÇΓöÇΓöÇΓöÇΓöÇΓöÇΓöÇΓöÇΓöÇΓöÇΓöÇΓöÇΓöÇΓöÇΓöÇΓöÇ

    Error Context: test-results\e2e-api-API---Tenant-Endpo-c3c46----Lß║Ñy-danh-s├ích-kh├ích-thu├¬-firefox\error-context.md


[1A[2K[169/242] [firefox] ΓÇ║ tests\e2e\api.spec.ts:27:7 ΓÇ║ API - Properties Endpoints ΓÇ║ TC_API_PROP_02: POST /api/properties - Tß║ío khu trß╗ì mß╗¢i
[1A[2K  90) [firefox] ΓÇ║ tests\e2e\api.spec.ts:401:7 ΓÇ║ API - Tenant Endpoints ΓÇ║ TC_API_TEN_03: POST /api/tenants - Th├¬m kh├ích thu├¬ mß╗¢i 

    TypeError: (0 , _auth.loginAsOwner) is not a function

      400 |
      401 |   test('TC_API_TEN_03: POST /api/tenants - Th├¬m kh├ích thu├¬ mß╗¢i', async ({ request, page }) => {
    > 402 |     await loginAsOwner(page);
          |                       ^
      403 |     const cookies = await page.context().cookies();
      404 |     const authCookie = cookies.find(c => c.name.includes('auth'));
      405 |     
        at E:\Project\repo\apartment-management-web\tests\e2e\api.spec.ts:402:23

    attachment #1: screenshot (image/png) ΓöÇΓöÇΓöÇΓöÇΓöÇΓöÇΓöÇΓöÇΓöÇΓöÇΓöÇΓöÇΓöÇΓöÇΓöÇΓöÇΓöÇΓöÇΓöÇΓöÇΓöÇΓöÇΓöÇΓöÇΓöÇΓöÇΓöÇΓöÇΓöÇΓöÇΓöÇΓöÇΓöÇΓöÇΓöÇΓöÇΓöÇΓöÇΓöÇΓöÇΓöÇΓöÇΓöÇΓöÇΓöÇΓöÇΓöÇΓöÇΓöÇΓöÇΓöÇΓöÇΓöÇΓöÇΓöÇΓöÇΓöÇΓöÇ
    test-results\e2e-api-API---Tenant-Endpo-8eca4-nants---Th├¬m-kh├ích-thu├¬-mß╗¢i-firefox\test-failed-1.png
    ΓöÇΓöÇΓöÇΓöÇΓöÇΓöÇΓöÇΓöÇΓöÇΓöÇΓöÇΓöÇΓöÇΓöÇΓöÇΓöÇΓöÇΓöÇΓöÇΓöÇΓöÇΓöÇΓöÇΓöÇΓöÇΓöÇΓöÇΓöÇΓöÇΓöÇΓöÇΓöÇΓöÇΓöÇΓöÇΓöÇΓöÇΓöÇΓöÇΓöÇΓöÇΓöÇΓöÇΓöÇΓöÇΓöÇΓöÇΓöÇΓöÇΓöÇΓöÇΓöÇΓöÇΓöÇΓöÇΓöÇΓöÇΓöÇΓöÇΓöÇΓöÇΓöÇΓöÇΓöÇΓöÇΓöÇΓöÇΓöÇΓöÇΓöÇΓöÇΓöÇΓöÇΓöÇΓöÇΓöÇΓöÇΓöÇΓöÇΓöÇΓöÇΓöÇΓöÇΓöÇΓöÇΓöÇΓöÇΓöÇΓöÇΓöÇΓöÇΓöÇΓöÇΓöÇΓöÇΓöÇ

    attachment #2: video (video/webm) ΓöÇΓöÇΓöÇΓöÇΓöÇΓöÇΓöÇΓöÇΓöÇΓöÇΓöÇΓöÇΓöÇΓöÇΓöÇΓöÇΓöÇΓöÇΓöÇΓöÇΓöÇΓöÇΓöÇΓöÇΓöÇΓöÇΓöÇΓöÇΓöÇΓöÇΓöÇΓöÇΓöÇΓöÇΓöÇΓöÇΓöÇΓöÇΓöÇΓöÇΓöÇΓöÇΓöÇΓöÇΓöÇΓöÇΓöÇΓöÇΓöÇΓöÇΓöÇΓöÇΓöÇΓöÇΓöÇΓöÇΓöÇΓöÇΓöÇΓöÇΓöÇΓöÇ
    test-results\e2e-api-API---Tenant-Endpo-8eca4-nants---Th├¬m-kh├ích-thu├¬-mß╗¢i-firefox\video.webm
    ΓöÇΓöÇΓöÇΓöÇΓöÇΓöÇΓöÇΓöÇΓöÇΓöÇΓöÇΓöÇΓöÇΓöÇΓöÇΓöÇΓöÇΓöÇΓöÇΓöÇΓöÇΓöÇΓöÇΓöÇΓöÇΓöÇΓöÇΓöÇΓöÇΓöÇΓöÇΓöÇΓöÇΓöÇΓöÇΓöÇΓöÇΓöÇΓöÇΓöÇΓöÇΓöÇΓöÇΓöÇΓöÇΓöÇΓöÇΓöÇΓöÇΓöÇΓöÇΓöÇΓöÇΓöÇΓöÇΓöÇΓöÇΓöÇΓöÇΓöÇΓöÇΓöÇΓöÇΓöÇΓöÇΓöÇΓöÇΓöÇΓöÇΓöÇΓöÇΓöÇΓöÇΓöÇΓöÇΓöÇΓöÇΓöÇΓöÇΓöÇΓöÇΓöÇΓöÇΓöÇΓöÇΓöÇΓöÇΓöÇΓöÇΓöÇΓöÇΓöÇΓöÇΓöÇΓöÇΓöÇ

    Error Context: test-results\e2e-api-API---Tenant-Endpo-8eca4-nants---Th├¬m-kh├ích-thu├¬-mß╗¢i-firefox\error-context.md


[1A[2K[170/242] [firefox] ΓÇ║ tests\e2e\api.spec.ts:39:7 ΓÇ║ API - Properties Endpoints ΓÇ║ TC_API_PROP_03: GET /api/properties/[id] - Lß║Ñy chi tiß║┐t khu trß╗ì
[1A[2K  91) [firefox] ΓÇ║ tests\e2e\api.spec.ts:421:7 ΓÇ║ API - Admin Endpoints ΓÇ║ TC_API_ADM_01: GET /api/admin - Lß║Ñy th├┤ng tin admin 

    TypeError: (0 , _auth.loginAsAdmin) is not a function

      420 | test.describe('API - Admin Endpoints', () => {
      421 |   test('TC_API_ADM_01: GET /api/admin - Lß║Ñy th├┤ng tin admin', async ({ request, page }) => {
    > 422 |     await loginAsAdmin(page);
          |                       ^
      423 |     const cookies = await page.context().cookies();
      424 |     const authCookie = cookies.find(c => c.name.includes('auth'));
      425 |     
        at E:\Project\repo\apartment-management-web\tests\e2e\api.spec.ts:422:23

    attachment #1: screenshot (image/png) ΓöÇΓöÇΓöÇΓöÇΓöÇΓöÇΓöÇΓöÇΓöÇΓöÇΓöÇΓöÇΓöÇΓöÇΓöÇΓöÇΓöÇΓöÇΓöÇΓöÇΓöÇΓöÇΓöÇΓöÇΓöÇΓöÇΓöÇΓöÇΓöÇΓöÇΓöÇΓöÇΓöÇΓöÇΓöÇΓöÇΓöÇΓöÇΓöÇΓöÇΓöÇΓöÇΓöÇΓöÇΓöÇΓöÇΓöÇΓöÇΓöÇΓöÇΓöÇΓöÇΓöÇΓöÇΓöÇΓöÇΓöÇΓöÇ
    test-results\e2e-api-API---Admin-Endpoi-f84ce-admin---Lß║Ñy-th├┤ng-tin-admin-firefox\test-failed-1.png
    ΓöÇΓöÇΓöÇΓöÇΓöÇΓöÇΓöÇΓöÇΓöÇΓöÇΓöÇΓöÇΓöÇΓöÇΓöÇΓöÇΓöÇΓöÇΓöÇΓöÇΓöÇΓöÇΓöÇΓöÇΓöÇΓöÇΓöÇΓöÇΓöÇΓöÇΓöÇΓöÇΓöÇΓöÇΓöÇΓöÇΓöÇΓöÇΓöÇΓöÇΓöÇΓöÇΓöÇΓöÇΓöÇΓöÇΓöÇΓöÇΓöÇΓöÇΓöÇΓöÇΓöÇΓöÇΓöÇΓöÇΓöÇΓöÇΓöÇΓöÇΓöÇΓöÇΓöÇΓöÇΓöÇΓöÇΓöÇΓöÇΓöÇΓöÇΓöÇΓöÇΓöÇΓöÇΓöÇΓöÇΓöÇΓöÇΓöÇΓöÇΓöÇΓöÇΓöÇΓöÇΓöÇΓöÇΓöÇΓöÇΓöÇΓöÇΓöÇΓöÇΓöÇΓöÇΓöÇΓöÇ

    attachment #2: video (video/webm) ΓöÇΓöÇΓöÇΓöÇΓöÇΓöÇΓöÇΓöÇΓöÇΓöÇΓöÇΓöÇΓöÇΓöÇΓöÇΓöÇΓöÇΓöÇΓöÇΓöÇΓöÇΓöÇΓöÇΓöÇΓöÇΓöÇΓöÇΓöÇΓöÇΓöÇΓöÇΓöÇΓöÇΓöÇΓöÇΓöÇΓöÇΓöÇΓöÇΓöÇΓöÇΓöÇΓöÇΓöÇΓöÇΓöÇΓöÇΓöÇΓöÇΓöÇΓöÇΓöÇΓöÇΓöÇΓöÇΓöÇΓöÇΓöÇΓöÇΓöÇΓöÇΓöÇ
    test-results\e2e-api-API---Admin-Endpoi-f84ce-admin---Lß║Ñy-th├┤ng-tin-admin-firefox\video.webm
    ΓöÇΓöÇΓöÇΓöÇΓöÇΓöÇΓöÇΓöÇΓöÇΓöÇΓöÇΓöÇΓöÇΓöÇΓöÇΓöÇΓöÇΓöÇΓöÇΓöÇΓöÇΓöÇΓöÇΓöÇΓöÇΓöÇΓöÇΓöÇΓöÇΓöÇΓöÇΓöÇΓöÇΓöÇΓöÇΓöÇΓöÇΓöÇΓöÇΓöÇΓöÇΓöÇΓöÇΓöÇΓöÇΓöÇΓöÇΓöÇΓöÇΓöÇΓöÇΓöÇΓöÇΓöÇΓöÇΓöÇΓöÇΓöÇΓöÇΓöÇΓöÇΓöÇΓöÇΓöÇΓöÇΓöÇΓöÇΓöÇΓöÇΓöÇΓöÇΓöÇΓöÇΓöÇΓöÇΓöÇΓöÇΓöÇΓöÇΓöÇΓöÇΓöÇΓöÇΓöÇΓöÇΓöÇΓöÇΓöÇΓöÇΓöÇΓöÇΓöÇΓöÇΓöÇΓöÇΓöÇ

    Error Context: test-results\e2e-api-API---Admin-Endpoi-f84ce-admin---Lß║Ñy-th├┤ng-tin-admin-firefox\error-context.md


[1A[2K[171/242] [firefox] ΓÇ║ tests\e2e\api.spec.ts:55:7 ΓÇ║ API - Properties Endpoints ΓÇ║ TC_API_PROP_04: API authentication validation
[1A[2K  92) [firefox] ΓÇ║ tests\e2e\api.spec.ts:434:7 ΓÇ║ API - Admin Endpoints ΓÇ║ TC_API_ADM_02: POST /api/admin/verify-landlord - Duyß╗çt chß╗º trß╗ì 

    TypeError: (0 , _auth.loginAsAdmin) is not a function

      433 |
      434 |   test('TC_API_ADM_02: POST /api/admin/verify-landlord - Duyß╗çt chß╗º trß╗ì', async ({ request, page }) => {
    > 435 |     await loginAsAdmin(page);
          |                       ^
      436 |     const cookies = await page.context().cookies();
      437 |     const authCookie = cookies.find(c => c.name.includes('auth'));
      438 |     
        at E:\Project\repo\apartment-management-web\tests\e2e\api.spec.ts:435:23

    attachment #1: screenshot (image/png) ΓöÇΓöÇΓöÇΓöÇΓöÇΓöÇΓöÇΓöÇΓöÇΓöÇΓöÇΓöÇΓöÇΓöÇΓöÇΓöÇΓöÇΓöÇΓöÇΓöÇΓöÇΓöÇΓöÇΓöÇΓöÇΓöÇΓöÇΓöÇΓöÇΓöÇΓöÇΓöÇΓöÇΓöÇΓöÇΓöÇΓöÇΓöÇΓöÇΓöÇΓöÇΓöÇΓöÇΓöÇΓöÇΓöÇΓöÇΓöÇΓöÇΓöÇΓöÇΓöÇΓöÇΓöÇΓöÇΓöÇΓöÇΓöÇ
    test-results\e2e-api-API---Admin-Endpoi-54cec-fy-landlord---Duyß╗çt-chß╗º-trß╗ì-firefox\test-failed-1.png
    ΓöÇΓöÇΓöÇΓöÇΓöÇΓöÇΓöÇΓöÇΓöÇΓöÇΓöÇΓöÇΓöÇΓöÇΓöÇΓöÇΓöÇΓöÇΓöÇΓöÇΓöÇΓöÇΓöÇΓöÇΓöÇΓöÇΓöÇΓöÇΓöÇΓöÇΓöÇΓöÇΓöÇΓöÇΓöÇΓöÇΓöÇΓöÇΓöÇΓöÇΓöÇΓöÇΓöÇΓöÇΓöÇΓöÇΓöÇΓöÇΓöÇΓöÇΓöÇΓöÇΓöÇΓöÇΓöÇΓöÇΓöÇΓöÇΓöÇΓöÇΓöÇΓöÇΓöÇΓöÇΓöÇΓöÇΓöÇΓöÇΓöÇΓöÇΓöÇΓöÇΓöÇΓöÇΓöÇΓöÇΓöÇΓöÇΓöÇΓöÇΓöÇΓöÇΓöÇΓöÇΓöÇΓöÇΓöÇΓöÇΓöÇΓöÇΓöÇΓöÇΓöÇΓöÇΓöÇΓöÇ

    attachment #2: video (video/webm) ΓöÇΓöÇΓöÇΓöÇΓöÇΓöÇΓöÇΓöÇΓöÇΓöÇΓöÇΓöÇΓöÇΓöÇΓöÇΓöÇΓöÇΓöÇΓöÇΓöÇΓöÇΓöÇΓöÇΓöÇΓöÇΓöÇΓöÇΓöÇΓöÇΓöÇΓöÇΓöÇΓöÇΓöÇΓöÇΓöÇΓöÇΓöÇΓöÇΓöÇΓöÇΓöÇΓöÇΓöÇΓöÇΓöÇΓöÇΓöÇΓöÇΓöÇΓöÇΓöÇΓöÇΓöÇΓöÇΓöÇΓöÇΓöÇΓöÇΓöÇΓöÇΓöÇ
    test-results\e2e-api-API---Admin-Endpoi-54cec-fy-landlord---Duyß╗çt-chß╗º-trß╗ì-firefox\video.webm
    ΓöÇΓöÇΓöÇΓöÇΓöÇΓöÇΓöÇΓöÇΓöÇΓöÇΓöÇΓöÇΓöÇΓöÇΓöÇΓöÇΓöÇΓöÇΓöÇΓöÇΓöÇΓöÇΓöÇΓöÇΓöÇΓöÇΓöÇΓöÇΓöÇΓöÇΓöÇΓöÇΓöÇΓöÇΓöÇΓöÇΓöÇΓöÇΓöÇΓöÇΓöÇΓöÇΓöÇΓöÇΓöÇΓöÇΓöÇΓöÇΓöÇΓöÇΓöÇΓöÇΓöÇΓöÇΓöÇΓöÇΓöÇΓöÇΓöÇΓöÇΓöÇΓöÇΓöÇΓöÇΓöÇΓöÇΓöÇΓöÇΓöÇΓöÇΓöÇΓöÇΓöÇΓöÇΓöÇΓöÇΓöÇΓöÇΓöÇΓöÇΓöÇΓöÇΓöÇΓöÇΓöÇΓöÇΓöÇΓöÇΓöÇΓöÇΓöÇΓöÇΓöÇΓöÇΓöÇΓöÇ

    Error Context: test-results\e2e-api-API---Admin-Endpoi-54cec-fy-landlord---Duyß╗çt-chß╗º-trß╗ì-firefox\error-context.md


[1A[2K[172/242] [firefox] ΓÇ║ tests\e2e\auth.spec.ts:4:7 ΓÇ║ Authentication - ─É─âng nhß║¡p/─É─âng xuß║Ñt ΓÇ║ TC_AUTH_01: Owner ─æ─âng nhß║¡p th├ánh c├┤ng vß╗¢i t├ái khoß║ún hß╗úp lß╗ç
[1A[2K  93) [firefox] ΓÇ║ tests\e2e\api.spec.ts:18:7 ΓÇ║ API - Properties Endpoints ΓÇ║ TC_API_PROP_01: GET /api/properties - Lß║Ñy danh s├ích khu trß╗ì 

    TypeError: (0 , _auth.loginAsOwner) is not a function

      11 |     const context = await browser.newContext();
      12 |     const page = await context.newPage();
    > 13 |     await loginAsOwner(page);
         |                       ^
      14 |     ownerToken = (await context.cookies()).find(c => c.name.includes('auth'))?.value || '';
      15 |     await context.close();
      16 |   });
        at E:\Project\repo\apartment-management-web\tests\e2e\api.spec.ts:13:23

    attachment #1: screenshot (image/png) ΓöÇΓöÇΓöÇΓöÇΓöÇΓöÇΓöÇΓöÇΓöÇΓöÇΓöÇΓöÇΓöÇΓöÇΓöÇΓöÇΓöÇΓöÇΓöÇΓöÇΓöÇΓöÇΓöÇΓöÇΓöÇΓöÇΓöÇΓöÇΓöÇΓöÇΓöÇΓöÇΓöÇΓöÇΓöÇΓöÇΓöÇΓöÇΓöÇΓöÇΓöÇΓöÇΓöÇΓöÇΓöÇΓöÇΓöÇΓöÇΓöÇΓöÇΓöÇΓöÇΓöÇΓöÇΓöÇΓöÇΓöÇΓöÇ
    test-results\e2e-api-API---Properties-E-65c78-ies---Lß║Ñy-danh-s├ích-khu-trß╗ì-firefox\test-failed-1.png
    ΓöÇΓöÇΓöÇΓöÇΓöÇΓöÇΓöÇΓöÇΓöÇΓöÇΓöÇΓöÇΓöÇΓöÇΓöÇΓöÇΓöÇΓöÇΓöÇΓöÇΓöÇΓöÇΓöÇΓöÇΓöÇΓöÇΓöÇΓöÇΓöÇΓöÇΓöÇΓöÇΓöÇΓöÇΓöÇΓöÇΓöÇΓöÇΓöÇΓöÇΓöÇΓöÇΓöÇΓöÇΓöÇΓöÇΓöÇΓöÇΓöÇΓöÇΓöÇΓöÇΓöÇΓöÇΓöÇΓöÇΓöÇΓöÇΓöÇΓöÇΓöÇΓöÇΓöÇΓöÇΓöÇΓöÇΓöÇΓöÇΓöÇΓöÇΓöÇΓöÇΓöÇΓöÇΓöÇΓöÇΓöÇΓöÇΓöÇΓöÇΓöÇΓöÇΓöÇΓöÇΓöÇΓöÇΓöÇΓöÇΓöÇΓöÇΓöÇΓöÇΓöÇΓöÇΓöÇΓöÇ

    Error Context: test-results\e2e-api-API---Properties-E-65c78-ies---Lß║Ñy-danh-s├ích-khu-trß╗ì-firefox\error-context.md


[1A[2K  94) [firefox] ΓÇ║ tests\e2e\api.spec.ts:27:7 ΓÇ║ API - Properties Endpoints ΓÇ║ TC_API_PROP_02: POST /api/properties - Tß║ío khu trß╗ì mß╗¢i 

    TypeError: (0 , _auth.loginAsOwner) is not a function

      11 |     const context = await browser.newContext();
      12 |     const page = await context.newPage();
    > 13 |     await loginAsOwner(page);
         |                       ^
      14 |     ownerToken = (await context.cookies()).find(c => c.name.includes('auth'))?.value || '';
      15 |     await context.close();
      16 |   });
        at E:\Project\repo\apartment-management-web\tests\e2e\api.spec.ts:13:23

    attachment #1: screenshot (image/png) ΓöÇΓöÇΓöÇΓöÇΓöÇΓöÇΓöÇΓöÇΓöÇΓöÇΓöÇΓöÇΓöÇΓöÇΓöÇΓöÇΓöÇΓöÇΓöÇΓöÇΓöÇΓöÇΓöÇΓöÇΓöÇΓöÇΓöÇΓöÇΓöÇΓöÇΓöÇΓöÇΓöÇΓöÇΓöÇΓöÇΓöÇΓöÇΓöÇΓöÇΓöÇΓöÇΓöÇΓöÇΓöÇΓöÇΓöÇΓöÇΓöÇΓöÇΓöÇΓöÇΓöÇΓöÇΓöÇΓöÇΓöÇΓöÇ
    test-results\e2e-api-API---Properties-E-caf80-roperties---Tß║ío-khu-trß╗ì-mß╗¢i-firefox\test-failed-1.png
    ΓöÇΓöÇΓöÇΓöÇΓöÇΓöÇΓöÇΓöÇΓöÇΓöÇΓöÇΓöÇΓöÇΓöÇΓöÇΓöÇΓöÇΓöÇΓöÇΓöÇΓöÇΓöÇΓöÇΓöÇΓöÇΓöÇΓöÇΓöÇΓöÇΓöÇΓöÇΓöÇΓöÇΓöÇΓöÇΓöÇΓöÇΓöÇΓöÇΓöÇΓöÇΓöÇΓöÇΓöÇΓöÇΓöÇΓöÇΓöÇΓöÇΓöÇΓöÇΓöÇΓöÇΓöÇΓöÇΓöÇΓöÇΓöÇΓöÇΓöÇΓöÇΓöÇΓöÇΓöÇΓöÇΓöÇΓöÇΓöÇΓöÇΓöÇΓöÇΓöÇΓöÇΓöÇΓöÇΓöÇΓöÇΓöÇΓöÇΓöÇΓöÇΓöÇΓöÇΓöÇΓöÇΓöÇΓöÇΓöÇΓöÇΓöÇΓöÇΓöÇΓöÇΓöÇΓöÇΓöÇ

    Error Context: test-results\e2e-api-API---Properties-E-caf80-roperties---Tß║ío-khu-trß╗ì-mß╗¢i-firefox\error-context.md


[1A[2K[173/242] [firefox] ΓÇ║ tests\e2e\auth.spec.ts:15:7 ΓÇ║ Authentication - ─É─âng nhß║¡p/─É─âng xuß║Ñt ΓÇ║ TC_AUTH_02: Tenant ─æ─âng nhß║¡p th├ánh c├┤ng vß╗¢i t├ái khoß║ún hß╗úp lß╗ç
[1A[2K[174/242] [firefox] ΓÇ║ tests\e2e\auth.spec.ts:26:7 ΓÇ║ Authentication - ─É─âng nhß║¡p/─É─âng xuß║Ñt ΓÇ║ TC_AUTH_03: Admin ─æ─âng nhß║¡p th├ánh c├┤ng vß╗¢i t├ái khoß║ún hß╗úp lß╗ç
[1A[2K  95) [firefox] ΓÇ║ tests\e2e\api.spec.ts:39:7 ΓÇ║ API - Properties Endpoints ΓÇ║ TC_API_PROP_03: GET /api/properties/[id] - Lß║Ñy chi tiß║┐t khu trß╗ì 

    TypeError: (0 , _auth.loginAsOwner) is not a function

      11 |     const context = await browser.newContext();
      12 |     const page = await context.newPage();
    > 13 |     await loginAsOwner(page);
         |                       ^
      14 |     ownerToken = (await context.cookies()).find(c => c.name.includes('auth'))?.value || '';
      15 |     await context.close();
      16 |   });
        at E:\Project\repo\apartment-management-web\tests\e2e\api.spec.ts:13:23

    attachment #1: screenshot (image/png) ΓöÇΓöÇΓöÇΓöÇΓöÇΓöÇΓöÇΓöÇΓöÇΓöÇΓöÇΓöÇΓöÇΓöÇΓöÇΓöÇΓöÇΓöÇΓöÇΓöÇΓöÇΓöÇΓöÇΓöÇΓöÇΓöÇΓöÇΓöÇΓöÇΓöÇΓöÇΓöÇΓöÇΓöÇΓöÇΓöÇΓöÇΓöÇΓöÇΓöÇΓöÇΓöÇΓöÇΓöÇΓöÇΓöÇΓöÇΓöÇΓöÇΓöÇΓöÇΓöÇΓöÇΓöÇΓöÇΓöÇΓöÇΓöÇ
    test-results\e2e-api-API---Properties-E-237da-s-id---Lß║Ñy-chi-tiß║┐t-khu-trß╗ì-firefox\test-failed-1.png
    ΓöÇΓöÇΓöÇΓöÇΓöÇΓöÇΓöÇΓöÇΓöÇΓöÇΓöÇΓöÇΓöÇΓöÇΓöÇΓöÇΓöÇΓöÇΓöÇΓöÇΓöÇΓöÇΓöÇΓöÇΓöÇΓöÇΓöÇΓöÇΓöÇΓöÇΓöÇΓöÇΓöÇΓöÇΓöÇΓöÇΓöÇΓöÇΓöÇΓöÇΓöÇΓöÇΓöÇΓöÇΓöÇΓöÇΓöÇΓöÇΓöÇΓöÇΓöÇΓöÇΓöÇΓöÇΓöÇΓöÇΓöÇΓöÇΓöÇΓöÇΓöÇΓöÇΓöÇΓöÇΓöÇΓöÇΓöÇΓöÇΓöÇΓöÇΓöÇΓöÇΓöÇΓöÇΓöÇΓöÇΓöÇΓöÇΓöÇΓöÇΓöÇΓöÇΓöÇΓöÇΓöÇΓöÇΓöÇΓöÇΓöÇΓöÇΓöÇΓöÇΓöÇΓöÇΓöÇΓöÇ

    Error Context: test-results\e2e-api-API---Properties-E-237da-s-id---Lß║Ñy-chi-tiß║┐t-khu-trß╗ì-firefox\error-context.md


[1A[2K[175/242] [firefox] ΓÇ║ tests\e2e\auth.spec.ts:33:7 ΓÇ║ Authentication - ─É─âng nhß║¡p/─É─âng xuß║Ñt ΓÇ║ TC_AUTH_04: ─É─âng nhß║¡p thß║Ñt bß║íi do sai mß║¡t khß║⌐u
[1A[2K  96) [firefox] ΓÇ║ tests\e2e\api.spec.ts:55:7 ΓÇ║ API - Properties Endpoints ΓÇ║ TC_API_PROP_04: API authentication validation 

    TypeError: (0 , _auth.loginAsOwner) is not a function

      11 |     const context = await browser.newContext();
      12 |     const page = await context.newPage();
    > 13 |     await loginAsOwner(page);
         |                       ^
      14 |     ownerToken = (await context.cookies()).find(c => c.name.includes('auth'))?.value || '';
      15 |     await context.close();
      16 |   });
        at E:\Project\repo\apartment-management-web\tests\e2e\api.spec.ts:13:23

    attachment #1: screenshot (image/png) ΓöÇΓöÇΓöÇΓöÇΓöÇΓöÇΓöÇΓöÇΓöÇΓöÇΓöÇΓöÇΓöÇΓöÇΓöÇΓöÇΓöÇΓöÇΓöÇΓöÇΓöÇΓöÇΓöÇΓöÇΓöÇΓöÇΓöÇΓöÇΓöÇΓöÇΓöÇΓöÇΓöÇΓöÇΓöÇΓöÇΓöÇΓöÇΓöÇΓöÇΓöÇΓöÇΓöÇΓöÇΓöÇΓöÇΓöÇΓöÇΓöÇΓöÇΓöÇΓöÇΓöÇΓöÇΓöÇΓöÇΓöÇΓöÇ
    test-results\e2e-api-API---Properties-E-c17a1-I-authentication-validation-firefox\test-failed-1.png
    ΓöÇΓöÇΓöÇΓöÇΓöÇΓöÇΓöÇΓöÇΓöÇΓöÇΓöÇΓöÇΓöÇΓöÇΓöÇΓöÇΓöÇΓöÇΓöÇΓöÇΓöÇΓöÇΓöÇΓöÇΓöÇΓöÇΓöÇΓöÇΓöÇΓöÇΓöÇΓöÇΓöÇΓöÇΓöÇΓöÇΓöÇΓöÇΓöÇΓöÇΓöÇΓöÇΓöÇΓöÇΓöÇΓöÇΓöÇΓöÇΓöÇΓöÇΓöÇΓöÇΓöÇΓöÇΓöÇΓöÇΓöÇΓöÇΓöÇΓöÇΓöÇΓöÇΓöÇΓöÇΓöÇΓöÇΓöÇΓöÇΓöÇΓöÇΓöÇΓöÇΓöÇΓöÇΓöÇΓöÇΓöÇΓöÇΓöÇΓöÇΓöÇΓöÇΓöÇΓöÇΓöÇΓöÇΓöÇΓöÇΓöÇΓöÇΓöÇΓöÇΓöÇΓöÇΓöÇΓöÇ

    Error Context: test-results\e2e-api-API---Properties-E-c17a1-I-authentication-validation-firefox\error-context.md


[1A[2K[176/242] [firefox] ΓÇ║ tests\e2e\auth.spec.ts:49:7 ΓÇ║ Authentication - ─É─âng nhß║¡p/─É─âng xuß║Ñt ΓÇ║ TC_AUTH_05: ─É─âng nhß║¡p thß║Ñt bß║íi do email kh├┤ng tß╗ôn tß║íi
[1A[2K[177/242] [firefox] ΓÇ║ tests\e2e\auth.spec.ts:65:7 ΓÇ║ Authentication - ─É─âng nhß║¡p/─É─âng xuß║Ñt ΓÇ║ TC_AUTH_10: ─É─âng xuß║Ñt t├ái khoß║ún
[1A[2K  97) [firefox] ΓÇ║ tests\e2e\auth.spec.ts:4:7 ΓÇ║ Authentication - ─É─âng nhß║¡p/─É─âng xuß║Ñt ΓÇ║ TC_AUTH_01: Owner ─æ─âng nhß║¡p th├ánh c├┤ng vß╗¢i t├ái khoß║ún hß╗úp lß╗ç 

    Error: [2mexpect([22m[31mpage[39m[2m).[22mtoHaveURL[2m([22m[32mexpected[39m[2m)[22m failed

    Expected pattern: [32m/.*\/dashboard\/owner\/.*/[39m
    Received string:  [31m"http://localhost:3000/dashboard/owner"[39m
    Timeout: 5000ms

    Call log:
    [2m  - Expect "toHaveURL" with timeout 5000ms[22m
    [2m    8 ├ù unexpected value "http://localhost:3000/dashboard/owner"[22m


       6 |
       7 |     // Kiß╗âm tra chuyß╗ân h╞░ß╗¢ng ─æß║┐n dashboard owner
    >  8 |     await expect(page).toHaveURL(/.*\/dashboard\/owner\/.*/);
         |                        ^
       9 |
      10 |     // Kiß╗âm tra hiß╗ân thß╗ï c├íc phß║ºn tß╗¡ ch├¡nh cß╗ºa dashboard
      11 |     const welcomeText = page.locator('text=/.*t├ái ch├¡nh|doanh thu|t├ái sß║ún.*/i');
        at E:\Project\repo\apartment-management-web\tests\e2e\auth.spec.ts:8:24

    attachment #1: screenshot (image/png) ΓöÇΓöÇΓöÇΓöÇΓöÇΓöÇΓöÇΓöÇΓöÇΓöÇΓöÇΓöÇΓöÇΓöÇΓöÇΓöÇΓöÇΓöÇΓöÇΓöÇΓöÇΓöÇΓöÇΓöÇΓöÇΓöÇΓöÇΓöÇΓöÇΓöÇΓöÇΓöÇΓöÇΓöÇΓöÇΓöÇΓöÇΓöÇΓöÇΓöÇΓöÇΓöÇΓöÇΓöÇΓöÇΓöÇΓöÇΓöÇΓöÇΓöÇΓöÇΓöÇΓöÇΓöÇΓöÇΓöÇΓöÇΓöÇ
    test-results\e2e-auth-Authentication----bac1c-h-c├┤ng-vß╗¢i-t├ái-khoß║ún-hß╗úp-lß╗ç-firefox\test-failed-1.png
    ΓöÇΓöÇΓöÇΓöÇΓöÇΓöÇΓöÇΓöÇΓöÇΓöÇΓöÇΓöÇΓöÇΓöÇΓöÇΓöÇΓöÇΓöÇΓöÇΓöÇΓöÇΓöÇΓöÇΓöÇΓöÇΓöÇΓöÇΓöÇΓöÇΓöÇΓöÇΓöÇΓöÇΓöÇΓöÇΓöÇΓöÇΓöÇΓöÇΓöÇΓöÇΓöÇΓöÇΓöÇΓöÇΓöÇΓöÇΓöÇΓöÇΓöÇΓöÇΓöÇΓöÇΓöÇΓöÇΓöÇΓöÇΓöÇΓöÇΓöÇΓöÇΓöÇΓöÇΓöÇΓöÇΓöÇΓöÇΓöÇΓöÇΓöÇΓöÇΓöÇΓöÇΓöÇΓöÇΓöÇΓöÇΓöÇΓöÇΓöÇΓöÇΓöÇΓöÇΓöÇΓöÇΓöÇΓöÇΓöÇΓöÇΓöÇΓöÇΓöÇΓöÇΓöÇΓöÇΓöÇ

    attachment #2: video (video/webm) ΓöÇΓöÇΓöÇΓöÇΓöÇΓöÇΓöÇΓöÇΓöÇΓöÇΓöÇΓöÇΓöÇΓöÇΓöÇΓöÇΓöÇΓöÇΓöÇΓöÇΓöÇΓöÇΓöÇΓöÇΓöÇΓöÇΓöÇΓöÇΓöÇΓöÇΓöÇΓöÇΓöÇΓöÇΓöÇΓöÇΓöÇΓöÇΓöÇΓöÇΓöÇΓöÇΓöÇΓöÇΓöÇΓöÇΓöÇΓöÇΓöÇΓöÇΓöÇΓöÇΓöÇΓöÇΓöÇΓöÇΓöÇΓöÇΓöÇΓöÇΓöÇΓöÇ
    test-results\e2e-auth-Authentication----bac1c-h-c├┤ng-vß╗¢i-t├ái-khoß║ún-hß╗úp-lß╗ç-firefox\video.webm
    ΓöÇΓöÇΓöÇΓöÇΓöÇΓöÇΓöÇΓöÇΓöÇΓöÇΓöÇΓöÇΓöÇΓöÇΓöÇΓöÇΓöÇΓöÇΓöÇΓöÇΓöÇΓöÇΓöÇΓöÇΓöÇΓöÇΓöÇΓöÇΓöÇΓöÇΓöÇΓöÇΓöÇΓöÇΓöÇΓöÇΓöÇΓöÇΓöÇΓöÇΓöÇΓöÇΓöÇΓöÇΓöÇΓöÇΓöÇΓöÇΓöÇΓöÇΓöÇΓöÇΓöÇΓöÇΓöÇΓöÇΓöÇΓöÇΓöÇΓöÇΓöÇΓöÇΓöÇΓöÇΓöÇΓöÇΓöÇΓöÇΓöÇΓöÇΓöÇΓöÇΓöÇΓöÇΓöÇΓöÇΓöÇΓöÇΓöÇΓöÇΓöÇΓöÇΓöÇΓöÇΓöÇΓöÇΓöÇΓöÇΓöÇΓöÇΓöÇΓöÇΓöÇΓöÇΓöÇΓöÇ

    Error Context: test-results\e2e-auth-Authentication----bac1c-h-c├┤ng-vß╗¢i-t├ái-khoß║ún-hß╗úp-lß╗ç-firefox\error-context.md


[1A[2K[178/242] [firefox] ΓÇ║ tests\e2e\auth.spec.ts:78:9 ΓÇ║ Authentication - ─É─âng nhß║¡p/─É─âng xuß║Ñt ΓÇ║ Form Validation ΓÇ║ Email trß╗æng - hiß╗ân thß╗ï lß╗ùi
[1A[2K  98) [firefox] ΓÇ║ tests\e2e\auth.spec.ts:15:7 ΓÇ║ Authentication - ─É─âng nhß║¡p/─É─âng xuß║Ñt ΓÇ║ TC_AUTH_02: Tenant ─æ─âng nhß║¡p th├ánh c├┤ng vß╗¢i t├ái khoß║ún hß╗úp lß╗ç 

    Error: [2mexpect([22m[31mpage[39m[2m).[22mtoHaveURL[2m([22m[32mexpected[39m[2m)[22m failed

    Expected pattern: [32m/.*\/dashboard\/tenant\/.*/[39m
    Received string:  [31m"http://localhost:3000/dashboard/tenant"[39m
    Timeout: 5000ms

    Call log:
    [2m  - Expect "toHaveURL" with timeout 5000ms[22m
    [2m    8 ├ù unexpected value "http://localhost:3000/dashboard/tenant"[22m


      17 |
      18 |     // Kiß╗âm tra chuyß╗ân h╞░ß╗¢ng ─æß║┐n dashboard tenant
    > 19 |     await expect(page).toHaveURL(/.*\/dashboard\/tenant\/.*/);
         |                        ^
      20 |
      21 |     // Kiß╗âm tra hiß╗ân thß╗ï phß║ºn tß╗¡ cß╗ºa dashboard tenant
      22 |     const dashboardElement = page.locator('text=/.*h├│a ─æ╞ín|ph├▓ng cß╗ºa t├┤i.*/i');
        at E:\Project\repo\apartment-management-web\tests\e2e\auth.spec.ts:19:24

    attachment #1: screenshot (image/png) ΓöÇΓöÇΓöÇΓöÇΓöÇΓöÇΓöÇΓöÇΓöÇΓöÇΓöÇΓöÇΓöÇΓöÇΓöÇΓöÇΓöÇΓöÇΓöÇΓöÇΓöÇΓöÇΓöÇΓöÇΓöÇΓöÇΓöÇΓöÇΓöÇΓöÇΓöÇΓöÇΓöÇΓöÇΓöÇΓöÇΓöÇΓöÇΓöÇΓöÇΓöÇΓöÇΓöÇΓöÇΓöÇΓöÇΓöÇΓöÇΓöÇΓöÇΓöÇΓöÇΓöÇΓöÇΓöÇΓöÇΓöÇΓöÇ
    test-results\e2e-auth-Authentication----c292b-h-c├┤ng-vß╗¢i-t├ái-khoß║ún-hß╗úp-lß╗ç-firefox\test-failed-1.png
    ΓöÇΓöÇΓöÇΓöÇΓöÇΓöÇΓöÇΓöÇΓöÇΓöÇΓöÇΓöÇΓöÇΓöÇΓöÇΓöÇΓöÇΓöÇΓöÇΓöÇΓöÇΓöÇΓöÇΓöÇΓöÇΓöÇΓöÇΓöÇΓöÇΓöÇΓöÇΓöÇΓöÇΓöÇΓöÇΓöÇΓöÇΓöÇΓöÇΓöÇΓöÇΓöÇΓöÇΓöÇΓöÇΓöÇΓöÇΓöÇΓöÇΓöÇΓöÇΓöÇΓöÇΓöÇΓöÇΓöÇΓöÇΓöÇΓöÇΓöÇΓöÇΓöÇΓöÇΓöÇΓöÇΓöÇΓöÇΓöÇΓöÇΓöÇΓöÇΓöÇΓöÇΓöÇΓöÇΓöÇΓöÇΓöÇΓöÇΓöÇΓöÇΓöÇΓöÇΓöÇΓöÇΓöÇΓöÇΓöÇΓöÇΓöÇΓöÇΓöÇΓöÇΓöÇΓöÇΓöÇ

    attachment #2: video (video/webm) ΓöÇΓöÇΓöÇΓöÇΓöÇΓöÇΓöÇΓöÇΓöÇΓöÇΓöÇΓöÇΓöÇΓöÇΓöÇΓöÇΓöÇΓöÇΓöÇΓöÇΓöÇΓöÇΓöÇΓöÇΓöÇΓöÇΓöÇΓöÇΓöÇΓöÇΓöÇΓöÇΓöÇΓöÇΓöÇΓöÇΓöÇΓöÇΓöÇΓöÇΓöÇΓöÇΓöÇΓöÇΓöÇΓöÇΓöÇΓöÇΓöÇΓöÇΓöÇΓöÇΓöÇΓöÇΓöÇΓöÇΓöÇΓöÇΓöÇΓöÇΓöÇΓöÇ
    test-results\e2e-auth-Authentication----c292b-h-c├┤ng-vß╗¢i-t├ái-khoß║ún-hß╗úp-lß╗ç-firefox\video.webm
    ΓöÇΓöÇΓöÇΓöÇΓöÇΓöÇΓöÇΓöÇΓöÇΓöÇΓöÇΓöÇΓöÇΓöÇΓöÇΓöÇΓöÇΓöÇΓöÇΓöÇΓöÇΓöÇΓöÇΓöÇΓöÇΓöÇΓöÇΓöÇΓöÇΓöÇΓöÇΓöÇΓöÇΓöÇΓöÇΓöÇΓöÇΓöÇΓöÇΓöÇΓöÇΓöÇΓöÇΓöÇΓöÇΓöÇΓöÇΓöÇΓöÇΓöÇΓöÇΓöÇΓöÇΓöÇΓöÇΓöÇΓöÇΓöÇΓöÇΓöÇΓöÇΓöÇΓöÇΓöÇΓöÇΓöÇΓöÇΓöÇΓöÇΓöÇΓöÇΓöÇΓöÇΓöÇΓöÇΓöÇΓöÇΓöÇΓöÇΓöÇΓöÇΓöÇΓöÇΓöÇΓöÇΓöÇΓöÇΓöÇΓöÇΓöÇΓöÇΓöÇΓöÇΓöÇΓöÇΓöÇ

    Error Context: test-results\e2e-auth-Authentication----c292b-h-c├┤ng-vß╗¢i-t├ái-khoß║ún-hß╗úp-lß╗ç-firefox\error-context.md


[1A[2K[179/242] [firefox] ΓÇ║ tests\e2e\auth.spec.ts:96:9 ΓÇ║ Authentication - ─É─âng nhß║¡p/─É─âng xuß║Ñt ΓÇ║ Form Validation ΓÇ║ Password trß╗æng - hiß╗ân thß╗ï lß╗ùi
[1A[2K  99) [firefox] ΓÇ║ tests\e2e\auth.spec.ts:26:7 ΓÇ║ Authentication - ─É─âng nhß║¡p/─É─âng xuß║Ñt ΓÇ║ TC_AUTH_03: Admin ─æ─âng nhß║¡p th├ánh c├┤ng vß╗¢i t├ái khoß║ún hß╗úp lß╗ç 

    Error: [2mexpect([22m[31mpage[39m[2m).[22mtoHaveURL[2m([22m[32mexpected[39m[2m)[22m failed

    Expected pattern: [32m/.*\/dashboard\/admin\/.*/[39m
    Received string:  [31m"http://localhost:3000/dashboard/admin"[39m
    Timeout: 5000ms

    Call log:
    [2m  - Expect "toHaveURL" with timeout 5000ms[22m
    [2m    8 ├ù unexpected value "http://localhost:3000/dashboard/admin"[22m


      28 |
      29 |     // Kiß╗âm tra chuyß╗ân h╞░ß╗¢ng ─æß║┐n dashboard admin
    > 30 |     await expect(page).toHaveURL(/.*\/dashboard\/admin\/.*/);
         |                        ^
      31 |   });
      32 |
      33 |   test('TC_AUTH_04: ─É─âng nhß║¡p thß║Ñt bß║íi do sai mß║¡t khß║⌐u', async ({ page }) => {
        at E:\Project\repo\apartment-management-web\tests\e2e\auth.spec.ts:30:24

    attachment #1: screenshot (image/png) ΓöÇΓöÇΓöÇΓöÇΓöÇΓöÇΓöÇΓöÇΓöÇΓöÇΓöÇΓöÇΓöÇΓöÇΓöÇΓöÇΓöÇΓöÇΓöÇΓöÇΓöÇΓöÇΓöÇΓöÇΓöÇΓöÇΓöÇΓöÇΓöÇΓöÇΓöÇΓöÇΓöÇΓöÇΓöÇΓöÇΓöÇΓöÇΓöÇΓöÇΓöÇΓöÇΓöÇΓöÇΓöÇΓöÇΓöÇΓöÇΓöÇΓöÇΓöÇΓöÇΓöÇΓöÇΓöÇΓöÇΓöÇΓöÇ
    test-results\e2e-auth-Authentication----bfa17-h-c├┤ng-vß╗¢i-t├ái-khoß║ún-hß╗úp-lß╗ç-firefox\test-failed-1.png
    ΓöÇΓöÇΓöÇΓöÇΓöÇΓöÇΓöÇΓöÇΓöÇΓöÇΓöÇΓöÇΓöÇΓöÇΓöÇΓöÇΓöÇΓöÇΓöÇΓöÇΓöÇΓöÇΓöÇΓöÇΓöÇΓöÇΓöÇΓöÇΓöÇΓöÇΓöÇΓöÇΓöÇΓöÇΓöÇΓöÇΓöÇΓöÇΓöÇΓöÇΓöÇΓöÇΓöÇΓöÇΓöÇΓöÇΓöÇΓöÇΓöÇΓöÇΓöÇΓöÇΓöÇΓöÇΓöÇΓöÇΓöÇΓöÇΓöÇΓöÇΓöÇΓöÇΓöÇΓöÇΓöÇΓöÇΓöÇΓöÇΓöÇΓöÇΓöÇΓöÇΓöÇΓöÇΓöÇΓöÇΓöÇΓöÇΓöÇΓöÇΓöÇΓöÇΓöÇΓöÇΓöÇΓöÇΓöÇΓöÇΓöÇΓöÇΓöÇΓöÇΓöÇΓöÇΓöÇΓöÇ

    attachment #2: video (video/webm) ΓöÇΓöÇΓöÇΓöÇΓöÇΓöÇΓöÇΓöÇΓöÇΓöÇΓöÇΓöÇΓöÇΓöÇΓöÇΓöÇΓöÇΓöÇΓöÇΓöÇΓöÇΓöÇΓöÇΓöÇΓöÇΓöÇΓöÇΓöÇΓöÇΓöÇΓöÇΓöÇΓöÇΓöÇΓöÇΓöÇΓöÇΓöÇΓöÇΓöÇΓöÇΓöÇΓöÇΓöÇΓöÇΓöÇΓöÇΓöÇΓöÇΓöÇΓöÇΓöÇΓöÇΓöÇΓöÇΓöÇΓöÇΓöÇΓöÇΓöÇΓöÇΓöÇ
    test-results\e2e-auth-Authentication----bfa17-h-c├┤ng-vß╗¢i-t├ái-khoß║ún-hß╗úp-lß╗ç-firefox\video.webm
    ΓöÇΓöÇΓöÇΓöÇΓöÇΓöÇΓöÇΓöÇΓöÇΓöÇΓöÇΓöÇΓöÇΓöÇΓöÇΓöÇΓöÇΓöÇΓöÇΓöÇΓöÇΓöÇΓöÇΓöÇΓöÇΓöÇΓöÇΓöÇΓöÇΓöÇΓöÇΓöÇΓöÇΓöÇΓöÇΓöÇΓöÇΓöÇΓöÇΓöÇΓöÇΓöÇΓöÇΓöÇΓöÇΓöÇΓöÇΓöÇΓöÇΓöÇΓöÇΓöÇΓöÇΓöÇΓöÇΓöÇΓöÇΓöÇΓöÇΓöÇΓöÇΓöÇΓöÇΓöÇΓöÇΓöÇΓöÇΓöÇΓöÇΓöÇΓöÇΓöÇΓöÇΓöÇΓöÇΓöÇΓöÇΓöÇΓöÇΓöÇΓöÇΓöÇΓöÇΓöÇΓöÇΓöÇΓöÇΓöÇΓöÇΓöÇΓöÇΓöÇΓöÇΓöÇΓöÇΓöÇ

    Error Context: test-results\e2e-auth-Authentication----bfa17-h-c├┤ng-vß╗¢i-t├ái-khoß║ún-hß╗úp-lß╗ç-firefox\error-context.md


[1A[2K  100) [firefox] ΓÇ║ tests\e2e\auth.spec.ts:33:7 ΓÇ║ Authentication - ─É─âng nhß║¡p/─É─âng xuß║Ñt ΓÇ║ TC_AUTH_04: ─É─âng nhß║¡p thß║Ñt bß║íi do sai mß║¡t khß║⌐u 

    Error: [2mexpect([22m[31mlocator[39m[2m).[22mtoBeVisible[2m([22m[2m)[22m failed

    Locator: locator('text=/.*kh├┤ng ch├¡nh x├íc|sai mß║¡t khß║⌐u|kh├┤ng ─æ├║ng.*/i')
    Expected: visible
    Timeout: 5000ms
    Error: element(s) not found

    Call log:
    [2m  - Expect "toBeVisible" with timeout 5000ms[22m
    [2m  - waiting for locator('text=/.*kh├┤ng ch├¡nh x├íc|sai mß║¡t khß║⌐u|kh├┤ng ─æ├║ng.*/i')[22m


      41 |     // Kiß╗âm tra hiß╗ân thß╗ï lß╗ùi
      42 |     const errorMessage = page.locator('text=/.*kh├┤ng ch├¡nh x├íc|sai mß║¡t khß║⌐u|kh├┤ng ─æ├║ng.*/i');
    > 43 |     await expect(errorMessage).toBeVisible({ timeout: 5000 });
         |                                ^
      44 |
      45 |     // Kiß╗âm tra vß║½n ß╗ƒ trang login
      46 |     await expect(page).toHaveURL(/.*\/login/);
        at E:\Project\repo\apartment-management-web\tests\e2e\auth.spec.ts:43:32

    attachment #1: screenshot (image/png) ΓöÇΓöÇΓöÇΓöÇΓöÇΓöÇΓöÇΓöÇΓöÇΓöÇΓöÇΓöÇΓöÇΓöÇΓöÇΓöÇΓöÇΓöÇΓöÇΓöÇΓöÇΓöÇΓöÇΓöÇΓöÇΓöÇΓöÇΓöÇΓöÇΓöÇΓöÇΓöÇΓöÇΓöÇΓöÇΓöÇΓöÇΓöÇΓöÇΓöÇΓöÇΓöÇΓöÇΓöÇΓöÇΓöÇΓöÇΓöÇΓöÇΓöÇΓöÇΓöÇΓöÇΓöÇΓöÇΓöÇΓöÇΓöÇ
    test-results\e2e-auth-Authentication----33e98-ß║¡p-thß║Ñt-bß║íi-do-sai-mß║¡t-khß║⌐u-firefox\test-failed-1.png
    ΓöÇΓöÇΓöÇΓöÇΓöÇΓöÇΓöÇΓöÇΓöÇΓöÇΓöÇΓöÇΓöÇΓöÇΓöÇΓöÇΓöÇΓöÇΓöÇΓöÇΓöÇΓöÇΓöÇΓöÇΓöÇΓöÇΓöÇΓöÇΓöÇΓöÇΓöÇΓöÇΓöÇΓöÇΓöÇΓöÇΓöÇΓöÇΓöÇΓöÇΓöÇΓöÇΓöÇΓöÇΓöÇΓöÇΓöÇΓöÇΓöÇΓöÇΓöÇΓöÇΓöÇΓöÇΓöÇΓöÇΓöÇΓöÇΓöÇΓöÇΓöÇΓöÇΓöÇΓöÇΓöÇΓöÇΓöÇΓöÇΓöÇΓöÇΓöÇΓöÇΓöÇΓöÇΓöÇΓöÇΓöÇΓöÇΓöÇΓöÇΓöÇΓöÇΓöÇΓöÇΓöÇΓöÇΓöÇΓöÇΓöÇΓöÇΓöÇΓöÇΓöÇΓöÇΓöÇΓöÇ

    attachment #2: video (video/webm) ΓöÇΓöÇΓöÇΓöÇΓöÇΓöÇΓöÇΓöÇΓöÇΓöÇΓöÇΓöÇΓöÇΓöÇΓöÇΓöÇΓöÇΓöÇΓöÇΓöÇΓöÇΓöÇΓöÇΓöÇΓöÇΓöÇΓöÇΓöÇΓöÇΓöÇΓöÇΓöÇΓöÇΓöÇΓöÇΓöÇΓöÇΓöÇΓöÇΓöÇΓöÇΓöÇΓöÇΓöÇΓöÇΓöÇΓöÇΓöÇΓöÇΓöÇΓöÇΓöÇΓöÇΓöÇΓöÇΓöÇΓöÇΓöÇΓöÇΓöÇΓöÇΓöÇ
    test-results\e2e-auth-Authentication----33e98-ß║¡p-thß║Ñt-bß║íi-do-sai-mß║¡t-khß║⌐u-firefox\video.webm
    ΓöÇΓöÇΓöÇΓöÇΓöÇΓöÇΓöÇΓöÇΓöÇΓöÇΓöÇΓöÇΓöÇΓöÇΓöÇΓöÇΓöÇΓöÇΓöÇΓöÇΓöÇΓöÇΓöÇΓöÇΓöÇΓöÇΓöÇΓöÇΓöÇΓöÇΓöÇΓöÇΓöÇΓöÇΓöÇΓöÇΓöÇΓöÇΓöÇΓöÇΓöÇΓöÇΓöÇΓöÇΓöÇΓöÇΓöÇΓöÇΓöÇΓöÇΓöÇΓöÇΓöÇΓöÇΓöÇΓöÇΓöÇΓöÇΓöÇΓöÇΓöÇΓöÇΓöÇΓöÇΓöÇΓöÇΓöÇΓöÇΓöÇΓöÇΓöÇΓöÇΓöÇΓöÇΓöÇΓöÇΓöÇΓöÇΓöÇΓöÇΓöÇΓöÇΓöÇΓöÇΓöÇΓöÇΓöÇΓöÇΓöÇΓöÇΓöÇΓöÇΓöÇΓöÇΓöÇΓöÇ

    Error Context: test-results\e2e-auth-Authentication----33e98-ß║¡p-thß║Ñt-bß║íi-do-sai-mß║¡t-khß║⌐u-firefox\error-context.md


[1A[2K  101) [firefox] ΓÇ║ tests\e2e\auth.spec.ts:49:7 ΓÇ║ Authentication - ─É─âng nhß║¡p/─É─âng xuß║Ñt ΓÇ║ TC_AUTH_05: ─É─âng nhß║¡p thß║Ñt bß║íi do email kh├┤ng tß╗ôn tß║íi 

    Error: [2mexpect([22m[31mlocator[39m[2m).[22mtoBeVisible[2m([22m[2m)[22m failed

    Locator: locator('text=/.*kh├┤ng tß╗ôn tß║íi|ch╞░a ─æ─âng k├╜|kh├┤ng t├¼m thß║Ñy.*/i')
    Expected: visible
    Timeout: 5000ms
    Error: element(s) not found

    Call log:
    [2m  - Expect "toBeVisible" with timeout 5000ms[22m
    [2m  - waiting for locator('text=/.*kh├┤ng tß╗ôn tß║íi|ch╞░a ─æ─âng k├╜|kh├┤ng t├¼m thß║Ñy.*/i')[22m


      57 |     // Kiß╗âm tra hiß╗ân thß╗ï lß╗ùi
      58 |     const errorMessage = page.locator('text=/.*kh├┤ng tß╗ôn tß║íi|ch╞░a ─æ─âng k├╜|kh├┤ng t├¼m thß║Ñy.*/i');
    > 59 |     await expect(errorMessage).toBeVisible({ timeout: 5000 });
         |                                ^
      60 |
      61 |     // Kiß╗âm tra vß║½n ß╗ƒ trang login
      62 |     await expect(page).toHaveURL(/.*\/login/);
        at E:\Project\repo\apartment-management-web\tests\e2e\auth.spec.ts:59:32

    attachment #1: screenshot (image/png) ΓöÇΓöÇΓöÇΓöÇΓöÇΓöÇΓöÇΓöÇΓöÇΓöÇΓöÇΓöÇΓöÇΓöÇΓöÇΓöÇΓöÇΓöÇΓöÇΓöÇΓöÇΓöÇΓöÇΓöÇΓöÇΓöÇΓöÇΓöÇΓöÇΓöÇΓöÇΓöÇΓöÇΓöÇΓöÇΓöÇΓöÇΓöÇΓöÇΓöÇΓöÇΓöÇΓöÇΓöÇΓöÇΓöÇΓöÇΓöÇΓöÇΓöÇΓöÇΓöÇΓöÇΓöÇΓöÇΓöÇΓöÇΓöÇ
    test-results\e2e-auth-Authentication----e7a98--bß║íi-do-email-kh├┤ng-tß╗ôn-tß║íi-firefox\test-failed-1.png
    ΓöÇΓöÇΓöÇΓöÇΓöÇΓöÇΓöÇΓöÇΓöÇΓöÇΓöÇΓöÇΓöÇΓöÇΓöÇΓöÇΓöÇΓöÇΓöÇΓöÇΓöÇΓöÇΓöÇΓöÇΓöÇΓöÇΓöÇΓöÇΓöÇΓöÇΓöÇΓöÇΓöÇΓöÇΓöÇΓöÇΓöÇΓöÇΓöÇΓöÇΓöÇΓöÇΓöÇΓöÇΓöÇΓöÇΓöÇΓöÇΓöÇΓöÇΓöÇΓöÇΓöÇΓöÇΓöÇΓöÇΓöÇΓöÇΓöÇΓöÇΓöÇΓöÇΓöÇΓöÇΓöÇΓöÇΓöÇΓöÇΓöÇΓöÇΓöÇΓöÇΓöÇΓöÇΓöÇΓöÇΓöÇΓöÇΓöÇΓöÇΓöÇΓöÇΓöÇΓöÇΓöÇΓöÇΓöÇΓöÇΓöÇΓöÇΓöÇΓöÇΓöÇΓöÇΓöÇΓöÇ

    attachment #2: video (video/webm) ΓöÇΓöÇΓöÇΓöÇΓöÇΓöÇΓöÇΓöÇΓöÇΓöÇΓöÇΓöÇΓöÇΓöÇΓöÇΓöÇΓöÇΓöÇΓöÇΓöÇΓöÇΓöÇΓöÇΓöÇΓöÇΓöÇΓöÇΓöÇΓöÇΓöÇΓöÇΓöÇΓöÇΓöÇΓöÇΓöÇΓöÇΓöÇΓöÇΓöÇΓöÇΓöÇΓöÇΓöÇΓöÇΓöÇΓöÇΓöÇΓöÇΓöÇΓöÇΓöÇΓöÇΓöÇΓöÇΓöÇΓöÇΓöÇΓöÇΓöÇΓöÇΓöÇ
    test-results\e2e-auth-Authentication----e7a98--bß║íi-do-email-kh├┤ng-tß╗ôn-tß║íi-firefox\video.webm
    ΓöÇΓöÇΓöÇΓöÇΓöÇΓöÇΓöÇΓöÇΓöÇΓöÇΓöÇΓöÇΓöÇΓöÇΓöÇΓöÇΓöÇΓöÇΓöÇΓöÇΓöÇΓöÇΓöÇΓöÇΓöÇΓöÇΓöÇΓöÇΓöÇΓöÇΓöÇΓöÇΓöÇΓöÇΓöÇΓöÇΓöÇΓöÇΓöÇΓöÇΓöÇΓöÇΓöÇΓöÇΓöÇΓöÇΓöÇΓöÇΓöÇΓöÇΓöÇΓöÇΓöÇΓöÇΓöÇΓöÇΓöÇΓöÇΓöÇΓöÇΓöÇΓöÇΓöÇΓöÇΓöÇΓöÇΓöÇΓöÇΓöÇΓöÇΓöÇΓöÇΓöÇΓöÇΓöÇΓöÇΓöÇΓöÇΓöÇΓöÇΓöÇΓöÇΓöÇΓöÇΓöÇΓöÇΓöÇΓöÇΓöÇΓöÇΓöÇΓöÇΓöÇΓöÇΓöÇΓöÇ

    Error Context: test-results\e2e-auth-Authentication----e7a98--bß║íi-do-email-kh├┤ng-tß╗ôn-tß║íi-firefox\error-context.md


[1A[2K[180/242] [firefox] ΓÇ║ tests\e2e\auth.spec.ts:115:9 ΓÇ║ Registration - ─É─âng k├╜ t├ái khoß║ún ΓÇ║ TC_AUTH_06: ─É─âng k├╜ Owner th├ánh c├┤ng
[1A[2K[181/242] [firefox] ΓÇ║ tests\e2e\auth.spec.ts:171:9 ΓÇ║ Registration - ─É─âng k├╜ t├ái khoß║ún ΓÇ║ TC_AUTH_09: ─É─âng k├╜ thß║Ñt bß║íi - Mß║¡t khß║⌐u kh├┤ng tr├╣ng khß╗¢p
[1A[2K[182/242] [firefox] ΓÇ║ tests\e2e\auth.spec.ts:137:9 ΓÇ║ Registration - ─É─âng k├╜ t├ái khoß║ún ΓÇ║ TC_AUTH_07: ─É─âng k├╜ Tenant th├ánh c├┤ng
[1A[2K[183/242] [firefox] ΓÇ║ tests\e2e\auth.spec.ts:155:9 ΓÇ║ Registration - ─É─âng k├╜ t├ái khoß║ún ΓÇ║ TC_AUTH_08: ─É─âng k├╜ thß║Ñt bß║íi - Email ─æ├ú tß╗ôn tß║íi
[1A[2K  102) [firefox] ΓÇ║ tests\e2e\auth.spec.ts:65:7 ΓÇ║ Authentication - ─É─âng nhß║¡p/─É─âng xuß║Ñt ΓÇ║ TC_AUTH_10: ─É─âng xuß║Ñt t├ái khoß║ún 

    Error: [2mexpect([22m[31mpage[39m[2m).[22mtoHaveURL[2m([22m[32mexpected[39m[2m)[22m failed

    Expected pattern: [32m/.*\/dashboard\/owner\/.*/[39m
    Received string:  [31m"http://localhost:3000/dashboard/owner"[39m
    Timeout: 5000ms

    Call log:
    [2m  - Expect "toHaveURL" with timeout 5000ms[22m
    [2m    8 ├ù unexpected value "http://localhost:3000/dashboard/owner"[22m


      66 |     // Login tr╞░ß╗¢c
      67 |     await loginAsOwner();
    > 68 |     await expect(page).toHaveURL(/.*\/dashboard\/owner\/.*/);
         |                        ^
      69 |
      70 |     // Thß╗▒c hiß╗çn logout
      71 |     await logout();
        at E:\Project\repo\apartment-management-web\tests\e2e\auth.spec.ts:68:24

    attachment #1: screenshot (image/png) ΓöÇΓöÇΓöÇΓöÇΓöÇΓöÇΓöÇΓöÇΓöÇΓöÇΓöÇΓöÇΓöÇΓöÇΓöÇΓöÇΓöÇΓöÇΓöÇΓöÇΓöÇΓöÇΓöÇΓöÇΓöÇΓöÇΓöÇΓöÇΓöÇΓöÇΓöÇΓöÇΓöÇΓöÇΓöÇΓöÇΓöÇΓöÇΓöÇΓöÇΓöÇΓöÇΓöÇΓöÇΓöÇΓöÇΓöÇΓöÇΓöÇΓöÇΓöÇΓöÇΓöÇΓöÇΓöÇΓöÇΓöÇΓöÇ
    test-results\e2e-auth-Authentication----3cecd-AUTH-10-─É─âng-xuß║Ñt-t├ái-khoß║ún-firefox\test-failed-1.png
    ΓöÇΓöÇΓöÇΓöÇΓöÇΓöÇΓöÇΓöÇΓöÇΓöÇΓöÇΓöÇΓöÇΓöÇΓöÇΓöÇΓöÇΓöÇΓöÇΓöÇΓöÇΓöÇΓöÇΓöÇΓöÇΓöÇΓöÇΓöÇΓöÇΓöÇΓöÇΓöÇΓöÇΓöÇΓöÇΓöÇΓöÇΓöÇΓöÇΓöÇΓöÇΓöÇΓöÇΓöÇΓöÇΓöÇΓöÇΓöÇΓöÇΓöÇΓöÇΓöÇΓöÇΓöÇΓöÇΓöÇΓöÇΓöÇΓöÇΓöÇΓöÇΓöÇΓöÇΓöÇΓöÇΓöÇΓöÇΓöÇΓöÇΓöÇΓöÇΓöÇΓöÇΓöÇΓöÇΓöÇΓöÇΓöÇΓöÇΓöÇΓöÇΓöÇΓöÇΓöÇΓöÇΓöÇΓöÇΓöÇΓöÇΓöÇΓöÇΓöÇΓöÇΓöÇΓöÇΓöÇ

    attachment #2: video (video/webm) ΓöÇΓöÇΓöÇΓöÇΓöÇΓöÇΓöÇΓöÇΓöÇΓöÇΓöÇΓöÇΓöÇΓöÇΓöÇΓöÇΓöÇΓöÇΓöÇΓöÇΓöÇΓöÇΓöÇΓöÇΓöÇΓöÇΓöÇΓöÇΓöÇΓöÇΓöÇΓöÇΓöÇΓöÇΓöÇΓöÇΓöÇΓöÇΓöÇΓöÇΓöÇΓöÇΓöÇΓöÇΓöÇΓöÇΓöÇΓöÇΓöÇΓöÇΓöÇΓöÇΓöÇΓöÇΓöÇΓöÇΓöÇΓöÇΓöÇΓöÇΓöÇΓöÇ
    test-results\e2e-auth-Authentication----3cecd-AUTH-10-─É─âng-xuß║Ñt-t├ái-khoß║ún-firefox\video.webm
    ΓöÇΓöÇΓöÇΓöÇΓöÇΓöÇΓöÇΓöÇΓöÇΓöÇΓöÇΓöÇΓöÇΓöÇΓöÇΓöÇΓöÇΓöÇΓöÇΓöÇΓöÇΓöÇΓöÇΓöÇΓöÇΓöÇΓöÇΓöÇΓöÇΓöÇΓöÇΓöÇΓöÇΓöÇΓöÇΓöÇΓöÇΓöÇΓöÇΓöÇΓöÇΓöÇΓöÇΓöÇΓöÇΓöÇΓöÇΓöÇΓöÇΓöÇΓöÇΓöÇΓöÇΓöÇΓöÇΓöÇΓöÇΓöÇΓöÇΓöÇΓöÇΓöÇΓöÇΓöÇΓöÇΓöÇΓöÇΓöÇΓöÇΓöÇΓöÇΓöÇΓöÇΓöÇΓöÇΓöÇΓöÇΓöÇΓöÇΓöÇΓöÇΓöÇΓöÇΓöÇΓöÇΓöÇΓöÇΓöÇΓöÇΓöÇΓöÇΓöÇΓöÇΓöÇΓöÇΓöÇ

    Error Context: test-results\e2e-auth-Authentication----3cecd-AUTH-10-─É─âng-xuß║Ñt-t├ái-khoß║ún-firefox\error-context.md


[1A[2K[184/242] [firefox] ΓÇ║ tests\e2e\auth.spec.ts:198:9 ΓÇ║ Password Reset - ─Éß║╖t lß║íi mß║¡t khß║⌐u ΓÇ║ TC_AUTH_12: Gß╗¡i y├¬u cß║ºu ─æß║╖t lß║íi mß║¡t khß║⌐u
[1A[2K[185/242] [firefox] ΓÇ║ tests\e2e\auth.spec.ts:188:9 ΓÇ║ Password Reset - ─Éß║╖t lß║íi mß║¡t khß║⌐u ΓÇ║ TC_AUTH_11: Truy cß║¡p trang qu├¬n mß║¡t khß║⌐u

[1A[2K[2m[WebServer] [22mForgot password error: Missing SMTP configuration
[1A[2K[186/242] [firefox] ΓÇ║ tests\e2e\auth.spec.ts:208:9 ΓÇ║ Password Reset - ─Éß║╖t lß║íi mß║¡t khß║⌐u ΓÇ║ TC_AUTH_13: ─Éß║╖t lß║íi mß║¡t khß║⌐u th├ánh c├┤ng
[1A[2K[187/242] [firefox] ΓÇ║ tests\e2e\auth.spec.ts:220:9 ΓÇ║ Password Reset - ─Éß║╖t lß║íi mß║¡t khß║⌐u ΓÇ║ TC_AUTH_14: Token ─æß║╖t lß║íi mß║¡t khß║⌐u kh├┤ng hß╗úp lß╗ç
[1A[2K[188/242] [firefox] ΓÇ║ tests\e2e\auth.spec.ts:227:9 ΓÇ║ Password Reset - ─Éß║╖t lß║íi mß║¡t khß║⌐u ΓÇ║ TC_AUTH_15: Thay ─æß╗òi mß║¡t khß║⌐u sau khi ─æß║╖t lß║íi th├ánh c├┤ng
[1A[2K[189/242] [firefox] ΓÇ║ tests\e2e\owner-invoices.spec.ts:9:7 ΓÇ║ Owner - Hß╗úp ─Éß╗ông (Contracts) ΓÇ║ TC_OWN_CON_01: Tß║ío hß╗úp ─æß╗ông thu├¬ ph├▓ng
[1A[2K[190/242] [firefox] ΓÇ║ tests\e2e\owner-invoices.spec.ts:66:7 ΓÇ║ Owner - Hß╗úp ─Éß╗ông (Contracts) ΓÇ║ TC_OWN_CON_02: Xem chi tiß║┐t hß╗úp ─æß╗ông
[1A[2K[191/242] [firefox] ΓÇ║ tests\e2e\owner-invoices.spec.ts:81:7 ΓÇ║ Owner - Hß╗úp ─Éß╗ông (Contracts) ΓÇ║ TC_OWN_CON_03: Chß║Ñm dß╗⌐t hß╗úp ─æß╗ông
[1A[2K[192/242] [firefox] ΓÇ║ tests\e2e\owner-invoices.spec.ts:115:7 ΓÇ║ Owner - H├│a ─É╞ín (Invoices) ΓÇ║ TC_OWN_INV_01: Tß║ío h├│a ─æ╞ín h├áng th├íng
[1A[2K[193/242] [firefox] ΓÇ║ tests\e2e\owner-invoices.spec.ts:164:7 ΓÇ║ Owner - H├│a ─É╞ín (Invoices) ΓÇ║ TC_OWN_INV_02: X├íc nhß║¡n thanh to├ín thß╗º c├┤ng
[1A[2K[194/242] [firefox] ΓÇ║ tests\e2e\owner-invoices.spec.ts:195:7 ΓÇ║ Owner - H├│a ─É╞ín (Invoices) ΓÇ║ TC_OWN_INV_03: Xem danh s├ích h├│a ─æ╞ín vß╗¢i ph├ón trang
[1A[2K  103) [firefox] ΓÇ║ tests\e2e\owner-invoices.spec.ts:195:7 ΓÇ║ Owner - H├│a ─É╞ín (Invoices) ΓÇ║ TC_OWN_INV_03: Xem danh s├ích h├│a ─æ╞ín vß╗¢i ph├ón trang 

    Error: [2mexpect([22m[31mreceived[39m[2m).[22mtoBeGreaterThan[2m([22m[32mexpected[39m[2m)[22m

    Expected: > [32m0[39m
    Received:   [31m0[39m

      201 |       // Lß║Ñy dß╗» liß╗çu tß╗½ table
      202 |       const tableData = await getTableData(page);
    > 203 |       expect(tableData.length).toBeGreaterThan(0);
          |                                ^
      204 |
      205 |       // Kiß╗âm tra ph├ón trang (nß║┐u c├│)
      206 |       const nextBtn = page.locator('button:has-text(/tiß║┐p theo|next|>)').first();
        at E:\Project\repo\apartment-management-web\tests\e2e\owner-invoices.spec.ts:203:32

    attachment #1: screenshot (image/png) ΓöÇΓöÇΓöÇΓöÇΓöÇΓöÇΓöÇΓöÇΓöÇΓöÇΓöÇΓöÇΓöÇΓöÇΓöÇΓöÇΓöÇΓöÇΓöÇΓöÇΓöÇΓöÇΓöÇΓöÇΓöÇΓöÇΓöÇΓöÇΓöÇΓöÇΓöÇΓöÇΓöÇΓöÇΓöÇΓöÇΓöÇΓöÇΓöÇΓöÇΓöÇΓöÇΓöÇΓöÇΓöÇΓöÇΓöÇΓöÇΓöÇΓöÇΓöÇΓöÇΓöÇΓöÇΓöÇΓöÇΓöÇΓöÇ
    test-results\e2e-owner-invoices-Owner---cc559-s├ích-h├│a-─æ╞ín-vß╗¢i-ph├ón-trang-firefox\test-failed-1.png
    ΓöÇΓöÇΓöÇΓöÇΓöÇΓöÇΓöÇΓöÇΓöÇΓöÇΓöÇΓöÇΓöÇΓöÇΓöÇΓöÇΓöÇΓöÇΓöÇΓöÇΓöÇΓöÇΓöÇΓöÇΓöÇΓöÇΓöÇΓöÇΓöÇΓöÇΓöÇΓöÇΓöÇΓöÇΓöÇΓöÇΓöÇΓöÇΓöÇΓöÇΓöÇΓöÇΓöÇΓöÇΓöÇΓöÇΓöÇΓöÇΓöÇΓöÇΓöÇΓöÇΓöÇΓöÇΓöÇΓöÇΓöÇΓöÇΓöÇΓöÇΓöÇΓöÇΓöÇΓöÇΓöÇΓöÇΓöÇΓöÇΓöÇΓöÇΓöÇΓöÇΓöÇΓöÇΓöÇΓöÇΓöÇΓöÇΓöÇΓöÇΓöÇΓöÇΓöÇΓöÇΓöÇΓöÇΓöÇΓöÇΓöÇΓöÇΓöÇΓöÇΓöÇΓöÇΓöÇΓöÇ

    attachment #2: video (video/webm) ΓöÇΓöÇΓöÇΓöÇΓöÇΓöÇΓöÇΓöÇΓöÇΓöÇΓöÇΓöÇΓöÇΓöÇΓöÇΓöÇΓöÇΓöÇΓöÇΓöÇΓöÇΓöÇΓöÇΓöÇΓöÇΓöÇΓöÇΓöÇΓöÇΓöÇΓöÇΓöÇΓöÇΓöÇΓöÇΓöÇΓöÇΓöÇΓöÇΓöÇΓöÇΓöÇΓöÇΓöÇΓöÇΓöÇΓöÇΓöÇΓöÇΓöÇΓöÇΓöÇΓöÇΓöÇΓöÇΓöÇΓöÇΓöÇΓöÇΓöÇΓöÇΓöÇ
    test-results\e2e-owner-invoices-Owner---cc559-s├ích-h├│a-─æ╞ín-vß╗¢i-ph├ón-trang-firefox\video.webm
    ΓöÇΓöÇΓöÇΓöÇΓöÇΓöÇΓöÇΓöÇΓöÇΓöÇΓöÇΓöÇΓöÇΓöÇΓöÇΓöÇΓöÇΓöÇΓöÇΓöÇΓöÇΓöÇΓöÇΓöÇΓöÇΓöÇΓöÇΓöÇΓöÇΓöÇΓöÇΓöÇΓöÇΓöÇΓöÇΓöÇΓöÇΓöÇΓöÇΓöÇΓöÇΓöÇΓöÇΓöÇΓöÇΓöÇΓöÇΓöÇΓöÇΓöÇΓöÇΓöÇΓöÇΓöÇΓöÇΓöÇΓöÇΓöÇΓöÇΓöÇΓöÇΓöÇΓöÇΓöÇΓöÇΓöÇΓöÇΓöÇΓöÇΓöÇΓöÇΓöÇΓöÇΓöÇΓöÇΓöÇΓöÇΓöÇΓöÇΓöÇΓöÇΓöÇΓöÇΓöÇΓöÇΓöÇΓöÇΓöÇΓöÇΓöÇΓöÇΓöÇΓöÇΓöÇΓöÇΓöÇ

    Error Context: test-results\e2e-owner-invoices-Owner---cc559-s├ích-h├│a-─æ╞ín-vß╗¢i-ph├ón-trang-firefox\error-context.md


[1A[2K[195/242] [firefox] ΓÇ║ tests\e2e\owner-invoices.spec.ts:218:7 ΓÇ║ Owner - H├│a ─É╞ín (Invoices) ΓÇ║ TC_EDGE_INV_01: Lß╗ìc h├│a ─æ╞ín theo trß║íng th├íi
[1A[2K  104) [firefox] ΓÇ║ tests\e2e\auth.spec.ts:171:9 ΓÇ║ Registration - ─É─âng k├╜ t├ái khoß║ún ΓÇ║ TC_AUTH_09: ─É─âng k├╜ thß║Ñt bß║íi - Mß║¡t khß║⌐u kh├┤ng tr├╣ng khß╗¢p 

    [31mTest timeout of 30000ms exceeded.[39m

    Error: page.fill: Test timeout of 30000ms exceeded.
    Call log:
    [2m  - waiting for locator('input[name="fullName"]')[22m


      172 |       await page.goto('/register');
      173 |     
    > 174 |       await page.fill('input[name="fullName"]', 'Test User');
          |                  ^
      175 |       await page.fill('input[name="email"]', 'test' + Date.now() + '@example.com');
      176 |       await page.fill('input[name="phone"]', '0912345681');
      177 |       await page.fill('input[name="password"]', 'Password123!');
        at E:\Project\repo\apartment-management-web\tests\e2e\auth.spec.ts:174:18

    attachment #1: screenshot (image/png) ΓöÇΓöÇΓöÇΓöÇΓöÇΓöÇΓöÇΓöÇΓöÇΓöÇΓöÇΓöÇΓöÇΓöÇΓöÇΓöÇΓöÇΓöÇΓöÇΓöÇΓöÇΓöÇΓöÇΓöÇΓöÇΓöÇΓöÇΓöÇΓöÇΓöÇΓöÇΓöÇΓöÇΓöÇΓöÇΓöÇΓöÇΓöÇΓöÇΓöÇΓöÇΓöÇΓöÇΓöÇΓöÇΓöÇΓöÇΓöÇΓöÇΓöÇΓöÇΓöÇΓöÇΓöÇΓöÇΓöÇΓöÇΓöÇ
    test-results\e2e-auth-Registration---─É─â-c3cc5---Mß║¡t-khß║⌐u-kh├┤ng-tr├╣ng-khß╗¢p-firefox\test-failed-1.png
    ΓöÇΓöÇΓöÇΓöÇΓöÇΓöÇΓöÇΓöÇΓöÇΓöÇΓöÇΓöÇΓöÇΓöÇΓöÇΓöÇΓöÇΓöÇΓöÇΓöÇΓöÇΓöÇΓöÇΓöÇΓöÇΓöÇΓöÇΓöÇΓöÇΓöÇΓöÇΓöÇΓöÇΓöÇΓöÇΓöÇΓöÇΓöÇΓöÇΓöÇΓöÇΓöÇΓöÇΓöÇΓöÇΓöÇΓöÇΓöÇΓöÇΓöÇΓöÇΓöÇΓöÇΓöÇΓöÇΓöÇΓöÇΓöÇΓöÇΓöÇΓöÇΓöÇΓöÇΓöÇΓöÇΓöÇΓöÇΓöÇΓöÇΓöÇΓöÇΓöÇΓöÇΓöÇΓöÇΓöÇΓöÇΓöÇΓöÇΓöÇΓöÇΓöÇΓöÇΓöÇΓöÇΓöÇΓöÇΓöÇΓöÇΓöÇΓöÇΓöÇΓöÇΓöÇΓöÇΓöÇ

    attachment #2: video (video/webm) ΓöÇΓöÇΓöÇΓöÇΓöÇΓöÇΓöÇΓöÇΓöÇΓöÇΓöÇΓöÇΓöÇΓöÇΓöÇΓöÇΓöÇΓöÇΓöÇΓöÇΓöÇΓöÇΓöÇΓöÇΓöÇΓöÇΓöÇΓöÇΓöÇΓöÇΓöÇΓöÇΓöÇΓöÇΓöÇΓöÇΓöÇΓöÇΓöÇΓöÇΓöÇΓöÇΓöÇΓöÇΓöÇΓöÇΓöÇΓöÇΓöÇΓöÇΓöÇΓöÇΓöÇΓöÇΓöÇΓöÇΓöÇΓöÇΓöÇΓöÇΓöÇΓöÇ
    test-results\e2e-auth-Registration---─É─â-c3cc5---Mß║¡t-khß║⌐u-kh├┤ng-tr├╣ng-khß╗¢p-firefox\video.webm
    ΓöÇΓöÇΓöÇΓöÇΓöÇΓöÇΓöÇΓöÇΓöÇΓöÇΓöÇΓöÇΓöÇΓöÇΓöÇΓöÇΓöÇΓöÇΓöÇΓöÇΓöÇΓöÇΓöÇΓöÇΓöÇΓöÇΓöÇΓöÇΓöÇΓöÇΓöÇΓöÇΓöÇΓöÇΓöÇΓöÇΓöÇΓöÇΓöÇΓöÇΓöÇΓöÇΓöÇΓöÇΓöÇΓöÇΓöÇΓöÇΓöÇΓöÇΓöÇΓöÇΓöÇΓöÇΓöÇΓöÇΓöÇΓöÇΓöÇΓöÇΓöÇΓöÇΓöÇΓöÇΓöÇΓöÇΓöÇΓöÇΓöÇΓöÇΓöÇΓöÇΓöÇΓöÇΓöÇΓöÇΓöÇΓöÇΓöÇΓöÇΓöÇΓöÇΓöÇΓöÇΓöÇΓöÇΓöÇΓöÇΓöÇΓöÇΓöÇΓöÇΓöÇΓöÇΓöÇΓöÇ

    Error Context: test-results\e2e-auth-Registration---─É─â-c3cc5---Mß║¡t-khß║⌐u-kh├┤ng-tr├╣ng-khß╗¢p-firefox\error-context.md


[1A[2K[196/242] [firefox] ΓÇ║ tests\e2e\owner-invoices.spec.ts:248:9 ΓÇ║ Owner - Quß║ún l├╜ Ph├▓ng (Rooms) ΓÇ║ TC_OWN_ROOM_01: Xem danh s├ích ph├▓ng
[1A[2K  105) [firefox] ΓÇ║ tests\e2e\auth.spec.ts:115:9 ΓÇ║ Registration - ─É─âng k├╜ t├ái khoß║ún ΓÇ║ TC_AUTH_06: ─É─âng k├╜ Owner th├ánh c├┤ng 

    [31mTest timeout of 30000ms exceeded.[39m

    Error: page.fill: Test timeout of 30000ms exceeded.
    Call log:
    [2m  - waiting for locator('input[name="fullName"]')[22m


      117 |     
      118 |       // ─Éiß╗ün form ─æ─âng k├╜
    > 119 |       await page.fill('input[name="fullName"]', 'Test Owner ' + Date.now());
          |                  ^
      120 |       await page.fill('input[name="email"]', 'owner' + Date.now() + '@example.com');
      121 |       await page.fill('input[name="phone"]', '0912345678');
      122 |       await page.fill('input[name="password"]', 'Password123!');
        at E:\Project\repo\apartment-management-web\tests\e2e\auth.spec.ts:119:18

    attachment #1: screenshot (image/png) ΓöÇΓöÇΓöÇΓöÇΓöÇΓöÇΓöÇΓöÇΓöÇΓöÇΓöÇΓöÇΓöÇΓöÇΓöÇΓöÇΓöÇΓöÇΓöÇΓöÇΓöÇΓöÇΓöÇΓöÇΓöÇΓöÇΓöÇΓöÇΓöÇΓöÇΓöÇΓöÇΓöÇΓöÇΓöÇΓöÇΓöÇΓöÇΓöÇΓöÇΓöÇΓöÇΓöÇΓöÇΓöÇΓöÇΓöÇΓöÇΓöÇΓöÇΓöÇΓöÇΓöÇΓöÇΓöÇΓöÇΓöÇΓöÇ
    test-results\e2e-auth-Registration---─É─â-5b511-06-─É─âng-k├╜-Owner-th├ánh-c├┤ng-firefox\test-failed-1.png
    ΓöÇΓöÇΓöÇΓöÇΓöÇΓöÇΓöÇΓöÇΓöÇΓöÇΓöÇΓöÇΓöÇΓöÇΓöÇΓöÇΓöÇΓöÇΓöÇΓöÇΓöÇΓöÇΓöÇΓöÇΓöÇΓöÇΓöÇΓöÇΓöÇΓöÇΓöÇΓöÇΓöÇΓöÇΓöÇΓöÇΓöÇΓöÇΓöÇΓöÇΓöÇΓöÇΓöÇΓöÇΓöÇΓöÇΓöÇΓöÇΓöÇΓöÇΓöÇΓöÇΓöÇΓöÇΓöÇΓöÇΓöÇΓöÇΓöÇΓöÇΓöÇΓöÇΓöÇΓöÇΓöÇΓöÇΓöÇΓöÇΓöÇΓöÇΓöÇΓöÇΓöÇΓöÇΓöÇΓöÇΓöÇΓöÇΓöÇΓöÇΓöÇΓöÇΓöÇΓöÇΓöÇΓöÇΓöÇΓöÇΓöÇΓöÇΓöÇΓöÇΓöÇΓöÇΓöÇΓöÇ

    attachment #2: video (video/webm) ΓöÇΓöÇΓöÇΓöÇΓöÇΓöÇΓöÇΓöÇΓöÇΓöÇΓöÇΓöÇΓöÇΓöÇΓöÇΓöÇΓöÇΓöÇΓöÇΓöÇΓöÇΓöÇΓöÇΓöÇΓöÇΓöÇΓöÇΓöÇΓöÇΓöÇΓöÇΓöÇΓöÇΓöÇΓöÇΓöÇΓöÇΓöÇΓöÇΓöÇΓöÇΓöÇΓöÇΓöÇΓöÇΓöÇΓöÇΓöÇΓöÇΓöÇΓöÇΓöÇΓöÇΓöÇΓöÇΓöÇΓöÇΓöÇΓöÇΓöÇΓöÇΓöÇ
    test-results\e2e-auth-Registration---─É─â-5b511-06-─É─âng-k├╜-Owner-th├ánh-c├┤ng-firefox\video.webm
    ΓöÇΓöÇΓöÇΓöÇΓöÇΓöÇΓöÇΓöÇΓöÇΓöÇΓöÇΓöÇΓöÇΓöÇΓöÇΓöÇΓöÇΓöÇΓöÇΓöÇΓöÇΓöÇΓöÇΓöÇΓöÇΓöÇΓöÇΓöÇΓöÇΓöÇΓöÇΓöÇΓöÇΓöÇΓöÇΓöÇΓöÇΓöÇΓöÇΓöÇΓöÇΓöÇΓöÇΓöÇΓöÇΓöÇΓöÇΓöÇΓöÇΓöÇΓöÇΓöÇΓöÇΓöÇΓöÇΓöÇΓöÇΓöÇΓöÇΓöÇΓöÇΓöÇΓöÇΓöÇΓöÇΓöÇΓöÇΓöÇΓöÇΓöÇΓöÇΓöÇΓöÇΓöÇΓöÇΓöÇΓöÇΓöÇΓöÇΓöÇΓöÇΓöÇΓöÇΓöÇΓöÇΓöÇΓöÇΓöÇΓöÇΓöÇΓöÇΓöÇΓöÇΓöÇΓöÇΓöÇ

    Error Context: test-results\e2e-auth-Registration---─É─â-5b511-06-─É─âng-k├╜-Owner-th├ánh-c├┤ng-firefox\error-context.md


[1A[2K  106) [firefox] ΓÇ║ tests\e2e\auth.spec.ts:137:9 ΓÇ║ Registration - ─É─âng k├╜ t├ái khoß║ún ΓÇ║ TC_AUTH_07: ─É─âng k├╜ Tenant th├ánh c├┤ng 

    [31mTest timeout of 30000ms exceeded.[39m

    Error: page.fill: Test timeout of 30000ms exceeded.
    Call log:
    [2m  - waiting for locator('input[name="fullName"]')[22m


      138 |       await page.goto('/register');
      139 |     
    > 140 |       await page.fill('input[name="fullName"]', 'Test Tenant ' + Date.now());
          |                  ^
      141 |       await page.fill('input[name="email"]', 'tenant' + Date.now() + '@example.com');
      142 |       await page.fill('input[name="phone"]', '0912345679');
      143 |       await page.fill('input[name="password"]', 'Password123!');
        at E:\Project\repo\apartment-management-web\tests\e2e\auth.spec.ts:140:18

    attachment #1: screenshot (image/png) ΓöÇΓöÇΓöÇΓöÇΓöÇΓöÇΓöÇΓöÇΓöÇΓöÇΓöÇΓöÇΓöÇΓöÇΓöÇΓöÇΓöÇΓöÇΓöÇΓöÇΓöÇΓöÇΓöÇΓöÇΓöÇΓöÇΓöÇΓöÇΓöÇΓöÇΓöÇΓöÇΓöÇΓöÇΓöÇΓöÇΓöÇΓöÇΓöÇΓöÇΓöÇΓöÇΓöÇΓöÇΓöÇΓöÇΓöÇΓöÇΓöÇΓöÇΓöÇΓöÇΓöÇΓöÇΓöÇΓöÇΓöÇΓöÇ
    test-results\e2e-auth-Registration---─É─â-121d6-7-─É─âng-k├╜-Tenant-th├ánh-c├┤ng-firefox\test-failed-1.png
    ΓöÇΓöÇΓöÇΓöÇΓöÇΓöÇΓöÇΓöÇΓöÇΓöÇΓöÇΓöÇΓöÇΓöÇΓöÇΓöÇΓöÇΓöÇΓöÇΓöÇΓöÇΓöÇΓöÇΓöÇΓöÇΓöÇΓöÇΓöÇΓöÇΓöÇΓöÇΓöÇΓöÇΓöÇΓöÇΓöÇΓöÇΓöÇΓöÇΓöÇΓöÇΓöÇΓöÇΓöÇΓöÇΓöÇΓöÇΓöÇΓöÇΓöÇΓöÇΓöÇΓöÇΓöÇΓöÇΓöÇΓöÇΓöÇΓöÇΓöÇΓöÇΓöÇΓöÇΓöÇΓöÇΓöÇΓöÇΓöÇΓöÇΓöÇΓöÇΓöÇΓöÇΓöÇΓöÇΓöÇΓöÇΓöÇΓöÇΓöÇΓöÇΓöÇΓöÇΓöÇΓöÇΓöÇΓöÇΓöÇΓöÇΓöÇΓöÇΓöÇΓöÇΓöÇΓöÇΓöÇ

    attachment #2: video (video/webm) ΓöÇΓöÇΓöÇΓöÇΓöÇΓöÇΓöÇΓöÇΓöÇΓöÇΓöÇΓöÇΓöÇΓöÇΓöÇΓöÇΓöÇΓöÇΓöÇΓöÇΓöÇΓöÇΓöÇΓöÇΓöÇΓöÇΓöÇΓöÇΓöÇΓöÇΓöÇΓöÇΓöÇΓöÇΓöÇΓöÇΓöÇΓöÇΓöÇΓöÇΓöÇΓöÇΓöÇΓöÇΓöÇΓöÇΓöÇΓöÇΓöÇΓöÇΓöÇΓöÇΓöÇΓöÇΓöÇΓöÇΓöÇΓöÇΓöÇΓöÇΓöÇΓöÇ
    test-results\e2e-auth-Registration---─É─â-121d6-7-─É─âng-k├╜-Tenant-th├ánh-c├┤ng-firefox\video.webm
    ΓöÇΓöÇΓöÇΓöÇΓöÇΓöÇΓöÇΓöÇΓöÇΓöÇΓöÇΓöÇΓöÇΓöÇΓöÇΓöÇΓöÇΓöÇΓöÇΓöÇΓöÇΓöÇΓöÇΓöÇΓöÇΓöÇΓöÇΓöÇΓöÇΓöÇΓöÇΓöÇΓöÇΓöÇΓöÇΓöÇΓöÇΓöÇΓöÇΓöÇΓöÇΓöÇΓöÇΓöÇΓöÇΓöÇΓöÇΓöÇΓöÇΓöÇΓöÇΓöÇΓöÇΓöÇΓöÇΓöÇΓöÇΓöÇΓöÇΓöÇΓöÇΓöÇΓöÇΓöÇΓöÇΓöÇΓöÇΓöÇΓöÇΓöÇΓöÇΓöÇΓöÇΓöÇΓöÇΓöÇΓöÇΓöÇΓöÇΓöÇΓöÇΓöÇΓöÇΓöÇΓöÇΓöÇΓöÇΓöÇΓöÇΓöÇΓöÇΓöÇΓöÇΓöÇΓöÇΓöÇ

    Error Context: test-results\e2e-auth-Registration---─É─â-121d6-7-─É─âng-k├╜-Tenant-th├ánh-c├┤ng-firefox\error-context.md


[1A[2K[197/242] [firefox] ΓÇ║ tests\e2e\owner-invoices.spec.ts:269:9 ΓÇ║ Owner - Quß║ún l├╜ Ph├▓ng (Rooms) ΓÇ║ TC_OWN_ROOM_02: Th├¬m ph├▓ng mß╗¢i
[1A[2K  107) [firefox] ΓÇ║ tests\e2e\auth.spec.ts:155:9 ΓÇ║ Registration - ─É─âng k├╜ t├ái khoß║ún ΓÇ║ TC_AUTH_08: ─É─âng k├╜ thß║Ñt bß║íi - Email ─æ├ú tß╗ôn tß║íi 

    [31mTest timeout of 30000ms exceeded.[39m

    Error: page.fill: Test timeout of 30000ms exceeded.
    Call log:
    [2m  - waiting for locator('input[name="fullName"]')[22m


      157 |     
      158 |       // Sß╗¡ dß╗Ñng email ─æ├ú tß╗ôn tß║íi
    > 159 |       await page.fill('input[name="fullName"]', 'Duplicate Test');
          |                  ^
      160 |       await page.fill('input[name="email"]', 'owner_test@example.com');
      161 |       await page.fill('input[name="phone"]', '0912345680');
      162 |       await page.fill('input[name="password"]', 'Password123!');
        at E:\Project\repo\apartment-management-web\tests\e2e\auth.spec.ts:159:18

    attachment #1: screenshot (image/png) ΓöÇΓöÇΓöÇΓöÇΓöÇΓöÇΓöÇΓöÇΓöÇΓöÇΓöÇΓöÇΓöÇΓöÇΓöÇΓöÇΓöÇΓöÇΓöÇΓöÇΓöÇΓöÇΓöÇΓöÇΓöÇΓöÇΓöÇΓöÇΓöÇΓöÇΓöÇΓöÇΓöÇΓöÇΓöÇΓöÇΓöÇΓöÇΓöÇΓöÇΓöÇΓöÇΓöÇΓöÇΓöÇΓöÇΓöÇΓöÇΓöÇΓöÇΓöÇΓöÇΓöÇΓöÇΓöÇΓöÇΓöÇΓöÇ
    test-results\e2e-auth-Registration---─É─â-0d505-thß║Ñt-bß║íi---Email-─æ├ú-tß╗ôn-tß║íi-firefox\test-failed-1.png
    ΓöÇΓöÇΓöÇΓöÇΓöÇΓöÇΓöÇΓöÇΓöÇΓöÇΓöÇΓöÇΓöÇΓöÇΓöÇΓöÇΓöÇΓöÇΓöÇΓöÇΓöÇΓöÇΓöÇΓöÇΓöÇΓöÇΓöÇΓöÇΓöÇΓöÇΓöÇΓöÇΓöÇΓöÇΓöÇΓöÇΓöÇΓöÇΓöÇΓöÇΓöÇΓöÇΓöÇΓöÇΓöÇΓöÇΓöÇΓöÇΓöÇΓöÇΓöÇΓöÇΓöÇΓöÇΓöÇΓöÇΓöÇΓöÇΓöÇΓöÇΓöÇΓöÇΓöÇΓöÇΓöÇΓöÇΓöÇΓöÇΓöÇΓöÇΓöÇΓöÇΓöÇΓöÇΓöÇΓöÇΓöÇΓöÇΓöÇΓöÇΓöÇΓöÇΓöÇΓöÇΓöÇΓöÇΓöÇΓöÇΓöÇΓöÇΓöÇΓöÇΓöÇΓöÇΓöÇΓöÇ

    attachment #2: video (video/webm) ΓöÇΓöÇΓöÇΓöÇΓöÇΓöÇΓöÇΓöÇΓöÇΓöÇΓöÇΓöÇΓöÇΓöÇΓöÇΓöÇΓöÇΓöÇΓöÇΓöÇΓöÇΓöÇΓöÇΓöÇΓöÇΓöÇΓöÇΓöÇΓöÇΓöÇΓöÇΓöÇΓöÇΓöÇΓöÇΓöÇΓöÇΓöÇΓöÇΓöÇΓöÇΓöÇΓöÇΓöÇΓöÇΓöÇΓöÇΓöÇΓöÇΓöÇΓöÇΓöÇΓöÇΓöÇΓöÇΓöÇΓöÇΓöÇΓöÇΓöÇΓöÇΓöÇ
    test-results\e2e-auth-Registration---─É─â-0d505-thß║Ñt-bß║íi---Email-─æ├ú-tß╗ôn-tß║íi-firefox\video.webm
    ΓöÇΓöÇΓöÇΓöÇΓöÇΓöÇΓöÇΓöÇΓöÇΓöÇΓöÇΓöÇΓöÇΓöÇΓöÇΓöÇΓöÇΓöÇΓöÇΓöÇΓöÇΓöÇΓöÇΓöÇΓöÇΓöÇΓöÇΓöÇΓöÇΓöÇΓöÇΓöÇΓöÇΓöÇΓöÇΓöÇΓöÇΓöÇΓöÇΓöÇΓöÇΓöÇΓöÇΓöÇΓöÇΓöÇΓöÇΓöÇΓöÇΓöÇΓöÇΓöÇΓöÇΓöÇΓöÇΓöÇΓöÇΓöÇΓöÇΓöÇΓöÇΓöÇΓöÇΓöÇΓöÇΓöÇΓöÇΓöÇΓöÇΓöÇΓöÇΓöÇΓöÇΓöÇΓöÇΓöÇΓöÇΓöÇΓöÇΓöÇΓöÇΓöÇΓöÇΓöÇΓöÇΓöÇΓöÇΓöÇΓöÇΓöÇΓöÇΓöÇΓöÇΓöÇΓöÇΓöÇ

    Error Context: test-results\e2e-auth-Registration---─É─â-0d505-thß║Ñt-bß║íi---Email-─æ├ú-tß╗ôn-tß║íi-firefox\error-context.md


[1A[2K[198/242] [firefox] ΓÇ║ tests\e2e\owner-invoices.spec.ts:309:9 ΓÇ║ Owner - Quß║ún l├╜ Ph├▓ng (Rooms) ΓÇ║ TC_OWN_ROOM_03: Cß║¡p nhß║¡t th├┤ng tin ph├▓ng
[1A[2K[199/242] [firefox] ΓÇ║ tests\e2e\owner-invoices.spec.ts:364:9 ΓÇ║ Owner - Quß║ún l├╜ Ph├▓ng (Rooms) ΓÇ║ TC_OWN_ROOM_05: Xem chi tiß║┐t ph├▓ng
[1A[2K[200/242] [firefox] ΓÇ║ tests\e2e\owner-invoices.spec.ts:344:9 ΓÇ║ Owner - Quß║ún l├╜ Ph├▓ng (Rooms) ΓÇ║ TC_OWN_ROOM_04: X├│a ph├▓ng
[1A[2K  108) [firefox] ΓÇ║ tests\e2e\auth.spec.ts:208:9 ΓÇ║ Password Reset - ─Éß║╖t lß║íi mß║¡t khß║⌐u ΓÇ║ TC_AUTH_13: ─Éß║╖t lß║íi mß║¡t khß║⌐u th├ánh c├┤ng 

    [31mTest timeout of 30000ms exceeded.[39m

    Error: page.fill: Test timeout of 30000ms exceeded.
    Call log:
    [2m  - waiting for locator('input[name="password"], input[placeholder*="mß║¡t khß║⌐u"]')[22m


      209 |       await page.goto('/reset-password?token=test-token-123');
      210 |     
    > 211 |       await page.fill('input[name="password"], input[placeholder*="mß║¡t khß║⌐u"]', 'NewPassword123!');
          |                  ^
      212 |       await page.fill('input[name="confirmPassword"], input[id*="confirm"]', 'NewPassword123!');
      213 |     
      214 |       await page.click('button[type="submit"]');
        at E:\Project\repo\apartment-management-web\tests\e2e\auth.spec.ts:211:18

    attachment #1: screenshot (image/png) ΓöÇΓöÇΓöÇΓöÇΓöÇΓöÇΓöÇΓöÇΓöÇΓöÇΓöÇΓöÇΓöÇΓöÇΓöÇΓöÇΓöÇΓöÇΓöÇΓöÇΓöÇΓöÇΓöÇΓöÇΓöÇΓöÇΓöÇΓöÇΓöÇΓöÇΓöÇΓöÇΓöÇΓöÇΓöÇΓöÇΓöÇΓöÇΓöÇΓöÇΓöÇΓöÇΓöÇΓöÇΓöÇΓöÇΓöÇΓöÇΓöÇΓöÇΓöÇΓöÇΓöÇΓöÇΓöÇΓöÇΓöÇΓöÇ
    test-results\e2e-auth-Password-Reset----22d9d-─Éß║╖t-lß║íi-mß║¡t-khß║⌐u-th├ánh-c├┤ng-firefox\test-failed-1.png
    ΓöÇΓöÇΓöÇΓöÇΓöÇΓöÇΓöÇΓöÇΓöÇΓöÇΓöÇΓöÇΓöÇΓöÇΓöÇΓöÇΓöÇΓöÇΓöÇΓöÇΓöÇΓöÇΓöÇΓöÇΓöÇΓöÇΓöÇΓöÇΓöÇΓöÇΓöÇΓöÇΓöÇΓöÇΓöÇΓöÇΓöÇΓöÇΓöÇΓöÇΓöÇΓöÇΓöÇΓöÇΓöÇΓöÇΓöÇΓöÇΓöÇΓöÇΓöÇΓöÇΓöÇΓöÇΓöÇΓöÇΓöÇΓöÇΓöÇΓöÇΓöÇΓöÇΓöÇΓöÇΓöÇΓöÇΓöÇΓöÇΓöÇΓöÇΓöÇΓöÇΓöÇΓöÇΓöÇΓöÇΓöÇΓöÇΓöÇΓöÇΓöÇΓöÇΓöÇΓöÇΓöÇΓöÇΓöÇΓöÇΓöÇΓöÇΓöÇΓöÇΓöÇΓöÇΓöÇΓöÇ

    attachment #2: video (video/webm) ΓöÇΓöÇΓöÇΓöÇΓöÇΓöÇΓöÇΓöÇΓöÇΓöÇΓöÇΓöÇΓöÇΓöÇΓöÇΓöÇΓöÇΓöÇΓöÇΓöÇΓöÇΓöÇΓöÇΓöÇΓöÇΓöÇΓöÇΓöÇΓöÇΓöÇΓöÇΓöÇΓöÇΓöÇΓöÇΓöÇΓöÇΓöÇΓöÇΓöÇΓöÇΓöÇΓöÇΓöÇΓöÇΓöÇΓöÇΓöÇΓöÇΓöÇΓöÇΓöÇΓöÇΓöÇΓöÇΓöÇΓöÇΓöÇΓöÇΓöÇΓöÇΓöÇ
    test-results\e2e-auth-Password-Reset----22d9d-─Éß║╖t-lß║íi-mß║¡t-khß║⌐u-th├ánh-c├┤ng-firefox\video.webm
    ΓöÇΓöÇΓöÇΓöÇΓöÇΓöÇΓöÇΓöÇΓöÇΓöÇΓöÇΓöÇΓöÇΓöÇΓöÇΓöÇΓöÇΓöÇΓöÇΓöÇΓöÇΓöÇΓöÇΓöÇΓöÇΓöÇΓöÇΓöÇΓöÇΓöÇΓöÇΓöÇΓöÇΓöÇΓöÇΓöÇΓöÇΓöÇΓöÇΓöÇΓöÇΓöÇΓöÇΓöÇΓöÇΓöÇΓöÇΓöÇΓöÇΓöÇΓöÇΓöÇΓöÇΓöÇΓöÇΓöÇΓöÇΓöÇΓöÇΓöÇΓöÇΓöÇΓöÇΓöÇΓöÇΓöÇΓöÇΓöÇΓöÇΓöÇΓöÇΓöÇΓöÇΓöÇΓöÇΓöÇΓöÇΓöÇΓöÇΓöÇΓöÇΓöÇΓöÇΓöÇΓöÇΓöÇΓöÇΓöÇΓöÇΓöÇΓöÇΓöÇΓöÇΓöÇΓöÇΓöÇ

    Error Context: test-results\e2e-auth-Password-Reset----22d9d-─Éß║╖t-lß║íi-mß║¡t-khß║⌐u-th├ánh-c├┤ng-firefox\error-context.md


[1A[2K[201/242] [firefox] ΓÇ║ tests\e2e\owner-invoices.spec.ts:403:9 ΓÇ║ Owner - Quß║ún l├╜ Dß╗ïch vß╗Ñ (Services) ΓÇ║ TC_OWN_SVC_02: Th├¬m dß╗ïch vß╗Ñ mß╗¢i
[1A[2K[202/242] [firefox] ΓÇ║ tests\e2e\owner-invoices.spec.ts:391:9 ΓÇ║ Owner - Quß║ún l├╜ Dß╗ïch vß╗Ñ (Services) ΓÇ║ TC_OWN_SVC_01: Xem danh s├ích dß╗ïch vß╗Ñ
[1A[2K[203/242] [firefox] ΓÇ║ tests\e2e\owner-invoices.spec.ts:432:9 ΓÇ║ Owner - Quß║ún l├╜ Dß╗ïch vß╗Ñ (Services) ΓÇ║ TC_OWN_SVC_03: Cß║¡p nhß║¡t dß╗ïch vß╗Ñ
[1A[2K[204/242] [firefox] ΓÇ║ tests\e2e\owner-invoices.spec.ts:457:9 ΓÇ║ Owner - Quß║ún l├╜ Dß╗ïch vß╗Ñ (Services) ΓÇ║ TC_OWN_SVC_04: X├│a dß╗ïch vß╗Ñ
[1A[2K[205/242] [firefox] ΓÇ║ tests\e2e\owner-invoices.spec.ts:476:9 ΓÇ║ Owner - Quß║ún l├╜ Dß╗ïch vß╗Ñ (Services) ΓÇ║ TC_OWN_SVC_05: G├ín dß╗ïch vß╗Ñ cho ph├▓ng
[1A[2K[206/242] [firefox] ΓÇ║ tests\e2e\owner-invoices.spec.ts:505:9 ΓÇ║ Owner - Hß╗úp ─æß╗ông (Contracts) Th├¬m ΓÇ║ TC_OWN_CON_04: Cß║¡p nhß║¡t hß╗úp ─æß╗ông
[1A[2K[207/242] [firefox] ΓÇ║ tests\e2e\owner-invoices.spec.ts:524:9 ΓÇ║ Owner - Hß╗úp ─æß╗ông (Contracts) Th├¬m ΓÇ║ TC_OWN_CON_05: X├│a hß╗úp ─æß╗ông
[1A[2K[208/242] [firefox] ΓÇ║ tests\e2e\owner-invoices.spec.ts:544:9 ΓÇ║ Owner - H├│a ─æ╞ín (Invoices) Th├¬m ΓÇ║ TC_OWN_INV_04: Gß╗¡i h├│a ─æ╞ín cho kh├ích thu├¬
[1A[2K[209/242] [firefox] ΓÇ║ tests\e2e\owner-invoices.spec.ts:556:9 ΓÇ║ Owner - H├│a ─æ╞ín (Invoices) Th├¬m ΓÇ║ TC_OWN_INV_05: X├│a h├│a ─æ╞ín nh├íp
[1A[2K[210/242] [firefox] ΓÇ║ tests\e2e\owner-invoices.spec.ts:573:9 ΓÇ║ Owner - H├│a ─æ╞ín (Invoices) Th├¬m ΓÇ║ TC_OWN_INV_06: Xuß║Ñt h├│a ─æ╞ín PDF
[1A[2K[211/242] [firefox] ΓÇ║ tests\e2e\owner-properties.spec.ts:9:7 ΓÇ║ Owner - Quß║ún l├╜ T├ái sß║ún (Properties) ΓÇ║ TC_OWN_PROP_01: Xem danh s├ích t├ái sß║ún
[1A[2K[212/242] [firefox] ΓÇ║ tests\e2e\owner-properties.spec.ts:26:7 ΓÇ║ Owner - Quß║ún l├╜ T├ái sß║ún (Properties) ΓÇ║ TC_OWN_PROP_02: Th├¬m t├ái sß║ún mß╗¢i th├ánh c├┤ng
[1A[2K[213/242] [firefox] ΓÇ║ tests\e2e\owner-properties.spec.ts:71:7 ΓÇ║ Owner - Quß║ún l├╜ T├ái sß║ún (Properties) ΓÇ║ TC_OWN_PROP_03: Th├¬m t├ái sß║ún bß╗Å trß╗æng tr╞░ß╗¥ng bß║»t buß╗Öc - hiß╗ân thß╗ï lß╗ùi
[1A[2K[214/242] [firefox] ΓÇ║ tests\e2e\owner-properties.spec.ts:104:7 ΓÇ║ Owner - Quß║ún l├╜ T├ái sß║ún (Properties) ΓÇ║ TC_OWN_PROP_04: Chß╗ënh sß╗¡a th├┤ng tin t├ái sß║ún
[1A[2K[215/242] [firefox] ΓÇ║ tests\e2e\owner-properties.spec.ts:142:7 ΓÇ║ Owner - Quß║ún l├╜ T├ái sß║ún (Properties) ΓÇ║ TC_EDGE_PROP_01: T├¼m kiß║┐m t├ái sß║ún
[1A[2K[216/242] [firefox] ΓÇ║ tests\e2e\owner-properties.spec.ts:157:7 ΓÇ║ Owner - Quß║ún l├╜ T├ái sß║ún (Properties) ΓÇ║ TC_EDGE_PROP_02: Kiß╗âm tra XSS tr├¬n input - kh├┤ng cho ph├⌐p script tags
[1A[2K  109) [firefox] ΓÇ║ tests\e2e\owner-properties.spec.ts:9:7 ΓÇ║ Owner - Quß║ún l├╜ T├ái sß║ún (Properties) ΓÇ║ TC_OWN_PROP_01: Xem danh s├ích t├ái sß║ún 

    Error: [2mexpect([22m[31mlocator[39m[2m).[22mtoBeVisible[2m([22m[2m)[22m failed

    Locator: locator('text=/.*t├ái sß║ún|khu trß╗ì.*/i')
    Expected: visible
    Error: strict mode violation: locator('text=/.*t├ái sß║ún|khu trß╗ì.*/i') resolved to 3 elements:
        1) <a href="/dashboard/owner/properties" class="flex items-center gap-3 rounded-lg px-3 py-2.5 font-medium transition-colors text-blue-700 bg-blue-50">ΓÇª</a> aka getByRole('link', { name: 'Khu trß╗ì & Ph├▓ng' })
        2) <h1 class="text-2xl font-bold text-foreground">Khu Trß╗ì & Ph├▓ng</h1> aka getByRole('heading', { name: 'Khu Trß╗ì & Ph├▓ng' })
        ...

    Call log:
    [2m  - Expect "toBeVisible" with timeout 5000ms[22m
    [2m  - waiting for locator('text=/.*t├ái sß║ún|khu trß╗ì.*/i')[22m


      13 |     // Kiß╗âm tra ti├¬u ─æß╗ü trang
      14 |     const pageTitle = page.locator('text=/.*t├ái sß║ún|khu trß╗ì.*/i');
    > 15 |     await expect(pageTitle).toBeVisible({ timeout: 5000 });
         |                             ^
      16 |
      17 |     // Kiß╗âm tra bß║úng danh s├ích hoß║╖c card hiß╗ân thß╗ï
      18 |     const listElement = page.locator('table, [role="grid"], .grid, .space-y-4').first();
        at E:\Project\repo\apartment-management-web\tests\e2e\owner-properties.spec.ts:15:29

    attachment #1: screenshot (image/png) ΓöÇΓöÇΓöÇΓöÇΓöÇΓöÇΓöÇΓöÇΓöÇΓöÇΓöÇΓöÇΓöÇΓöÇΓöÇΓöÇΓöÇΓöÇΓöÇΓöÇΓöÇΓöÇΓöÇΓöÇΓöÇΓöÇΓöÇΓöÇΓöÇΓöÇΓöÇΓöÇΓöÇΓöÇΓöÇΓöÇΓöÇΓöÇΓöÇΓöÇΓöÇΓöÇΓöÇΓöÇΓöÇΓöÇΓöÇΓöÇΓöÇΓöÇΓöÇΓöÇΓöÇΓöÇΓöÇΓöÇΓöÇΓöÇ
    test-results\e2e-owner-properties-Owner-aa9ab-OP-01-Xem-danh-s├ích-t├ái-sß║ún-firefox\test-failed-1.png
    ΓöÇΓöÇΓöÇΓöÇΓöÇΓöÇΓöÇΓöÇΓöÇΓöÇΓöÇΓöÇΓöÇΓöÇΓöÇΓöÇΓöÇΓöÇΓöÇΓöÇΓöÇΓöÇΓöÇΓöÇΓöÇΓöÇΓöÇΓöÇΓöÇΓöÇΓöÇΓöÇΓöÇΓöÇΓöÇΓöÇΓöÇΓöÇΓöÇΓöÇΓöÇΓöÇΓöÇΓöÇΓöÇΓöÇΓöÇΓöÇΓöÇΓöÇΓöÇΓöÇΓöÇΓöÇΓöÇΓöÇΓöÇΓöÇΓöÇΓöÇΓöÇΓöÇΓöÇΓöÇΓöÇΓöÇΓöÇΓöÇΓöÇΓöÇΓöÇΓöÇΓöÇΓöÇΓöÇΓöÇΓöÇΓöÇΓöÇΓöÇΓöÇΓöÇΓöÇΓöÇΓöÇΓöÇΓöÇΓöÇΓöÇΓöÇΓöÇΓöÇΓöÇΓöÇΓöÇΓöÇ

    attachment #2: video (video/webm) ΓöÇΓöÇΓöÇΓöÇΓöÇΓöÇΓöÇΓöÇΓöÇΓöÇΓöÇΓöÇΓöÇΓöÇΓöÇΓöÇΓöÇΓöÇΓöÇΓöÇΓöÇΓöÇΓöÇΓöÇΓöÇΓöÇΓöÇΓöÇΓöÇΓöÇΓöÇΓöÇΓöÇΓöÇΓöÇΓöÇΓöÇΓöÇΓöÇΓöÇΓöÇΓöÇΓöÇΓöÇΓöÇΓöÇΓöÇΓöÇΓöÇΓöÇΓöÇΓöÇΓöÇΓöÇΓöÇΓöÇΓöÇΓöÇΓöÇΓöÇΓöÇΓöÇ
    test-results\e2e-owner-properties-Owner-aa9ab-OP-01-Xem-danh-s├ích-t├ái-sß║ún-firefox\video.webm
    ΓöÇΓöÇΓöÇΓöÇΓöÇΓöÇΓöÇΓöÇΓöÇΓöÇΓöÇΓöÇΓöÇΓöÇΓöÇΓöÇΓöÇΓöÇΓöÇΓöÇΓöÇΓöÇΓöÇΓöÇΓöÇΓöÇΓöÇΓöÇΓöÇΓöÇΓöÇΓöÇΓöÇΓöÇΓöÇΓöÇΓöÇΓöÇΓöÇΓöÇΓöÇΓöÇΓöÇΓöÇΓöÇΓöÇΓöÇΓöÇΓöÇΓöÇΓöÇΓöÇΓöÇΓöÇΓöÇΓöÇΓöÇΓöÇΓöÇΓöÇΓöÇΓöÇΓöÇΓöÇΓöÇΓöÇΓöÇΓöÇΓöÇΓöÇΓöÇΓöÇΓöÇΓöÇΓöÇΓöÇΓöÇΓöÇΓöÇΓöÇΓöÇΓöÇΓöÇΓöÇΓöÇΓöÇΓöÇΓöÇΓöÇΓöÇΓöÇΓöÇΓöÇΓöÇΓöÇΓöÇ

    Error Context: test-results\e2e-owner-properties-Owner-aa9ab-OP-01-Xem-danh-s├ích-t├ái-sß║ún-firefox\error-context.md


[1A[2K[217/242] [firefox] ΓÇ║ tests\e2e\owner-properties.spec.ts:213:9 ΓÇ║ TC_OWN_PROP_06: Xem chi tiß║┐t t├ái sß║ún
[1A[2K[218/242] [firefox] ΓÇ║ tests\e2e\tenant-invoices.spec.ts:9:7 ΓÇ║ Tenant - Dashboard & H├│a ─É╞ín ΓÇ║ TC_TEN_DASH_01: Xem tß╗òng quan Dashboard
[1A[2K[219/242] [firefox] ΓÇ║ tests\e2e\owner-properties.spec.ts:188:9 ΓÇ║ TC_OWN_PROP_05: X├│a t├ái sß║ún th├ánh c├┤ng
[1A[2K[220/242] [firefox] ΓÇ║ tests\e2e\tenant-invoices.spec.ts:27:7 ΓÇ║ Tenant - Dashboard & H├│a ─É╞ín ΓÇ║ TC_TEN_ROOM_01: Xem th├┤ng tin ph├▓ng ─æang thu├¬
[1A[2K[221/242] [firefox] ΓÇ║ tests\e2e\tenant-invoices.spec.ts:47:7 ΓÇ║ Tenant - Dashboard & H├│a ─É╞ín ΓÇ║ TC_TEN_INV_01: Xem danh s├ích h├│a ─æ╞ín
[1A[2K[222/242] [firefox] ΓÇ║ tests\e2e\tenant-invoices.spec.ts:72:7 ΓÇ║ Tenant - Dashboard & H├│a ─É╞ín ΓÇ║ TC_TEN_INV_02: Lß╗ìc h├│a ─æ╞ín theo trß║íng th├íi Unpaid
[1A[2K[223/242] [firefox] ΓÇ║ tests\e2e\tenant-invoices.spec.ts:101:7 ΓÇ║ Tenant - Dashboard & H├│a ─É╞ín ΓÇ║ TC_TEN_INV_03: Clicking on invoice ─æß╗â xem chi tiß║┐t
[1A[2K[224/242] [firefox] ΓÇ║ tests\e2e\tenant-invoices.spec.ts:122:7 ΓÇ║ Payment - VNPay Integration ΓÇ║ TC_PAY_VN_01: Mß╗ƒ cß╗òng thanh to├ín VNPay
[1A[2K[225/242] [firefox] ΓÇ║ tests\e2e\tenant-invoices.spec.ts:156:7 ΓÇ║ Payment - VNPay Integration ΓÇ║ TC_PAY_VN_02: Kiß╗âm tra payment ─æ╞░ß╗úc log v├áo API
[1A[2K[226/242] [firefox] ΓÇ║ tests\e2e\tenant-invoices.spec.ts:187:7 ΓÇ║ Payment - VNPay Integration ΓÇ║ TC_PAY_VN_03: Mock successful payment response
[1A[2K[227/242] [firefox] ΓÇ║ tests\e2e\tenant-invoices.spec.ts:217:7 ΓÇ║ Authorization - RBAC ΓÇ║ TC_AUTHZ_01: Tenant kh├┤ng thß╗â truy cß║¡p dashboard Owner
[1A[2K[228/242] [firefox] ΓÇ║ tests\e2e\tenant-invoices.spec.ts:229:7 ΓÇ║ Authorization - RBAC ΓÇ║ TC_AUTHZ_02: Truy cß║¡p dashboard khi ch╞░a ─æ─âng nhß║¡p - redirect vß╗ü login
[1A[2K  110) [firefox] ΓÇ║ tests\e2e\owner-properties.spec.ts:26:7 ΓÇ║ Owner - Quß║ún l├╜ T├ái sß║ún (Properties) ΓÇ║ TC_OWN_PROP_02: Th├¬m t├ái sß║ún mß╗¢i th├ánh c├┤ng 

    TimeoutError: page.click: Timeout 5000ms exceeded.
    Call log:
    [2m  - waiting for locator('button[type="button"]')[22m


       at utils\test-helpers.ts:125

      123 |   for (let i = 0; i < retries; i++) {
      124 |     try {
    > 125 |       await page.click(selector, { timeout: 5000 });
          |                  ^
      126 |       return true;
      127 |     } catch (error) {
      128 |       if (i === retries - 1) throw error;
        at safeClick (E:\Project\repo\apartment-management-web\tests\utils\test-helpers.ts:125:18)
        at E:\Project\repo\apartment-management-web\tests\e2e\owner-properties.spec.ts:36:7

    attachment #1: screenshot (image/png) ΓöÇΓöÇΓöÇΓöÇΓöÇΓöÇΓöÇΓöÇΓöÇΓöÇΓöÇΓöÇΓöÇΓöÇΓöÇΓöÇΓöÇΓöÇΓöÇΓöÇΓöÇΓöÇΓöÇΓöÇΓöÇΓöÇΓöÇΓöÇΓöÇΓöÇΓöÇΓöÇΓöÇΓöÇΓöÇΓöÇΓöÇΓöÇΓöÇΓöÇΓöÇΓöÇΓöÇΓöÇΓöÇΓöÇΓöÇΓöÇΓöÇΓöÇΓöÇΓöÇΓöÇΓöÇΓöÇΓöÇΓöÇΓöÇ
    test-results\e2e-owner-properties-Owner-4d1d2-Th├¬m-t├ái-sß║ún-mß╗¢i-th├ánh-c├┤ng-firefox\test-failed-1.png
    ΓöÇΓöÇΓöÇΓöÇΓöÇΓöÇΓöÇΓöÇΓöÇΓöÇΓöÇΓöÇΓöÇΓöÇΓöÇΓöÇΓöÇΓöÇΓöÇΓöÇΓöÇΓöÇΓöÇΓöÇΓöÇΓöÇΓöÇΓöÇΓöÇΓöÇΓöÇΓöÇΓöÇΓöÇΓöÇΓöÇΓöÇΓöÇΓöÇΓöÇΓöÇΓöÇΓöÇΓöÇΓöÇΓöÇΓöÇΓöÇΓöÇΓöÇΓöÇΓöÇΓöÇΓöÇΓöÇΓöÇΓöÇΓöÇΓöÇΓöÇΓöÇΓöÇΓöÇΓöÇΓöÇΓöÇΓöÇΓöÇΓöÇΓöÇΓöÇΓöÇΓöÇΓöÇΓöÇΓöÇΓöÇΓöÇΓöÇΓöÇΓöÇΓöÇΓöÇΓöÇΓöÇΓöÇΓöÇΓöÇΓöÇΓöÇΓöÇΓöÇΓöÇΓöÇΓöÇΓöÇ

    attachment #2: video (video/webm) ΓöÇΓöÇΓöÇΓöÇΓöÇΓöÇΓöÇΓöÇΓöÇΓöÇΓöÇΓöÇΓöÇΓöÇΓöÇΓöÇΓöÇΓöÇΓöÇΓöÇΓöÇΓöÇΓöÇΓöÇΓöÇΓöÇΓöÇΓöÇΓöÇΓöÇΓöÇΓöÇΓöÇΓöÇΓöÇΓöÇΓöÇΓöÇΓöÇΓöÇΓöÇΓöÇΓöÇΓöÇΓöÇΓöÇΓöÇΓöÇΓöÇΓöÇΓöÇΓöÇΓöÇΓöÇΓöÇΓöÇΓöÇΓöÇΓöÇΓöÇΓöÇΓöÇ
    test-results\e2e-owner-properties-Owner-4d1d2-Th├¬m-t├ái-sß║ún-mß╗¢i-th├ánh-c├┤ng-firefox\video.webm
    ΓöÇΓöÇΓöÇΓöÇΓöÇΓöÇΓöÇΓöÇΓöÇΓöÇΓöÇΓöÇΓöÇΓöÇΓöÇΓöÇΓöÇΓöÇΓöÇΓöÇΓöÇΓöÇΓöÇΓöÇΓöÇΓöÇΓöÇΓöÇΓöÇΓöÇΓöÇΓöÇΓöÇΓöÇΓöÇΓöÇΓöÇΓöÇΓöÇΓöÇΓöÇΓöÇΓöÇΓöÇΓöÇΓöÇΓöÇΓöÇΓöÇΓöÇΓöÇΓöÇΓöÇΓöÇΓöÇΓöÇΓöÇΓöÇΓöÇΓöÇΓöÇΓöÇΓöÇΓöÇΓöÇΓöÇΓöÇΓöÇΓöÇΓöÇΓöÇΓöÇΓöÇΓöÇΓöÇΓöÇΓöÇΓöÇΓöÇΓöÇΓöÇΓöÇΓöÇΓöÇΓöÇΓöÇΓöÇΓöÇΓöÇΓöÇΓöÇΓöÇΓöÇΓöÇΓöÇΓöÇ

    Error Context: test-results\e2e-owner-properties-Owner-4d1d2-Th├¬m-t├ái-sß║ún-mß╗¢i-th├ánh-c├┤ng-firefox\error-context.md


[1A[2K[229/242] [firefox] ΓÇ║ tests\e2e\tenant-invoices.spec.ts:256:9 ΓÇ║ Tenant - Dashboard Th├¬m ΓÇ║ TC_TEN_DASH_02: Xem sß╗æ tiß╗ün nß╗ú h├│a ─æ╞ín
[1A[2K[230/242] [firefox] ΓÇ║ tests\e2e\tenant-invoices.spec.ts:266:9 ΓÇ║ Tenant - Dashboard Th├¬m ΓÇ║ TC_TEN_DASH_03: Xem ph├▓ng ─æang thu├¬ tr├¬n Dashboard
[1A[2K[231/242] [firefox] ΓÇ║ tests\e2e\tenant-invoices.spec.ts:273:9 ΓÇ║ Tenant - Dashboard Th├¬m ΓÇ║ TC_TEN_DASH_04: Xem th├┤ng b├ío tr├¬n Dashboard
[1A[2K[232/242] [firefox] ΓÇ║ tests\e2e\tenant-invoices.spec.ts:237:7 ΓÇ║ Authorization - RBAC ΓÇ║ TC_AUTHZ_03: Admin c├│ thß╗â cß║Ñp quyß╗ün
[1A[2K[233/242] [firefox] ΓÇ║ tests\e2e\tenant-invoices.spec.ts:288:9 ΓÇ║ Tenant - Ph├▓ng (Room) Th├¬m ΓÇ║ TC_TEN_ROOM_02: Xem chi tiß║┐t dß╗ïch vß╗Ñ ph├▓ng
[1A[2K[234/242] [firefox] ΓÇ║ tests\e2e\tenant-invoices.spec.ts:310:9 ΓÇ║ Tenant - Hß╗úp ─æß╗ông (Contracts) ΓÇ║ TC_TEN_CON_01: Xem hß╗úp ─æß╗ông thu├¬ ph├▓ng
[1A[2K[235/242] [firefox] ΓÇ║ tests\e2e\tenant-invoices.spec.ts:323:9 ΓÇ║ Tenant - Hß╗úp ─æß╗ông (Contracts) ΓÇ║ TC_TEN_CON_02: Xem chi tiß║┐t hß╗úp ─æß╗ông
[1A[2K[236/242] [firefox] ΓÇ║ tests\e2e\tenant-invoices.spec.ts:341:9 ΓÇ║ Tenant - Hß╗úp ─æß╗ông (Contracts) ΓÇ║ TC_TEN_CON_03: Tß║úi xuß╗æng hß╗úp ─æß╗ông PDF
[1A[2K[237/242] [firefox] ΓÇ║ tests\e2e\tenant-invoices.spec.ts:363:9 ΓÇ║ Tenant - Th├┤ng b├ío (Notifications) ΓÇ║ TC_TEN_NOTI_01: Xem danh s├ích th├┤ng b├ío
[1A[2K[238/242] [firefox] ΓÇ║ tests\e2e\tenant-invoices.spec.ts:374:9 ΓÇ║ Tenant - Th├┤ng b├ío (Notifications) ΓÇ║ TC_TEN_NOTI_02: ─É├ính dß║Ñu th├┤ng b├ío l├á ─æ├ú ─æß╗ìc
[1A[2K[239/242] [firefox] ΓÇ║ tests\e2e\tenant-invoices.spec.ts:394:9 ΓÇ║ Tenant - Dß╗ïch vß╗Ñ (Services) ΓÇ║ TC_TEN_SVC_01: Xem danh s├ích dß╗ïch vß╗Ñ ph├▓ng
[1A[2K[240/242] [firefox] ΓÇ║ tests\e2e\tenant-invoices.spec.ts:403:9 ΓÇ║ Tenant - Dß╗ïch vß╗Ñ (Services) ΓÇ║ TC_TEN_SVC_02: Xem chi tiß║┐t dß╗ïch vß╗Ñ
[1A[2K[241/242] [firefox] ΓÇ║ tests\e2e\tenant-invoices.spec.ts:421:9 ΓÇ║ Tenant - H├│a ─æ╞ín (Invoices) Th├¬m ΓÇ║ TC_TEN_INV_04: Tß║úi xuß╗æng h├│a ─æ╞ín PDF
[1A[2K[242/242] [firefox] ΓÇ║ tests\e2e\tenant-invoices.spec.ts:434:9 ΓÇ║ Tenant - H├│a ─æ╞ín (Invoices) Th├¬m ΓÇ║ TC_TEN_INV_05: Kiß╗âm tra lß╗ïch sß╗¡ thanh to├ín h├│a ─æ╞ín
[1A[2K  110 failed
    [chromium] ΓÇ║ tests\e2e\admin.spec.ts:10:7 ΓÇ║ Admin Dashboard & Management ΓÇ║ TC_ADMIN_DASH_01: Xem tß╗òng quan dashboard admin 
    [chromium] ΓÇ║ tests\e2e\admin.spec.ts:16:7 ΓÇ║ Admin Dashboard & Management ΓÇ║ TC_ADMIN_DASH_02: Lß╗ìc danh s├ích chß╗º trß╗ì chß╗¥ x├íc nhß║¡n 
    [chromium] ΓÇ║ tests\e2e\admin.spec.ts:25:7 ΓÇ║ Admin Dashboard & Management ΓÇ║ TC_ADMIN_DASH_03: Lß╗ìc danh s├ích chß╗º trß╗ì ─æang hoß║ít ─æß╗Öng 
    [chromium] ΓÇ║ tests\e2e\admin.spec.ts:34:7 ΓÇ║ Admin Dashboard & Management ΓÇ║ TC_ADMIN_DASH_04: Xem chi tiß║┐t danh s├ích chß╗º trß╗ì 
    [chromium] ΓÇ║ tests\e2e\admin.spec.ts:44:7 ΓÇ║ Admin Dashboard & Management ΓÇ║ TC_ADMIN_VER_01: Duyß╗çt mß╗Öt chß╗º trß╗ì chß╗¥ x├íc nhß║¡n 
    [chromium] ΓÇ║ tests\e2e\admin.spec.ts:54:7 ΓÇ║ Admin Dashboard & Management ΓÇ║ TC_ADMIN_VER_02: Tß╗½ chß╗æi mß╗Öt chß╗º trß╗ì chß╗¥ x├íc nhß║¡n 
    [chromium] ΓÇ║ tests\e2e\admin.spec.ts:65:7 ΓÇ║ Admin Dashboard & Management ΓÇ║ TC_ADMIN_SET_01: Cß║¡p nhß║¡t c├ái ─æß║╖t hß╗ç thß╗æng 
    [chromium] ΓÇ║ tests\e2e\admin.spec.ts:73:7 ΓÇ║ Authorization - RBAC ΓÇ║ TC_AUTHZ_01: Tenant truy cß║¡p route cß╗ºa Owner 
    [chromium] ΓÇ║ tests\e2e\admin.spec.ts:92:7 ΓÇ║ Authorization - RBAC ΓÇ║ TC_AUTHZ_03: Owner kh├┤ng truy cß║¡p ─æ╞░ß╗úc trang Admin 
    [chromium] ΓÇ║ tests\e2e\admin.spec.ts:105:7 ΓÇ║ Authorization - RBAC ΓÇ║ TC_AUTHZ_04: Admin truy cß║¡p dashboard admin th├ánh c├┤ng 
    [chromium] ΓÇ║ tests\e2e\admin.spec.ts:113:7 ΓÇ║ Authorization - RBAC ΓÇ║ TC_AUTHZ_05: Session hß║┐t hß║ín khi ─æang ß╗ƒ dashboard 
    [chromium] ΓÇ║ tests\e2e\admin.spec.ts:128:7 ΓÇ║ Authorization - RBAC ΓÇ║ TC_ADMIN_AUTHZ_01: Owner kh├┤ng truy cß║¡p ─æ╞░ß╗úc m├án Admin 
    [chromium] ΓÇ║ tests\e2e\ai-chatbot.spec.ts:174:7 ΓÇ║ UI/UX Features ΓÇ║ TC_UI_02: Responsive tr├¬n mobile view 
    [chromium] ΓÇ║ tests\e2e\api.spec.ts:18:7 ΓÇ║ API - Properties Endpoints ΓÇ║ TC_API_PROP_01: GET /api/properties - Lß║Ñy danh s├ích khu trß╗ì 
    [chromium] ΓÇ║ tests\e2e\api.spec.ts:27:7 ΓÇ║ API - Properties Endpoints ΓÇ║ TC_API_PROP_02: POST /api/properties - Tß║ío khu trß╗ì mß╗¢i 
    [chromium] ΓÇ║ tests\e2e\api.spec.ts:39:7 ΓÇ║ API - Properties Endpoints ΓÇ║ TC_API_PROP_03: GET /api/properties/[id] - Lß║Ñy chi tiß║┐t khu trß╗ì 
    [chromium] ΓÇ║ tests\e2e\api.spec.ts:55:7 ΓÇ║ API - Properties Endpoints ΓÇ║ TC_API_PROP_04: API authentication validation 
    [chromium] ΓÇ║ tests\e2e\api.spec.ts:62:7 ΓÇ║ API - Rooms Endpoints ΓÇ║ TC_API_ROOM_01: GET /api/properties/[id]/rooms - Lß║Ñy danh s├ích ph├▓ng 
    [chromium] ΓÇ║ tests\e2e\api.spec.ts:83:7 ΓÇ║ API - Rooms Endpoints ΓÇ║ TC_API_ROOM_02: POST /api/properties/[id]/rooms - Th├¬m ph├▓ng mß╗¢i 
    [chromium] ΓÇ║ tests\e2e\api.spec.ts:111:7 ΓÇ║ API - Services Endpoints ΓÇ║ TC_API_SVC_01: GET /api/services - Lß║Ñy danh s├ích dß╗ïch vß╗Ñ 
    [chromium] ΓÇ║ tests\e2e\api.spec.ts:124:7 ΓÇ║ API - Services Endpoints ΓÇ║ TC_API_SVC_02: POST /api/services - Tß║ío dß╗ïch vß╗Ñ mß╗¢i 
    [chromium] ΓÇ║ tests\e2e\api.spec.ts:142:7 ΓÇ║ API - Services Endpoints ΓÇ║ TC_API_SVC_03: PUT /api/services/[id] - Cß║¡p nhß║¡t dß╗ïch vß╗Ñ 
    [chromium] ΓÇ║ tests\e2e\api.spec.ts:164:7 ΓÇ║ API - Services Endpoints ΓÇ║ TC_API_SVC_04: DELETE /api/services/[id] - X├│a dß╗ïch vß╗Ñ 
    [chromium] ΓÇ║ tests\e2e\api.spec.ts:179:7 ΓÇ║ API - Contracts Endpoints ΓÇ║ TC_API_CON_01: GET /api/contracts - Lß║Ñy danh s├ích hß╗úp ─æß╗ông 
    [chromium] ΓÇ║ tests\e2e\api.spec.ts:192:7 ΓÇ║ API - Contracts Endpoints ΓÇ║ TC_API_CON_02: POST /api/contracts - Tß║ío hß╗úp ─æß╗ông mß╗¢i 
    [chromium] ΓÇ║ tests\e2e\api.spec.ts:212:7 ΓÇ║ API - Contracts Endpoints ΓÇ║ TC_API_CON_03: GET /api/contracts/[id] - Lß║Ñy chi tiß║┐t hß╗úp ─æß╗ông 
    [chromium] ΓÇ║ tests\e2e\api.spec.ts:225:7 ΓÇ║ API - Contracts Endpoints ΓÇ║ TC_API_CON_04: PUT /api/contracts/[id] - Cß║¡p nhß║¡t hß╗úp ─æß╗ông 
    [chromium] ΓÇ║ tests\e2e\api.spec.ts:241:7 ΓÇ║ API - Invoices Endpoints ΓÇ║ TC_API_INV_01: GET /api/invoices - Lß║Ñy danh s├ích ho├í ─æ╞ín 
    [chromium] ΓÇ║ tests\e2e\api.spec.ts:254:7 ΓÇ║ API - Invoices Endpoints ΓÇ║ TC_API_INV_02: POST /api/invoices - Tß║ío ho├í ─æ╞ín mß╗¢i 
    [chromium] ΓÇ║ tests\e2e\api.spec.ts:272:7 ΓÇ║ API - Invoices Endpoints ΓÇ║ TC_API_INV_03: GET /api/invoices/[id] - Lß║Ñy chi tiß║┐t ho├í ─æ╞ín 
    [chromium] ΓÇ║ tests\e2e\api.spec.ts:285:7 ΓÇ║ API - Invoices Endpoints ΓÇ║ TC_API_INV_04: POST /api/invoices/[id]/send - Gß╗¡i ho├í ─æ╞ín 
    [chromium] ΓÇ║ tests\e2e\api.spec.ts:299:7 ΓÇ║ API - Invoices Endpoints ΓÇ║ TC_API_INV_05: PUT /api/invoices/[id] - Cß║¡p nhß║¡t ho├í ─æ╞ín 
    [chromium] ΓÇ║ tests\e2e\api.spec.ts:315:7 ΓÇ║ API - VNPay Payment ΓÇ║ TC_API_VNP_01: POST /api/vnpay - Khß╗ƒi tß║ío thanh to├ín VNPay 
    [chromium] ΓÇ║ tests\e2e\api.spec.ts:332:7 ΓÇ║ API - VNPay Payment ΓÇ║ TC_API_VNP_02: POST /api/vnpay/return - Xß╗¡ l├╜ return tß╗½ VNPay 
    [chromium] ΓÇ║ tests\e2e\api.spec.ts:344:7 ΓÇ║ API - Chat Endpoints ΓÇ║ TC_API_CHAT_01: POST /api/chat - Gß╗¡i tin nhß║»n chat 
    [chromium] ΓÇ║ tests\e2e\api.spec.ts:360:7 ΓÇ║ API - Chat Endpoints ΓÇ║ TC_API_CHAT_02: GET /api/chat - Lß║Ñy lß╗ïch sß╗¡ chat 
    [chromium] ΓÇ║ tests\e2e\api.spec.ts:375:7 ΓÇ║ API - Tenant Endpoints ΓÇ║ TC_API_TEN_01: GET /api/tenant/dashboard-stats - Lß║Ñy thß╗æng k├¬ dashboard 
    [chromium] ΓÇ║ tests\e2e\api.spec.ts:388:7 ΓÇ║ API - Tenant Endpoints ΓÇ║ TC_API_TEN_02: GET /api/tenants - Lß║Ñy danh s├ích kh├ích thu├¬ 
    [chromium] ΓÇ║ tests\e2e\api.spec.ts:401:7 ΓÇ║ API - Tenant Endpoints ΓÇ║ TC_API_TEN_03: POST /api/tenants - Th├¬m kh├ích thu├¬ mß╗¢i 
    [chromium] ΓÇ║ tests\e2e\api.spec.ts:421:7 ΓÇ║ API - Admin Endpoints ΓÇ║ TC_API_ADM_01: GET /api/admin - Lß║Ñy th├┤ng tin admin 
    [chromium] ΓÇ║ tests\e2e\api.spec.ts:434:7 ΓÇ║ API - Admin Endpoints ΓÇ║ TC_API_ADM_02: POST /api/admin/verify-landlord - Duyß╗çt chß╗º trß╗ì 
    [chromium] ΓÇ║ tests\e2e\auth.spec.ts:4:7 ΓÇ║ Authentication - ─É─âng nhß║¡p/─É─âng xuß║Ñt ΓÇ║ TC_AUTH_01: Owner ─æ─âng nhß║¡p th├ánh c├┤ng vß╗¢i t├ái khoß║ún hß╗úp lß╗ç 
    [chromium] ΓÇ║ tests\e2e\auth.spec.ts:15:7 ΓÇ║ Authentication - ─É─âng nhß║¡p/─É─âng xuß║Ñt ΓÇ║ TC_AUTH_02: Tenant ─æ─âng nhß║¡p th├ánh c├┤ng vß╗¢i t├ái khoß║ún hß╗úp lß╗ç 
    [chromium] ΓÇ║ tests\e2e\auth.spec.ts:26:7 ΓÇ║ Authentication - ─É─âng nhß║¡p/─É─âng xuß║Ñt ΓÇ║ TC_AUTH_03: Admin ─æ─âng nhß║¡p th├ánh c├┤ng vß╗¢i t├ái khoß║ún hß╗úp lß╗ç 
    [chromium] ΓÇ║ tests\e2e\auth.spec.ts:33:7 ΓÇ║ Authentication - ─É─âng nhß║¡p/─É─âng xuß║Ñt ΓÇ║ TC_AUTH_04: ─É─âng nhß║¡p thß║Ñt bß║íi do sai mß║¡t khß║⌐u 
    [chromium] ΓÇ║ tests\e2e\auth.spec.ts:49:7 ΓÇ║ Authentication - ─É─âng nhß║¡p/─É─âng xuß║Ñt ΓÇ║ TC_AUTH_05: ─É─âng nhß║¡p thß║Ñt bß║íi do email kh├┤ng tß╗ôn tß║íi 
    [chromium] ΓÇ║ tests\e2e\auth.spec.ts:65:7 ΓÇ║ Authentication - ─É─âng nhß║¡p/─É─âng xuß║Ñt ΓÇ║ TC_AUTH_10: ─É─âng xuß║Ñt t├ái khoß║ún 
    [chromium] ΓÇ║ tests\e2e\auth.spec.ts:115:9 ΓÇ║ Registration - ─É─âng k├╜ t├ái khoß║ún ΓÇ║ TC_AUTH_06: ─É─âng k├╜ Owner th├ánh c├┤ng 
    [chromium] ΓÇ║ tests\e2e\auth.spec.ts:137:9 ΓÇ║ Registration - ─É─âng k├╜ t├ái khoß║ún ΓÇ║ TC_AUTH_07: ─É─âng k├╜ Tenant th├ánh c├┤ng 
    [chromium] ΓÇ║ tests\e2e\auth.spec.ts:155:9 ΓÇ║ Registration - ─É─âng k├╜ t├ái khoß║ún ΓÇ║ TC_AUTH_08: ─É─âng k├╜ thß║Ñt bß║íi - Email ─æ├ú tß╗ôn tß║íi 
    [chromium] ΓÇ║ tests\e2e\auth.spec.ts:171:9 ΓÇ║ Registration - ─É─âng k├╜ t├ái khoß║ún ΓÇ║ TC_AUTH_09: ─É─âng k├╜ thß║Ñt bß║íi - Mß║¡t khß║⌐u kh├┤ng tr├╣ng khß╗¢p 
    [chromium] ΓÇ║ tests\e2e\auth.spec.ts:208:9 ΓÇ║ Password Reset - ─Éß║╖t lß║íi mß║¡t khß║⌐u ΓÇ║ TC_AUTH_13: ─Éß║╖t lß║íi mß║¡t khß║⌐u th├ánh c├┤ng 
    [chromium] ΓÇ║ tests\e2e\owner-invoices.spec.ts:195:7 ΓÇ║ Owner - H├│a ─É╞ín (Invoices) ΓÇ║ TC_OWN_INV_03: Xem danh s├ích h├│a ─æ╞ín vß╗¢i ph├ón trang 
    [chromium] ΓÇ║ tests\e2e\owner-properties.spec.ts:9:7 ΓÇ║ Owner - Quß║ún l├╜ T├ái sß║ún (Properties) ΓÇ║ TC_OWN_PROP_01: Xem danh s├ích t├ái sß║ún 
    [chromium] ΓÇ║ tests\e2e\owner-properties.spec.ts:26:7 ΓÇ║ Owner - Quß║ún l├╜ T├ái sß║ún (Properties) ΓÇ║ TC_OWN_PROP_02: Th├¬m t├ái sß║ún mß╗¢i th├ánh c├┤ng 
    [firefox] ΓÇ║ tests\e2e\admin.spec.ts:10:7 ΓÇ║ Admin Dashboard & Management ΓÇ║ TC_ADMIN_DASH_01: Xem tß╗òng quan dashboard admin 
    [firefox] ΓÇ║ tests\e2e\admin.spec.ts:16:7 ΓÇ║ Admin Dashboard & Management ΓÇ║ TC_ADMIN_DASH_02: Lß╗ìc danh s├ích chß╗º trß╗ì chß╗¥ x├íc nhß║¡n 
    [firefox] ΓÇ║ tests\e2e\admin.spec.ts:25:7 ΓÇ║ Admin Dashboard & Management ΓÇ║ TC_ADMIN_DASH_03: Lß╗ìc danh s├ích chß╗º trß╗ì ─æang hoß║ít ─æß╗Öng 
    [firefox] ΓÇ║ tests\e2e\admin.spec.ts:34:7 ΓÇ║ Admin Dashboard & Management ΓÇ║ TC_ADMIN_DASH_04: Xem chi tiß║┐t danh s├ích chß╗º trß╗ì 
    [firefox] ΓÇ║ tests\e2e\admin.spec.ts:44:7 ΓÇ║ Admin Dashboard & Management ΓÇ║ TC_ADMIN_VER_01: Duyß╗çt mß╗Öt chß╗º trß╗ì chß╗¥ x├íc nhß║¡n 
    [firefox] ΓÇ║ tests\e2e\admin.spec.ts:54:7 ΓÇ║ Admin Dashboard & Management ΓÇ║ TC_ADMIN_VER_02: Tß╗½ chß╗æi mß╗Öt chß╗º trß╗ì chß╗¥ x├íc nhß║¡n 
    [firefox] ΓÇ║ tests\e2e\admin.spec.ts:65:7 ΓÇ║ Admin Dashboard & Management ΓÇ║ TC_ADMIN_SET_01: Cß║¡p nhß║¡t c├ái ─æß║╖t hß╗ç thß╗æng 
    [firefox] ΓÇ║ tests\e2e\admin.spec.ts:73:7 ΓÇ║ Authorization - RBAC ΓÇ║ TC_AUTHZ_01: Tenant truy cß║¡p route cß╗ºa Owner 
    [firefox] ΓÇ║ tests\e2e\admin.spec.ts:92:7 ΓÇ║ Authorization - RBAC ΓÇ║ TC_AUTHZ_03: Owner kh├┤ng truy cß║¡p ─æ╞░ß╗úc trang Admin 
    [firefox] ΓÇ║ tests\e2e\admin.spec.ts:105:7 ΓÇ║ Authorization - RBAC ΓÇ║ TC_AUTHZ_04: Admin truy cß║¡p dashboard admin th├ánh c├┤ng 
    [firefox] ΓÇ║ tests\e2e\admin.spec.ts:113:7 ΓÇ║ Authorization - RBAC ΓÇ║ TC_AUTHZ_05: Session hß║┐t hß║ín khi ─æang ß╗ƒ dashboard 
    [firefox] ΓÇ║ tests\e2e\admin.spec.ts:128:7 ΓÇ║ Authorization - RBAC ΓÇ║ TC_ADMIN_AUTHZ_01: Owner kh├┤ng truy cß║¡p ─æ╞░ß╗úc m├án Admin 
    [firefox] ΓÇ║ tests\e2e\ai-chatbot.spec.ts:174:7 ΓÇ║ UI/UX Features ΓÇ║ TC_UI_02: Responsive tr├¬n mobile view 
    [firefox] ΓÇ║ tests\e2e\api.spec.ts:18:7 ΓÇ║ API - Properties Endpoints ΓÇ║ TC_API_PROP_01: GET /api/properties - Lß║Ñy danh s├ích khu trß╗ì 
    [firefox] ΓÇ║ tests\e2e\api.spec.ts:27:7 ΓÇ║ API - Properties Endpoints ΓÇ║ TC_API_PROP_02: POST /api/properties - Tß║ío khu trß╗ì mß╗¢i 
    [firefox] ΓÇ║ tests\e2e\api.spec.ts:39:7 ΓÇ║ API - Properties Endpoints ΓÇ║ TC_API_PROP_03: GET /api/properties/[id] - Lß║Ñy chi tiß║┐t khu trß╗ì 
    [firefox] ΓÇ║ tests\e2e\api.spec.ts:55:7 ΓÇ║ API - Properties Endpoints ΓÇ║ TC_API_PROP_04: API authentication validation 
    [firefox] ΓÇ║ tests\e2e\api.spec.ts:62:7 ΓÇ║ API - Rooms Endpoints ΓÇ║ TC_API_ROOM_01: GET /api/properties/[id]/rooms - Lß║Ñy danh s├ích ph├▓ng 
    [firefox] ΓÇ║ tests\e2e\api.spec.ts:83:7 ΓÇ║ API - Rooms Endpoints ΓÇ║ TC_API_ROOM_02: POST /api/properties/[id]/rooms - Th├¬m ph├▓ng mß╗¢i 
    [firefox] ΓÇ║ tests\e2e\api.spec.ts:111:7 ΓÇ║ API - Services Endpoints ΓÇ║ TC_API_SVC_01: GET /api/services - Lß║Ñy danh s├ích dß╗ïch vß╗Ñ 
    [firefox] ΓÇ║ tests\e2e\api.spec.ts:124:7 ΓÇ║ API - Services Endpoints ΓÇ║ TC_API_SVC_02: POST /api/services - Tß║ío dß╗ïch vß╗Ñ mß╗¢i 
    [firefox] ΓÇ║ tests\e2e\api.spec.ts:142:7 ΓÇ║ API - Services Endpoints ΓÇ║ TC_API_SVC_03: PUT /api/services/[id] - Cß║¡p nhß║¡t dß╗ïch vß╗Ñ 
    [firefox] ΓÇ║ tests\e2e\api.spec.ts:164:7 ΓÇ║ API - Services Endpoints ΓÇ║ TC_API_SVC_04: DELETE /api/services/[id] - X├│a dß╗ïch vß╗Ñ 
    [firefox] ΓÇ║ tests\e2e\api.spec.ts:179:7 ΓÇ║ API - Contracts Endpoints ΓÇ║ TC_API_CON_01: GET /api/contracts - Lß║Ñy danh s├ích hß╗úp ─æß╗ông 
    [firefox] ΓÇ║ tests\e2e\api.spec.ts:192:7 ΓÇ║ API - Contracts Endpoints ΓÇ║ TC_API_CON_02: POST /api/contracts - Tß║ío hß╗úp ─æß╗ông mß╗¢i 
    [firefox] ΓÇ║ tests\e2e\api.spec.ts:212:7 ΓÇ║ API - Contracts Endpoints ΓÇ║ TC_API_CON_03: GET /api/contracts/[id] - Lß║Ñy chi tiß║┐t hß╗úp ─æß╗ông 
    [firefox] ΓÇ║ tests\e2e\api.spec.ts:225:7 ΓÇ║ API - Contracts Endpoints ΓÇ║ TC_API_CON_04: PUT /api/contracts/[id] - Cß║¡p nhß║¡t hß╗úp ─æß╗ông 
    [firefox] ΓÇ║ tests\e2e\api.spec.ts:241:7 ΓÇ║ API - Invoices Endpoints ΓÇ║ TC_API_INV_01: GET /api/invoices - Lß║Ñy danh s├ích ho├í ─æ╞ín 
    [firefox] ΓÇ║ tests\e2e\api.spec.ts:254:7 ΓÇ║ API - Invoices Endpoints ΓÇ║ TC_API_INV_02: POST /api/invoices - Tß║ío ho├í ─æ╞ín mß╗¢i 
    [firefox] ΓÇ║ tests\e2e\api.spec.ts:272:7 ΓÇ║ API - Invoices Endpoints ΓÇ║ TC_API_INV_03: GET /api/invoices/[id] - Lß║Ñy chi tiß║┐t ho├í ─æ╞ín 
    [firefox] ΓÇ║ tests\e2e\api.spec.ts:285:7 ΓÇ║ API - Invoices Endpoints ΓÇ║ TC_API_INV_04: POST /api/invoices/[id]/send - Gß╗¡i ho├í ─æ╞ín 
    [firefox] ΓÇ║ tests\e2e\api.spec.ts:299:7 ΓÇ║ API - Invoices Endpoints ΓÇ║ TC_API_INV_05: PUT /api/invoices/[id] - Cß║¡p nhß║¡t ho├í ─æ╞ín 
    [firefox] ΓÇ║ tests\e2e\api.spec.ts:315:7 ΓÇ║ API - VNPay Payment ΓÇ║ TC_API_VNP_01: POST /api/vnpay - Khß╗ƒi tß║ío thanh to├ín VNPay 
    [firefox] ΓÇ║ tests\e2e\api.spec.ts:332:7 ΓÇ║ API - VNPay Payment ΓÇ║ TC_API_VNP_02: POST /api/vnpay/return - Xß╗¡ l├╜ return tß╗½ VNPay 
    [firefox] ΓÇ║ tests\e2e\api.spec.ts:344:7 ΓÇ║ API - Chat Endpoints ΓÇ║ TC_API_CHAT_01: POST /api/chat - Gß╗¡i tin nhß║»n chat 
    [firefox] ΓÇ║ tests\e2e\api.spec.ts:360:7 ΓÇ║ API - Chat Endpoints ΓÇ║ TC_API_CHAT_02: GET /api/chat - Lß║Ñy lß╗ïch sß╗¡ chat 
    [firefox] ΓÇ║ tests\e2e\api.spec.ts:375:7 ΓÇ║ API - Tenant Endpoints ΓÇ║ TC_API_TEN_01: GET /api/tenant/dashboard-stats - Lß║Ñy thß╗æng k├¬ dashboard 
    [firefox] ΓÇ║ tests\e2e\api.spec.ts:388:7 ΓÇ║ API - Tenant Endpoints ΓÇ║ TC_API_TEN_02: GET /api/tenants - Lß║Ñy danh s├ích kh├ích thu├¬ 
    [firefox] ΓÇ║ tests\e2e\api.spec.ts:401:7 ΓÇ║ API - Tenant Endpoints ΓÇ║ TC_API_TEN_03: POST /api/tenants - Th├¬m kh├ích thu├¬ mß╗¢i 
    [firefox] ΓÇ║ tests\e2e\api.spec.ts:421:7 ΓÇ║ API - Admin Endpoints ΓÇ║ TC_API_ADM_01: GET /api/admin - Lß║Ñy th├┤ng tin admin 
    [firefox] ΓÇ║ tests\e2e\api.spec.ts:434:7 ΓÇ║ API - Admin Endpoints ΓÇ║ TC_API_ADM_02: POST /api/admin/verify-landlord - Duyß╗çt chß╗º trß╗ì 
    [firefox] ΓÇ║ tests\e2e\auth.spec.ts:4:7 ΓÇ║ Authentication - ─É─âng nhß║¡p/─É─âng xuß║Ñt ΓÇ║ TC_AUTH_01: Owner ─æ─âng nhß║¡p th├ánh c├┤ng vß╗¢i t├ái khoß║ún hß╗úp lß╗ç 
    [firefox] ΓÇ║ tests\e2e\auth.spec.ts:15:7 ΓÇ║ Authentication - ─É─âng nhß║¡p/─É─âng xuß║Ñt ΓÇ║ TC_AUTH_02: Tenant ─æ─âng nhß║¡p th├ánh c├┤ng vß╗¢i t├ái khoß║ún hß╗úp lß╗ç 
    [firefox] ΓÇ║ tests\e2e\auth.spec.ts:26:7 ΓÇ║ Authentication - ─É─âng nhß║¡p/─É─âng xuß║Ñt ΓÇ║ TC_AUTH_03: Admin ─æ─âng nhß║¡p th├ánh c├┤ng vß╗¢i t├ái khoß║ún hß╗úp lß╗ç 
    [firefox] ΓÇ║ tests\e2e\auth.spec.ts:33:7 ΓÇ║ Authentication - ─É─âng nhß║¡p/─É─âng xuß║Ñt ΓÇ║ TC_AUTH_04: ─É─âng nhß║¡p thß║Ñt bß║íi do sai mß║¡t khß║⌐u 
    [firefox] ΓÇ║ tests\e2e\auth.spec.ts:49:7 ΓÇ║ Authentication - ─É─âng nhß║¡p/─É─âng xuß║Ñt ΓÇ║ TC_AUTH_05: ─É─âng nhß║¡p thß║Ñt bß║íi do email kh├┤ng tß╗ôn tß║íi 
    [firefox] ΓÇ║ tests\e2e\auth.spec.ts:65:7 ΓÇ║ Authentication - ─É─âng nhß║¡p/─É─âng xuß║Ñt ΓÇ║ TC_AUTH_10: ─É─âng xuß║Ñt t├ái khoß║ún 
    [firefox] ΓÇ║ tests\e2e\auth.spec.ts:115:9 ΓÇ║ Registration - ─É─âng k├╜ t├ái khoß║ún ΓÇ║ TC_AUTH_06: ─É─âng k├╜ Owner th├ánh c├┤ng 
    [firefox] ΓÇ║ tests\e2e\auth.spec.ts:137:9 ΓÇ║ Registration - ─É─âng k├╜ t├ái khoß║ún ΓÇ║ TC_AUTH_07: ─É─âng k├╜ Tenant th├ánh c├┤ng 
    [firefox] ΓÇ║ tests\e2e\auth.spec.ts:155:9 ΓÇ║ Registration - ─É─âng k├╜ t├ái khoß║ún ΓÇ║ TC_AUTH_08: ─É─âng k├╜ thß║Ñt bß║íi - Email ─æ├ú tß╗ôn tß║íi 
    [firefox] ΓÇ║ tests\e2e\auth.spec.ts:171:9 ΓÇ║ Registration - ─É─âng k├╜ t├ái khoß║ún ΓÇ║ TC_AUTH_09: ─É─âng k├╜ thß║Ñt bß║íi - Mß║¡t khß║⌐u kh├┤ng tr├╣ng khß╗¢p 
    [firefox] ΓÇ║ tests\e2e\auth.spec.ts:208:9 ΓÇ║ Password Reset - ─Éß║╖t lß║íi mß║¡t khß║⌐u ΓÇ║ TC_AUTH_13: ─Éß║╖t lß║íi mß║¡t khß║⌐u th├ánh c├┤ng 
    [firefox] ΓÇ║ tests\e2e\owner-invoices.spec.ts:195:7 ΓÇ║ Owner - H├│a ─É╞ín (Invoices) ΓÇ║ TC_OWN_INV_03: Xem danh s├ích h├│a ─æ╞ín vß╗¢i ph├ón trang 
    [firefox] ΓÇ║ tests\e2e\owner-properties.spec.ts:9:7 ΓÇ║ Owner - Quß║ún l├╜ T├ái sß║ún (Properties) ΓÇ║ TC_OWN_PROP_01: Xem danh s├ích t├ái sß║ún 
    [firefox] ΓÇ║ tests\e2e\owner-properties.spec.ts:26:7 ΓÇ║ Owner - Quß║ún l├╜ T├ái sß║ún (Properties) ΓÇ║ TC_OWN_PROP_02: Th├¬m t├ái sß║ún mß╗¢i th├ánh c├┤ng 
  132 passed (6.0m)

[36m  Serving HTML report at http://localhost:9323. Press Ctrl+C to quit.[39m
